DVec2(-59.5, -119.5)
DVec2(-59.5, -118.5)
DVec2(-59.5, -117.5)
DVec2(-59.5, -116.5)
DVec2(-58.5, -119.5)
DVec2(-58.5, -118.5)
DVec2(-58.5, -117.5)
DVec2(-58.5, -116.5)
DVec2(-59.5, -115.5)
DVec2(-59.5, -114.5)
DVec2(-59.5, -113.5)
DVec2(-59.5, -112.5)
DVec2(-58.5, -115.5)
DVec2(-58.5, -114.5)
DVec2(-58.5, -113.5)
DVec2(-58.5, -112.5)
DVec2(-59.5, -111.5)
DVec2(-59.5, -110.5)
DVec2(-59.5, -109.5)
DVec2(-59.5, -108.5)
DVec2(-58.5, -111.5)
DVec2(-58.5, -110.5)
DVec2(-58.5, -109.5)
DVec2(-58.5, -108.5)
DVec2(-59.5, -107.5)
DVec2(-59.5, -106.5)
DVec2(-59.5, -105.5)
DVec2(-59.5, -104.5)
DVec2(-58.5, -107.5)
DVec2(-58.5, -106.5)
DVec2(-58.5, -105.5)
DVec2(-58.5, -104.5)
DVec2(-59.5, -103.5)
DVec2(-59.5, -102.5)
DVec2(-59.5, -101.5)
DVec2(-59.5, -100.5)
DVec2(-58.5, -103.5)
DVec2(-58.5, -102.5)
DVec2(-58.5, -101.5)
DVec2(-58.5, -100.5)
DVec2(-59.5, -99.5)
DVec2(-59.5, -98.5)
DVec2(-59.5, -97.5)
DVec2(-59.5, -96.5)
DVec2(-58.5, -99.5)
DVec2(-58.5, -98.5)
DVec2(-58.5, -97.5)
DVec2(-58.5, -96.5)
DVec2(-59.5, -95.5)
DVec2(-59.5, -94.5)
DVec2(-59.5, -93.5)
DVec2(-59.5, -92.5)
DVec2(-58.5, -95.5)
DVec2(-58.5, -94.5)
DVec2(-58.5, -93.5)
DVec2(-58.5, -92.5)
DVec2(-59.5, -91.5)
DVec2(-59.5, -90.5)
DVec2(-59.5, -89.5)
DVec2(-59.5, -88.5)
DVec2(-58.5, -91.5)
DVec2(-58.5, -90.5)
DVec2(-58.5, -89.5)
DVec2(-58.5, -88.5)
DVec2(-59.5, -87.5)
DVec2(-59.5, -86.5)
DVec2(-59.5, -85.5)
DVec2(-59.5, -84.5)
DVec2(-58.5, -87.5)
DVec2(-58.5, -86.5)
DVec2(-58.5, -85.5)
DVec2(-58.5, -84.5)
DVec2(-59.5, -83.5)
DVec2(-59.5, -82.5)
DVec2(-59.5, -81.5)
DVec2(-59.5, -80.5)
DVec2(-58.5, -83.5)
DVec2(-58.5, -82.5)
DVec2(-58.5, -81.5)
DVec2(-58.5, -80.5)
DVec2(-59.5, -79.5)
DVec2(-59.5, -78.5)
DVec2(-59.5, -77.5)
DVec2(-59.5, -76.5)
DVec2(-58.5, -79.5)
DVec2(-58.5, -78.5)
DVec2(-58.5, -77.5)
DVec2(-58.5, -76.5)
DVec2(-59.5, -75.5)
DVec2(-59.5, -74.5)
DVec2(-59.5, -73.5)
DVec2(-59.5, -72.5)
DVec2(-58.5, -75.5)
DVec2(-58.5, -74.5)
DVec2(-58.5, -73.5)
DVec2(-58.5, -72.5)
DVec2(-59.5, -71.5)
DVec2(-59.5, -70.5)
DVec2(-59.5, -69.5)
DVec2(-59.5, -68.5)
DVec2(-58.5, -71.5)
DVec2(-58.5, -70.5)
DVec2(-58.5, -69.5)
DVec2(-58.5, -68.5)
DVec2(-59.5, -67.5)
DVec2(-59.5, -66.5)
DVec2(-59.5, -65.5)
DVec2(-59.5, -64.5)
DVec2(-58.5, -67.5)
DVec2(-58.5, -66.5)
DVec2(-58.5, -65.5)
DVec2(-58.5, -64.5)
DVec2(-59.5, -63.5)
DVec2(-59.5, -62.5)
DVec2(-59.5, -61.5)
DVec2(-59.5, -60.5)
DVec2(-58.5, -63.5)
DVec2(-58.5, -62.5)
DVec2(-58.5, -61.5)
DVec2(-58.5, -60.5)
DVec2(-59.5, -59.5)
DVec2(-59.5, -58.5)
DVec2(-59.5, -57.5)
DVec2(-59.5, -56.5)
DVec2(-58.5, -59.5)
DVec2(-58.5, -58.5)
DVec2(-58.5, -57.5)
DVec2(-58.5, -56.5)
DVec2(-59.5, -55.5)
DVec2(-59.5, -54.5)
DVec2(-59.5, -53.5)
DVec2(-59.5, -52.5)
DVec2(-58.5, -55.5)
DVec2(-58.5, -54.5)
DVec2(-58.5, -53.5)
DVec2(-58.5, -52.5)
DVec2(-59.5, -51.5)
DVec2(-59.5, -50.5)
DVec2(-59.5, -49.5)
DVec2(-59.5, -48.5)
DVec2(-58.5, -51.5)
DVec2(-58.5, -50.5)
DVec2(-58.5, -49.5)
DVec2(-58.5, -48.5)
DVec2(-59.5, -47.5)
DVec2(-59.5, -46.5)
DVec2(-59.5, -45.5)
DVec2(-59.5, -44.5)
DVec2(-58.5, -47.5)
DVec2(-58.5, -46.5)
DVec2(-58.5, -45.5)
DVec2(-58.5, -44.5)
DVec2(-59.5, -43.5)
DVec2(-59.5, -42.5)
DVec2(-59.5, -41.5)
DVec2(-59.5, -40.5)
DVec2(-58.5, -43.5)
DVec2(-58.5, -42.5)
DVec2(-58.5, -41.5)
DVec2(-58.5, -40.5)
DVec2(-59.5, -39.5)
DVec2(-59.5, -38.5)
DVec2(-59.5, -37.5)
DVec2(-59.5, -36.5)
DVec2(-58.5, -39.5)
DVec2(-58.5, -38.5)
DVec2(-58.5, -37.5)
DVec2(-58.5, -36.5)
DVec2(-59.5, -35.5)
DVec2(-59.5, -34.5)
DVec2(-59.5, -33.5)
DVec2(-59.5, -32.5)
DVec2(-58.5, -35.5)
DVec2(-58.5, -34.5)
DVec2(-58.5, -33.5)
DVec2(-58.5, -32.5)
DVec2(-59.5, -31.5)
DVec2(-59.5, -30.5)
DVec2(-59.5, -29.5)
DVec2(-59.5, -28.5)
DVec2(-58.5, -31.5)
DVec2(-58.5, -30.5)
DVec2(-58.5, -29.5)
DVec2(-58.5, -28.5)
DVec2(-59.5, -27.5)
DVec2(-59.5, -26.5)
DVec2(-59.5, -25.5)
DVec2(-59.5, -24.5)
DVec2(-58.5, -27.5)
DVec2(-58.5, -26.5)
DVec2(-58.5, -25.5)
DVec2(-58.5, -24.5)
DVec2(-59.5, -23.5)
DVec2(-59.5, -22.5)
DVec2(-59.5, -21.5)
DVec2(-59.5, -20.5)
DVec2(-58.5, -23.5)
DVec2(-58.5, -22.5)
DVec2(-58.5, -21.5)
DVec2(-58.5, -20.5)
DVec2(-59.5, -19.5)
DVec2(-59.5, -18.5)
DVec2(-59.5, -17.5)
DVec2(-59.5, -16.5)
DVec2(-58.5, -19.5)
DVec2(-58.5, -18.5)
DVec2(-58.5, -17.5)
DVec2(-58.5, -16.5)
DVec2(-59.5, -15.5)
DVec2(-59.5, -14.5)
DVec2(-59.5, -13.5)
DVec2(-59.5, -12.5)
DVec2(-58.5, -15.5)
DVec2(-58.5, -14.5)
DVec2(-58.5, -13.5)
DVec2(-58.5, -12.5)
DVec2(-59.5, -11.5)
DVec2(-59.5, -10.5)
DVec2(-59.5, -9.5)
DVec2(-59.5, -8.5)
DVec2(-58.5, -11.5)
DVec2(-58.5, -10.5)
DVec2(-58.5, -9.5)
DVec2(-58.5, -8.5)
DVec2(-59.5, -7.5)
DVec2(-59.5, -6.5)
DVec2(-59.5, -5.5)
DVec2(-59.5, -4.5)
DVec2(-58.5, -7.5)
DVec2(-58.5, -6.5)
DVec2(-58.5, -5.5)
DVec2(-58.5, -4.5)
DVec2(-59.5, -3.5)
DVec2(-59.5, -2.5)
DVec2(-59.5, -1.5)
DVec2(-59.5, -0.5)
DVec2(-58.5, -3.5)
DVec2(-58.5, -2.5)
DVec2(-58.5, -1.5)
DVec2(-58.5, -0.5)
DVec2(-59.5, 0.5)
DVec2(-59.5, 1.5)
DVec2(-59.5, 2.5)
DVec2(-59.5, 3.5)
DVec2(-58.5, 0.5)
DVec2(-58.5, 1.5)
DVec2(-58.5, 2.5)
DVec2(-58.5, 3.5)
DVec2(-59.5, 4.5)
DVec2(-59.5, 5.5)
DVec2(-59.5, 6.5)
DVec2(-59.5, 7.5)
DVec2(-58.5, 4.5)
DVec2(-58.5, 5.5)
DVec2(-58.5, 6.5)
DVec2(-58.5, 7.5)
DVec2(-59.5, 8.5)
DVec2(-59.5, 9.5)
DVec2(-59.5, 10.5)
DVec2(-59.5, 11.5)
DVec2(-58.5, 8.5)
DVec2(-58.5, 9.5)
DVec2(-58.5, 10.5)
DVec2(-58.5, 11.5)
DVec2(-59.5, 12.5)
DVec2(-59.5, 13.5)
DVec2(-59.5, 14.5)
DVec2(-59.5, 15.5)
DVec2(-58.5, 12.5)
DVec2(-58.5, 13.5)
DVec2(-58.5, 14.5)
DVec2(-58.5, 15.5)
DVec2(-59.5, 16.5)
DVec2(-59.5, 17.5)
DVec2(-59.5, 18.5)
DVec2(-59.5, 19.5)
DVec2(-58.5, 16.5)
DVec2(-58.5, 17.5)
DVec2(-58.5, 18.5)
DVec2(-58.5, 19.5)
DVec2(-59.5, 20.5)
DVec2(-59.5, 21.5)
DVec2(-59.5, 22.5)
DVec2(-59.5, 23.5)
DVec2(-58.5, 20.5)
DVec2(-58.5, 21.5)
DVec2(-58.5, 22.5)
DVec2(-58.5, 23.5)
DVec2(-59.5, 24.5)
DVec2(-59.5, 25.5)
DVec2(-59.5, 26.5)
DVec2(-59.5, 27.5)
DVec2(-58.5, 24.5)
DVec2(-58.5, 25.5)
DVec2(-58.5, 26.5)
DVec2(-58.5, 27.5)
DVec2(-59.5, 28.5)
DVec2(-59.5, 29.5)
DVec2(-59.5, 30.5)
DVec2(-59.5, 31.5)
DVec2(-58.5, 28.5)
DVec2(-58.5, 29.5)
DVec2(-58.5, 30.5)
DVec2(-58.5, 31.5)
DVec2(-59.5, 32.5)
DVec2(-59.5, 33.5)
DVec2(-59.5, 34.5)
DVec2(-59.5, 35.5)
DVec2(-58.5, 32.5)
DVec2(-58.5, 33.5)
DVec2(-58.5, 34.5)
DVec2(-58.5, 35.5)
DVec2(-59.5, 36.5)
DVec2(-59.5, 37.5)
DVec2(-59.5, 38.5)
DVec2(-59.5, 39.5)
DVec2(-58.5, 36.5)
DVec2(-58.5, 37.5)
DVec2(-58.5, 38.5)
DVec2(-58.5, 39.5)
DVec2(-59.5, 40.5)
DVec2(-59.5, 41.5)
DVec2(-59.5, 42.5)
DVec2(-59.5, 43.5)
DVec2(-58.5, 40.5)
DVec2(-58.5, 41.5)
DVec2(-58.5, 42.5)
DVec2(-58.5, 43.5)
DVec2(-59.5, 44.5)
DVec2(-59.5, 45.5)
DVec2(-59.5, 46.5)
DVec2(-59.5, 47.5)
DVec2(-58.5, 44.5)
DVec2(-58.5, 45.5)
DVec2(-58.5, 46.5)
DVec2(-58.5, 47.5)
DVec2(-59.5, 48.5)
DVec2(-59.5, 49.5)
DVec2(-59.5, 50.5)
DVec2(-59.5, 51.5)
DVec2(-58.5, 48.5)
DVec2(-58.5, 49.5)
DVec2(-58.5, 50.5)
DVec2(-58.5, 51.5)
DVec2(-59.5, 52.5)
DVec2(-59.5, 53.5)
DVec2(-59.5, 54.5)
DVec2(-59.5, 55.5)
DVec2(-58.5, 52.5)
DVec2(-58.5, 53.5)
DVec2(-58.5, 54.5)
DVec2(-58.5, 55.5)
DVec2(-59.5, 56.5)
DVec2(-59.5, 57.5)
DVec2(-59.5, 58.5)
DVec2(-59.5, 59.5)
DVec2(-58.5, 56.5)
DVec2(-58.5, 57.5)
DVec2(-58.5, 58.5)
DVec2(-58.5, 59.5)
DVec2(-59.5, 60.5)
DVec2(-59.5, 61.5)
DVec2(-59.5, 62.5)
DVec2(-59.5, 63.5)
DVec2(-58.5, 60.5)
DVec2(-58.5, 61.5)
DVec2(-58.5, 62.5)
DVec2(-58.5, 63.5)
DVec2(-59.5, 64.5)
DVec2(-59.5, 65.5)
DVec2(-59.5, 66.5)
DVec2(-59.5, 67.5)
DVec2(-58.5, 64.5)
DVec2(-58.5, 65.5)
DVec2(-58.5, 66.5)
DVec2(-58.5, 67.5)
DVec2(-59.5, 68.5)
DVec2(-59.5, 69.5)
DVec2(-59.5, 70.5)
DVec2(-59.5, 71.5)
DVec2(-58.5, 68.5)
DVec2(-58.5, 69.5)
DVec2(-58.5, 70.5)
DVec2(-58.5, 71.5)
DVec2(-59.5, 72.5)
DVec2(-59.5, 73.5)
DVec2(-59.5, 74.5)
DVec2(-59.5, 75.5)
DVec2(-58.5, 72.5)
DVec2(-58.5, 73.5)
DVec2(-58.5, 74.5)
DVec2(-58.5, 75.5)
DVec2(-59.5, 76.5)
DVec2(-59.5, 77.5)
DVec2(-59.5, 78.5)
DVec2(-59.5, 79.5)
DVec2(-58.5, 76.5)
DVec2(-58.5, 77.5)
DVec2(-58.5, 78.5)
DVec2(-58.5, 79.5)
DVec2(-59.5, 80.5)
DVec2(-59.5, 81.5)
DVec2(-59.5, 82.5)
DVec2(-59.5, 83.5)
DVec2(-58.5, 80.5)
DVec2(-58.5, 81.5)
DVec2(-58.5, 82.5)
DVec2(-58.5, 83.5)
DVec2(-59.5, 84.5)
DVec2(-59.5, 85.5)
DVec2(-59.5, 86.5)
DVec2(-59.5, 87.5)
DVec2(-58.5, 84.5)
DVec2(-58.5, 85.5)
DVec2(-58.5, 86.5)
DVec2(-58.5, 87.5)
DVec2(-59.5, 88.5)
DVec2(-59.5, 89.5)
DVec2(-59.5, 90.5)
DVec2(-59.5, 91.5)
DVec2(-58.5, 88.5)
DVec2(-58.5, 89.5)
DVec2(-58.5, 90.5)
DVec2(-58.5, 91.5)
DVec2(-59.5, 92.5)
DVec2(-59.5, 93.5)
DVec2(-59.5, 94.5)
DVec2(-59.5, 95.5)
DVec2(-58.5, 92.5)
DVec2(-58.5, 93.5)
DVec2(-58.5, 94.5)
DVec2(-58.5, 95.5)
DVec2(-59.5, 96.5)
DVec2(-59.5, 97.5)
DVec2(-59.5, 98.5)
DVec2(-59.5, 99.5)
DVec2(-58.5, 96.5)
DVec2(-58.5, 97.5)
DVec2(-58.5, 98.5)
DVec2(-58.5, 99.5)
DVec2(-59.5, 100.5)
DVec2(-59.5, 101.5)
DVec2(-59.5, 102.5)
DVec2(-59.5, 103.5)
DVec2(-58.5, 100.5)
DVec2(-58.5, 101.5)
DVec2(-58.5, 102.5)
DVec2(-58.5, 103.5)
DVec2(-59.5, 104.5)
DVec2(-59.5, 105.5)
DVec2(-59.5, 106.5)
DVec2(-59.5, 107.5)
DVec2(-58.5, 104.5)
DVec2(-58.5, 105.5)
DVec2(-58.5, 106.5)
DVec2(-58.5, 107.5)
DVec2(-59.5, 108.5)
DVec2(-59.5, 109.5)
DVec2(-59.5, 110.5)
DVec2(-59.5, 111.5)
DVec2(-58.5, 108.5)
DVec2(-58.5, 109.5)
DVec2(-58.5, 110.5)
DVec2(-58.5, 111.5)
DVec2(-59.5, 112.5)
DVec2(-59.5, 113.5)
DVec2(-59.5, 114.5)
DVec2(-59.5, 115.5)
DVec2(-58.5, 112.5)
DVec2(-58.5, 113.5)
DVec2(-58.5, 114.5)
DVec2(-58.5, 115.5)
DVec2(-59.5, 116.5)
DVec2(-59.5, 117.5)
DVec2(-59.5, 118.5)
DVec2(-59.5, 119.5)
DVec2(-58.5, 116.5)
DVec2(-58.5, 117.5)
DVec2(-58.5, 118.5)
DVec2(-58.5, 119.5)
DVec2(-57.5, -119.5)
DVec2(-57.5, -118.5)
DVec2(-57.5, -117.5)
DVec2(-57.5, -116.5)
DVec2(-56.5, -119.5)
DVec2(-56.5, -118.5)
DVec2(-56.5, -117.5)
DVec2(-56.5, -116.5)
DVec2(-57.5, -115.5)
DVec2(-57.5, -114.5)
DVec2(-57.5, -113.5)
DVec2(-57.5, -112.5)
DVec2(-56.5, -115.5)
DVec2(-56.5, -114.5)
DVec2(-56.5, -113.5)
DVec2(-56.5, -112.5)
DVec2(-57.5, -111.5)
DVec2(-57.5, -110.5)
DVec2(-57.5, -109.5)
DVec2(-57.5, -108.5)
DVec2(-56.5, -111.5)
DVec2(-56.5, -110.5)
DVec2(-56.5, -109.5)
DVec2(-56.5, -108.5)
DVec2(-57.5, -107.5)
DVec2(-57.5, -106.5)
DVec2(-57.5, -105.5)
DVec2(-57.5, -104.5)
DVec2(-56.5, -107.5)
DVec2(-56.5, -106.5)
DVec2(-56.5, -105.5)
DVec2(-56.5, -104.5)
DVec2(-57.5, -103.5)
DVec2(-57.5, -102.5)
DVec2(-57.5, -101.5)
DVec2(-57.5, -100.5)
DVec2(-56.5, -103.5)
DVec2(-56.5, -102.5)
DVec2(-56.5, -101.5)
DVec2(-56.5, -100.5)
DVec2(-57.5, -99.5)
DVec2(-57.5, -98.5)
DVec2(-57.5, -97.5)
DVec2(-57.5, -96.5)
DVec2(-56.5, -99.5)
DVec2(-56.5, -98.5)
DVec2(-56.5, -97.5)
DVec2(-56.5, -96.5)
DVec2(-57.5, -95.5)
DVec2(-57.5, -94.5)
DVec2(-57.5, -93.5)
DVec2(-57.5, -92.5)
DVec2(-56.5, -95.5)
DVec2(-56.5, -94.5)
DVec2(-56.5, -93.5)
DVec2(-56.5, -92.5)
DVec2(-57.5, -91.5)
DVec2(-57.5, -90.5)
DVec2(-57.5, -89.5)
DVec2(-57.5, -88.5)
DVec2(-56.5, -91.5)
DVec2(-56.5, -90.5)
DVec2(-56.5, -89.5)
DVec2(-56.5, -88.5)
DVec2(-57.5, -87.5)
DVec2(-57.5, -86.5)
DVec2(-57.5, -85.5)
DVec2(-57.5, -84.5)
DVec2(-56.5, -87.5)
DVec2(-56.5, -86.5)
DVec2(-56.5, -85.5)
DVec2(-56.5, -84.5)
DVec2(-57.5, -83.5)
DVec2(-57.5, -82.5)
DVec2(-57.5, -81.5)
DVec2(-57.5, -80.5)
DVec2(-56.5, -83.5)
DVec2(-56.5, -82.5)
DVec2(-56.5, -81.5)
DVec2(-56.5, -80.5)
DVec2(-57.5, -79.5)
DVec2(-57.5, -78.5)
DVec2(-57.5, -77.5)
DVec2(-57.5, -76.5)
DVec2(-56.5, -79.5)
DVec2(-56.5, -78.5)
DVec2(-56.5, -77.5)
DVec2(-56.5, -76.5)
DVec2(-57.5, -75.5)
DVec2(-57.5, -74.5)
DVec2(-57.5, -73.5)
DVec2(-57.5, -72.5)
DVec2(-56.5, -75.5)
DVec2(-56.5, -74.5)
DVec2(-56.5, -73.5)
DVec2(-56.5, -72.5)
DVec2(-57.5, -71.5)
DVec2(-57.5, -70.5)
DVec2(-57.5, -69.5)
DVec2(-57.5, -68.5)
DVec2(-56.5, -71.5)
DVec2(-56.5, -70.5)
DVec2(-56.5, -69.5)
DVec2(-56.5, -68.5)
DVec2(-57.5, -67.5)
DVec2(-57.5, -66.5)
DVec2(-57.5, -65.5)
DVec2(-57.5, -64.5)
DVec2(-56.5, -67.5)
DVec2(-56.5, -66.5)
DVec2(-56.5, -65.5)
DVec2(-56.5, -64.5)
DVec2(-57.5, -63.5)
DVec2(-57.5, -62.5)
DVec2(-57.5, -61.5)
DVec2(-57.5, -60.5)
DVec2(-56.5, -63.5)
DVec2(-56.5, -62.5)
DVec2(-56.5, -61.5)
DVec2(-56.5, -60.5)
DVec2(-57.5, -59.5)
DVec2(-57.5, -58.5)
DVec2(-57.5, -57.5)
DVec2(-57.5, -56.5)
DVec2(-56.5, -59.5)
DVec2(-56.5, -58.5)
DVec2(-56.5, -57.5)
DVec2(-56.5, -56.5)
DVec2(-57.5, -55.5)
DVec2(-57.5, -54.5)
DVec2(-57.5, -53.5)
DVec2(-57.5, -52.5)
DVec2(-56.5, -55.5)
DVec2(-56.5, -54.5)
DVec2(-56.5, -53.5)
DVec2(-56.5, -52.5)
DVec2(-57.5, -51.5)
DVec2(-57.5, -50.5)
DVec2(-57.5, -49.5)
DVec2(-57.5, -48.5)
DVec2(-56.5, -51.5)
DVec2(-56.5, -50.5)
DVec2(-56.5, -49.5)
DVec2(-56.5, -48.5)
DVec2(-57.5, -47.5)
DVec2(-57.5, -46.5)
DVec2(-57.5, -45.5)
DVec2(-57.5, -44.5)
DVec2(-56.5, -47.5)
DVec2(-56.5, -46.5)
DVec2(-56.5, -45.5)
DVec2(-56.5, -44.5)
DVec2(-57.5, -43.5)
DVec2(-57.5, -42.5)
DVec2(-57.5, -41.5)
DVec2(-57.5, -40.5)
DVec2(-56.5, -43.5)
DVec2(-56.5, -42.5)
DVec2(-56.5, -41.5)
DVec2(-56.5, -40.5)
DVec2(-57.5, -39.5)
DVec2(-57.5, -38.5)
DVec2(-57.5, -37.5)
DVec2(-57.5, -36.5)
DVec2(-56.5, -39.5)
DVec2(-56.5, -38.5)
DVec2(-56.5, -37.5)
DVec2(-56.5, -36.5)
DVec2(-57.5, -35.5)
DVec2(-57.5, -34.5)
DVec2(-57.5, -33.5)
DVec2(-57.5, -32.5)
DVec2(-56.5, -35.5)
DVec2(-56.5, -34.5)
DVec2(-56.5, -33.5)
DVec2(-56.5, -32.5)
DVec2(-57.5, -31.5)
DVec2(-57.5, -30.5)
DVec2(-57.5, -29.5)
DVec2(-57.5, -28.5)
DVec2(-56.5, -31.5)
DVec2(-56.5, -30.5)
DVec2(-56.5, -29.5)
DVec2(-56.5, -28.5)
DVec2(-57.5, -27.5)
DVec2(-57.5, -26.5)
DVec2(-57.5, -25.5)
DVec2(-57.5, -24.5)
DVec2(-56.5, -27.5)
DVec2(-56.5, -26.5)
DVec2(-56.5, -25.5)
DVec2(-56.5, -24.5)
DVec2(-57.5, -23.5)
DVec2(-57.5, -22.5)
DVec2(-57.5, -21.5)
DVec2(-57.5, -20.5)
DVec2(-56.5, -23.5)
DVec2(-56.5, -22.5)
DVec2(-56.5, -21.5)
DVec2(-56.5, -20.5)
DVec2(-57.5, -19.5)
DVec2(-57.5, -18.5)
DVec2(-57.5, -17.5)
DVec2(-57.5, -16.5)
DVec2(-56.5, -19.5)
DVec2(-56.5, -18.5)
DVec2(-56.5, -17.5)
DVec2(-56.5, -16.5)
DVec2(-57.5, -15.5)
DVec2(-57.5, -14.5)
DVec2(-57.5, -13.5)
DVec2(-57.5, -12.5)
DVec2(-56.5, -15.5)
DVec2(-56.5, -14.5)
DVec2(-56.5, -13.5)
DVec2(-56.5, -12.5)
DVec2(-57.5, -11.5)
DVec2(-57.5, -10.5)
DVec2(-57.5, -9.5)
DVec2(-57.5, -8.5)
DVec2(-56.5, -11.5)
DVec2(-56.5, -10.5)
DVec2(-56.5, -9.5)
DVec2(-56.5, -8.5)
DVec2(-57.5, -7.5)
DVec2(-57.5, -6.5)
DVec2(-57.5, -5.5)
DVec2(-57.5, -4.5)
DVec2(-56.5, -7.5)
DVec2(-56.5, -6.5)
DVec2(-56.5, -5.5)
DVec2(-56.5, -4.5)
DVec2(-57.5, -3.5)
DVec2(-57.5, -2.5)
DVec2(-57.5, -1.5)
DVec2(-57.5, -0.5)
DVec2(-56.5, -3.5)
DVec2(-56.5, -2.5)
DVec2(-56.5, -1.5)
DVec2(-56.5, -0.5)
DVec2(-57.5, 0.5)
DVec2(-57.5, 1.5)
DVec2(-57.5, 2.5)
DVec2(-57.5, 3.5)
DVec2(-56.5, 0.5)
DVec2(-56.5, 1.5)
DVec2(-56.5, 2.5)
DVec2(-56.5, 3.5)
DVec2(-57.5, 4.5)
DVec2(-57.5, 5.5)
DVec2(-57.5, 6.5)
DVec2(-57.5, 7.5)
DVec2(-56.5, 4.5)
DVec2(-56.5, 5.5)
DVec2(-56.5, 6.5)
DVec2(-56.5, 7.5)
DVec2(-57.5, 8.5)
DVec2(-57.5, 9.5)
DVec2(-57.5, 10.5)
DVec2(-57.5, 11.5)
DVec2(-56.5, 8.5)
DVec2(-56.5, 9.5)
DVec2(-56.5, 10.5)
DVec2(-56.5, 11.5)
DVec2(-57.5, 12.5)
DVec2(-57.5, 13.5)
DVec2(-57.5, 14.5)
DVec2(-57.5, 15.5)
DVec2(-56.5, 12.5)
DVec2(-56.5, 13.5)
DVec2(-56.5, 14.5)
DVec2(-56.5, 15.5)
DVec2(-57.5, 16.5)
DVec2(-57.5, 17.5)
DVec2(-57.5, 18.5)
DVec2(-57.5, 19.5)
DVec2(-56.5, 16.5)
DVec2(-56.5, 17.5)
DVec2(-56.5, 18.5)
DVec2(-56.5, 19.5)
DVec2(-57.5, 20.5)
DVec2(-57.5, 21.5)
DVec2(-57.5, 22.5)
DVec2(-57.5, 23.5)
DVec2(-56.5, 20.5)
DVec2(-56.5, 21.5)
DVec2(-56.5, 22.5)
DVec2(-56.5, 23.5)
DVec2(-57.5, 24.5)
DVec2(-57.5, 25.5)
DVec2(-57.5, 26.5)
DVec2(-57.5, 27.5)
DVec2(-56.5, 24.5)
DVec2(-56.5, 25.5)
DVec2(-56.5, 26.5)
DVec2(-56.5, 27.5)
DVec2(-57.5, 28.5)
DVec2(-57.5, 29.5)
DVec2(-57.5, 30.5)
DVec2(-57.5, 31.5)
DVec2(-56.5, 28.5)
DVec2(-56.5, 29.5)
DVec2(-56.5, 30.5)
DVec2(-56.5, 31.5)
DVec2(-57.5, 32.5)
DVec2(-57.5, 33.5)
DVec2(-57.5, 34.5)
DVec2(-57.5, 35.5)
DVec2(-56.5, 32.5)
DVec2(-56.5, 33.5)
DVec2(-56.5, 34.5)
DVec2(-56.5, 35.5)
DVec2(-57.5, 36.5)
DVec2(-57.5, 37.5)
DVec2(-57.5, 38.5)
DVec2(-57.5, 39.5)
DVec2(-56.5, 36.5)
DVec2(-56.5, 37.5)
DVec2(-56.5, 38.5)
DVec2(-56.5, 39.5)
DVec2(-57.5, 40.5)
DVec2(-57.5, 41.5)
DVec2(-57.5, 42.5)
DVec2(-57.5, 43.5)
DVec2(-56.5, 40.5)
DVec2(-56.5, 41.5)
DVec2(-56.5, 42.5)
DVec2(-56.5, 43.5)
DVec2(-57.5, 44.5)
DVec2(-57.5, 45.5)
DVec2(-57.5, 46.5)
DVec2(-57.5, 47.5)
DVec2(-56.5, 44.5)
DVec2(-56.5, 45.5)
DVec2(-56.5, 46.5)
DVec2(-56.5, 47.5)
DVec2(-57.5, 48.5)
DVec2(-57.5, 49.5)
DVec2(-57.5, 50.5)
DVec2(-57.5, 51.5)
DVec2(-56.5, 48.5)
DVec2(-56.5, 49.5)
DVec2(-56.5, 50.5)
DVec2(-56.5, 51.5)
DVec2(-57.5, 52.5)
DVec2(-57.5, 53.5)
DVec2(-57.5, 54.5)
DVec2(-57.5, 55.5)
DVec2(-56.5, 52.5)
DVec2(-56.5, 53.5)
DVec2(-56.5, 54.5)
DVec2(-56.5, 55.5)
DVec2(-57.5, 56.5)
DVec2(-57.5, 57.5)
DVec2(-57.5, 58.5)
DVec2(-57.5, 59.5)
DVec2(-56.5, 56.5)
DVec2(-56.5, 57.5)
DVec2(-56.5, 58.5)
DVec2(-56.5, 59.5)
DVec2(-57.5, 60.5)
DVec2(-57.5, 61.5)
DVec2(-57.5, 62.5)
DVec2(-57.5, 63.5)
DVec2(-56.5, 60.5)
DVec2(-56.5, 61.5)
DVec2(-56.5, 62.5)
DVec2(-56.5, 63.5)
DVec2(-57.5, 64.5)
DVec2(-57.5, 65.5)
DVec2(-57.5, 66.5)
DVec2(-57.5, 67.5)
DVec2(-56.5, 64.5)
DVec2(-56.5, 65.5)
DVec2(-56.5, 66.5)
DVec2(-56.5, 67.5)
DVec2(-57.5, 68.5)
DVec2(-57.5, 69.5)
DVec2(-57.5, 70.5)
DVec2(-57.5, 71.5)
DVec2(-56.5, 68.5)
DVec2(-56.5, 69.5)
DVec2(-56.5, 70.5)
DVec2(-56.5, 71.5)
DVec2(-57.5, 72.5)
DVec2(-57.5, 73.5)
DVec2(-57.5, 74.5)
DVec2(-57.5, 75.5)
DVec2(-56.5, 72.5)
DVec2(-56.5, 73.5)
DVec2(-56.5, 74.5)
DVec2(-56.5, 75.5)
DVec2(-57.5, 76.5)
DVec2(-57.5, 77.5)
DVec2(-57.5, 78.5)
DVec2(-57.5, 79.5)
DVec2(-56.5, 76.5)
DVec2(-56.5, 77.5)
DVec2(-56.5, 78.5)
DVec2(-56.5, 79.5)
DVec2(-57.5, 80.5)
DVec2(-57.5, 81.5)
DVec2(-57.5, 82.5)
DVec2(-57.5, 83.5)
DVec2(-56.5, 80.5)
DVec2(-56.5, 81.5)
DVec2(-56.5, 82.5)
DVec2(-56.5, 83.5)
DVec2(-57.5, 84.5)
DVec2(-57.5, 85.5)
DVec2(-57.5, 86.5)
DVec2(-57.5, 87.5)
DVec2(-56.5, 84.5)
DVec2(-56.5, 85.5)
DVec2(-56.5, 86.5)
DVec2(-56.5, 87.5)
DVec2(-57.5, 88.5)
DVec2(-57.5, 89.5)
DVec2(-57.5, 90.5)
DVec2(-57.5, 91.5)
DVec2(-56.5, 88.5)
DVec2(-56.5, 89.5)
DVec2(-56.5, 90.5)
DVec2(-56.5, 91.5)
DVec2(-57.5, 92.5)
DVec2(-57.5, 93.5)
DVec2(-57.5, 94.5)
DVec2(-57.5, 95.5)
DVec2(-56.5, 92.5)
DVec2(-56.5, 93.5)
DVec2(-56.5, 94.5)
DVec2(-56.5, 95.5)
DVec2(-57.5, 96.5)
DVec2(-57.5, 97.5)
DVec2(-57.5, 98.5)
DVec2(-57.5, 99.5)
DVec2(-56.5, 96.5)
DVec2(-56.5, 97.5)
DVec2(-56.5, 98.5)
DVec2(-56.5, 99.5)
DVec2(-57.5, 100.5)
DVec2(-57.5, 101.5)
DVec2(-57.5, 102.5)
DVec2(-57.5, 103.5)
DVec2(-56.5, 100.5)
DVec2(-56.5, 101.5)
DVec2(-56.5, 102.5)
DVec2(-56.5, 103.5)
DVec2(-57.5, 104.5)
DVec2(-57.5, 105.5)
DVec2(-57.5, 106.5)
DVec2(-57.5, 107.5)
DVec2(-56.5, 104.5)
DVec2(-56.5, 105.5)
DVec2(-56.5, 106.5)
DVec2(-56.5, 107.5)
DVec2(-57.5, 108.5)
DVec2(-57.5, 109.5)
DVec2(-57.5, 110.5)
DVec2(-57.5, 111.5)
DVec2(-56.5, 108.5)
DVec2(-56.5, 109.5)
DVec2(-56.5, 110.5)
DVec2(-56.5, 111.5)
DVec2(-57.5, 112.5)
DVec2(-57.5, 113.5)
DVec2(-57.5, 114.5)
DVec2(-57.5, 115.5)
DVec2(-56.5, 112.5)
DVec2(-56.5, 113.5)
DVec2(-56.5, 114.5)
DVec2(-56.5, 115.5)
DVec2(-57.5, 116.5)
DVec2(-57.5, 117.5)
DVec2(-57.5, 118.5)
DVec2(-57.5, 119.5)
DVec2(-56.5, 116.5)
DVec2(-56.5, 117.5)
DVec2(-56.5, 118.5)
DVec2(-56.5, 119.5)
DVec2(-55.5, -119.5)
DVec2(-55.5, -118.5)
DVec2(-55.5, -117.5)
DVec2(-55.5, -116.5)
DVec2(-54.5, -119.5)
DVec2(-54.5, -118.5)
DVec2(-54.5, -117.5)
DVec2(-54.5, -116.5)
DVec2(-55.5, -115.5)
DVec2(-55.5, -114.5)
DVec2(-55.5, -113.5)
DVec2(-55.5, -112.5)
DVec2(-54.5, -115.5)
DVec2(-54.5, -114.5)
DVec2(-54.5, -113.5)
DVec2(-54.5, -112.5)
DVec2(-55.5, -111.5)
DVec2(-55.5, -110.5)
DVec2(-55.5, -109.5)
DVec2(-55.5, -108.5)
DVec2(-54.5, -111.5)
DVec2(-54.5, -110.5)
DVec2(-54.5, -109.5)
DVec2(-54.5, -108.5)
DVec2(-55.5, -107.5)
DVec2(-55.5, -106.5)
DVec2(-55.5, -105.5)
DVec2(-55.5, -104.5)
DVec2(-54.5, -107.5)
DVec2(-54.5, -106.5)
DVec2(-54.5, -105.5)
DVec2(-54.5, -104.5)
DVec2(-55.5, -103.5)
DVec2(-55.5, -102.5)
DVec2(-55.5, -101.5)
DVec2(-55.5, -100.5)
DVec2(-54.5, -103.5)
DVec2(-54.5, -102.5)
DVec2(-54.5, -101.5)
DVec2(-54.5, -100.5)
DVec2(-55.5, -99.5)
DVec2(-55.5, -98.5)
DVec2(-55.5, -97.5)
DVec2(-55.5, -96.5)
DVec2(-54.5, -99.5)
DVec2(-54.5, -98.5)
DVec2(-54.5, -97.5)
DVec2(-54.5, -96.5)
DVec2(-55.5, -95.5)
DVec2(-55.5, -94.5)
DVec2(-55.5, -93.5)
DVec2(-55.5, -92.5)
DVec2(-54.5, -95.5)
DVec2(-54.5, -94.5)
DVec2(-54.5, -93.5)
DVec2(-54.5, -92.5)
DVec2(-55.5, -91.5)
DVec2(-55.5, -90.5)
DVec2(-55.5, -89.5)
DVec2(-55.5, -88.5)
DVec2(-54.5, -91.5)
DVec2(-54.5, -90.5)
DVec2(-54.5, -89.5)
DVec2(-54.5, -88.5)
DVec2(-55.5, -87.5)
DVec2(-55.5, -86.5)
DVec2(-55.5, -85.5)
DVec2(-55.5, -84.5)
DVec2(-54.5, -87.5)
DVec2(-54.5, -86.5)
DVec2(-54.5, -85.5)
DVec2(-54.5, -84.5)
DVec2(-55.5, -83.5)
DVec2(-55.5, -82.5)
DVec2(-55.5, -81.5)
DVec2(-55.5, -80.5)
DVec2(-54.5, -83.5)
DVec2(-54.5, -82.5)
DVec2(-54.5, -81.5)
DVec2(-54.5, -80.5)
DVec2(-55.5, -79.5)
DVec2(-55.5, -78.5)
DVec2(-55.5, -77.5)
DVec2(-55.5, -76.5)
DVec2(-54.5, -79.5)
DVec2(-54.5, -78.5)
DVec2(-54.5, -77.5)
DVec2(-54.5, -76.5)
DVec2(-55.5, -75.5)
DVec2(-55.5, -74.5)
DVec2(-55.5, -73.5)
DVec2(-55.5, -72.5)
DVec2(-54.5, -75.5)
DVec2(-54.5, -74.5)
DVec2(-54.5, -73.5)
DVec2(-54.5, -72.5)
DVec2(-55.5, -71.5)
DVec2(-55.5, -70.5)
DVec2(-55.5, -69.5)
DVec2(-55.5, -68.5)
DVec2(-54.5, -71.5)
DVec2(-54.5, -70.5)
DVec2(-54.5, -69.5)
DVec2(-54.5, -68.5)
DVec2(-55.5, -67.5)
DVec2(-55.5, -66.5)
DVec2(-55.5, -65.5)
DVec2(-55.5, -64.5)
DVec2(-54.5, -67.5)
DVec2(-54.5, -66.5)
DVec2(-54.5, -65.5)
DVec2(-54.5, -64.5)
DVec2(-55.5, -63.5)
DVec2(-55.5, -62.5)
DVec2(-55.5, -61.5)
DVec2(-55.5, -60.5)
DVec2(-54.5, -63.5)
DVec2(-54.5, -62.5)
DVec2(-54.5, -61.5)
DVec2(-54.5, -60.5)
DVec2(-55.5, -59.5)
DVec2(-55.5, -58.5)
DVec2(-55.5, -57.5)
DVec2(-55.5, -56.5)
DVec2(-54.5, -59.5)
DVec2(-54.5, -58.5)
DVec2(-54.5, -57.5)
DVec2(-54.5, -56.5)
DVec2(-55.5, -55.5)
DVec2(-55.5, -54.5)
DVec2(-55.5, -53.5)
DVec2(-55.5, -52.5)
DVec2(-54.5, -55.5)
DVec2(-54.5, -54.5)
DVec2(-54.5, -53.5)
DVec2(-54.5, -52.5)
DVec2(-55.5, -51.5)
DVec2(-55.5, -50.5)
DVec2(-55.5, -49.5)
DVec2(-55.5, -48.5)
DVec2(-54.5, -51.5)
DVec2(-54.5, -50.5)
DVec2(-54.5, -49.5)
DVec2(-54.5, -48.5)
DVec2(-55.5, -47.5)
DVec2(-55.5, -46.5)
DVec2(-55.5, -45.5)
DVec2(-55.5, -44.5)
DVec2(-54.5, -47.5)
DVec2(-54.5, -46.5)
DVec2(-54.5, -45.5)
DVec2(-54.5, -44.5)
DVec2(-55.5, -43.5)
DVec2(-55.5, -42.5)
DVec2(-55.5, -41.5)
DVec2(-55.5, -40.5)
DVec2(-54.5, -43.5)
DVec2(-54.5, -42.5)
DVec2(-54.5, -41.5)
DVec2(-54.5, -40.5)
DVec2(-55.5, -39.5)
DVec2(-55.5, -38.5)
DVec2(-55.5, -37.5)
DVec2(-55.5, -36.5)
DVec2(-54.5, -39.5)
DVec2(-54.5, -38.5)
DVec2(-54.5, -37.5)
DVec2(-54.5, -36.5)
DVec2(-55.5, -35.5)
DVec2(-55.5, -34.5)
DVec2(-55.5, -33.5)
DVec2(-55.5, -32.5)
DVec2(-54.5, -35.5)
DVec2(-54.5, -34.5)
DVec2(-54.5, -33.5)
DVec2(-54.5, -32.5)
DVec2(-55.5, -31.5)
DVec2(-55.5, -30.5)
DVec2(-55.5, -29.5)
DVec2(-55.5, -28.5)
DVec2(-54.5, -31.5)
DVec2(-54.5, -30.5)
DVec2(-54.5, -29.5)
DVec2(-54.5, -28.5)
DVec2(-55.5, -27.5)
DVec2(-55.5, -26.5)
DVec2(-55.5, -25.5)
DVec2(-55.5, -24.5)
DVec2(-54.5, -27.5)
DVec2(-54.5, -26.5)
DVec2(-54.5, -25.5)
DVec2(-54.5, -24.5)
DVec2(-55.5, -23.5)
DVec2(-55.5, -22.5)
DVec2(-55.5, -21.5)
DVec2(-55.5, -20.5)
DVec2(-54.5, -23.5)
DVec2(-54.5, -22.5)
DVec2(-54.5, -21.5)
DVec2(-54.5, -20.5)
DVec2(-55.5, -19.5)
DVec2(-55.5, -18.5)
DVec2(-55.5, -17.5)
DVec2(-55.5, -16.5)
DVec2(-54.5, -19.5)
DVec2(-54.5, -18.5)
DVec2(-54.5, -17.5)
DVec2(-54.5, -16.5)
DVec2(-55.5, -15.5)
DVec2(-55.5, -14.5)
DVec2(-55.5, -13.5)
DVec2(-55.5, -12.5)
DVec2(-54.5, -15.5)
DVec2(-54.5, -14.5)
DVec2(-54.5, -13.5)
DVec2(-54.5, -12.5)
DVec2(-55.5, -11.5)
DVec2(-55.5, -10.5)
DVec2(-55.5, -9.5)
DVec2(-55.5, -8.5)
DVec2(-54.5, -11.5)
DVec2(-54.5, -10.5)
DVec2(-54.5, -9.5)
DVec2(-54.5, -8.5)
DVec2(-55.5, -7.5)
DVec2(-55.5, -6.5)
DVec2(-55.5, -5.5)
DVec2(-55.5, -4.5)
DVec2(-54.5, -7.5)
DVec2(-54.5, -6.5)
DVec2(-54.5, -5.5)
DVec2(-54.5, -4.5)
DVec2(-55.5, -3.5)
DVec2(-55.5, -2.5)
DVec2(-55.5, -1.5)
DVec2(-55.5, -0.5)
DVec2(-54.5, -3.5)
DVec2(-54.5, -2.5)
DVec2(-54.5, -1.5)
DVec2(-54.5, -0.5)
DVec2(-55.5, 0.5)
DVec2(-55.5, 1.5)
DVec2(-55.5, 2.5)
DVec2(-55.5, 3.5)
DVec2(-54.5, 0.5)
DVec2(-54.5, 1.5)
DVec2(-54.5, 2.5)
DVec2(-54.5, 3.5)
DVec2(-55.5, 4.5)
DVec2(-55.5, 5.5)
DVec2(-55.5, 6.5)
DVec2(-55.5, 7.5)
DVec2(-54.5, 4.5)
DVec2(-54.5, 5.5)
DVec2(-54.5, 6.5)
DVec2(-54.5, 7.5)
DVec2(-55.5, 8.5)
DVec2(-55.5, 9.5)
DVec2(-55.5, 10.5)
DVec2(-55.5, 11.5)
DVec2(-54.5, 8.5)
DVec2(-54.5, 9.5)
DVec2(-54.5, 10.5)
DVec2(-54.5, 11.5)
DVec2(-55.5, 12.5)
DVec2(-55.5, 13.5)
DVec2(-55.5, 14.5)
DVec2(-55.5, 15.5)
DVec2(-54.5, 12.5)
DVec2(-54.5, 13.5)
DVec2(-54.5, 14.5)
DVec2(-54.5, 15.5)
DVec2(-55.5, 16.5)
DVec2(-55.5, 17.5)
DVec2(-55.5, 18.5)
DVec2(-55.5, 19.5)
DVec2(-54.5, 16.5)
DVec2(-54.5, 17.5)
DVec2(-54.5, 18.5)
DVec2(-54.5, 19.5)
DVec2(-55.5, 20.5)
DVec2(-55.5, 21.5)
DVec2(-55.5, 22.5)
DVec2(-55.5, 23.5)
DVec2(-54.5, 20.5)
DVec2(-54.5, 21.5)
DVec2(-54.5, 22.5)
DVec2(-54.5, 23.5)
DVec2(-55.5, 24.5)
DVec2(-55.5, 25.5)
DVec2(-55.5, 26.5)
DVec2(-55.5, 27.5)
DVec2(-54.5, 24.5)
DVec2(-54.5, 25.5)
DVec2(-54.5, 26.5)
DVec2(-54.5, 27.5)
DVec2(-55.5, 28.5)
DVec2(-55.5, 29.5)
DVec2(-55.5, 30.5)
DVec2(-55.5, 31.5)
DVec2(-54.5, 28.5)
DVec2(-54.5, 29.5)
DVec2(-54.5, 30.5)
DVec2(-54.5, 31.5)
DVec2(-55.5, 32.5)
DVec2(-55.5, 33.5)
DVec2(-55.5, 34.5)
DVec2(-55.5, 35.5)
DVec2(-54.5, 32.5)
DVec2(-54.5, 33.5)
DVec2(-54.5, 34.5)
DVec2(-54.5, 35.5)
DVec2(-55.5, 36.5)
DVec2(-55.5, 37.5)
DVec2(-55.5, 38.5)
DVec2(-55.5, 39.5)
DVec2(-54.5, 36.5)
DVec2(-54.5, 37.5)
DVec2(-54.5, 38.5)
DVec2(-54.5, 39.5)
DVec2(-55.5, 40.5)
DVec2(-55.5, 41.5)
DVec2(-55.5, 42.5)
DVec2(-55.5, 43.5)
DVec2(-54.5, 40.5)
DVec2(-54.5, 41.5)
DVec2(-54.5, 42.5)
DVec2(-54.5, 43.5)
DVec2(-55.5, 44.5)
DVec2(-55.5, 45.5)
DVec2(-55.5, 46.5)
DVec2(-55.5, 47.5)
DVec2(-54.5, 44.5)
DVec2(-54.5, 45.5)
DVec2(-54.5, 46.5)
DVec2(-54.5, 47.5)
DVec2(-55.5, 48.5)
DVec2(-55.5, 49.5)
DVec2(-55.5, 50.5)
DVec2(-55.5, 51.5)
DVec2(-54.5, 48.5)
DVec2(-54.5, 49.5)
DVec2(-54.5, 50.5)
DVec2(-54.5, 51.5)
DVec2(-55.5, 52.5)
DVec2(-55.5, 53.5)
DVec2(-55.5, 54.5)
DVec2(-55.5, 55.5)
DVec2(-54.5, 52.5)
DVec2(-54.5, 53.5)
DVec2(-54.5, 54.5)
DVec2(-54.5, 55.5)
DVec2(-55.5, 56.5)
DVec2(-55.5, 57.5)
DVec2(-55.5, 58.5)
DVec2(-55.5, 59.5)
DVec2(-54.5, 56.5)
DVec2(-54.5, 57.5)
DVec2(-54.5, 58.5)
DVec2(-54.5, 59.5)
DVec2(-55.5, 60.5)
DVec2(-55.5, 61.5)
DVec2(-55.5, 62.5)
DVec2(-55.5, 63.5)
DVec2(-54.5, 60.5)
DVec2(-54.5, 61.5)
DVec2(-54.5, 62.5)
DVec2(-54.5, 63.5)
DVec2(-55.5, 64.5)
DVec2(-55.5, 65.5)
DVec2(-55.5, 66.5)
DVec2(-55.5, 67.5)
DVec2(-54.5, 64.5)
DVec2(-54.5, 65.5)
DVec2(-54.5, 66.5)
DVec2(-54.5, 67.5)
DVec2(-55.5, 68.5)
DVec2(-55.5, 69.5)
DVec2(-55.5, 70.5)
DVec2(-55.5, 71.5)
DVec2(-54.5, 68.5)
DVec2(-54.5, 69.5)
DVec2(-54.5, 70.5)
DVec2(-54.5, 71.5)
DVec2(-55.5, 72.5)
DVec2(-55.5, 73.5)
DVec2(-55.5, 74.5)
DVec2(-55.5, 75.5)
DVec2(-54.5, 72.5)
DVec2(-54.5, 73.5)
DVec2(-54.5, 74.5)
DVec2(-54.5, 75.5)
DVec2(-55.5, 76.5)
DVec2(-55.5, 77.5)
DVec2(-55.5, 78.5)
DVec2(-55.5, 79.5)
DVec2(-54.5, 76.5)
DVec2(-54.5, 77.5)
DVec2(-54.5, 78.5)
DVec2(-54.5, 79.5)
DVec2(-55.5, 80.5)
DVec2(-55.5, 81.5)
DVec2(-55.5, 82.5)
DVec2(-55.5, 83.5)
DVec2(-54.5, 80.5)
DVec2(-54.5, 81.5)
DVec2(-54.5, 82.5)
DVec2(-54.5, 83.5)
DVec2(-55.5, 84.5)
DVec2(-55.5, 85.5)
DVec2(-55.5, 86.5)
DVec2(-55.5, 87.5)
DVec2(-54.5, 84.5)
DVec2(-54.5, 85.5)
DVec2(-54.5, 86.5)
DVec2(-54.5, 87.5)
DVec2(-55.5, 88.5)
DVec2(-55.5, 89.5)
DVec2(-55.5, 90.5)
DVec2(-55.5, 91.5)
DVec2(-54.5, 88.5)
DVec2(-54.5, 89.5)
DVec2(-54.5, 90.5)
DVec2(-54.5, 91.5)
DVec2(-55.5, 92.5)
DVec2(-55.5, 93.5)
DVec2(-55.5, 94.5)
DVec2(-55.5, 95.5)
DVec2(-54.5, 92.5)
DVec2(-54.5, 93.5)
DVec2(-54.5, 94.5)
DVec2(-54.5, 95.5)
DVec2(-55.5, 96.5)
DVec2(-55.5, 97.5)
DVec2(-55.5, 98.5)
DVec2(-55.5, 99.5)
DVec2(-54.5, 96.5)
DVec2(-54.5, 97.5)
DVec2(-54.5, 98.5)
DVec2(-54.5, 99.5)
DVec2(-55.5, 100.5)
DVec2(-55.5, 101.5)
DVec2(-55.5, 102.5)
DVec2(-55.5, 103.5)
DVec2(-54.5, 100.5)
DVec2(-54.5, 101.5)
DVec2(-54.5, 102.5)
DVec2(-54.5, 103.5)
DVec2(-55.5, 104.5)
DVec2(-55.5, 105.5)
DVec2(-55.5, 106.5)
DVec2(-55.5, 107.5)
DVec2(-54.5, 104.5)
DVec2(-54.5, 105.5)
DVec2(-54.5, 106.5)
DVec2(-54.5, 107.5)
DVec2(-55.5, 108.5)
DVec2(-55.5, 109.5)
DVec2(-55.5, 110.5)
DVec2(-55.5, 111.5)
DVec2(-54.5, 108.5)
DVec2(-54.5, 109.5)
DVec2(-54.5, 110.5)
DVec2(-54.5, 111.5)
DVec2(-55.5, 112.5)
DVec2(-55.5, 113.5)
DVec2(-55.5, 114.5)
DVec2(-55.5, 115.5)
DVec2(-54.5, 112.5)
DVec2(-54.5, 113.5)
DVec2(-54.5, 114.5)
DVec2(-54.5, 115.5)
DVec2(-55.5, 116.5)
DVec2(-55.5, 117.5)
DVec2(-55.5, 118.5)
DVec2(-55.5, 119.5)
DVec2(-54.5, 116.5)
DVec2(-54.5, 117.5)
DVec2(-54.5, 118.5)
DVec2(-54.5, 119.5)
DVec2(-53.5, -119.5)
DVec2(-53.5, -118.5)
DVec2(-53.5, -117.5)
DVec2(-53.5, -116.5)
DVec2(-52.5, -119.5)
DVec2(-52.5, -118.5)
DVec2(-52.5, -117.5)
DVec2(-52.5, -116.5)
DVec2(-53.5, -115.5)
DVec2(-53.5, -114.5)
DVec2(-53.5, -113.5)
DVec2(-53.5, -112.5)
DVec2(-52.5, -115.5)
DVec2(-52.5, -114.5)
DVec2(-52.5, -113.5)
DVec2(-52.5, -112.5)
DVec2(-53.5, -111.5)
DVec2(-53.5, -110.5)
DVec2(-53.5, -109.5)
DVec2(-53.5, -108.5)
DVec2(-52.5, -111.5)
DVec2(-52.5, -110.5)
DVec2(-52.5, -109.5)
DVec2(-52.5, -108.5)
DVec2(-53.5, -107.5)
DVec2(-53.5, -106.5)
DVec2(-53.5, -105.5)
DVec2(-53.5, -104.5)
DVec2(-52.5, -107.5)
DVec2(-52.5, -106.5)
DVec2(-52.5, -105.5)
DVec2(-52.5, -104.5)
DVec2(-53.5, -103.5)
DVec2(-53.5, -102.5)
DVec2(-53.5, -101.5)
DVec2(-53.5, -100.5)
DVec2(-52.5, -103.5)
DVec2(-52.5, -102.5)
DVec2(-52.5, -101.5)
DVec2(-52.5, -100.5)
DVec2(-53.5, -99.5)
DVec2(-53.5, -98.5)
DVec2(-53.5, -97.5)
DVec2(-53.5, -96.5)
DVec2(-52.5, -99.5)
DVec2(-52.5, -98.5)
DVec2(-52.5, -97.5)
DVec2(-52.5, -96.5)
DVec2(-53.5, -95.5)
DVec2(-53.5, -94.5)
DVec2(-53.5, -93.5)
DVec2(-53.5, -92.5)
DVec2(-52.5, -95.5)
DVec2(-52.5, -94.5)
DVec2(-52.5, -93.5)
DVec2(-52.5, -92.5)
DVec2(-53.5, -91.5)
DVec2(-53.5, -90.5)
DVec2(-53.5, -89.5)
DVec2(-53.5, -88.5)
DVec2(-52.5, -91.5)
DVec2(-52.5, -90.5)
DVec2(-52.5, -89.5)
DVec2(-52.5, -88.5)
DVec2(-53.5, -87.5)
DVec2(-53.5, -86.5)
DVec2(-53.5, -85.5)
DVec2(-53.5, -84.5)
DVec2(-52.5, -87.5)
DVec2(-52.5, -86.5)
DVec2(-52.5, -85.5)
DVec2(-52.5, -84.5)
DVec2(-53.5, -83.5)
DVec2(-53.5, -82.5)
DVec2(-53.5, -81.5)
DVec2(-53.5, -80.5)
DVec2(-52.5, -83.5)
DVec2(-52.5, -82.5)
DVec2(-52.5, -81.5)
DVec2(-52.5, -80.5)
DVec2(-53.5, -79.5)
DVec2(-53.5, -78.5)
DVec2(-53.5, -77.5)
DVec2(-53.5, -76.5)
DVec2(-52.5, -79.5)
DVec2(-52.5, -78.5)
DVec2(-52.5, -77.5)
DVec2(-52.5, -76.5)
DVec2(-53.5, -75.5)
DVec2(-53.5, -74.5)
DVec2(-53.5, -73.5)
DVec2(-53.5, -72.5)
DVec2(-52.5, -75.5)
DVec2(-52.5, -74.5)
DVec2(-52.5, -73.5)
DVec2(-52.5, -72.5)
DVec2(-53.5, -71.5)
DVec2(-53.5, -70.5)
DVec2(-53.5, -69.5)
DVec2(-53.5, -68.5)
DVec2(-52.5, -71.5)
DVec2(-52.5, -70.5)
DVec2(-52.5, -69.5)
DVec2(-52.5, -68.5)
DVec2(-53.5, -67.5)
DVec2(-53.5, -66.5)
DVec2(-53.5, -65.5)
DVec2(-53.5, -64.5)
DVec2(-52.5, -67.5)
DVec2(-52.5, -66.5)
DVec2(-52.5, -65.5)
DVec2(-52.5, -64.5)
DVec2(-53.5, -63.5)
DVec2(-53.5, -62.5)
DVec2(-53.5, -61.5)
DVec2(-53.5, -60.5)
DVec2(-52.5, -63.5)
DVec2(-52.5, -62.5)
DVec2(-52.5, -61.5)
DVec2(-52.5, -60.5)
DVec2(-53.5, -59.5)
DVec2(-53.5, -58.5)
DVec2(-53.5, -57.5)
DVec2(-53.5, -56.5)
DVec2(-52.5, -59.5)
DVec2(-52.5, -58.5)
DVec2(-52.5, -57.5)
DVec2(-52.5, -56.5)
DVec2(-53.5, -55.5)
DVec2(-53.5, -54.5)
DVec2(-53.5, -53.5)
DVec2(-53.5, -52.5)
DVec2(-52.5, -55.5)
DVec2(-52.5, -54.5)
DVec2(-52.5, -53.5)
DVec2(-52.5, -52.5)
DVec2(-53.5, -51.5)
DVec2(-53.5, -50.5)
DVec2(-53.5, -49.5)
DVec2(-53.5, -48.5)
DVec2(-52.5, -51.5)
DVec2(-52.5, -50.5)
DVec2(-52.5, -49.5)
DVec2(-52.5, -48.5)
DVec2(-53.5, -47.5)
DVec2(-53.5, -46.5)
DVec2(-53.5, -45.5)
DVec2(-53.5, -44.5)
DVec2(-52.5, -47.5)
DVec2(-52.5, -46.5)
DVec2(-52.5, -45.5)
DVec2(-52.5, -44.5)
DVec2(-53.5, -43.5)
DVec2(-53.5, -42.5)
DVec2(-53.5, -41.5)
DVec2(-53.5, -40.5)
DVec2(-52.5, -43.5)
DVec2(-52.5, -42.5)
DVec2(-52.5, -41.5)
DVec2(-52.5, -40.5)
DVec2(-53.5, -39.5)
DVec2(-53.5, -38.5)
DVec2(-53.5, -37.5)
DVec2(-53.5, -36.5)
DVec2(-52.5, -39.5)
DVec2(-52.5, -38.5)
DVec2(-52.5, -37.5)
DVec2(-52.5, -36.5)
DVec2(-53.5, -35.5)
DVec2(-53.5, -34.5)
DVec2(-53.5, -33.5)
DVec2(-53.5, -32.5)
DVec2(-52.5, -35.5)
DVec2(-52.5, -34.5)
DVec2(-52.5, -33.5)
DVec2(-52.5, -32.5)
DVec2(-53.5, -31.5)
DVec2(-53.5, -30.5)
DVec2(-53.5, -29.5)
DVec2(-53.5, -28.5)
DVec2(-52.5, -31.5)
DVec2(-52.5, -30.5)
DVec2(-52.5, -29.5)
DVec2(-52.5, -28.5)
DVec2(-53.5, -27.5)
DVec2(-53.5, -26.5)
DVec2(-53.5, -25.5)
DVec2(-53.5, -24.5)
DVec2(-52.5, -27.5)
DVec2(-52.5, -26.5)
DVec2(-52.5, -25.5)
DVec2(-52.5, -24.5)
DVec2(-53.5, -23.5)
DVec2(-53.5, -22.5)
DVec2(-53.5, -21.5)
DVec2(-53.5, -20.5)
DVec2(-52.5, -23.5)
DVec2(-52.5, -22.5)
DVec2(-52.5, -21.5)
DVec2(-52.5, -20.5)
DVec2(-53.5, -19.5)
DVec2(-53.5, -18.5)
DVec2(-53.5, -17.5)
DVec2(-53.5, -16.5)
DVec2(-52.5, -19.5)
DVec2(-52.5, -18.5)
DVec2(-52.5, -17.5)
DVec2(-52.5, -16.5)
DVec2(-53.5, -15.5)
DVec2(-53.5, -14.5)
DVec2(-53.5, -13.5)
DVec2(-53.5, -12.5)
DVec2(-52.5, -15.5)
DVec2(-52.5, -14.5)
DVec2(-52.5, -13.5)
DVec2(-52.5, -12.5)
DVec2(-53.5, -11.5)
DVec2(-53.5, -10.5)
DVec2(-53.5, -9.5)
DVec2(-53.5, -8.5)
DVec2(-52.5, -11.5)
DVec2(-52.5, -10.5)
DVec2(-52.5, -9.5)
DVec2(-52.5, -8.5)
DVec2(-53.5, -7.5)
DVec2(-53.5, -6.5)
DVec2(-53.5, -5.5)
DVec2(-53.5, -4.5)
DVec2(-52.5, -7.5)
DVec2(-52.5, -6.5)
DVec2(-52.5, -5.5)
DVec2(-52.5, -4.5)
DVec2(-53.5, -3.5)
DVec2(-53.5, -2.5)
DVec2(-53.5, -1.5)
DVec2(-53.5, -0.5)
DVec2(-52.5, -3.5)
DVec2(-52.5, -2.5)
DVec2(-52.5, -1.5)
DVec2(-52.5, -0.5)
DVec2(-53.5, 0.5)
DVec2(-53.5, 1.5)
DVec2(-53.5, 2.5)
DVec2(-53.5, 3.5)
DVec2(-52.5, 0.5)
DVec2(-52.5, 1.5)
DVec2(-52.5, 2.5)
DVec2(-52.5, 3.5)
DVec2(-53.5, 4.5)
DVec2(-53.5, 5.5)
DVec2(-53.5, 6.5)
DVec2(-53.5, 7.5)
DVec2(-52.5, 4.5)
DVec2(-52.5, 5.5)
DVec2(-52.5, 6.5)
DVec2(-52.5, 7.5)
DVec2(-53.5, 8.5)
DVec2(-53.5, 9.5)
DVec2(-53.5, 10.5)
DVec2(-53.5, 11.5)
DVec2(-52.5, 8.5)
DVec2(-52.5, 9.5)
DVec2(-52.5, 10.5)
DVec2(-52.5, 11.5)
DVec2(-53.5, 12.5)
DVec2(-53.5, 13.5)
DVec2(-53.5, 14.5)
DVec2(-53.5, 15.5)
DVec2(-52.5, 12.5)
DVec2(-52.5, 13.5)
DVec2(-52.5, 14.5)
DVec2(-52.5, 15.5)
DVec2(-53.5, 16.5)
DVec2(-53.5, 17.5)
DVec2(-53.5, 18.5)
DVec2(-53.5, 19.5)
DVec2(-52.5, 16.5)
DVec2(-52.5, 17.5)
DVec2(-52.5, 18.5)
DVec2(-52.5, 19.5)
DVec2(-53.5, 20.5)
DVec2(-53.5, 21.5)
DVec2(-53.5, 22.5)
DVec2(-53.5, 23.5)
DVec2(-52.5, 20.5)
DVec2(-52.5, 21.5)
DVec2(-52.5, 22.5)
DVec2(-52.5, 23.5)
DVec2(-53.5, 24.5)
DVec2(-53.5, 25.5)
DVec2(-53.5, 26.5)
DVec2(-53.5, 27.5)
DVec2(-52.5, 24.5)
DVec2(-52.5, 25.5)
DVec2(-52.5, 26.5)
DVec2(-52.5, 27.5)
DVec2(-53.5, 28.5)
DVec2(-53.5, 29.5)
DVec2(-53.5, 30.5)
DVec2(-53.5, 31.5)
DVec2(-52.5, 28.5)
DVec2(-52.5, 29.5)
DVec2(-52.5, 30.5)
DVec2(-52.5, 31.5)
DVec2(-53.5, 32.5)
DVec2(-53.5, 33.5)
DVec2(-53.5, 34.5)
DVec2(-53.5, 35.5)
DVec2(-52.5, 32.5)
DVec2(-52.5, 33.5)
DVec2(-52.5, 34.5)
DVec2(-52.5, 35.5)
DVec2(-53.5, 36.5)
DVec2(-53.5, 37.5)
DVec2(-53.5, 38.5)
DVec2(-53.5, 39.5)
DVec2(-52.5, 36.5)
DVec2(-52.5, 37.5)
DVec2(-52.5, 38.5)
DVec2(-52.5, 39.5)
DVec2(-53.5, 40.5)
DVec2(-53.5, 41.5)
DVec2(-53.5, 42.5)
DVec2(-53.5, 43.5)
DVec2(-52.5, 40.5)
DVec2(-52.5, 41.5)
DVec2(-52.5, 42.5)
DVec2(-52.5, 43.5)
DVec2(-53.5, 44.5)
DVec2(-53.5, 45.5)
DVec2(-53.5, 46.5)
DVec2(-53.5, 47.5)
DVec2(-52.5, 44.5)
DVec2(-52.5, 45.5)
DVec2(-52.5, 46.5)
DVec2(-52.5, 47.5)
DVec2(-53.5, 48.5)
DVec2(-53.5, 49.5)
DVec2(-53.5, 50.5)
DVec2(-53.5, 51.5)
DVec2(-52.5, 48.5)
DVec2(-52.5, 49.5)
DVec2(-52.5, 50.5)
DVec2(-52.5, 51.5)
DVec2(-53.5, 52.5)
DVec2(-53.5, 53.5)
DVec2(-53.5, 54.5)
DVec2(-53.5, 55.5)
DVec2(-52.5, 52.5)
DVec2(-52.5, 53.5)
DVec2(-52.5, 54.5)
DVec2(-52.5, 55.5)
DVec2(-53.5, 56.5)
DVec2(-53.5, 57.5)
DVec2(-53.5, 58.5)
DVec2(-53.5, 59.5)
DVec2(-52.5, 56.5)
DVec2(-52.5, 57.5)
DVec2(-52.5, 58.5)
DVec2(-52.5, 59.5)
DVec2(-53.5, 60.5)
DVec2(-53.5, 61.5)
DVec2(-53.5, 62.5)
DVec2(-53.5, 63.5)
DVec2(-52.5, 60.5)
DVec2(-52.5, 61.5)
DVec2(-52.5, 62.5)
DVec2(-52.5, 63.5)
DVec2(-53.5, 64.5)
DVec2(-53.5, 65.5)
DVec2(-53.5, 66.5)
DVec2(-53.5, 67.5)
DVec2(-52.5, 64.5)
DVec2(-52.5, 65.5)
DVec2(-52.5, 66.5)
DVec2(-52.5, 67.5)
DVec2(-53.5, 68.5)
DVec2(-53.5, 69.5)
DVec2(-53.5, 70.5)
DVec2(-53.5, 71.5)
DVec2(-52.5, 68.5)
DVec2(-52.5, 69.5)
DVec2(-52.5, 70.5)
DVec2(-52.5, 71.5)
DVec2(-53.5, 72.5)
DVec2(-53.5, 73.5)
DVec2(-53.5, 74.5)
DVec2(-53.5, 75.5)
DVec2(-52.5, 72.5)
DVec2(-52.5, 73.5)
DVec2(-52.5, 74.5)
DVec2(-52.5, 75.5)
DVec2(-53.5, 76.5)
DVec2(-53.5, 77.5)
DVec2(-53.5, 78.5)
DVec2(-53.5, 79.5)
DVec2(-52.5, 76.5)
DVec2(-52.5, 77.5)
DVec2(-52.5, 78.5)
DVec2(-52.5, 79.5)
DVec2(-53.5, 80.5)
DVec2(-53.5, 81.5)
DVec2(-53.5, 82.5)
DVec2(-53.5, 83.5)
DVec2(-52.5, 80.5)
DVec2(-52.5, 81.5)
DVec2(-52.5, 82.5)
DVec2(-52.5, 83.5)
DVec2(-53.5, 84.5)
DVec2(-53.5, 85.5)
DVec2(-53.5, 86.5)
DVec2(-53.5, 87.5)
DVec2(-52.5, 84.5)
DVec2(-52.5, 85.5)
DVec2(-52.5, 86.5)
DVec2(-52.5, 87.5)
DVec2(-53.5, 88.5)
DVec2(-53.5, 89.5)
DVec2(-53.5, 90.5)
DVec2(-53.5, 91.5)
DVec2(-52.5, 88.5)
DVec2(-52.5, 89.5)
DVec2(-52.5, 90.5)
DVec2(-52.5, 91.5)
DVec2(-53.5, 92.5)
DVec2(-53.5, 93.5)
DVec2(-53.5, 94.5)
DVec2(-53.5, 95.5)
DVec2(-52.5, 92.5)
DVec2(-52.5, 93.5)
DVec2(-52.5, 94.5)
DVec2(-52.5, 95.5)
DVec2(-53.5, 96.5)
DVec2(-53.5, 97.5)
DVec2(-53.5, 98.5)
DVec2(-53.5, 99.5)
DVec2(-52.5, 96.5)
DVec2(-52.5, 97.5)
DVec2(-52.5, 98.5)
DVec2(-52.5, 99.5)
DVec2(-53.5, 100.5)
DVec2(-53.5, 101.5)
DVec2(-53.5, 102.5)
DVec2(-53.5, 103.5)
DVec2(-52.5, 100.5)
DVec2(-52.5, 101.5)
DVec2(-52.5, 102.5)
DVec2(-52.5, 103.5)
DVec2(-53.5, 104.5)
DVec2(-53.5, 105.5)
DVec2(-53.5, 106.5)
DVec2(-53.5, 107.5)
DVec2(-52.5, 104.5)
DVec2(-52.5, 105.5)
DVec2(-52.5, 106.5)
DVec2(-52.5, 107.5)
DVec2(-53.5, 108.5)
DVec2(-53.5, 109.5)
DVec2(-53.5, 110.5)
DVec2(-53.5, 111.5)
DVec2(-52.5, 108.5)
DVec2(-52.5, 109.5)
DVec2(-52.5, 110.5)
DVec2(-52.5, 111.5)
DVec2(-53.5, 112.5)
DVec2(-53.5, 113.5)
DVec2(-53.5, 114.5)
DVec2(-53.5, 115.5)
DVec2(-52.5, 112.5)
DVec2(-52.5, 113.5)
DVec2(-52.5, 114.5)
DVec2(-52.5, 115.5)
DVec2(-53.5, 116.5)
DVec2(-53.5, 117.5)
DVec2(-53.5, 118.5)
DVec2(-53.5, 119.5)
DVec2(-52.5, 116.5)
DVec2(-52.5, 117.5)
DVec2(-52.5, 118.5)
DVec2(-52.5, 119.5)
DVec2(-51.5, -119.5)
DVec2(-51.5, -118.5)
DVec2(-51.5, -117.5)
DVec2(-51.5, -116.5)
DVec2(-50.5, -119.5)
DVec2(-50.5, -118.5)
DVec2(-50.5, -117.5)
DVec2(-50.5, -116.5)
DVec2(-51.5, -115.5)
DVec2(-51.5, -114.5)
DVec2(-51.5, -113.5)
DVec2(-51.5, -112.5)
DVec2(-50.5, -115.5)
DVec2(-50.5, -114.5)
DVec2(-50.5, -113.5)
DVec2(-50.5, -112.5)
DVec2(-51.5, -111.5)
DVec2(-51.5, -110.5)
DVec2(-51.5, -109.5)
DVec2(-51.5, -108.5)
DVec2(-50.5, -111.5)
DVec2(-50.5, -110.5)
DVec2(-50.5, -109.5)
DVec2(-50.5, -108.5)
DVec2(-51.5, -107.5)
DVec2(-51.5, -106.5)
DVec2(-51.5, -105.5)
DVec2(-51.5, -104.5)
DVec2(-50.5, -107.5)
DVec2(-50.5, -106.5)
DVec2(-50.5, -105.5)
DVec2(-50.5, -104.5)
DVec2(-51.5, -103.5)
DVec2(-51.5, -102.5)
DVec2(-51.5, -101.5)
DVec2(-51.5, -100.5)
DVec2(-50.5, -103.5)
DVec2(-50.5, -102.5)
DVec2(-50.5, -101.5)
DVec2(-50.5, -100.5)
DVec2(-51.5, -99.5)
DVec2(-51.5, -98.5)
DVec2(-51.5, -97.5)
DVec2(-51.5, -96.5)
DVec2(-50.5, -99.5)
DVec2(-50.5, -98.5)
DVec2(-50.5, -97.5)
DVec2(-50.5, -96.5)
DVec2(-51.5, -95.5)
DVec2(-51.5, -94.5)
DVec2(-51.5, -93.5)
DVec2(-51.5, -92.5)
DVec2(-50.5, -95.5)
DVec2(-50.5, -94.5)
DVec2(-50.5, -93.5)
DVec2(-50.5, -92.5)
DVec2(-51.5, -91.5)
DVec2(-51.5, -90.5)
DVec2(-51.5, -89.5)
DVec2(-51.5, -88.5)
DVec2(-50.5, -91.5)
DVec2(-50.5, -90.5)
DVec2(-50.5, -89.5)
DVec2(-50.5, -88.5)
DVec2(-51.5, -87.5)
DVec2(-51.5, -86.5)
DVec2(-51.5, -85.5)
DVec2(-51.5, -84.5)
DVec2(-50.5, -87.5)
DVec2(-50.5, -86.5)
DVec2(-50.5, -85.5)
DVec2(-50.5, -84.5)
DVec2(-51.5, -83.5)
DVec2(-51.5, -82.5)
DVec2(-51.5, -81.5)
DVec2(-51.5, -80.5)
DVec2(-50.5, -83.5)
DVec2(-50.5, -82.5)
DVec2(-50.5, -81.5)
DVec2(-50.5, -80.5)
DVec2(-51.5, -79.5)
DVec2(-51.5, -78.5)
DVec2(-51.5, -77.5)
DVec2(-51.5, -76.5)
DVec2(-50.5, -79.5)
DVec2(-50.5, -78.5)
DVec2(-50.5, -77.5)
DVec2(-50.5, -76.5)
DVec2(-51.5, -75.5)
DVec2(-51.5, -74.5)
DVec2(-51.5, -73.5)
DVec2(-51.5, -72.5)
DVec2(-50.5, -75.5)
DVec2(-50.5, -74.5)
DVec2(-50.5, -73.5)
DVec2(-50.5, -72.5)
DVec2(-51.5, -71.5)
DVec2(-51.5, -70.5)
DVec2(-51.5, -69.5)
DVec2(-51.5, -68.5)
DVec2(-50.5, -71.5)
DVec2(-50.5, -70.5)
DVec2(-50.5, -69.5)
DVec2(-50.5, -68.5)
DVec2(-51.5, -67.5)
DVec2(-51.5, -66.5)
DVec2(-51.5, -65.5)
DVec2(-51.5, -64.5)
DVec2(-50.5, -67.5)
DVec2(-50.5, -66.5)
DVec2(-50.5, -65.5)
DVec2(-50.5, -64.5)
DVec2(-51.5, -63.5)
DVec2(-51.5, -62.5)
DVec2(-51.5, -61.5)
DVec2(-51.5, -60.5)
DVec2(-50.5, -63.5)
DVec2(-50.5, -62.5)
DVec2(-50.5, -61.5)
DVec2(-50.5, -60.5)
DVec2(-51.5, -59.5)
DVec2(-51.5, -58.5)
DVec2(-51.5, -57.5)
DVec2(-51.5, -56.5)
DVec2(-50.5, -59.5)
DVec2(-50.5, -58.5)
DVec2(-50.5, -57.5)
DVec2(-50.5, -56.5)
DVec2(-51.5, -55.5)
DVec2(-51.5, -54.5)
DVec2(-51.5, -53.5)
DVec2(-51.5, -52.5)
DVec2(-50.5, -55.5)
DVec2(-50.5, -54.5)
DVec2(-50.5, -53.5)
DVec2(-50.5, -52.5)
DVec2(-51.5, -51.5)
DVec2(-51.5, -50.5)
DVec2(-51.5, -49.5)
DVec2(-51.5, -48.5)
DVec2(-50.5, -51.5)
DVec2(-50.5, -50.5)
DVec2(-50.5, -49.5)
DVec2(-50.5, -48.5)
DVec2(-51.5, -47.5)
DVec2(-51.5, -46.5)
DVec2(-51.5, -45.5)
DVec2(-51.5, -44.5)
DVec2(-50.5, -47.5)
DVec2(-50.5, -46.5)
DVec2(-50.5, -45.5)
DVec2(-50.5, -44.5)
DVec2(-51.5, -43.5)
DVec2(-51.5, -42.5)
DVec2(-51.5, -41.5)
DVec2(-51.5, -40.5)
DVec2(-50.5, -43.5)
DVec2(-50.5, -42.5)
DVec2(-50.5, -41.5)
DVec2(-50.5, -40.5)
DVec2(-51.5, -39.5)
DVec2(-51.5, -38.5)
DVec2(-51.5, -37.5)
DVec2(-51.5, -36.5)
DVec2(-50.5, -39.5)
DVec2(-50.5, -38.5)
DVec2(-50.5, -37.5)
DVec2(-50.5, -36.5)
DVec2(-51.5, -35.5)
DVec2(-51.5, -34.5)
DVec2(-51.5, -33.5)
DVec2(-51.5, -32.5)
DVec2(-50.5, -35.5)
DVec2(-50.5, -34.5)
DVec2(-50.5, -33.5)
DVec2(-50.5, -32.5)
DVec2(-51.5, -31.5)
DVec2(-51.5, -30.5)
DVec2(-51.5, -29.5)
DVec2(-51.5, -28.5)
DVec2(-50.5, -31.5)
DVec2(-50.5, -30.5)
DVec2(-50.5, -29.5)
DVec2(-50.5, -28.5)
DVec2(-51.5, -27.5)
DVec2(-51.5, -26.5)
DVec2(-51.5, -25.5)
DVec2(-51.5, -24.5)
DVec2(-50.5, -27.5)
DVec2(-50.5, -26.5)
DVec2(-50.5, -25.5)
DVec2(-50.5, -24.5)
DVec2(-51.5, -23.5)
DVec2(-51.5, -22.5)
DVec2(-51.5, -21.5)
DVec2(-51.5, -20.5)
DVec2(-50.5, -23.5)
DVec2(-50.5, -22.5)
DVec2(-50.5, -21.5)
DVec2(-50.5, -20.5)
DVec2(-51.5, -19.5)
DVec2(-51.5, -18.5)
DVec2(-51.5, -17.5)
DVec2(-51.5, -16.5)
DVec2(-50.5, -19.5)
DVec2(-50.5, -18.5)
DVec2(-50.5, -17.5)
DVec2(-50.5, -16.5)
DVec2(-51.5, -15.5)
DVec2(-51.5, -14.5)
DVec2(-51.5, -13.5)
DVec2(-51.5, -12.5)
DVec2(-50.5, -15.5)
DVec2(-50.5, -14.5)
DVec2(-50.5, -13.5)
DVec2(-50.5, -12.5)
DVec2(-51.5, -11.5)
DVec2(-51.5, -10.5)
DVec2(-51.5, -9.5)
DVec2(-51.5, -8.5)
DVec2(-50.5, -11.5)
DVec2(-50.5, -10.5)
DVec2(-50.5, -9.5)
DVec2(-50.5, -8.5)
DVec2(-51.5, -7.5)
DVec2(-51.5, -6.5)
DVec2(-51.5, -5.5)
DVec2(-51.5, -4.5)
DVec2(-50.5, -7.5)
DVec2(-50.5, -6.5)
DVec2(-50.5, -5.5)
DVec2(-50.5, -4.5)
DVec2(-51.5, -3.5)
DVec2(-51.5, -2.5)
DVec2(-51.5, -1.5)
DVec2(-51.5, -0.5)
DVec2(-50.5, -3.5)
DVec2(-50.5, -2.5)
DVec2(-50.5, -1.5)
DVec2(-50.5, -0.5)
DVec2(-51.5, 0.5)
DVec2(-51.5, 1.5)
DVec2(-51.5, 2.5)
DVec2(-51.5, 3.5)
DVec2(-50.5, 0.5)
DVec2(-50.5, 1.5)
DVec2(-50.5, 2.5)
DVec2(-50.5, 3.5)
DVec2(-51.5, 4.5)
DVec2(-51.5, 5.5)
DVec2(-51.5, 6.5)
DVec2(-51.5, 7.5)
DVec2(-50.5, 4.5)
DVec2(-50.5, 5.5)
DVec2(-50.5, 6.5)
DVec2(-50.5, 7.5)
DVec2(-51.5, 8.5)
DVec2(-51.5, 9.5)
DVec2(-51.5, 10.5)
DVec2(-51.5, 11.5)
DVec2(-50.5, 8.5)
DVec2(-50.5, 9.5)
DVec2(-50.5, 10.5)
DVec2(-50.5, 11.5)
DVec2(-51.5, 12.5)
DVec2(-51.5, 13.5)
DVec2(-51.5, 14.5)
DVec2(-51.5, 15.5)
DVec2(-50.5, 12.5)
DVec2(-50.5, 13.5)
DVec2(-50.5, 14.5)
DVec2(-50.5, 15.5)
DVec2(-51.5, 16.5)
DVec2(-51.5, 17.5)
DVec2(-51.5, 18.5)
DVec2(-51.5, 19.5)
DVec2(-50.5, 16.5)
DVec2(-50.5, 17.5)
DVec2(-50.5, 18.5)
DVec2(-50.5, 19.5)
DVec2(-51.5, 20.5)
DVec2(-51.5, 21.5)
DVec2(-51.5, 22.5)
DVec2(-51.5, 23.5)
DVec2(-50.5, 20.5)
DVec2(-50.5, 21.5)
DVec2(-50.5, 22.5)
DVec2(-50.5, 23.5)
DVec2(-51.5, 24.5)
DVec2(-51.5, 25.5)
DVec2(-51.5, 26.5)
DVec2(-51.5, 27.5)
DVec2(-50.5, 24.5)
DVec2(-50.5, 25.5)
DVec2(-50.5, 26.5)
DVec2(-50.5, 27.5)
DVec2(-51.5, 28.5)
DVec2(-51.5, 29.5)
DVec2(-51.5, 30.5)
DVec2(-51.5, 31.5)
DVec2(-50.5, 28.5)
DVec2(-50.5, 29.5)
DVec2(-50.5, 30.5)
DVec2(-50.5, 31.5)
DVec2(-51.5, 32.5)
DVec2(-51.5, 33.5)
DVec2(-51.5, 34.5)
DVec2(-51.5, 35.5)
DVec2(-50.5, 32.5)
DVec2(-50.5, 33.5)
DVec2(-50.5, 34.5)
DVec2(-50.5, 35.5)
DVec2(-51.5, 36.5)
DVec2(-51.5, 37.5)
DVec2(-51.5, 38.5)
DVec2(-51.5, 39.5)
DVec2(-50.5, 36.5)
DVec2(-50.5, 37.5)
DVec2(-50.5, 38.5)
DVec2(-50.5, 39.5)
DVec2(-51.5, 40.5)
DVec2(-51.5, 41.5)
DVec2(-51.5, 42.5)
DVec2(-51.5, 43.5)
DVec2(-50.5, 40.5)
DVec2(-50.5, 41.5)
DVec2(-50.5, 42.5)
DVec2(-50.5, 43.5)
DVec2(-51.5, 44.5)
DVec2(-51.5, 45.5)
DVec2(-51.5, 46.5)
DVec2(-51.5, 47.5)
DVec2(-50.5, 44.5)
DVec2(-50.5, 45.5)
DVec2(-50.5, 46.5)
DVec2(-50.5, 47.5)
DVec2(-51.5, 48.5)
DVec2(-51.5, 49.5)
DVec2(-51.5, 50.5)
DVec2(-51.5, 51.5)
DVec2(-50.5, 48.5)
DVec2(-50.5, 49.5)
DVec2(-50.5, 50.5)
DVec2(-50.5, 51.5)
DVec2(-51.5, 52.5)
DVec2(-51.5, 53.5)
DVec2(-51.5, 54.5)
DVec2(-51.5, 55.5)
DVec2(-50.5, 52.5)
DVec2(-50.5, 53.5)
DVec2(-50.5, 54.5)
DVec2(-50.5, 55.5)
DVec2(-51.5, 56.5)
DVec2(-51.5, 57.5)
DVec2(-51.5, 58.5)
DVec2(-51.5, 59.5)
DVec2(-50.5, 56.5)
DVec2(-50.5, 57.5)
DVec2(-50.5, 58.5)
DVec2(-50.5, 59.5)
DVec2(-51.5, 60.5)
DVec2(-51.5, 61.5)
DVec2(-51.5, 62.5)
DVec2(-51.5, 63.5)
DVec2(-50.5, 60.5)
DVec2(-50.5, 61.5)
DVec2(-50.5, 62.5)
DVec2(-50.5, 63.5)
DVec2(-51.5, 64.5)
DVec2(-51.5, 65.5)
DVec2(-51.5, 66.5)
DVec2(-51.5, 67.5)
DVec2(-50.5, 64.5)
DVec2(-50.5, 65.5)
DVec2(-50.5, 66.5)
DVec2(-50.5, 67.5)
DVec2(-51.5, 68.5)
DVec2(-51.5, 69.5)
DVec2(-51.5, 70.5)
DVec2(-51.5, 71.5)
DVec2(-50.5, 68.5)
DVec2(-50.5, 69.5)
DVec2(-50.5, 70.5)
DVec2(-50.5, 71.5)
DVec2(-51.5, 72.5)
DVec2(-51.5, 73.5)
DVec2(-51.5, 74.5)
DVec2(-51.5, 75.5)
DVec2(-50.5, 72.5)
DVec2(-50.5, 73.5)
DVec2(-50.5, 74.5)
DVec2(-50.5, 75.5)
DVec2(-51.5, 76.5)
DVec2(-51.5, 77.5)
DVec2(-51.5, 78.5)
DVec2(-51.5, 79.5)
DVec2(-50.5, 76.5)
DVec2(-50.5, 77.5)
DVec2(-50.5, 78.5)
DVec2(-50.5, 79.5)
DVec2(-51.5, 80.5)
DVec2(-51.5, 81.5)
DVec2(-51.5, 82.5)
DVec2(-51.5, 83.5)
DVec2(-50.5, 80.5)
DVec2(-50.5, 81.5)
DVec2(-50.5, 82.5)
DVec2(-50.5, 83.5)
DVec2(-51.5, 84.5)
DVec2(-51.5, 85.5)
DVec2(-51.5, 86.5)
DVec2(-51.5, 87.5)
DVec2(-50.5, 84.5)
DVec2(-50.5, 85.5)
DVec2(-50.5, 86.5)
DVec2(-50.5, 87.5)
DVec2(-51.5, 88.5)
DVec2(-51.5, 89.5)
DVec2(-51.5, 90.5)
DVec2(-51.5, 91.5)
DVec2(-50.5, 88.5)
DVec2(-50.5, 89.5)
DVec2(-50.5, 90.5)
DVec2(-50.5, 91.5)
DVec2(-51.5, 92.5)
DVec2(-51.5, 93.5)
DVec2(-51.5, 94.5)
DVec2(-51.5, 95.5)
DVec2(-50.5, 92.5)
DVec2(-50.5, 93.5)
DVec2(-50.5, 94.5)
DVec2(-50.5, 95.5)
DVec2(-51.5, 96.5)
DVec2(-51.5, 97.5)
DVec2(-51.5, 98.5)
DVec2(-51.5, 99.5)
DVec2(-50.5, 96.5)
DVec2(-50.5, 97.5)
DVec2(-50.5, 98.5)
DVec2(-50.5, 99.5)
DVec2(-51.5, 100.5)
DVec2(-51.5, 101.5)
DVec2(-51.5, 102.5)
DVec2(-51.5, 103.5)
DVec2(-50.5, 100.5)
DVec2(-50.5, 101.5)
DVec2(-50.5, 102.5)
DVec2(-50.5, 103.5)
DVec2(-51.5, 104.5)
DVec2(-51.5, 105.5)
DVec2(-51.5, 106.5)
DVec2(-51.5, 107.5)
DVec2(-50.5, 104.5)
DVec2(-50.5, 105.5)
DVec2(-50.5, 106.5)
DVec2(-50.5, 107.5)
DVec2(-51.5, 108.5)
DVec2(-51.5, 109.5)
DVec2(-51.5, 110.5)
DVec2(-51.5, 111.5)
DVec2(-50.5, 108.5)
DVec2(-50.5, 109.5)
DVec2(-50.5, 110.5)
DVec2(-50.5, 111.5)
DVec2(-51.5, 112.5)
DVec2(-51.5, 113.5)
DVec2(-51.5, 114.5)
DVec2(-51.5, 115.5)
DVec2(-50.5, 112.5)
DVec2(-50.5, 113.5)
DVec2(-50.5, 114.5)
DVec2(-50.5, 115.5)
DVec2(-51.5, 116.5)
DVec2(-51.5, 117.5)
DVec2(-51.5, 118.5)
DVec2(-51.5, 119.5)
DVec2(-50.5, 116.5)
DVec2(-50.5, 117.5)
DVec2(-50.5, 118.5)
DVec2(-50.5, 119.5)
DVec2(-49.5, -119.5)
DVec2(-49.5, -118.5)
DVec2(-49.5, -117.5)
DVec2(-49.5, -116.5)
DVec2(-48.5, -119.5)
DVec2(-48.5, -118.5)
DVec2(-48.5, -117.5)
DVec2(-48.5, -116.5)
DVec2(-49.5, -115.5)
DVec2(-49.5, -114.5)
DVec2(-49.5, -113.5)
DVec2(-49.5, -112.5)
DVec2(-48.5, -115.5)
DVec2(-48.5, -114.5)
DVec2(-48.5, -113.5)
DVec2(-48.5, -112.5)
DVec2(-49.5, -111.5)
DVec2(-49.5, -110.5)
DVec2(-49.5, -109.5)
DVec2(-49.5, -108.5)
DVec2(-48.5, -111.5)
DVec2(-48.5, -110.5)
DVec2(-48.5, -109.5)
DVec2(-48.5, -108.5)
DVec2(-49.5, -107.5)
DVec2(-49.5, -106.5)
DVec2(-49.5, -105.5)
DVec2(-49.5, -104.5)
DVec2(-48.5, -107.5)
DVec2(-48.5, -106.5)
DVec2(-48.5, -105.5)
DVec2(-48.5, -104.5)
DVec2(-49.5, -103.5)
DVec2(-49.5, -102.5)
DVec2(-49.5, -101.5)
DVec2(-49.5, -100.5)
DVec2(-48.5, -103.5)
DVec2(-48.5, -102.5)
DVec2(-48.5, -101.5)
DVec2(-48.5, -100.5)
DVec2(-49.5, -99.5)
DVec2(-49.5, -98.5)
DVec2(-49.5, -97.5)
DVec2(-49.5, -96.5)
DVec2(-48.5, -99.5)
DVec2(-48.5, -98.5)
DVec2(-48.5, -97.5)
DVec2(-48.5, -96.5)
DVec2(-49.5, -95.5)
DVec2(-49.5, -94.5)
DVec2(-49.5, -93.5)
DVec2(-49.5, -92.5)
DVec2(-48.5, -95.5)
DVec2(-48.5, -94.5)
DVec2(-48.5, -93.5)
DVec2(-48.5, -92.5)
DVec2(-49.5, -91.5)
DVec2(-49.5, -90.5)
DVec2(-49.5, -89.5)
DVec2(-49.5, -88.5)
DVec2(-48.5, -91.5)
DVec2(-48.5, -90.5)
DVec2(-48.5, -89.5)
DVec2(-48.5, -88.5)
DVec2(-49.5, -87.5)
DVec2(-49.5, -86.5)
DVec2(-49.5, -85.5)
DVec2(-49.5, -84.5)
DVec2(-48.5, -87.5)
DVec2(-48.5, -86.5)
DVec2(-48.5, -85.5)
DVec2(-48.5, -84.5)
DVec2(-49.5, -83.5)
DVec2(-49.5, -82.5)
DVec2(-49.5, -81.5)
DVec2(-49.5, -80.5)
DVec2(-48.5, -83.5)
DVec2(-48.5, -82.5)
DVec2(-48.5, -81.5)
DVec2(-48.5, -80.5)
DVec2(-49.5, -79.5)
DVec2(-49.5, -78.5)
DVec2(-49.5, -77.5)
DVec2(-49.5, -76.5)
DVec2(-48.5, -79.5)
DVec2(-48.5, -78.5)
DVec2(-48.5, -77.5)
DVec2(-48.5, -76.5)
DVec2(-49.5, -75.5)
DVec2(-49.5, -74.5)
DVec2(-49.5, -73.5)
DVec2(-49.5, -72.5)
DVec2(-48.5, -75.5)
DVec2(-48.5, -74.5)
DVec2(-48.5, -73.5)
DVec2(-48.5, -72.5)
DVec2(-49.5, -71.5)
DVec2(-49.5, -70.5)
DVec2(-49.5, -69.5)
DVec2(-49.5, -68.5)
DVec2(-48.5, -71.5)
DVec2(-48.5, -70.5)
DVec2(-48.5, -69.5)
DVec2(-48.5, -68.5)
DVec2(-49.5, -67.5)
DVec2(-49.5, -66.5)
DVec2(-49.5, -65.5)
DVec2(-49.5, -64.5)
DVec2(-48.5, -67.5)
DVec2(-48.5, -66.5)
DVec2(-48.5, -65.5)
DVec2(-48.5, -64.5)
DVec2(-49.5, -63.5)
DVec2(-49.5, -62.5)
DVec2(-49.5, -61.5)
DVec2(-49.5, -60.5)
DVec2(-48.5, -63.5)
DVec2(-48.5, -62.5)
DVec2(-48.5, -61.5)
DVec2(-48.5, -60.5)
DVec2(-49.5, -59.5)
DVec2(-49.5, -58.5)
DVec2(-49.5, -57.5)
DVec2(-49.5, -56.5)
DVec2(-48.5, -59.5)
DVec2(-48.5, -58.5)
DVec2(-48.5, -57.5)
DVec2(-48.5, -56.5)
DVec2(-49.5, -55.5)
DVec2(-49.5, -54.5)
DVec2(-49.5, -53.5)
DVec2(-49.5, -52.5)
DVec2(-48.5, -55.5)
DVec2(-48.5, -54.5)
DVec2(-48.5, -53.5)
DVec2(-48.5, -52.5)
DVec2(-49.5, -51.5)
DVec2(-49.5, -50.5)
DVec2(-49.5, -49.5)
DVec2(-49.5, -48.5)
DVec2(-48.5, -51.5)
DVec2(-48.5, -50.5)
DVec2(-48.5, -49.5)
DVec2(-48.5, -48.5)
DVec2(-49.5, -47.5)
DVec2(-49.5, -46.5)
DVec2(-49.5, -45.5)
DVec2(-49.5, -44.5)
DVec2(-48.5, -47.5)
DVec2(-48.5, -46.5)
DVec2(-48.5, -45.5)
DVec2(-48.5, -44.5)
DVec2(-49.5, -43.5)
DVec2(-49.5, -42.5)
DVec2(-49.5, -41.5)
DVec2(-49.5, -40.5)
DVec2(-48.5, -43.5)
DVec2(-48.5, -42.5)
DVec2(-48.5, -41.5)
DVec2(-48.5, -40.5)
DVec2(-49.5, -39.5)
DVec2(-49.5, -38.5)
DVec2(-49.5, -37.5)
DVec2(-49.5, -36.5)
DVec2(-48.5, -39.5)
DVec2(-48.5, -38.5)
DVec2(-48.5, -37.5)
DVec2(-48.5, -36.5)
DVec2(-49.5, -35.5)
DVec2(-49.5, -34.5)
DVec2(-49.5, -33.5)
DVec2(-49.5, -32.5)
DVec2(-48.5, -35.5)
DVec2(-48.5, -34.5)
DVec2(-48.5, -33.5)
DVec2(-48.5, -32.5)
DVec2(-49.5, -31.5)
DVec2(-49.5, -30.5)
DVec2(-49.5, -29.5)
DVec2(-49.5, -28.5)
DVec2(-48.5, -31.5)
DVec2(-48.5, -30.5)
DVec2(-48.5, -29.5)
DVec2(-48.5, -28.5)
DVec2(-49.5, -27.5)
DVec2(-49.5, -26.5)
DVec2(-49.5, -25.5)
DVec2(-49.5, -24.5)
DVec2(-48.5, -27.5)
DVec2(-48.5, -26.5)
DVec2(-48.5, -25.5)
DVec2(-48.5, -24.5)
DVec2(-49.5, -23.5)
DVec2(-49.5, -22.5)
DVec2(-49.5, -21.5)
DVec2(-49.5, -20.5)
DVec2(-48.5, -23.5)
DVec2(-48.5, -22.5)
DVec2(-48.5, -21.5)
DVec2(-48.5, -20.5)
DVec2(-49.5, -19.5)
DVec2(-49.5, -18.5)
DVec2(-49.5, -17.5)
DVec2(-49.5, -16.5)
DVec2(-48.5, -19.5)
DVec2(-48.5, -18.5)
DVec2(-48.5, -17.5)
DVec2(-48.5, -16.5)
DVec2(-49.5, -15.5)
DVec2(-49.5, -14.5)
DVec2(-49.5, -13.5)
DVec2(-49.5, -12.5)
DVec2(-48.5, -15.5)
DVec2(-48.5, -14.5)
DVec2(-48.5, -13.5)
DVec2(-48.5, -12.5)
DVec2(-49.5, -11.5)
DVec2(-49.5, -10.5)
DVec2(-49.5, -9.5)
DVec2(-49.5, -8.5)
DVec2(-48.5, -11.5)
DVec2(-48.5, -10.5)
DVec2(-48.5, -9.5)
DVec2(-48.5, -8.5)
DVec2(-49.5, -7.5)
DVec2(-49.5, -6.5)
DVec2(-49.5, -5.5)
DVec2(-49.5, -4.5)
DVec2(-48.5, -7.5)
DVec2(-48.5, -6.5)
DVec2(-48.5, -5.5)
DVec2(-48.5, -4.5)
DVec2(-49.5, -3.5)
DVec2(-49.5, -2.5)
DVec2(-49.5, -1.5)
DVec2(-49.5, -0.5)
DVec2(-48.5, -3.5)
DVec2(-48.5, -2.5)
DVec2(-48.5, -1.5)
DVec2(-48.5, -0.5)
DVec2(-49.5, 0.5)
DVec2(-49.5, 1.5)
DVec2(-49.5, 2.5)
DVec2(-49.5, 3.5)
DVec2(-48.5, 0.5)
DVec2(-48.5, 1.5)
DVec2(-48.5, 2.5)
DVec2(-48.5, 3.5)
DVec2(-49.5, 4.5)
DVec2(-49.5, 5.5)
DVec2(-49.5, 6.5)
DVec2(-49.5, 7.5)
DVec2(-48.5, 4.5)
DVec2(-48.5, 5.5)
DVec2(-48.5, 6.5)
DVec2(-48.5, 7.5)
DVec2(-49.5, 8.5)
DVec2(-49.5, 9.5)
DVec2(-49.5, 10.5)
DVec2(-49.5, 11.5)
DVec2(-48.5, 8.5)
DVec2(-48.5, 9.5)
DVec2(-48.5, 10.5)
DVec2(-48.5, 11.5)
DVec2(-49.5, 12.5)
DVec2(-49.5, 13.5)
DVec2(-49.5, 14.5)
DVec2(-49.5, 15.5)
DVec2(-48.5, 12.5)
DVec2(-48.5, 13.5)
DVec2(-48.5, 14.5)
DVec2(-48.5, 15.5)
DVec2(-49.5, 16.5)
DVec2(-49.5, 17.5)
DVec2(-49.5, 18.5)
DVec2(-49.5, 19.5)
DVec2(-48.5, 16.5)
DVec2(-48.5, 17.5)
DVec2(-48.5, 18.5)
DVec2(-48.5, 19.5)
DVec2(-49.5, 20.5)
DVec2(-49.5, 21.5)
DVec2(-49.5, 22.5)
DVec2(-49.5, 23.5)
DVec2(-48.5, 20.5)
DVec2(-48.5, 21.5)
DVec2(-48.5, 22.5)
DVec2(-48.5, 23.5)
DVec2(-49.5, 24.5)
DVec2(-49.5, 25.5)
DVec2(-49.5, 26.5)
DVec2(-49.5, 27.5)
DVec2(-48.5, 24.5)
DVec2(-48.5, 25.5)
DVec2(-48.5, 26.5)
DVec2(-48.5, 27.5)
DVec2(-49.5, 28.5)
DVec2(-49.5, 29.5)
DVec2(-49.5, 30.5)
DVec2(-49.5, 31.5)
DVec2(-48.5, 28.5)
DVec2(-48.5, 29.5)
DVec2(-48.5, 30.5)
DVec2(-48.5, 31.5)
DVec2(-49.5, 32.5)
DVec2(-49.5, 33.5)
DVec2(-49.5, 34.5)
DVec2(-49.5, 35.5)
DVec2(-48.5, 32.5)
DVec2(-48.5, 33.5)
DVec2(-48.5, 34.5)
DVec2(-48.5, 35.5)
DVec2(-49.5, 36.5)
DVec2(-49.5, 37.5)
DVec2(-49.5, 38.5)
DVec2(-49.5, 39.5)
DVec2(-48.5, 36.5)
DVec2(-48.5, 37.5)
DVec2(-48.5, 38.5)
DVec2(-48.5, 39.5)
DVec2(-49.5, 40.5)
DVec2(-49.5, 41.5)
DVec2(-49.5, 42.5)
DVec2(-49.5, 43.5)
DVec2(-48.5, 40.5)
DVec2(-48.5, 41.5)
DVec2(-48.5, 42.5)
DVec2(-48.5, 43.5)
DVec2(-49.5, 44.5)
DVec2(-49.5, 45.5)
DVec2(-49.5, 46.5)
DVec2(-49.5, 47.5)
DVec2(-48.5, 44.5)
DVec2(-48.5, 45.5)
DVec2(-48.5, 46.5)
DVec2(-48.5, 47.5)
DVec2(-49.5, 48.5)
DVec2(-49.5, 49.5)
DVec2(-49.5, 50.5)
DVec2(-49.5, 51.5)
DVec2(-48.5, 48.5)
DVec2(-48.5, 49.5)
DVec2(-48.5, 50.5)
DVec2(-48.5, 51.5)
DVec2(-49.5, 52.5)
DVec2(-49.5, 53.5)
DVec2(-49.5, 54.5)
DVec2(-49.5, 55.5)
DVec2(-48.5, 52.5)
DVec2(-48.5, 53.5)
DVec2(-48.5, 54.5)
DVec2(-48.5, 55.5)
DVec2(-49.5, 56.5)
DVec2(-49.5, 57.5)
DVec2(-49.5, 58.5)
DVec2(-49.5, 59.5)
DVec2(-48.5, 56.5)
DVec2(-48.5, 57.5)
DVec2(-48.5, 58.5)
DVec2(-48.5, 59.5)
DVec2(-49.5, 60.5)
DVec2(-49.5, 61.5)
DVec2(-49.5, 62.5)
DVec2(-49.5, 63.5)
DVec2(-48.5, 60.5)
DVec2(-48.5, 61.5)
DVec2(-48.5, 62.5)
DVec2(-48.5, 63.5)
DVec2(-49.5, 64.5)
DVec2(-49.5, 65.5)
DVec2(-49.5, 66.5)
DVec2(-49.5, 67.5)
DVec2(-48.5, 64.5)
DVec2(-48.5, 65.5)
DVec2(-48.5, 66.5)
DVec2(-48.5, 67.5)
DVec2(-49.5, 68.5)
DVec2(-49.5, 69.5)
DVec2(-49.5, 70.5)
DVec2(-49.5, 71.5)
DVec2(-48.5, 68.5)
DVec2(-48.5, 69.5)
DVec2(-48.5, 70.5)
DVec2(-48.5, 71.5)
DVec2(-49.5, 72.5)
DVec2(-49.5, 73.5)
DVec2(-49.5, 74.5)
DVec2(-49.5, 75.5)
DVec2(-48.5, 72.5)
DVec2(-48.5, 73.5)
DVec2(-48.5, 74.5)
DVec2(-48.5, 75.5)
DVec2(-49.5, 76.5)
DVec2(-49.5, 77.5)
DVec2(-49.5, 78.5)
DVec2(-49.5, 79.5)
DVec2(-48.5, 76.5)
DVec2(-48.5, 77.5)
DVec2(-48.5, 78.5)
DVec2(-48.5, 79.5)
DVec2(-49.5, 80.5)
DVec2(-49.5, 81.5)
DVec2(-49.5, 82.5)
DVec2(-49.5, 83.5)
DVec2(-48.5, 80.5)
DVec2(-48.5, 81.5)
DVec2(-48.5, 82.5)
DVec2(-48.5, 83.5)
DVec2(-49.5, 84.5)
DVec2(-49.5, 85.5)
DVec2(-49.5, 86.5)
DVec2(-49.5, 87.5)
DVec2(-48.5, 84.5)
DVec2(-48.5, 85.5)
DVec2(-48.5, 86.5)
DVec2(-48.5, 87.5)
DVec2(-49.5, 88.5)
DVec2(-49.5, 89.5)
DVec2(-49.5, 90.5)
DVec2(-49.5, 91.5)
DVec2(-48.5, 88.5)
DVec2(-48.5, 89.5)
DVec2(-48.5, 90.5)
DVec2(-48.5, 91.5)
DVec2(-49.5, 92.5)
DVec2(-49.5, 93.5)
DVec2(-49.5, 94.5)
DVec2(-49.5, 95.5)
DVec2(-48.5, 92.5)
DVec2(-48.5, 93.5)
DVec2(-48.5, 94.5)
DVec2(-48.5, 95.5)
DVec2(-49.5, 96.5)
DVec2(-49.5, 97.5)
DVec2(-49.5, 98.5)
DVec2(-49.5, 99.5)
DVec2(-48.5, 96.5)
DVec2(-48.5, 97.5)
DVec2(-48.5, 98.5)
DVec2(-48.5, 99.5)
DVec2(-49.5, 100.5)
DVec2(-49.5, 101.5)
DVec2(-49.5, 102.5)
DVec2(-49.5, 103.5)
DVec2(-48.5, 100.5)
DVec2(-48.5, 101.5)
DVec2(-48.5, 102.5)
DVec2(-48.5, 103.5)
DVec2(-49.5, 104.5)
DVec2(-49.5, 105.5)
DVec2(-49.5, 106.5)
DVec2(-49.5, 107.5)
DVec2(-48.5, 104.5)
DVec2(-48.5, 105.5)
DVec2(-48.5, 106.5)
DVec2(-48.5, 107.5)
DVec2(-49.5, 108.5)
DVec2(-49.5, 109.5)
DVec2(-49.5, 110.5)
DVec2(-49.5, 111.5)
DVec2(-48.5, 108.5)
DVec2(-48.5, 109.5)
DVec2(-48.5, 110.5)
DVec2(-48.5, 111.5)
DVec2(-49.5, 112.5)
DVec2(-49.5, 113.5)
DVec2(-49.5, 114.5)
DVec2(-49.5, 115.5)
DVec2(-48.5, 112.5)
DVec2(-48.5, 113.5)
DVec2(-48.5, 114.5)
DVec2(-48.5, 115.5)
DVec2(-49.5, 116.5)
DVec2(-49.5, 117.5)
DVec2(-49.5, 118.5)
DVec2(-49.5, 119.5)
DVec2(-48.5, 116.5)
DVec2(-48.5, 117.5)
DVec2(-48.5, 118.5)
DVec2(-48.5, 119.5)
DVec2(-47.5, -119.5)
DVec2(-47.5, -118.5)
DVec2(-47.5, -117.5)
DVec2(-47.5, -116.5)
DVec2(-46.5, -119.5)
DVec2(-46.5, -118.5)
DVec2(-46.5, -117.5)
DVec2(-46.5, -116.5)
DVec2(-47.5, -115.5)
DVec2(-47.5, -114.5)
DVec2(-47.5, -113.5)
DVec2(-47.5, -112.5)
DVec2(-46.5, -115.5)
DVec2(-46.5, -114.5)
DVec2(-46.5, -113.5)
DVec2(-46.5, -112.5)
DVec2(-47.5, -111.5)
DVec2(-47.5, -110.5)
DVec2(-47.5, -109.5)
DVec2(-47.5, -108.5)
DVec2(-46.5, -111.5)
DVec2(-46.5, -110.5)
DVec2(-46.5, -109.5)
DVec2(-46.5, -108.5)
DVec2(-47.5, -107.5)
DVec2(-47.5, -106.5)
DVec2(-47.5, -105.5)
DVec2(-47.5, -104.5)
DVec2(-46.5, -107.5)
DVec2(-46.5, -106.5)
DVec2(-46.5, -105.5)
DVec2(-46.5, -104.5)
DVec2(-47.5, -103.5)
DVec2(-47.5, -102.5)
DVec2(-47.5, -101.5)
DVec2(-47.5, -100.5)
DVec2(-46.5, -103.5)
DVec2(-46.5, -102.5)
DVec2(-46.5, -101.5)
DVec2(-46.5, -100.5)
DVec2(-47.5, -99.5)
DVec2(-47.5, -98.5)
DVec2(-47.5, -97.5)
DVec2(-47.5, -96.5)
DVec2(-46.5, -99.5)
DVec2(-46.5, -98.5)
DVec2(-46.5, -97.5)
DVec2(-46.5, -96.5)
DVec2(-47.5, -95.5)
DVec2(-47.5, -94.5)
DVec2(-47.5, -93.5)
DVec2(-47.5, -92.5)
DVec2(-46.5, -95.5)
DVec2(-46.5, -94.5)
DVec2(-46.5, -93.5)
DVec2(-46.5, -92.5)
DVec2(-47.5, -91.5)
DVec2(-47.5, -90.5)
DVec2(-47.5, -89.5)
DVec2(-47.5, -88.5)
DVec2(-46.5, -91.5)
DVec2(-46.5, -90.5)
DVec2(-46.5, -89.5)
DVec2(-46.5, -88.5)
DVec2(-47.5, -87.5)
DVec2(-47.5, -86.5)
DVec2(-47.5, -85.5)
DVec2(-47.5, -84.5)
DVec2(-46.5, -87.5)
DVec2(-46.5, -86.5)
DVec2(-46.5, -85.5)
DVec2(-46.5, -84.5)
DVec2(-47.5, -83.5)
DVec2(-47.5, -82.5)
DVec2(-47.5, -81.5)
DVec2(-47.5, -80.5)
DVec2(-46.5, -83.5)
DVec2(-46.5, -82.5)
DVec2(-46.5, -81.5)
DVec2(-46.5, -80.5)
DVec2(-47.5, -79.5)
DVec2(-47.5, -78.5)
DVec2(-47.5, -77.5)
DVec2(-47.5, -76.5)
DVec2(-46.5, -79.5)
DVec2(-46.5, -78.5)
DVec2(-46.5, -77.5)
DVec2(-46.5, -76.5)
DVec2(-47.5, -75.5)
DVec2(-47.5, -74.5)
DVec2(-47.5, -73.5)
DVec2(-47.5, -72.5)
DVec2(-46.5, -75.5)
DVec2(-46.5, -74.5)
DVec2(-46.5, -73.5)
DVec2(-46.5, -72.5)
DVec2(-47.5, -71.5)
DVec2(-47.5, -70.5)
DVec2(-47.5, -69.5)
DVec2(-47.5, -68.5)
DVec2(-46.5, -71.5)
DVec2(-46.5, -70.5)
DVec2(-46.5, -69.5)
DVec2(-46.5, -68.5)
DVec2(-47.5, -67.5)
DVec2(-47.5, -66.5)
DVec2(-47.5, -65.5)
DVec2(-47.5, -64.5)
DVec2(-46.5, -67.5)
DVec2(-46.5, -66.5)
DVec2(-46.5, -65.5)
DVec2(-46.5, -64.5)
DVec2(-47.5, -63.5)
DVec2(-47.5, -62.5)
DVec2(-47.5, -61.5)
DVec2(-47.5, -60.5)
DVec2(-46.5, -63.5)
DVec2(-46.5, -62.5)
DVec2(-46.5, -61.5)
DVec2(-46.5, -60.5)
DVec2(-47.5, -59.5)
DVec2(-47.5, -58.5)
DVec2(-47.5, -57.5)
DVec2(-47.5, -56.5)
DVec2(-46.5, -59.5)
DVec2(-46.5, -58.5)
DVec2(-46.5, -57.5)
DVec2(-46.5, -56.5)
DVec2(-47.5, -55.5)
DVec2(-47.5, -54.5)
DVec2(-47.5, -53.5)
DVec2(-47.5, -52.5)
DVec2(-46.5, -55.5)
DVec2(-46.5, -54.5)
DVec2(-46.5, -53.5)
DVec2(-46.5, -52.5)
DVec2(-47.5, -51.5)
DVec2(-47.5, -50.5)
DVec2(-47.5, -49.5)
DVec2(-47.5, -48.5)
DVec2(-46.5, -51.5)
DVec2(-46.5, -50.5)
DVec2(-46.5, -49.5)
DVec2(-46.5, -48.5)
DVec2(-47.5, -47.5)
DVec2(-47.5, -46.5)
DVec2(-47.5, -45.5)
DVec2(-47.5, -44.5)
DVec2(-46.5, -47.5)
DVec2(-46.5, -46.5)
DVec2(-46.5, -45.5)
DVec2(-46.5, -44.5)
DVec2(-47.5, -43.5)
DVec2(-47.5, -42.5)
DVec2(-47.5, -41.5)
DVec2(-47.5, -40.5)
DVec2(-46.5, -43.5)
DVec2(-46.5, -42.5)
DVec2(-46.5, -41.5)
DVec2(-46.5, -40.5)
DVec2(-47.5, -39.5)
DVec2(-47.5, -38.5)
DVec2(-47.5, -37.5)
DVec2(-47.5, -36.5)
DVec2(-46.5, -39.5)
DVec2(-46.5, -38.5)
DVec2(-46.5, -37.5)
DVec2(-46.5, -36.5)
DVec2(-47.5, -35.5)
DVec2(-47.5, -34.5)
DVec2(-47.5, -33.5)
DVec2(-47.5, -32.5)
DVec2(-46.5, -35.5)
DVec2(-46.5, -34.5)
DVec2(-46.5, -33.5)
DVec2(-46.5, -32.5)
DVec2(-47.5, -31.5)
DVec2(-47.5, -30.5)
DVec2(-47.5, -29.5)
DVec2(-47.5, -28.5)
DVec2(-46.5, -31.5)
DVec2(-46.5, -30.5)
DVec2(-46.5, -29.5)
DVec2(-46.5, -28.5)
DVec2(-47.5, -27.5)
DVec2(-47.5, -26.5)
DVec2(-47.5, -25.5)
DVec2(-47.5, -24.5)
DVec2(-46.5, -27.5)
DVec2(-46.5, -26.5)
DVec2(-46.5, -25.5)
DVec2(-46.5, -24.5)
DVec2(-47.5, -23.5)
DVec2(-47.5, -22.5)
DVec2(-47.5, -21.5)
DVec2(-47.5, -20.5)
DVec2(-46.5, -23.5)
DVec2(-46.5, -22.5)
DVec2(-46.5, -21.5)
DVec2(-46.5, -20.5)
DVec2(-47.5, -19.5)
DVec2(-47.5, -18.5)
DVec2(-47.5, -17.5)
DVec2(-47.5, -16.5)
DVec2(-46.5, -19.5)
DVec2(-46.5, -18.5)
DVec2(-46.5, -17.5)
DVec2(-46.5, -16.5)
DVec2(-47.5, -15.5)
DVec2(-47.5, -14.5)
DVec2(-47.5, -13.5)
DVec2(-47.5, -12.5)
DVec2(-46.5, -15.5)
DVec2(-46.5, -14.5)
DVec2(-46.5, -13.5)
DVec2(-46.5, -12.5)
DVec2(-47.5, -11.5)
DVec2(-47.5, -10.5)
DVec2(-47.5, -9.5)
DVec2(-47.5, -8.5)
DVec2(-46.5, -11.5)
DVec2(-46.5, -10.5)
DVec2(-46.5, -9.5)
DVec2(-46.5, -8.5)
DVec2(-47.5, -7.5)
DVec2(-47.5, -6.5)
DVec2(-47.5, -5.5)
DVec2(-47.5, -4.5)
DVec2(-46.5, -7.5)
DVec2(-46.5, -6.5)
DVec2(-46.5, -5.5)
DVec2(-46.5, -4.5)
DVec2(-47.5, -3.5)
DVec2(-47.5, -2.5)
DVec2(-47.5, -1.5)
DVec2(-47.5, -0.5)
DVec2(-46.5, -3.5)
DVec2(-46.5, -2.5)
DVec2(-46.5, -1.5)
DVec2(-46.5, -0.5)
DVec2(-47.5, 0.5)
DVec2(-47.5, 1.5)
DVec2(-47.5, 2.5)
DVec2(-47.5, 3.5)
DVec2(-46.5, 0.5)
DVec2(-46.5, 1.5)
DVec2(-46.5, 2.5)
DVec2(-46.5, 3.5)
DVec2(-47.5, 4.5)
DVec2(-47.5, 5.5)
DVec2(-47.5, 6.5)
DVec2(-47.5, 7.5)
DVec2(-46.5, 4.5)
DVec2(-46.5, 5.5)
DVec2(-46.5, 6.5)
DVec2(-46.5, 7.5)
DVec2(-47.5, 8.5)
DVec2(-47.5, 9.5)
DVec2(-47.5, 10.5)
DVec2(-47.5, 11.5)
DVec2(-46.5, 8.5)
DVec2(-46.5, 9.5)
DVec2(-46.5, 10.5)
DVec2(-46.5, 11.5)
DVec2(-47.5, 12.5)
DVec2(-47.5, 13.5)
DVec2(-47.5, 14.5)
DVec2(-47.5, 15.5)
DVec2(-46.5, 12.5)
DVec2(-46.5, 13.5)
DVec2(-46.5, 14.5)
DVec2(-46.5, 15.5)
DVec2(-47.5, 16.5)
DVec2(-47.5, 17.5)
DVec2(-47.5, 18.5)
DVec2(-47.5, 19.5)
DVec2(-46.5, 16.5)
DVec2(-46.5, 17.5)
DVec2(-46.5, 18.5)
DVec2(-46.5, 19.5)
DVec2(-47.5, 20.5)
DVec2(-47.5, 21.5)
DVec2(-47.5, 22.5)
DVec2(-47.5, 23.5)
DVec2(-46.5, 20.5)
DVec2(-46.5, 21.5)
DVec2(-46.5, 22.5)
DVec2(-46.5, 23.5)
DVec2(-47.5, 24.5)
DVec2(-47.5, 25.5)
DVec2(-47.5, 26.5)
DVec2(-47.5, 27.5)
DVec2(-46.5, 24.5)
DVec2(-46.5, 25.5)
DVec2(-46.5, 26.5)
DVec2(-46.5, 27.5)
DVec2(-47.5, 28.5)
DVec2(-47.5, 29.5)
DVec2(-47.5, 30.5)
DVec2(-47.5, 31.5)
DVec2(-46.5, 28.5)
DVec2(-46.5, 29.5)
DVec2(-46.5, 30.5)
DVec2(-46.5, 31.5)
DVec2(-47.5, 32.5)
DVec2(-47.5, 33.5)
DVec2(-47.5, 34.5)
DVec2(-47.5, 35.5)
DVec2(-46.5, 32.5)
DVec2(-46.5, 33.5)
DVec2(-46.5, 34.5)
DVec2(-46.5, 35.5)
DVec2(-47.5, 36.5)
DVec2(-47.5, 37.5)
DVec2(-47.5, 38.5)
DVec2(-47.5, 39.5)
DVec2(-46.5, 36.5)
DVec2(-46.5, 37.5)
DVec2(-46.5, 38.5)
DVec2(-46.5, 39.5)
DVec2(-47.5, 40.5)
DVec2(-47.5, 41.5)
DVec2(-47.5, 42.5)
DVec2(-47.5, 43.5)
DVec2(-46.5, 40.5)
DVec2(-46.5, 41.5)
DVec2(-46.5, 42.5)
DVec2(-46.5, 43.5)
DVec2(-47.5, 44.5)
DVec2(-47.5, 45.5)
DVec2(-47.5, 46.5)
DVec2(-47.5, 47.5)
DVec2(-46.5, 44.5)
DVec2(-46.5, 45.5)
DVec2(-46.5, 46.5)
DVec2(-46.5, 47.5)
DVec2(-47.5, 48.5)
DVec2(-47.5, 49.5)
DVec2(-47.5, 50.5)
DVec2(-47.5, 51.5)
DVec2(-46.5, 48.5)
DVec2(-46.5, 49.5)
DVec2(-46.5, 50.5)
DVec2(-46.5, 51.5)
DVec2(-47.5, 52.5)
DVec2(-47.5, 53.5)
DVec2(-47.5, 54.5)
DVec2(-47.5, 55.5)
DVec2(-46.5, 52.5)
DVec2(-46.5, 53.5)
DVec2(-46.5, 54.5)
DVec2(-46.5, 55.5)
DVec2(-47.5, 56.5)
DVec2(-47.5, 57.5)
DVec2(-47.5, 58.5)
DVec2(-47.5, 59.5)
DVec2(-46.5, 56.5)
DVec2(-46.5, 57.5)
DVec2(-46.5, 58.5)
DVec2(-46.5, 59.5)
DVec2(-47.5, 60.5)
DVec2(-47.5, 61.5)
DVec2(-47.5, 62.5)
DVec2(-47.5, 63.5)
DVec2(-46.5, 60.5)
DVec2(-46.5, 61.5)
DVec2(-46.5, 62.5)
DVec2(-46.5, 63.5)
DVec2(-47.5, 64.5)
DVec2(-47.5, 65.5)
DVec2(-47.5, 66.5)
DVec2(-47.5, 67.5)
DVec2(-46.5, 64.5)
DVec2(-46.5, 65.5)
DVec2(-46.5, 66.5)
DVec2(-46.5, 67.5)
DVec2(-47.5, 68.5)
DVec2(-47.5, 69.5)
DVec2(-47.5, 70.5)
DVec2(-47.5, 71.5)
DVec2(-46.5, 68.5)
DVec2(-46.5, 69.5)
DVec2(-46.5, 70.5)
DVec2(-46.5, 71.5)
DVec2(-47.5, 72.5)
DVec2(-47.5, 73.5)
DVec2(-47.5, 74.5)
DVec2(-47.5, 75.5)
DVec2(-46.5, 72.5)
DVec2(-46.5, 73.5)
DVec2(-46.5, 74.5)
DVec2(-46.5, 75.5)
DVec2(-47.5, 76.5)
DVec2(-47.5, 77.5)
DVec2(-47.5, 78.5)
DVec2(-47.5, 79.5)
DVec2(-46.5, 76.5)
DVec2(-46.5, 77.5)
DVec2(-46.5, 78.5)
DVec2(-46.5, 79.5)
DVec2(-47.5, 80.5)
DVec2(-47.5, 81.5)
DVec2(-47.5, 82.5)
DVec2(-47.5, 83.5)
DVec2(-46.5, 80.5)
DVec2(-46.5, 81.5)
DVec2(-46.5, 82.5)
DVec2(-46.5, 83.5)
DVec2(-47.5, 84.5)
DVec2(-47.5, 85.5)
DVec2(-47.5, 86.5)
DVec2(-47.5, 87.5)
DVec2(-46.5, 84.5)
DVec2(-46.5, 85.5)
DVec2(-46.5, 86.5)
DVec2(-46.5, 87.5)
DVec2(-47.5, 88.5)
DVec2(-47.5, 89.5)
DVec2(-47.5, 90.5)
DVec2(-47.5, 91.5)
DVec2(-46.5, 88.5)
DVec2(-46.5, 89.5)
DVec2(-46.5, 90.5)
DVec2(-46.5, 91.5)
DVec2(-47.5, 92.5)
DVec2(-47.5, 93.5)
DVec2(-47.5, 94.5)
DVec2(-47.5, 95.5)
DVec2(-46.5, 92.5)
DVec2(-46.5, 93.5)
DVec2(-46.5, 94.5)
DVec2(-46.5, 95.5)
DVec2(-47.5, 96.5)
DVec2(-47.5, 97.5)
DVec2(-47.5, 98.5)
DVec2(-47.5, 99.5)
DVec2(-46.5, 96.5)
DVec2(-46.5, 97.5)
DVec2(-46.5, 98.5)
DVec2(-46.5, 99.5)
DVec2(-47.5, 100.5)
DVec2(-47.5, 101.5)
DVec2(-47.5, 102.5)
DVec2(-47.5, 103.5)
DVec2(-46.5, 100.5)
DVec2(-46.5, 101.5)
DVec2(-46.5, 102.5)
DVec2(-46.5, 103.5)
DVec2(-47.5, 104.5)
DVec2(-47.5, 105.5)
DVec2(-47.5, 106.5)
DVec2(-47.5, 107.5)
DVec2(-46.5, 104.5)
DVec2(-46.5, 105.5)
DVec2(-46.5, 106.5)
DVec2(-46.5, 107.5)
DVec2(-47.5, 108.5)
DVec2(-47.5, 109.5)
DVec2(-47.5, 110.5)
DVec2(-47.5, 111.5)
DVec2(-46.5, 108.5)
DVec2(-46.5, 109.5)
DVec2(-46.5, 110.5)
DVec2(-46.5, 111.5)
DVec2(-47.5, 112.5)
DVec2(-47.5, 113.5)
DVec2(-47.5, 114.5)
DVec2(-47.5, 115.5)
DVec2(-46.5, 112.5)
DVec2(-46.5, 113.5)
DVec2(-46.5, 114.5)
DVec2(-46.5, 115.5)
DVec2(-47.5, 116.5)
DVec2(-47.5, 117.5)
DVec2(-47.5, 118.5)
DVec2(-47.5, 119.5)
DVec2(-46.5, 116.5)
DVec2(-46.5, 117.5)
DVec2(-46.5, 118.5)
DVec2(-46.5, 119.5)
DVec2(-45.5, -119.5)
DVec2(-45.5, -118.5)
DVec2(-45.5, -117.5)
DVec2(-45.5, -116.5)
DVec2(-44.5, -119.5)
DVec2(-44.5, -118.5)
DVec2(-44.5, -117.5)
DVec2(-44.5, -116.5)
DVec2(-45.5, -115.5)
DVec2(-45.5, -114.5)
DVec2(-45.5, -113.5)
DVec2(-45.5, -112.5)
DVec2(-44.5, -115.5)
DVec2(-44.5, -114.5)
DVec2(-44.5, -113.5)
DVec2(-44.5, -112.5)
DVec2(-45.5, -111.5)
DVec2(-45.5, -110.5)
DVec2(-45.5, -109.5)
DVec2(-45.5, -108.5)
DVec2(-44.5, -111.5)
DVec2(-44.5, -110.5)
DVec2(-44.5, -109.5)
DVec2(-44.5, -108.5)
DVec2(-45.5, -107.5)
DVec2(-45.5, -106.5)
DVec2(-45.5, -105.5)
DVec2(-45.5, -104.5)
DVec2(-44.5, -107.5)
DVec2(-44.5, -106.5)
DVec2(-44.5, -105.5)
DVec2(-44.5, -104.5)
DVec2(-45.5, -103.5)
DVec2(-45.5, -102.5)
DVec2(-45.5, -101.5)
DVec2(-45.5, -100.5)
DVec2(-44.5, -103.5)
DVec2(-44.5, -102.5)
DVec2(-44.5, -101.5)
DVec2(-44.5, -100.5)
DVec2(-45.5, -99.5)
DVec2(-45.5, -98.5)
DVec2(-45.5, -97.5)
DVec2(-45.5, -96.5)
DVec2(-44.5, -99.5)
DVec2(-44.5, -98.5)
DVec2(-44.5, -97.5)
DVec2(-44.5, -96.5)
DVec2(-45.5, -95.5)
DVec2(-45.5, -94.5)
DVec2(-45.5, -93.5)
DVec2(-45.5, -92.5)
DVec2(-44.5, -95.5)
DVec2(-44.5, -94.5)
DVec2(-44.5, -93.5)
DVec2(-44.5, -92.5)
DVec2(-45.5, -91.5)
DVec2(-45.5, -90.5)
DVec2(-45.5, -89.5)
DVec2(-45.5, -88.5)
DVec2(-44.5, -91.5)
DVec2(-44.5, -90.5)
DVec2(-44.5, -89.5)
DVec2(-44.5, -88.5)
DVec2(-45.5, -87.5)
DVec2(-45.5, -86.5)
DVec2(-45.5, -85.5)
DVec2(-45.5, -84.5)
DVec2(-44.5, -87.5)
DVec2(-44.5, -86.5)
DVec2(-44.5, -85.5)
DVec2(-44.5, -84.5)
DVec2(-45.5, -83.5)
DVec2(-45.5, -82.5)
DVec2(-45.5, -81.5)
DVec2(-45.5, -80.5)
DVec2(-44.5, -83.5)
DVec2(-44.5, -82.5)
DVec2(-44.5, -81.5)
DVec2(-44.5, -80.5)
DVec2(-45.5, -79.5)
DVec2(-45.5, -78.5)
DVec2(-45.5, -77.5)
DVec2(-45.5, -76.5)
DVec2(-44.5, -79.5)
DVec2(-44.5, -78.5)
DVec2(-44.5, -77.5)
DVec2(-44.5, -76.5)
DVec2(-45.5, -75.5)
DVec2(-45.5, -74.5)
DVec2(-45.5, -73.5)
DVec2(-45.5, -72.5)
DVec2(-44.5, -75.5)
DVec2(-44.5, -74.5)
DVec2(-44.5, -73.5)
DVec2(-44.5, -72.5)
DVec2(-45.5, -71.5)
DVec2(-45.5, -70.5)
DVec2(-45.5, -69.5)
DVec2(-45.5, -68.5)
DVec2(-44.5, -71.5)
DVec2(-44.5, -70.5)
DVec2(-44.5, -69.5)
DVec2(-44.5, -68.5)
DVec2(-45.5, -67.5)
DVec2(-45.5, -66.5)
DVec2(-45.5, -65.5)
DVec2(-45.5, -64.5)
DVec2(-44.5, -67.5)
DVec2(-44.5, -66.5)
DVec2(-44.5, -65.5)
DVec2(-44.5, -64.5)
DVec2(-45.5, -63.5)
DVec2(-45.5, -62.5)
DVec2(-45.5, -61.5)
DVec2(-45.5, -60.5)
DVec2(-44.5, -63.5)
DVec2(-44.5, -62.5)
DVec2(-44.5, -61.5)
DVec2(-44.5, -60.5)
DVec2(-45.5, -59.5)
DVec2(-45.5, -58.5)
DVec2(-45.5, -57.5)
DVec2(-45.5, -56.5)
DVec2(-44.5, -59.5)
DVec2(-44.5, -58.5)
DVec2(-44.5, -57.5)
DVec2(-44.5, -56.5)
DVec2(-45.5, -55.5)
DVec2(-45.5, -54.5)
DVec2(-45.5, -53.5)
DVec2(-45.5, -52.5)
DVec2(-44.5, -55.5)
DVec2(-44.5, -54.5)
DVec2(-44.5, -53.5)
DVec2(-44.5, -52.5)
DVec2(-45.5, -51.5)
DVec2(-45.5, -50.5)
DVec2(-45.5, -49.5)
DVec2(-45.5, -48.5)
DVec2(-44.5, -51.5)
DVec2(-44.5, -50.5)
DVec2(-44.5, -49.5)
DVec2(-44.5, -48.5)
DVec2(-45.5, -47.5)
DVec2(-45.5, -46.5)
DVec2(-45.5, -45.5)
DVec2(-45.5, -44.5)
DVec2(-44.5, -47.5)
DVec2(-44.5, -46.5)
DVec2(-44.5, -45.5)
DVec2(-44.5, -44.5)
DVec2(-45.5, -43.5)
DVec2(-45.5, -42.5)
DVec2(-45.5, -41.5)
DVec2(-45.5, -40.5)
DVec2(-44.5, -43.5)
DVec2(-44.5, -42.5)
DVec2(-44.5, -41.5)
DVec2(-44.5, -40.5)
DVec2(-45.5, -39.5)
DVec2(-45.5, -38.5)
DVec2(-45.5, -37.5)
DVec2(-45.5, -36.5)
DVec2(-44.5, -39.5)
DVec2(-44.5, -38.5)
DVec2(-44.5, -37.5)
DVec2(-44.5, -36.5)
DVec2(-45.5, -35.5)
DVec2(-45.5, -34.5)
DVec2(-45.5, -33.5)
DVec2(-45.5, -32.5)
DVec2(-44.5, -35.5)
DVec2(-44.5, -34.5)
DVec2(-44.5, -33.5)
DVec2(-44.5, -32.5)
DVec2(-45.5, -31.5)
DVec2(-45.5, -30.5)
DVec2(-45.5, -29.5)
DVec2(-45.5, -28.5)
DVec2(-44.5, -31.5)
DVec2(-44.5, -30.5)
DVec2(-44.5, -29.5)
DVec2(-44.5, -28.5)
DVec2(-45.5, -27.5)
DVec2(-45.5, -26.5)
DVec2(-45.5, -25.5)
DVec2(-45.5, -24.5)
DVec2(-44.5, -27.5)
DVec2(-44.5, -26.5)
DVec2(-44.5, -25.5)
DVec2(-44.5, -24.5)
DVec2(-45.5, -23.5)
DVec2(-45.5, -22.5)
DVec2(-45.5, -21.5)
DVec2(-45.5, -20.5)
DVec2(-44.5, -23.5)
DVec2(-44.5, -22.5)
DVec2(-44.5, -21.5)
DVec2(-44.5, -20.5)
DVec2(-45.5, -19.5)
DVec2(-45.5, -18.5)
DVec2(-45.5, -17.5)
DVec2(-45.5, -16.5)
DVec2(-44.5, -19.5)
DVec2(-44.5, -18.5)
DVec2(-44.5, -17.5)
DVec2(-44.5, -16.5)
DVec2(-45.5, -15.5)
DVec2(-45.5, -14.5)
DVec2(-45.5, -13.5)
DVec2(-45.5, -12.5)
DVec2(-44.5, -15.5)
DVec2(-44.5, -14.5)
DVec2(-44.5, -13.5)
DVec2(-44.5, -12.5)
DVec2(-45.5, -11.5)
DVec2(-45.5, -10.5)
DVec2(-45.5, -9.5)
DVec2(-45.5, -8.5)
DVec2(-44.5, -11.5)
DVec2(-44.5, -10.5)
DVec2(-44.5, -9.5)
DVec2(-44.5, -8.5)
DVec2(-45.5, -7.5)
DVec2(-45.5, -6.5)
DVec2(-45.5, -5.5)
DVec2(-45.5, -4.5)
DVec2(-44.5, -7.5)
DVec2(-44.5, -6.5)
DVec2(-44.5, -5.5)
DVec2(-44.5, -4.5)
DVec2(-45.5, -3.5)
DVec2(-45.5, -2.5)
DVec2(-45.5, -1.5)
DVec2(-45.5, -0.5)
DVec2(-44.5, -3.5)
DVec2(-44.5, -2.5)
DVec2(-44.5, -1.5)
DVec2(-44.5, -0.5)
DVec2(-45.5, 0.5)
DVec2(-45.5, 1.5)
DVec2(-45.5, 2.5)
DVec2(-45.5, 3.5)
DVec2(-44.5, 0.5)
DVec2(-44.5, 1.5)
DVec2(-44.5, 2.5)
DVec2(-44.5, 3.5)
DVec2(-45.5, 4.5)
DVec2(-45.5, 5.5)
DVec2(-45.5, 6.5)
DVec2(-45.5, 7.5)
DVec2(-44.5, 4.5)
DVec2(-44.5, 5.5)
DVec2(-44.5, 6.5)
DVec2(-44.5, 7.5)
DVec2(-45.5, 8.5)
DVec2(-45.5, 9.5)
DVec2(-45.5, 10.5)
DVec2(-45.5, 11.5)
DVec2(-44.5, 8.5)
DVec2(-44.5, 9.5)
DVec2(-44.5, 10.5)
DVec2(-44.5, 11.5)
DVec2(-45.5, 12.5)
DVec2(-45.5, 13.5)
DVec2(-45.5, 14.5)
DVec2(-45.5, 15.5)
DVec2(-44.5, 12.5)
DVec2(-44.5, 13.5)
DVec2(-44.5, 14.5)
DVec2(-44.5, 15.5)
DVec2(-45.5, 16.5)
DVec2(-45.5, 17.5)
DVec2(-45.5, 18.5)
DVec2(-45.5, 19.5)
DVec2(-44.5, 16.5)
DVec2(-44.5, 17.5)
DVec2(-44.5, 18.5)
DVec2(-44.5, 19.5)
DVec2(-45.5, 20.5)
DVec2(-45.5, 21.5)
DVec2(-45.5, 22.5)
DVec2(-45.5, 23.5)
DVec2(-44.5, 20.5)
DVec2(-44.5, 21.5)
DVec2(-44.5, 22.5)
DVec2(-44.5, 23.5)
DVec2(-45.5, 24.5)
DVec2(-45.5, 25.5)
DVec2(-45.5, 26.5)
DVec2(-45.5, 27.5)
DVec2(-44.5, 24.5)
DVec2(-44.5, 25.5)
DVec2(-44.5, 26.5)
DVec2(-44.5, 27.5)
DVec2(-45.5, 28.5)
DVec2(-45.5, 29.5)
DVec2(-45.5, 30.5)
DVec2(-45.5, 31.5)
DVec2(-44.5, 28.5)
DVec2(-44.5, 29.5)
DVec2(-44.5, 30.5)
DVec2(-44.5, 31.5)
DVec2(-45.5, 32.5)
DVec2(-45.5, 33.5)
DVec2(-45.5, 34.5)
DVec2(-45.5, 35.5)
DVec2(-44.5, 32.5)
DVec2(-44.5, 33.5)
DVec2(-44.5, 34.5)
DVec2(-44.5, 35.5)
DVec2(-45.5, 36.5)
DVec2(-45.5, 37.5)
DVec2(-45.5, 38.5)
DVec2(-45.5, 39.5)
DVec2(-44.5, 36.5)
DVec2(-44.5, 37.5)
DVec2(-44.5, 38.5)
DVec2(-44.5, 39.5)
DVec2(-45.5, 40.5)
DVec2(-45.5, 41.5)
DVec2(-45.5, 42.5)
DVec2(-45.5, 43.5)
DVec2(-44.5, 40.5)
DVec2(-44.5, 41.5)
DVec2(-44.5, 42.5)
DVec2(-44.5, 43.5)
DVec2(-45.5, 44.5)
DVec2(-45.5, 45.5)
DVec2(-45.5, 46.5)
DVec2(-45.5, 47.5)
DVec2(-44.5, 44.5)
DVec2(-44.5, 45.5)
DVec2(-44.5, 46.5)
DVec2(-44.5, 47.5)
DVec2(-45.5, 48.5)
DVec2(-45.5, 49.5)
DVec2(-45.5, 50.5)
DVec2(-45.5, 51.5)
DVec2(-44.5, 48.5)
DVec2(-44.5, 49.5)
DVec2(-44.5, 50.5)
DVec2(-44.5, 51.5)
DVec2(-45.5, 52.5)
DVec2(-45.5, 53.5)
DVec2(-45.5, 54.5)
DVec2(-45.5, 55.5)
DVec2(-44.5, 52.5)
DVec2(-44.5, 53.5)
DVec2(-44.5, 54.5)
DVec2(-44.5, 55.5)
DVec2(-45.5, 56.5)
DVec2(-45.5, 57.5)
DVec2(-45.5, 58.5)
DVec2(-45.5, 59.5)
DVec2(-44.5, 56.5)
DVec2(-44.5, 57.5)
DVec2(-44.5, 58.5)
DVec2(-44.5, 59.5)
DVec2(-45.5, 60.5)
DVec2(-45.5, 61.5)
DVec2(-45.5, 62.5)
DVec2(-45.5, 63.5)
DVec2(-44.5, 60.5)
DVec2(-44.5, 61.5)
DVec2(-44.5, 62.5)
DVec2(-44.5, 63.5)
DVec2(-45.5, 64.5)
DVec2(-45.5, 65.5)
DVec2(-45.5, 66.5)
DVec2(-45.5, 67.5)
DVec2(-44.5, 64.5)
DVec2(-44.5, 65.5)
DVec2(-44.5, 66.5)
DVec2(-44.5, 67.5)
DVec2(-45.5, 68.5)
DVec2(-45.5, 69.5)
DVec2(-45.5, 70.5)
DVec2(-45.5, 71.5)
DVec2(-44.5, 68.5)
DVec2(-44.5, 69.5)
DVec2(-44.5, 70.5)
DVec2(-44.5, 71.5)
DVec2(-45.5, 72.5)
DVec2(-45.5, 73.5)
DVec2(-45.5, 74.5)
DVec2(-45.5, 75.5)
DVec2(-44.5, 72.5)
DVec2(-44.5, 73.5)
DVec2(-44.5, 74.5)
DVec2(-44.5, 75.5)
DVec2(-45.5, 76.5)
DVec2(-45.5, 77.5)
DVec2(-45.5, 78.5)
DVec2(-45.5, 79.5)
DVec2(-44.5, 76.5)
DVec2(-44.5, 77.5)
DVec2(-44.5, 78.5)
DVec2(-44.5, 79.5)
DVec2(-45.5, 80.5)
DVec2(-45.5, 81.5)
DVec2(-45.5, 82.5)
DVec2(-45.5, 83.5)
DVec2(-44.5, 80.5)
DVec2(-44.5, 81.5)
DVec2(-44.5, 82.5)
DVec2(-44.5, 83.5)
DVec2(-45.5, 84.5)
DVec2(-45.5, 85.5)
DVec2(-45.5, 86.5)
DVec2(-45.5, 87.5)
DVec2(-44.5, 84.5)
DVec2(-44.5, 85.5)
DVec2(-44.5, 86.5)
DVec2(-44.5, 87.5)
DVec2(-45.5, 88.5)
DVec2(-45.5, 89.5)
DVec2(-45.5, 90.5)
DVec2(-45.5, 91.5)
DVec2(-44.5, 88.5)
DVec2(-44.5, 89.5)
DVec2(-44.5, 90.5)
DVec2(-44.5, 91.5)
DVec2(-45.5, 92.5)
DVec2(-45.5, 93.5)
DVec2(-45.5, 94.5)
DVec2(-45.5, 95.5)
DVec2(-44.5, 92.5)
DVec2(-44.5, 93.5)
DVec2(-44.5, 94.5)
DVec2(-44.5, 95.5)
DVec2(-45.5, 96.5)
DVec2(-45.5, 97.5)
DVec2(-45.5, 98.5)
DVec2(-45.5, 99.5)
DVec2(-44.5, 96.5)
DVec2(-44.5, 97.5)
DVec2(-44.5, 98.5)
DVec2(-44.5, 99.5)
DVec2(-45.5, 100.5)
DVec2(-45.5, 101.5)
DVec2(-45.5, 102.5)
DVec2(-45.5, 103.5)
DVec2(-44.5, 100.5)
DVec2(-44.5, 101.5)
DVec2(-44.5, 102.5)
DVec2(-44.5, 103.5)
DVec2(-45.5, 104.5)
DVec2(-45.5, 105.5)
DVec2(-45.5, 106.5)
DVec2(-45.5, 107.5)
DVec2(-44.5, 104.5)
DVec2(-44.5, 105.5)
DVec2(-44.5, 106.5)
DVec2(-44.5, 107.5)
DVec2(-45.5, 108.5)
DVec2(-45.5, 109.5)
DVec2(-45.5, 110.5)
DVec2(-45.5, 111.5)
DVec2(-44.5, 108.5)
DVec2(-44.5, 109.5)
DVec2(-44.5, 110.5)
DVec2(-44.5, 111.5)
DVec2(-45.5, 112.5)
DVec2(-45.5, 113.5)
DVec2(-45.5, 114.5)
DVec2(-45.5, 115.5)
DVec2(-44.5, 112.5)
DVec2(-44.5, 113.5)
DVec2(-44.5, 114.5)
DVec2(-44.5, 115.5)
DVec2(-45.5, 116.5)
DVec2(-45.5, 117.5)
DVec2(-45.5, 118.5)
DVec2(-45.5, 119.5)
DVec2(-44.5, 116.5)
DVec2(-44.5, 117.5)
DVec2(-44.5, 118.5)
DVec2(-44.5, 119.5)
DVec2(-43.5, -119.5)
DVec2(-43.5, -118.5)
DVec2(-43.5, -117.5)
DVec2(-43.5, -116.5)
DVec2(-42.5, -119.5)
DVec2(-42.5, -118.5)
DVec2(-42.5, -117.5)
DVec2(-42.5, -116.5)
DVec2(-43.5, -115.5)
DVec2(-43.5, -114.5)
DVec2(-43.5, -113.5)
DVec2(-43.5, -112.5)
DVec2(-42.5, -115.5)
DVec2(-42.5, -114.5)
DVec2(-42.5, -113.5)
DVec2(-42.5, -112.5)
DVec2(-43.5, -111.5)
DVec2(-43.5, -110.5)
DVec2(-43.5, -109.5)
DVec2(-43.5, -108.5)
DVec2(-42.5, -111.5)
DVec2(-42.5, -110.5)
DVec2(-42.5, -109.5)
DVec2(-42.5, -108.5)
DVec2(-43.5, -107.5)
DVec2(-43.5, -106.5)
DVec2(-43.5, -105.5)
DVec2(-43.5, -104.5)
DVec2(-42.5, -107.5)
DVec2(-42.5, -106.5)
DVec2(-42.5, -105.5)
DVec2(-42.5, -104.5)
DVec2(-43.5, -103.5)
DVec2(-43.5, -102.5)
DVec2(-43.5, -101.5)
DVec2(-43.5, -100.5)
DVec2(-42.5, -103.5)
DVec2(-42.5, -102.5)
DVec2(-42.5, -101.5)
DVec2(-42.5, -100.5)
DVec2(-43.5, -99.5)
DVec2(-43.5, -98.5)
DVec2(-43.5, -97.5)
DVec2(-43.5, -96.5)
DVec2(-42.5, -99.5)
DVec2(-42.5, -98.5)
DVec2(-42.5, -97.5)
DVec2(-42.5, -96.5)
DVec2(-43.5, -95.5)
DVec2(-43.5, -94.5)
DVec2(-43.5, -93.5)
DVec2(-43.5, -92.5)
DVec2(-42.5, -95.5)
DVec2(-42.5, -94.5)
DVec2(-42.5, -93.5)
DVec2(-42.5, -92.5)
DVec2(-43.5, -91.5)
DVec2(-43.5, -90.5)
DVec2(-43.5, -89.5)
DVec2(-43.5, -88.5)
DVec2(-42.5, -91.5)
DVec2(-42.5, -90.5)
DVec2(-42.5, -89.5)
DVec2(-42.5, -88.5)
DVec2(-43.5, -87.5)
DVec2(-43.5, -86.5)
DVec2(-43.5, -85.5)
DVec2(-43.5, -84.5)
DVec2(-42.5, -87.5)
DVec2(-42.5, -86.5)
DVec2(-42.5, -85.5)
DVec2(-42.5, -84.5)
DVec2(-43.5, -83.5)
DVec2(-43.5, -82.5)
DVec2(-43.5, -81.5)
DVec2(-43.5, -80.5)
DVec2(-42.5, -83.5)
DVec2(-42.5, -82.5)
DVec2(-42.5, -81.5)
DVec2(-42.5, -80.5)
DVec2(-43.5, -79.5)
DVec2(-43.5, -78.5)
DVec2(-43.5, -77.5)
DVec2(-43.5, -76.5)
DVec2(-42.5, -79.5)
DVec2(-42.5, -78.5)
DVec2(-42.5, -77.5)
DVec2(-42.5, -76.5)
DVec2(-43.5, -75.5)
DVec2(-43.5, -74.5)
DVec2(-43.5, -73.5)
DVec2(-43.5, -72.5)
DVec2(-42.5, -75.5)
DVec2(-42.5, -74.5)
DVec2(-42.5, -73.5)
DVec2(-42.5, -72.5)
DVec2(-43.5, -71.5)
DVec2(-43.5, -70.5)
DVec2(-43.5, -69.5)
DVec2(-43.5, -68.5)
DVec2(-42.5, -71.5)
DVec2(-42.5, -70.5)
DVec2(-42.5, -69.5)
DVec2(-42.5, -68.5)
DVec2(-43.5, -67.5)
DVec2(-43.5, -66.5)
DVec2(-43.5, -65.5)
DVec2(-43.5, -64.5)
DVec2(-42.5, -67.5)
DVec2(-42.5, -66.5)
DVec2(-42.5, -65.5)
DVec2(-42.5, -64.5)
DVec2(-43.5, -63.5)
DVec2(-43.5, -62.5)
DVec2(-43.5, -61.5)
DVec2(-43.5, -60.5)
DVec2(-42.5, -63.5)
DVec2(-42.5, -62.5)
DVec2(-42.5, -61.5)
DVec2(-42.5, -60.5)
DVec2(-43.5, -59.5)
DVec2(-43.5, -58.5)
DVec2(-43.5, -57.5)
DVec2(-43.5, -56.5)
DVec2(-42.5, -59.5)
DVec2(-42.5, -58.5)
DVec2(-42.5, -57.5)
DVec2(-42.5, -56.5)
DVec2(-43.5, -55.5)
DVec2(-43.5, -54.5)
DVec2(-43.5, -53.5)
DVec2(-43.5, -52.5)
DVec2(-42.5, -55.5)
DVec2(-42.5, -54.5)
DVec2(-42.5, -53.5)
DVec2(-42.5, -52.5)
DVec2(-43.5, -51.5)
DVec2(-43.5, -50.5)
DVec2(-43.5, -49.5)
DVec2(-43.5, -48.5)
DVec2(-42.5, -51.5)
DVec2(-42.5, -50.5)
DVec2(-42.5, -49.5)
DVec2(-42.5, -48.5)
DVec2(-43.5, -47.5)
DVec2(-43.5, -46.5)
DVec2(-43.5, -45.5)
DVec2(-43.5, -44.5)
DVec2(-42.5, -47.5)
DVec2(-42.5, -46.5)
DVec2(-42.5, -45.5)
DVec2(-42.5, -44.5)
DVec2(-43.5, -43.5)
DVec2(-43.5, -42.5)
DVec2(-43.5, -41.5)
DVec2(-43.5, -40.5)
DVec2(-42.5, -43.5)
DVec2(-42.5, -42.5)
DVec2(-42.5, -41.5)
DVec2(-42.5, -40.5)
DVec2(-43.5, -39.5)
DVec2(-43.5, -38.5)
DVec2(-43.5, -37.5)
DVec2(-43.5, -36.5)
DVec2(-42.5, -39.5)
DVec2(-42.5, -38.5)
DVec2(-42.5, -37.5)
DVec2(-42.5, -36.5)
DVec2(-43.5, -35.5)
DVec2(-43.5, -34.5)
DVec2(-43.5, -33.5)
DVec2(-43.5, -32.5)
DVec2(-42.5, -35.5)
DVec2(-42.5, -34.5)
DVec2(-42.5, -33.5)
DVec2(-42.5, -32.5)
DVec2(-43.5, -31.5)
DVec2(-43.5, -30.5)
DVec2(-43.5, -29.5)
DVec2(-43.5, -28.5)
DVec2(-42.5, -31.5)
DVec2(-42.5, -30.5)
DVec2(-42.5, -29.5)
DVec2(-42.5, -28.5)
DVec2(-43.5, -27.5)
DVec2(-43.5, -26.5)
DVec2(-43.5, -25.5)
DVec2(-43.5, -24.5)
DVec2(-42.5, -27.5)
DVec2(-42.5, -26.5)
DVec2(-42.5, -25.5)
DVec2(-42.5, -24.5)
DVec2(-43.5, -23.5)
DVec2(-43.5, -22.5)
DVec2(-43.5, -21.5)
DVec2(-43.5, -20.5)
DVec2(-42.5, -23.5)
DVec2(-42.5, -22.5)
DVec2(-42.5, -21.5)
DVec2(-42.5, -20.5)
DVec2(-43.5, -19.5)
DVec2(-43.5, -18.5)
DVec2(-43.5, -17.5)
DVec2(-43.5, -16.5)
DVec2(-42.5, -19.5)
DVec2(-42.5, -18.5)
DVec2(-42.5, -17.5)
DVec2(-42.5, -16.5)
DVec2(-43.5, -15.5)
DVec2(-43.5, -14.5)
DVec2(-43.5, -13.5)
DVec2(-43.5, -12.5)
DVec2(-42.5, -15.5)
DVec2(-42.5, -14.5)
DVec2(-42.5, -13.5)
DVec2(-42.5, -12.5)
DVec2(-43.5, -11.5)
DVec2(-43.5, -10.5)
DVec2(-43.5, -9.5)
DVec2(-43.5, -8.5)
DVec2(-42.5, -11.5)
DVec2(-42.5, -10.5)
DVec2(-42.5, -9.5)
DVec2(-42.5, -8.5)
DVec2(-43.5, -7.5)
DVec2(-43.5, -6.5)
DVec2(-43.5, -5.5)
DVec2(-43.5, -4.5)
DVec2(-42.5, -7.5)
DVec2(-42.5, -6.5)
DVec2(-42.5, -5.5)
DVec2(-42.5, -4.5)
DVec2(-43.5, -3.5)
DVec2(-43.5, -2.5)
DVec2(-43.5, -1.5)
DVec2(-43.5, -0.5)
DVec2(-42.5, -3.5)
DVec2(-42.5, -2.5)
DVec2(-42.5, -1.5)
DVec2(-42.5, -0.5)
DVec2(-43.5, 0.5)
DVec2(-43.5, 1.5)
DVec2(-43.5, 2.5)
DVec2(-43.5, 3.5)
DVec2(-42.5, 0.5)
DVec2(-42.5, 1.5)
DVec2(-42.5, 2.5)
DVec2(-42.5, 3.5)
DVec2(-43.5, 4.5)
DVec2(-43.5, 5.5)
DVec2(-43.5, 6.5)
DVec2(-43.5, 7.5)
DVec2(-42.5, 4.5)
DVec2(-42.5, 5.5)
DVec2(-42.5, 6.5)
DVec2(-42.5, 7.5)
DVec2(-43.5, 8.5)
DVec2(-43.5, 9.5)
DVec2(-43.5, 10.5)
DVec2(-43.5, 11.5)
DVec2(-42.5, 8.5)
DVec2(-42.5, 9.5)
DVec2(-42.5, 10.5)
DVec2(-42.5, 11.5)
DVec2(-43.5, 12.5)
DVec2(-43.5, 13.5)
DVec2(-43.5, 14.5)
DVec2(-43.5, 15.5)
DVec2(-42.5, 12.5)
DVec2(-42.5, 13.5)
DVec2(-42.5, 14.5)
DVec2(-42.5, 15.5)
DVec2(-43.5, 16.5)
DVec2(-43.5, 17.5)
DVec2(-43.5, 18.5)
DVec2(-43.5, 19.5)
DVec2(-42.5, 16.5)
DVec2(-42.5, 17.5)
DVec2(-42.5, 18.5)
DVec2(-42.5, 19.5)
DVec2(-43.5, 20.5)
DVec2(-43.5, 21.5)
DVec2(-43.5, 22.5)
DVec2(-43.5, 23.5)
DVec2(-42.5, 20.5)
DVec2(-42.5, 21.5)
DVec2(-42.5, 22.5)
DVec2(-42.5, 23.5)
DVec2(-43.5, 24.5)
DVec2(-43.5, 25.5)
DVec2(-43.5, 26.5)
DVec2(-43.5, 27.5)
DVec2(-42.5, 24.5)
DVec2(-42.5, 25.5)
DVec2(-42.5, 26.5)
DVec2(-42.5, 27.5)
DVec2(-43.5, 28.5)
DVec2(-43.5, 29.5)
DVec2(-43.5, 30.5)
DVec2(-43.5, 31.5)
DVec2(-42.5, 28.5)
DVec2(-42.5, 29.5)
DVec2(-42.5, 30.5)
DVec2(-42.5, 31.5)
DVec2(-43.5, 32.5)
DVec2(-43.5, 33.5)
DVec2(-43.5, 34.5)
DVec2(-43.5, 35.5)
DVec2(-42.5, 32.5)
DVec2(-42.5, 33.5)
DVec2(-42.5, 34.5)
DVec2(-42.5, 35.5)
DVec2(-43.5, 36.5)
DVec2(-43.5, 37.5)
DVec2(-43.5, 38.5)
DVec2(-43.5, 39.5)
DVec2(-42.5, 36.5)
DVec2(-42.5, 37.5)
DVec2(-42.5, 38.5)
DVec2(-42.5, 39.5)
DVec2(-43.5, 40.5)
DVec2(-43.5, 41.5)
DVec2(-43.5, 42.5)
DVec2(-43.5, 43.5)
DVec2(-42.5, 40.5)
DVec2(-42.5, 41.5)
DVec2(-42.5, 42.5)
DVec2(-42.5, 43.5)
DVec2(-43.5, 44.5)
DVec2(-43.5, 45.5)
DVec2(-43.5, 46.5)
DVec2(-43.5, 47.5)
DVec2(-42.5, 44.5)
DVec2(-42.5, 45.5)
DVec2(-42.5, 46.5)
DVec2(-42.5, 47.5)
DVec2(-43.5, 48.5)
DVec2(-43.5, 49.5)
DVec2(-43.5, 50.5)
DVec2(-43.5, 51.5)
DVec2(-42.5, 48.5)
DVec2(-42.5, 49.5)
DVec2(-42.5, 50.5)
DVec2(-42.5, 51.5)
DVec2(-43.5, 52.5)
DVec2(-43.5, 53.5)
DVec2(-43.5, 54.5)
DVec2(-43.5, 55.5)
DVec2(-42.5, 52.5)
DVec2(-42.5, 53.5)
DVec2(-42.5, 54.5)
DVec2(-42.5, 55.5)
DVec2(-43.5, 56.5)
DVec2(-43.5, 57.5)
DVec2(-43.5, 58.5)
DVec2(-43.5, 59.5)
DVec2(-42.5, 56.5)
DVec2(-42.5, 57.5)
DVec2(-42.5, 58.5)
DVec2(-42.5, 59.5)
DVec2(-43.5, 60.5)
DVec2(-43.5, 61.5)
DVec2(-43.5, 62.5)
DVec2(-43.5, 63.5)
DVec2(-42.5, 60.5)
DVec2(-42.5, 61.5)
DVec2(-42.5, 62.5)
DVec2(-42.5, 63.5)
DVec2(-43.5, 64.5)
DVec2(-43.5, 65.5)
DVec2(-43.5, 66.5)
DVec2(-43.5, 67.5)
DVec2(-42.5, 64.5)
DVec2(-42.5, 65.5)
DVec2(-42.5, 66.5)
DVec2(-42.5, 67.5)
DVec2(-43.5, 68.5)
DVec2(-43.5, 69.5)
DVec2(-43.5, 70.5)
DVec2(-43.5, 71.5)
DVec2(-42.5, 68.5)
DVec2(-42.5, 69.5)
DVec2(-42.5, 70.5)
DVec2(-42.5, 71.5)
DVec2(-43.5, 72.5)
DVec2(-43.5, 73.5)
DVec2(-43.5, 74.5)
DVec2(-43.5, 75.5)
DVec2(-42.5, 72.5)
DVec2(-42.5, 73.5)
DVec2(-42.5, 74.5)
DVec2(-42.5, 75.5)
DVec2(-43.5, 76.5)
DVec2(-43.5, 77.5)
DVec2(-43.5, 78.5)
DVec2(-43.5, 79.5)
DVec2(-42.5, 76.5)
DVec2(-42.5, 77.5)
DVec2(-42.5, 78.5)
DVec2(-42.5, 79.5)
DVec2(-43.5, 80.5)
DVec2(-43.5, 81.5)
DVec2(-43.5, 82.5)
DVec2(-43.5, 83.5)
DVec2(-42.5, 80.5)
DVec2(-42.5, 81.5)
DVec2(-42.5, 82.5)
DVec2(-42.5, 83.5)
DVec2(-43.5, 84.5)
DVec2(-43.5, 85.5)
DVec2(-43.5, 86.5)
DVec2(-43.5, 87.5)
DVec2(-42.5, 84.5)
DVec2(-42.5, 85.5)
DVec2(-42.5, 86.5)
DVec2(-42.5, 87.5)
DVec2(-43.5, 88.5)
DVec2(-43.5, 89.5)
DVec2(-43.5, 90.5)
DVec2(-43.5, 91.5)
DVec2(-42.5, 88.5)
DVec2(-42.5, 89.5)
DVec2(-42.5, 90.5)
DVec2(-42.5, 91.5)
DVec2(-43.5, 92.5)
DVec2(-43.5, 93.5)
DVec2(-43.5, 94.5)
DVec2(-43.5, 95.5)
DVec2(-42.5, 92.5)
DVec2(-42.5, 93.5)
DVec2(-42.5, 94.5)
DVec2(-42.5, 95.5)
DVec2(-43.5, 96.5)
DVec2(-43.5, 97.5)
DVec2(-43.5, 98.5)
DVec2(-43.5, 99.5)
DVec2(-42.5, 96.5)
DVec2(-42.5, 97.5)
DVec2(-42.5, 98.5)
DVec2(-42.5, 99.5)
DVec2(-43.5, 100.5)
DVec2(-43.5, 101.5)
DVec2(-43.5, 102.5)
DVec2(-43.5, 103.5)
DVec2(-42.5, 100.5)
DVec2(-42.5, 101.5)
DVec2(-42.5, 102.5)
DVec2(-42.5, 103.5)
DVec2(-43.5, 104.5)
DVec2(-43.5, 105.5)
DVec2(-43.5, 106.5)
DVec2(-43.5, 107.5)
DVec2(-42.5, 104.5)
DVec2(-42.5, 105.5)
DVec2(-42.5, 106.5)
DVec2(-42.5, 107.5)
DVec2(-43.5, 108.5)
DVec2(-43.5, 109.5)
DVec2(-43.5, 110.5)
DVec2(-43.5, 111.5)
DVec2(-42.5, 108.5)
DVec2(-42.5, 109.5)
DVec2(-42.5, 110.5)
DVec2(-42.5, 111.5)
DVec2(-43.5, 112.5)
DVec2(-43.5, 113.5)
DVec2(-43.5, 114.5)
DVec2(-43.5, 115.5)
DVec2(-42.5, 112.5)
DVec2(-42.5, 113.5)
DVec2(-42.5, 114.5)
DVec2(-42.5, 115.5)
DVec2(-43.5, 116.5)
DVec2(-43.5, 117.5)
DVec2(-43.5, 118.5)
DVec2(-43.5, 119.5)
DVec2(-42.5, 116.5)
DVec2(-42.5, 117.5)
DVec2(-42.5, 118.5)
DVec2(-42.5, 119.5)
DVec2(-41.5, -119.5)
DVec2(-41.5, -118.5)
DVec2(-41.5, -117.5)
DVec2(-41.5, -116.5)
DVec2(-40.5, -119.5)
DVec2(-40.5, -118.5)
DVec2(-40.5, -117.5)
DVec2(-40.5, -116.5)
DVec2(-41.5, -115.5)
DVec2(-41.5, -114.5)
DVec2(-41.5, -113.5)
DVec2(-41.5, -112.5)
DVec2(-40.5, -115.5)
DVec2(-40.5, -114.5)
DVec2(-40.5, -113.5)
DVec2(-40.5, -112.5)
DVec2(-41.5, -111.5)
DVec2(-41.5, -110.5)
DVec2(-41.5, -109.5)
DVec2(-41.5, -108.5)
DVec2(-40.5, -111.5)
DVec2(-40.5, -110.5)
DVec2(-40.5, -109.5)
DVec2(-40.5, -108.5)
DVec2(-41.5, -107.5)
DVec2(-41.5, -106.5)
DVec2(-41.5, -105.5)
DVec2(-41.5, -104.5)
DVec2(-40.5, -107.5)
DVec2(-40.5, -106.5)
DVec2(-40.5, -105.5)
DVec2(-40.5, -104.5)
DVec2(-41.5, -103.5)
DVec2(-41.5, -102.5)
DVec2(-41.5, -101.5)
DVec2(-41.5, -100.5)
DVec2(-40.5, -103.5)
DVec2(-40.5, -102.5)
DVec2(-40.5, -101.5)
DVec2(-40.5, -100.5)
DVec2(-41.5, -99.5)
DVec2(-41.5, -98.5)
DVec2(-41.5, -97.5)
DVec2(-41.5, -96.5)
DVec2(-40.5, -99.5)
DVec2(-40.5, -98.5)
DVec2(-40.5, -97.5)
DVec2(-40.5, -96.5)
DVec2(-41.5, -95.5)
DVec2(-41.5, -94.5)
DVec2(-41.5, -93.5)
DVec2(-41.5, -92.5)
DVec2(-40.5, -95.5)
DVec2(-40.5, -94.5)
DVec2(-40.5, -93.5)
DVec2(-40.5, -92.5)
DVec2(-41.5, -91.5)
DVec2(-41.5, -90.5)
DVec2(-41.5, -89.5)
DVec2(-41.5, -88.5)
DVec2(-40.5, -91.5)
DVec2(-40.5, -90.5)
DVec2(-40.5, -89.5)
DVec2(-40.5, -88.5)
DVec2(-41.5, -87.5)
DVec2(-41.5, -86.5)
DVec2(-41.5, -85.5)
DVec2(-41.5, -84.5)
DVec2(-40.5, -87.5)
DVec2(-40.5, -86.5)
DVec2(-40.5, -85.5)
DVec2(-40.5, -84.5)
DVec2(-41.5, -83.5)
DVec2(-41.5, -82.5)
DVec2(-41.5, -81.5)
DVec2(-41.5, -80.5)
DVec2(-40.5, -83.5)
DVec2(-40.5, -82.5)
DVec2(-40.5, -81.5)
DVec2(-40.5, -80.5)
DVec2(-41.5, -79.5)
DVec2(-41.5, -78.5)
DVec2(-41.5, -77.5)
DVec2(-41.5, -76.5)
DVec2(-40.5, -79.5)
DVec2(-40.5, -78.5)
DVec2(-40.5, -77.5)
DVec2(-40.5, -76.5)
DVec2(-41.5, -75.5)
DVec2(-41.5, -74.5)
DVec2(-41.5, -73.5)
DVec2(-41.5, -72.5)
DVec2(-40.5, -75.5)
DVec2(-40.5, -74.5)
DVec2(-40.5, -73.5)
DVec2(-40.5, -72.5)
DVec2(-41.5, -71.5)
DVec2(-41.5, -70.5)
DVec2(-41.5, -69.5)
DVec2(-41.5, -68.5)
DVec2(-40.5, -71.5)
DVec2(-40.5, -70.5)
DVec2(-40.5, -69.5)
DVec2(-40.5, -68.5)
DVec2(-41.5, -67.5)
DVec2(-41.5, -66.5)
DVec2(-41.5, -65.5)
DVec2(-41.5, -64.5)
DVec2(-40.5, -67.5)
DVec2(-40.5, -66.5)
DVec2(-40.5, -65.5)
DVec2(-40.5, -64.5)
DVec2(-41.5, -63.5)
DVec2(-41.5, -62.5)
DVec2(-41.5, -61.5)
DVec2(-41.5, -60.5)
DVec2(-40.5, -63.5)
DVec2(-40.5, -62.5)
DVec2(-40.5, -61.5)
DVec2(-40.5, -60.5)
DVec2(-41.5, -59.5)
DVec2(-41.5, -58.5)
DVec2(-41.5, -57.5)
DVec2(-41.5, -56.5)
DVec2(-40.5, -59.5)
DVec2(-40.5, -58.5)
DVec2(-40.5, -57.5)
DVec2(-40.5, -56.5)
DVec2(-41.5, -55.5)
DVec2(-41.5, -54.5)
DVec2(-41.5, -53.5)
DVec2(-41.5, -52.5)
DVec2(-40.5, -55.5)
DVec2(-40.5, -54.5)
DVec2(-40.5, -53.5)
DVec2(-40.5, -52.5)
DVec2(-41.5, -51.5)
DVec2(-41.5, -50.5)
DVec2(-41.5, -49.5)
DVec2(-41.5, -48.5)
DVec2(-40.5, -51.5)
DVec2(-40.5, -50.5)
DVec2(-40.5, -49.5)
DVec2(-40.5, -48.5)
DVec2(-41.5, -47.5)
DVec2(-41.5, -46.5)
DVec2(-41.5, -45.5)
DVec2(-41.5, -44.5)
DVec2(-40.5, -47.5)
DVec2(-40.5, -46.5)
DVec2(-40.5, -45.5)
DVec2(-40.5, -44.5)
DVec2(-41.5, -43.5)
DVec2(-41.5, -42.5)
DVec2(-41.5, -41.5)
DVec2(-41.5, -40.5)
DVec2(-40.5, -43.5)
DVec2(-40.5, -42.5)
DVec2(-40.5, -41.5)
DVec2(-40.5, -40.5)
DVec2(-41.5, -39.5)
DVec2(-41.5, -38.5)
DVec2(-41.5, -37.5)
DVec2(-41.5, -36.5)
DVec2(-40.5, -39.5)
DVec2(-40.5, -38.5)
DVec2(-40.5, -37.5)
DVec2(-40.5, -36.5)
DVec2(-41.5, -35.5)
DVec2(-41.5, -34.5)
DVec2(-41.5, -33.5)
DVec2(-41.5, -32.5)
DVec2(-40.5, -35.5)
DVec2(-40.5, -34.5)
DVec2(-40.5, -33.5)
DVec2(-40.5, -32.5)
DVec2(-41.5, -31.5)
DVec2(-41.5, -30.5)
DVec2(-41.5, -29.5)
DVec2(-41.5, -28.5)
DVec2(-40.5, -31.5)
DVec2(-40.5, -30.5)
DVec2(-40.5, -29.5)
DVec2(-40.5, -28.5)
DVec2(-41.5, -27.5)
DVec2(-41.5, -26.5)
DVec2(-41.5, -25.5)
DVec2(-41.5, -24.5)
DVec2(-40.5, -27.5)
DVec2(-40.5, -26.5)
DVec2(-40.5, -25.5)
DVec2(-40.5, -24.5)
DVec2(-41.5, -23.5)
DVec2(-41.5, -22.5)
DVec2(-41.5, -21.5)
DVec2(-41.5, -20.5)
DVec2(-40.5, -23.5)
DVec2(-40.5, -22.5)
DVec2(-40.5, -21.5)
DVec2(-40.5, -20.5)
DVec2(-41.5, -19.5)
DVec2(-41.5, -18.5)
DVec2(-41.5, -17.5)
DVec2(-41.5, -16.5)
DVec2(-40.5, -19.5)
DVec2(-40.5, -18.5)
DVec2(-40.5, -17.5)
DVec2(-40.5, -16.5)
DVec2(-41.5, -15.5)
DVec2(-41.5, -14.5)
DVec2(-41.5, -13.5)
DVec2(-41.5, -12.5)
DVec2(-40.5, -15.5)
DVec2(-40.5, -14.5)
DVec2(-40.5, -13.5)
DVec2(-40.5, -12.5)
DVec2(-41.5, -11.5)
DVec2(-41.5, -10.5)
DVec2(-41.5, -9.5)
DVec2(-41.5, -8.5)
DVec2(-40.5, -11.5)
DVec2(-40.5, -10.5)
DVec2(-40.5, -9.5)
DVec2(-40.5, -8.5)
DVec2(-41.5, -7.5)
DVec2(-41.5, -6.5)
DVec2(-41.5, -5.5)
DVec2(-41.5, -4.5)
DVec2(-40.5, -7.5)
DVec2(-40.5, -6.5)
DVec2(-40.5, -5.5)
DVec2(-40.5, -4.5)
DVec2(-41.5, -3.5)
DVec2(-41.5, -2.5)
DVec2(-41.5, -1.5)
DVec2(-41.5, -0.5)
DVec2(-40.5, -3.5)
DVec2(-40.5, -2.5)
DVec2(-40.5, -1.5)
DVec2(-40.5, -0.5)
DVec2(-41.5, 0.5)
DVec2(-41.5, 1.5)
DVec2(-41.5, 2.5)
DVec2(-41.5, 3.5)
DVec2(-40.5, 0.5)
DVec2(-40.5, 1.5)
DVec2(-40.5, 2.5)
DVec2(-40.5, 3.5)
DVec2(-41.5, 4.5)
DVec2(-41.5, 5.5)
DVec2(-41.5, 6.5)
DVec2(-41.5, 7.5)
DVec2(-40.5, 4.5)
DVec2(-40.5, 5.5)
DVec2(-40.5, 6.5)
DVec2(-40.5, 7.5)
DVec2(-41.5, 8.5)
DVec2(-41.5, 9.5)
DVec2(-41.5, 10.5)
DVec2(-41.5, 11.5)
DVec2(-40.5, 8.5)
DVec2(-40.5, 9.5)
DVec2(-40.5, 10.5)
DVec2(-40.5, 11.5)
DVec2(-41.5, 12.5)
DVec2(-41.5, 13.5)
DVec2(-41.5, 14.5)
DVec2(-41.5, 15.5)
DVec2(-40.5, 12.5)
DVec2(-40.5, 13.5)
DVec2(-40.5, 14.5)
DVec2(-40.5, 15.5)
DVec2(-41.5, 16.5)
DVec2(-41.5, 17.5)
DVec2(-41.5, 18.5)
DVec2(-41.5, 19.5)
DVec2(-40.5, 16.5)
DVec2(-40.5, 17.5)
DVec2(-40.5, 18.5)
DVec2(-40.5, 19.5)
DVec2(-41.5, 20.5)
DVec2(-41.5, 21.5)
DVec2(-41.5, 22.5)
DVec2(-41.5, 23.5)
DVec2(-40.5, 20.5)
DVec2(-40.5, 21.5)
DVec2(-40.5, 22.5)
DVec2(-40.5, 23.5)
DVec2(-41.5, 24.5)
DVec2(-41.5, 25.5)
DVec2(-41.5, 26.5)
DVec2(-41.5, 27.5)
DVec2(-40.5, 24.5)
DVec2(-40.5, 25.5)
DVec2(-40.5, 26.5)
DVec2(-40.5, 27.5)
DVec2(-41.5, 28.5)
DVec2(-41.5, 29.5)
DVec2(-41.5, 30.5)
DVec2(-41.5, 31.5)
DVec2(-40.5, 28.5)
DVec2(-40.5, 29.5)
DVec2(-40.5, 30.5)
DVec2(-40.5, 31.5)
DVec2(-41.5, 32.5)
DVec2(-41.5, 33.5)
DVec2(-41.5, 34.5)
DVec2(-41.5, 35.5)
DVec2(-40.5, 32.5)
DVec2(-40.5, 33.5)
DVec2(-40.5, 34.5)
DVec2(-40.5, 35.5)
DVec2(-41.5, 36.5)
DVec2(-41.5, 37.5)
DVec2(-41.5, 38.5)
DVec2(-41.5, 39.5)
DVec2(-40.5, 36.5)
DVec2(-40.5, 37.5)
DVec2(-40.5, 38.5)
DVec2(-40.5, 39.5)
DVec2(-41.5, 40.5)
DVec2(-41.5, 41.5)
DVec2(-41.5, 42.5)
DVec2(-41.5, 43.5)
DVec2(-40.5, 40.5)
DVec2(-40.5, 41.5)
DVec2(-40.5, 42.5)
DVec2(-40.5, 43.5)
DVec2(-41.5, 44.5)
DVec2(-41.5, 45.5)
DVec2(-41.5, 46.5)
DVec2(-41.5, 47.5)
DVec2(-40.5, 44.5)
DVec2(-40.5, 45.5)
DVec2(-40.5, 46.5)
DVec2(-40.5, 47.5)
DVec2(-41.5, 48.5)
DVec2(-41.5, 49.5)
DVec2(-41.5, 50.5)
DVec2(-41.5, 51.5)
DVec2(-40.5, 48.5)
DVec2(-40.5, 49.5)
DVec2(-40.5, 50.5)
DVec2(-40.5, 51.5)
DVec2(-41.5, 52.5)
DVec2(-41.5, 53.5)
DVec2(-41.5, 54.5)
DVec2(-41.5, 55.5)
DVec2(-40.5, 52.5)
DVec2(-40.5, 53.5)
DVec2(-40.5, 54.5)
DVec2(-40.5, 55.5)
DVec2(-41.5, 56.5)
DVec2(-41.5, 57.5)
DVec2(-41.5, 58.5)
DVec2(-41.5, 59.5)
DVec2(-40.5, 56.5)
DVec2(-40.5, 57.5)
DVec2(-40.5, 58.5)
DVec2(-40.5, 59.5)
DVec2(-41.5, 60.5)
DVec2(-41.5, 61.5)
DVec2(-41.5, 62.5)
DVec2(-41.5, 63.5)
DVec2(-40.5, 60.5)
DVec2(-40.5, 61.5)
DVec2(-40.5, 62.5)
DVec2(-40.5, 63.5)
DVec2(-41.5, 64.5)
DVec2(-41.5, 65.5)
DVec2(-41.5, 66.5)
DVec2(-41.5, 67.5)
DVec2(-40.5, 64.5)
DVec2(-40.5, 65.5)
DVec2(-40.5, 66.5)
DVec2(-40.5, 67.5)
DVec2(-41.5, 68.5)
DVec2(-41.5, 69.5)
DVec2(-41.5, 70.5)
DVec2(-41.5, 71.5)
DVec2(-40.5, 68.5)
DVec2(-40.5, 69.5)
DVec2(-40.5, 70.5)
DVec2(-40.5, 71.5)
DVec2(-41.5, 72.5)
DVec2(-41.5, 73.5)
DVec2(-41.5, 74.5)
DVec2(-41.5, 75.5)
DVec2(-40.5, 72.5)
DVec2(-40.5, 73.5)
DVec2(-40.5, 74.5)
DVec2(-40.5, 75.5)
DVec2(-41.5, 76.5)
DVec2(-41.5, 77.5)
DVec2(-41.5, 78.5)
DVec2(-41.5, 79.5)
DVec2(-40.5, 76.5)
DVec2(-40.5, 77.5)
DVec2(-40.5, 78.5)
DVec2(-40.5, 79.5)
DVec2(-41.5, 80.5)
DVec2(-41.5, 81.5)
DVec2(-41.5, 82.5)
DVec2(-41.5, 83.5)
DVec2(-40.5, 80.5)
DVec2(-40.5, 81.5)
DVec2(-40.5, 82.5)
DVec2(-40.5, 83.5)
DVec2(-41.5, 84.5)
DVec2(-41.5, 85.5)
DVec2(-41.5, 86.5)
DVec2(-41.5, 87.5)
DVec2(-40.5, 84.5)
DVec2(-40.5, 85.5)
DVec2(-40.5, 86.5)
DVec2(-40.5, 87.5)
DVec2(-41.5, 88.5)
DVec2(-41.5, 89.5)
DVec2(-41.5, 90.5)
DVec2(-41.5, 91.5)
DVec2(-40.5, 88.5)
DVec2(-40.5, 89.5)
DVec2(-40.5, 90.5)
DVec2(-40.5, 91.5)
DVec2(-41.5, 92.5)
DVec2(-41.5, 93.5)
DVec2(-41.5, 94.5)
DVec2(-41.5, 95.5)
DVec2(-40.5, 92.5)
DVec2(-40.5, 93.5)
DVec2(-40.5, 94.5)
DVec2(-40.5, 95.5)
DVec2(-41.5, 96.5)
DVec2(-41.5, 97.5)
DVec2(-41.5, 98.5)
DVec2(-41.5, 99.5)
DVec2(-40.5, 96.5)
DVec2(-40.5, 97.5)
DVec2(-40.5, 98.5)
DVec2(-40.5, 99.5)
DVec2(-41.5, 100.5)
DVec2(-41.5, 101.5)
DVec2(-41.5, 102.5)
DVec2(-41.5, 103.5)
DVec2(-40.5, 100.5)
DVec2(-40.5, 101.5)
DVec2(-40.5, 102.5)
DVec2(-40.5, 103.5)
DVec2(-41.5, 104.5)
DVec2(-41.5, 105.5)
DVec2(-41.5, 106.5)
DVec2(-41.5, 107.5)
DVec2(-40.5, 104.5)
DVec2(-40.5, 105.5)
DVec2(-40.5, 106.5)
DVec2(-40.5, 107.5)
DVec2(-41.5, 108.5)
DVec2(-41.5, 109.5)
DVec2(-41.5, 110.5)
DVec2(-41.5, 111.5)
DVec2(-40.5, 108.5)
DVec2(-40.5, 109.5)
DVec2(-40.5, 110.5)
DVec2(-40.5, 111.5)
DVec2(-41.5, 112.5)
DVec2(-41.5, 113.5)
DVec2(-41.5, 114.5)
DVec2(-41.5, 115.5)
DVec2(-40.5, 112.5)
DVec2(-40.5, 113.5)
DVec2(-40.5, 114.5)
DVec2(-40.5, 115.5)
DVec2(-41.5, 116.5)
DVec2(-41.5, 117.5)
DVec2(-41.5, 118.5)
DVec2(-41.5, 119.5)
DVec2(-40.5, 116.5)
DVec2(-40.5, 117.5)
DVec2(-40.5, 118.5)
DVec2(-40.5, 119.5)
DVec2(-39.5, -119.5)
DVec2(-39.5, -118.5)
DVec2(-39.5, -117.5)
DVec2(-39.5, -116.5)
DVec2(-38.5, -119.5)
DVec2(-38.5, -118.5)
DVec2(-38.5, -117.5)
DVec2(-38.5, -116.5)
DVec2(-39.5, -115.5)
DVec2(-39.5, -114.5)
DVec2(-39.5, -113.5)
DVec2(-39.5, -112.5)
DVec2(-38.5, -115.5)
DVec2(-38.5, -114.5)
DVec2(-38.5, -113.5)
DVec2(-38.5, -112.5)
DVec2(-39.5, -111.5)
DVec2(-39.5, -110.5)
DVec2(-39.5, -109.5)
DVec2(-39.5, -108.5)
DVec2(-38.5, -111.5)
DVec2(-38.5, -110.5)
DVec2(-38.5, -109.5)
DVec2(-38.5, -108.5)
DVec2(-39.5, -107.5)
DVec2(-39.5, -106.5)
DVec2(-39.5, -105.5)
DVec2(-39.5, -104.5)
DVec2(-38.5, -107.5)
DVec2(-38.5, -106.5)
DVec2(-38.5, -105.5)
DVec2(-38.5, -104.5)
DVec2(-39.5, -103.5)
DVec2(-39.5, -102.5)
DVec2(-39.5, -101.5)
DVec2(-39.5, -100.5)
DVec2(-38.5, -103.5)
DVec2(-38.5, -102.5)
DVec2(-38.5, -101.5)
DVec2(-38.5, -100.5)
DVec2(-39.5, -99.5)
DVec2(-39.5, -98.5)
DVec2(-39.5, -97.5)
DVec2(-39.5, -96.5)
DVec2(-38.5, -99.5)
DVec2(-38.5, -98.5)
DVec2(-38.5, -97.5)
DVec2(-38.5, -96.5)
DVec2(-39.5, -95.5)
DVec2(-39.5, -94.5)
DVec2(-39.5, -93.5)
DVec2(-39.5, -92.5)
DVec2(-38.5, -95.5)
DVec2(-38.5, -94.5)
DVec2(-38.5, -93.5)
DVec2(-38.5, -92.5)
DVec2(-39.5, -91.5)
DVec2(-39.5, -90.5)
DVec2(-39.5, -89.5)
DVec2(-39.5, -88.5)
DVec2(-38.5, -91.5)
DVec2(-38.5, -90.5)
DVec2(-38.5, -89.5)
DVec2(-38.5, -88.5)
DVec2(-39.5, -87.5)
DVec2(-39.5, -86.5)
DVec2(-39.5, -85.5)
DVec2(-39.5, -84.5)
DVec2(-38.5, -87.5)
DVec2(-38.5, -86.5)
DVec2(-38.5, -85.5)
DVec2(-38.5, -84.5)
DVec2(-39.5, -83.5)
DVec2(-39.5, -82.5)
DVec2(-39.5, -81.5)
DVec2(-39.5, -80.5)
DVec2(-38.5, -83.5)
DVec2(-38.5, -82.5)
DVec2(-38.5, -81.5)
DVec2(-38.5, -80.5)
DVec2(-39.5, -79.5)
DVec2(-39.5, -78.5)
DVec2(-39.5, -77.5)
DVec2(-39.5, -76.5)
DVec2(-38.5, -79.5)
DVec2(-38.5, -78.5)
DVec2(-38.5, -77.5)
DVec2(-38.5, -76.5)
DVec2(-39.5, -75.5)
DVec2(-39.5, -74.5)
DVec2(-39.5, -73.5)
DVec2(-39.5, -72.5)
DVec2(-38.5, -75.5)
DVec2(-38.5, -74.5)
DVec2(-38.5, -73.5)
DVec2(-38.5, -72.5)
DVec2(-39.5, -71.5)
DVec2(-39.5, -70.5)
DVec2(-39.5, -69.5)
DVec2(-39.5, -68.5)
DVec2(-38.5, -71.5)
DVec2(-38.5, -70.5)
DVec2(-38.5, -69.5)
DVec2(-38.5, -68.5)
DVec2(-39.5, -67.5)
DVec2(-39.5, -66.5)
DVec2(-39.5, -65.5)
DVec2(-39.5, -64.5)
DVec2(-38.5, -67.5)
DVec2(-38.5, -66.5)
DVec2(-38.5, -65.5)
DVec2(-38.5, -64.5)
DVec2(-39.5, -63.5)
DVec2(-39.5, -62.5)
DVec2(-39.5, -61.5)
DVec2(-39.5, -60.5)
DVec2(-38.5, -63.5)
DVec2(-38.5, -62.5)
DVec2(-38.5, -61.5)
DVec2(-38.5, -60.5)
DVec2(-39.5, -59.5)
DVec2(-39.5, -58.5)
DVec2(-39.5, -57.5)
DVec2(-39.5, -56.5)
DVec2(-38.5, -59.5)
DVec2(-38.5, -58.5)
DVec2(-38.5, -57.5)
DVec2(-38.5, -56.5)
DVec2(-39.5, -55.5)
DVec2(-39.5, -54.5)
DVec2(-39.5, -53.5)
DVec2(-39.5, -52.5)
DVec2(-38.5, -55.5)
DVec2(-38.5, -54.5)
DVec2(-38.5, -53.5)
DVec2(-38.5, -52.5)
DVec2(-39.5, -51.5)
DVec2(-39.5, -50.5)
DVec2(-39.5, -49.5)
DVec2(-39.5, -48.5)
DVec2(-38.5, -51.5)
DVec2(-38.5, -50.5)
DVec2(-38.5, -49.5)
DVec2(-38.5, -48.5)
DVec2(-39.5, -47.5)
DVec2(-39.5, -46.5)
DVec2(-39.5, -45.5)
DVec2(-39.5, -44.5)
DVec2(-38.5, -47.5)
DVec2(-38.5, -46.5)
DVec2(-38.5, -45.5)
DVec2(-38.5, -44.5)
DVec2(-39.5, -43.5)
DVec2(-39.5, -42.5)
DVec2(-39.5, -41.5)
DVec2(-39.5, -40.5)
DVec2(-38.5, -43.5)
DVec2(-38.5, -42.5)
DVec2(-38.5, -41.5)
DVec2(-38.5, -40.5)
DVec2(-39.5, -39.5)
DVec2(-39.5, -38.5)
DVec2(-39.5, -37.5)
DVec2(-39.5, -36.5)
DVec2(-38.5, -39.5)
DVec2(-38.5, -38.5)
DVec2(-38.5, -37.5)
DVec2(-38.5, -36.5)
DVec2(-39.5, -35.5)
DVec2(-39.5, -34.5)
DVec2(-39.5, -33.5)
DVec2(-39.5, -32.5)
DVec2(-38.5, -35.5)
DVec2(-38.5, -34.5)
DVec2(-38.5, -33.5)
DVec2(-38.5, -32.5)
DVec2(-39.5, -31.5)
DVec2(-39.5, -30.5)
DVec2(-39.5, -29.5)
DVec2(-39.5, -28.5)
DVec2(-38.5, -31.5)
DVec2(-38.5, -30.5)
DVec2(-38.5, -29.5)
DVec2(-38.5, -28.5)
DVec2(-39.5, -27.5)
DVec2(-39.5, -26.5)
DVec2(-39.5, -25.5)
DVec2(-39.5, -24.5)
DVec2(-38.5, -27.5)
DVec2(-38.5, -26.5)
DVec2(-38.5, -25.5)
DVec2(-38.5, -24.5)
DVec2(-39.5, -23.5)
DVec2(-39.5, -22.5)
DVec2(-39.5, -21.5)
DVec2(-39.5, -20.5)
DVec2(-38.5, -23.5)
DVec2(-38.5, -22.5)
DVec2(-38.5, -21.5)
DVec2(-38.5, -20.5)
DVec2(-39.5, -19.5)
DVec2(-39.5, -18.5)
DVec2(-39.5, -17.5)
DVec2(-39.5, -16.5)
DVec2(-38.5, -19.5)
DVec2(-38.5, -18.5)
DVec2(-38.5, -17.5)
DVec2(-38.5, -16.5)
DVec2(-39.5, -15.5)
DVec2(-39.5, -14.5)
DVec2(-39.5, -13.5)
DVec2(-39.5, -12.5)
DVec2(-38.5, -15.5)
DVec2(-38.5, -14.5)
DVec2(-38.5, -13.5)
DVec2(-38.5, -12.5)
DVec2(-39.5, -11.5)
DVec2(-39.5, -10.5)
DVec2(-39.5, -9.5)
DVec2(-39.5, -8.5)
DVec2(-38.5, -11.5)
DVec2(-38.5, -10.5)
DVec2(-38.5, -9.5)
DVec2(-38.5, -8.5)
DVec2(-39.5, -7.5)
DVec2(-39.5, -6.5)
DVec2(-39.5, -5.5)
DVec2(-39.5, -4.5)
DVec2(-38.5, -7.5)
DVec2(-38.5, -6.5)
DVec2(-38.5, -5.5)
DVec2(-38.5, -4.5)
DVec2(-39.5, -3.5)
DVec2(-39.5, -2.5)
DVec2(-39.5, -1.5)
DVec2(-39.5, -0.5)
DVec2(-38.5, -3.5)
DVec2(-38.5, -2.5)
DVec2(-38.5, -1.5)
DVec2(-38.5, -0.5)
DVec2(-39.5, 0.5)
DVec2(-39.5, 1.5)
DVec2(-39.5, 2.5)
DVec2(-39.5, 3.5)
DVec2(-38.5, 0.5)
DVec2(-38.5, 1.5)
DVec2(-38.5, 2.5)
DVec2(-38.5, 3.5)
DVec2(-39.5, 4.5)
DVec2(-39.5, 5.5)
DVec2(-39.5, 6.5)
DVec2(-39.5, 7.5)
DVec2(-38.5, 4.5)
DVec2(-38.5, 5.5)
DVec2(-38.5, 6.5)
DVec2(-38.5, 7.5)
DVec2(-39.5, 8.5)
DVec2(-39.5, 9.5)
DVec2(-39.5, 10.5)
DVec2(-39.5, 11.5)
DVec2(-38.5, 8.5)
DVec2(-38.5, 9.5)
DVec2(-38.5, 10.5)
DVec2(-38.5, 11.5)
DVec2(-39.5, 12.5)
DVec2(-39.5, 13.5)
DVec2(-39.5, 14.5)
DVec2(-39.5, 15.5)
DVec2(-38.5, 12.5)
DVec2(-38.5, 13.5)
DVec2(-38.5, 14.5)
DVec2(-38.5, 15.5)
DVec2(-39.5, 16.5)
DVec2(-39.5, 17.5)
DVec2(-39.5, 18.5)
DVec2(-39.5, 19.5)
DVec2(-38.5, 16.5)
DVec2(-38.5, 17.5)
DVec2(-38.5, 18.5)
DVec2(-38.5, 19.5)
DVec2(-39.5, 20.5)
DVec2(-39.5, 21.5)
DVec2(-39.5, 22.5)
DVec2(-39.5, 23.5)
DVec2(-38.5, 20.5)
DVec2(-38.5, 21.5)
DVec2(-38.5, 22.5)
DVec2(-38.5, 23.5)
DVec2(-39.5, 24.5)
DVec2(-39.5, 25.5)
DVec2(-39.5, 26.5)
DVec2(-39.5, 27.5)
DVec2(-38.5, 24.5)
DVec2(-38.5, 25.5)
DVec2(-38.5, 26.5)
DVec2(-38.5, 27.5)
DVec2(-39.5, 28.5)
DVec2(-39.5, 29.5)
DVec2(-39.5, 30.5)
DVec2(-39.5, 31.5)
DVec2(-38.5, 28.5)
DVec2(-38.5, 29.5)
DVec2(-38.5, 30.5)
DVec2(-38.5, 31.5)
DVec2(-39.5, 32.5)
DVec2(-39.5, 33.5)
DVec2(-39.5, 34.5)
DVec2(-39.5, 35.5)
DVec2(-38.5, 32.5)
DVec2(-38.5, 33.5)
DVec2(-38.5, 34.5)
DVec2(-38.5, 35.5)
DVec2(-39.5, 36.5)
DVec2(-39.5, 37.5)
DVec2(-39.5, 38.5)
DVec2(-39.5, 39.5)
DVec2(-38.5, 36.5)
DVec2(-38.5, 37.5)
DVec2(-38.5, 38.5)
DVec2(-38.5, 39.5)
DVec2(-39.5, 40.5)
DVec2(-39.5, 41.5)
DVec2(-39.5, 42.5)
DVec2(-39.5, 43.5)
DVec2(-38.5, 40.5)
DVec2(-38.5, 41.5)
DVec2(-38.5, 42.5)
DVec2(-38.5, 43.5)
DVec2(-39.5, 44.5)
DVec2(-39.5, 45.5)
DVec2(-39.5, 46.5)
DVec2(-39.5, 47.5)
DVec2(-38.5, 44.5)
DVec2(-38.5, 45.5)
DVec2(-38.5, 46.5)
DVec2(-38.5, 47.5)
DVec2(-39.5, 48.5)
DVec2(-39.5, 49.5)
DVec2(-39.5, 50.5)
DVec2(-39.5, 51.5)
DVec2(-38.5, 48.5)
DVec2(-38.5, 49.5)
DVec2(-38.5, 50.5)
DVec2(-38.5, 51.5)
DVec2(-39.5, 52.5)
DVec2(-39.5, 53.5)
DVec2(-39.5, 54.5)
DVec2(-39.5, 55.5)
DVec2(-38.5, 52.5)
DVec2(-38.5, 53.5)
DVec2(-38.5, 54.5)
DVec2(-38.5, 55.5)
DVec2(-39.5, 56.5)
DVec2(-39.5, 57.5)
DVec2(-39.5, 58.5)
DVec2(-39.5, 59.5)
DVec2(-38.5, 56.5)
DVec2(-38.5, 57.5)
DVec2(-38.5, 58.5)
DVec2(-38.5, 59.5)
DVec2(-39.5, 60.5)
DVec2(-39.5, 61.5)
DVec2(-39.5, 62.5)
DVec2(-39.5, 63.5)
DVec2(-38.5, 60.5)
DVec2(-38.5, 61.5)
DVec2(-38.5, 62.5)
DVec2(-38.5, 63.5)
DVec2(-39.5, 64.5)
DVec2(-39.5, 65.5)
DVec2(-39.5, 66.5)
DVec2(-39.5, 67.5)
DVec2(-38.5, 64.5)
DVec2(-38.5, 65.5)
DVec2(-38.5, 66.5)
DVec2(-38.5, 67.5)
DVec2(-39.5, 68.5)
DVec2(-39.5, 69.5)
DVec2(-39.5, 70.5)
DVec2(-39.5, 71.5)
DVec2(-38.5, 68.5)
DVec2(-38.5, 69.5)
DVec2(-38.5, 70.5)
DVec2(-38.5, 71.5)
DVec2(-39.5, 72.5)
DVec2(-39.5, 73.5)
DVec2(-39.5, 74.5)
DVec2(-39.5, 75.5)
DVec2(-38.5, 72.5)
DVec2(-38.5, 73.5)
DVec2(-38.5, 74.5)
DVec2(-38.5, 75.5)
DVec2(-39.5, 76.5)
DVec2(-39.5, 77.5)
DVec2(-39.5, 78.5)
DVec2(-39.5, 79.5)
DVec2(-38.5, 76.5)
DVec2(-38.5, 77.5)
DVec2(-38.5, 78.5)
DVec2(-38.5, 79.5)
DVec2(-39.5, 80.5)
DVec2(-39.5, 81.5)
DVec2(-39.5, 82.5)
DVec2(-39.5, 83.5)
DVec2(-38.5, 80.5)
DVec2(-38.5, 81.5)
DVec2(-38.5, 82.5)
DVec2(-38.5, 83.5)
DVec2(-39.5, 84.5)
DVec2(-39.5, 85.5)
DVec2(-39.5, 86.5)
DVec2(-39.5, 87.5)
DVec2(-38.5, 84.5)
DVec2(-38.5, 85.5)
DVec2(-38.5, 86.5)
DVec2(-38.5, 87.5)
DVec2(-39.5, 88.5)
DVec2(-39.5, 89.5)
DVec2(-39.5, 90.5)
DVec2(-39.5, 91.5)
DVec2(-38.5, 88.5)
DVec2(-38.5, 89.5)
DVec2(-38.5, 90.5)
DVec2(-38.5, 91.5)
DVec2(-39.5, 92.5)
DVec2(-39.5, 93.5)
DVec2(-39.5, 94.5)
DVec2(-39.5, 95.5)
DVec2(-38.5, 92.5)
DVec2(-38.5, 93.5)
DVec2(-38.5, 94.5)
DVec2(-38.5, 95.5)
DVec2(-39.5, 96.5)
DVec2(-39.5, 97.5)
DVec2(-39.5, 98.5)
DVec2(-39.5, 99.5)
DVec2(-38.5, 96.5)
DVec2(-38.5, 97.5)
DVec2(-38.5, 98.5)
DVec2(-38.5, 99.5)
DVec2(-39.5, 100.5)
DVec2(-39.5, 101.5)
DVec2(-39.5, 102.5)
DVec2(-39.5, 103.5)
DVec2(-38.5, 100.5)
DVec2(-38.5, 101.5)
DVec2(-38.5, 102.5)
DVec2(-38.5, 103.5)
DVec2(-39.5, 104.5)
DVec2(-39.5, 105.5)
DVec2(-39.5, 106.5)
DVec2(-39.5, 107.5)
DVec2(-38.5, 104.5)
DVec2(-38.5, 105.5)
DVec2(-38.5, 106.5)
DVec2(-38.5, 107.5)
DVec2(-39.5, 108.5)
DVec2(-39.5, 109.5)
DVec2(-39.5, 110.5)
DVec2(-39.5, 111.5)
DVec2(-38.5, 108.5)
DVec2(-38.5, 109.5)
DVec2(-38.5, 110.5)
DVec2(-38.5, 111.5)
DVec2(-39.5, 112.5)
DVec2(-39.5, 113.5)
DVec2(-39.5, 114.5)
DVec2(-39.5, 115.5)
DVec2(-38.5, 112.5)
DVec2(-38.5, 113.5)
DVec2(-38.5, 114.5)
DVec2(-38.5, 115.5)
DVec2(-39.5, 116.5)
DVec2(-39.5, 117.5)
DVec2(-39.5, 118.5)
DVec2(-39.5, 119.5)
DVec2(-38.5, 116.5)
DVec2(-38.5, 117.5)
DVec2(-38.5, 118.5)
DVec2(-38.5, 119.5)
DVec2(-37.5, -119.5)
DVec2(-37.5, -118.5)
DVec2(-37.5, -117.5)
DVec2(-37.5, -116.5)
DVec2(-36.5, -119.5)
DVec2(-36.5, -118.5)
DVec2(-36.5, -117.5)
DVec2(-36.5, -116.5)
DVec2(-37.5, -115.5)
DVec2(-37.5, -114.5)
DVec2(-37.5, -113.5)
DVec2(-37.5, -112.5)
DVec2(-36.5, -115.5)
DVec2(-36.5, -114.5)
DVec2(-36.5, -113.5)
DVec2(-36.5, -112.5)
DVec2(-37.5, -111.5)
DVec2(-37.5, -110.5)
DVec2(-37.5, -109.5)
DVec2(-37.5, -108.5)
DVec2(-36.5, -111.5)
DVec2(-36.5, -110.5)
DVec2(-36.5, -109.5)
DVec2(-36.5, -108.5)
DVec2(-37.5, -107.5)
DVec2(-37.5, -106.5)
DVec2(-37.5, -105.5)
DVec2(-37.5, -104.5)
DVec2(-36.5, -107.5)
DVec2(-36.5, -106.5)
DVec2(-36.5, -105.5)
DVec2(-36.5, -104.5)
DVec2(-37.5, -103.5)
DVec2(-37.5, -102.5)
DVec2(-37.5, -101.5)
DVec2(-37.5, -100.5)
DVec2(-36.5, -103.5)
DVec2(-36.5, -102.5)
DVec2(-36.5, -101.5)
DVec2(-36.5, -100.5)
DVec2(-37.5, -99.5)
DVec2(-37.5, -98.5)
DVec2(-37.5, -97.5)
DVec2(-37.5, -96.5)
DVec2(-36.5, -99.5)
DVec2(-36.5, -98.5)
DVec2(-36.5, -97.5)
DVec2(-36.5, -96.5)
DVec2(-37.5, -95.5)
DVec2(-37.5, -94.5)
DVec2(-37.5, -93.5)
DVec2(-37.5, -92.5)
DVec2(-36.5, -95.5)
DVec2(-36.5, -94.5)
DVec2(-36.5, -93.5)
DVec2(-36.5, -92.5)
DVec2(-37.5, -91.5)
DVec2(-37.5, -90.5)
DVec2(-37.5, -89.5)
DVec2(-37.5, -88.5)
DVec2(-36.5, -91.5)
DVec2(-36.5, -90.5)
DVec2(-36.5, -89.5)
DVec2(-36.5, -88.5)
DVec2(-37.5, -87.5)
DVec2(-37.5, -86.5)
DVec2(-37.5, -85.5)
DVec2(-37.5, -84.5)
DVec2(-36.5, -87.5)
DVec2(-36.5, -86.5)
DVec2(-36.5, -85.5)
DVec2(-36.5, -84.5)
DVec2(-37.5, -83.5)
DVec2(-37.5, -82.5)
DVec2(-37.5, -81.5)
DVec2(-37.5, -80.5)
DVec2(-36.5, -83.5)
DVec2(-36.5, -82.5)
DVec2(-36.5, -81.5)
DVec2(-36.5, -80.5)
DVec2(-37.5, -79.5)
DVec2(-37.5, -78.5)
DVec2(-37.5, -77.5)
DVec2(-37.5, -76.5)
DVec2(-36.5, -79.5)
DVec2(-36.5, -78.5)
DVec2(-36.5, -77.5)
DVec2(-36.5, -76.5)
DVec2(-37.5, -75.5)
DVec2(-37.5, -74.5)
DVec2(-37.5, -73.5)
DVec2(-37.5, -72.5)
DVec2(-36.5, -75.5)
DVec2(-36.5, -74.5)
DVec2(-36.5, -73.5)
DVec2(-36.5, -72.5)
DVec2(-37.5, -71.5)
DVec2(-37.5, -70.5)
DVec2(-37.5, -69.5)
DVec2(-37.5, -68.5)
DVec2(-36.5, -71.5)
DVec2(-36.5, -70.5)
DVec2(-36.5, -69.5)
DVec2(-36.5, -68.5)
DVec2(-37.5, -67.5)
DVec2(-37.5, -66.5)
DVec2(-37.5, -65.5)
DVec2(-37.5, -64.5)
DVec2(-36.5, -67.5)
DVec2(-36.5, -66.5)
DVec2(-36.5, -65.5)
DVec2(-36.5, -64.5)
DVec2(-37.5, -63.5)
DVec2(-37.5, -62.5)
DVec2(-37.5, -61.5)
DVec2(-37.5, -60.5)
DVec2(-36.5, -63.5)
DVec2(-36.5, -62.5)
DVec2(-36.5, -61.5)
DVec2(-36.5, -60.5)
DVec2(-37.5, -59.5)
DVec2(-37.5, -58.5)
DVec2(-37.5, -57.5)
DVec2(-37.5, -56.5)
DVec2(-36.5, -59.5)
DVec2(-36.5, -58.5)
DVec2(-36.5, -57.5)
DVec2(-36.5, -56.5)
DVec2(-37.5, -55.5)
DVec2(-37.5, -54.5)
DVec2(-37.5, -53.5)
DVec2(-37.5, -52.5)
DVec2(-36.5, -55.5)
DVec2(-36.5, -54.5)
DVec2(-36.5, -53.5)
DVec2(-36.5, -52.5)
DVec2(-37.5, -51.5)
DVec2(-37.5, -50.5)
DVec2(-37.5, -49.5)
DVec2(-37.5, -48.5)
DVec2(-36.5, -51.5)
DVec2(-36.5, -50.5)
DVec2(-36.5, -49.5)
DVec2(-36.5, -48.5)
DVec2(-37.5, -47.5)
DVec2(-37.5, -46.5)
DVec2(-37.5, -45.5)
DVec2(-37.5, -44.5)
DVec2(-36.5, -47.5)
DVec2(-36.5, -46.5)
DVec2(-36.5, -45.5)
DVec2(-36.5, -44.5)
DVec2(-37.5, -43.5)
DVec2(-37.5, -42.5)
DVec2(-37.5, -41.5)
DVec2(-37.5, -40.5)
DVec2(-36.5, -43.5)
DVec2(-36.5, -42.5)
DVec2(-36.5, -41.5)
DVec2(-36.5, -40.5)
DVec2(-37.5, -39.5)
DVec2(-37.5, -38.5)
DVec2(-37.5, -37.5)
DVec2(-37.5, -36.5)
DVec2(-36.5, -39.5)
DVec2(-36.5, -38.5)
DVec2(-36.5, -37.5)
DVec2(-36.5, -36.5)
DVec2(-37.5, -35.5)
DVec2(-37.5, -34.5)
DVec2(-37.5, -33.5)
DVec2(-37.5, -32.5)
DVec2(-36.5, -35.5)
DVec2(-36.5, -34.5)
DVec2(-36.5, -33.5)
DVec2(-36.5, -32.5)
DVec2(-37.5, -31.5)
DVec2(-37.5, -30.5)
DVec2(-37.5, -29.5)
DVec2(-37.5, -28.5)
DVec2(-36.5, -31.5)
DVec2(-36.5, -30.5)
DVec2(-36.5, -29.5)
DVec2(-36.5, -28.5)
DVec2(-37.5, -27.5)
DVec2(-37.5, -26.5)
DVec2(-37.5, -25.5)
DVec2(-37.5, -24.5)
DVec2(-36.5, -27.5)
DVec2(-36.5, -26.5)
DVec2(-36.5, -25.5)
DVec2(-36.5, -24.5)
DVec2(-37.5, -23.5)
DVec2(-37.5, -22.5)
DVec2(-37.5, -21.5)
DVec2(-37.5, -20.5)
DVec2(-36.5, -23.5)
DVec2(-36.5, -22.5)
DVec2(-36.5, -21.5)
DVec2(-36.5, -20.5)
DVec2(-37.5, -19.5)
DVec2(-37.5, -18.5)
DVec2(-37.5, -17.5)
DVec2(-37.5, -16.5)
DVec2(-36.5, -19.5)
DVec2(-36.5, -18.5)
DVec2(-36.5, -17.5)
DVec2(-36.5, -16.5)
DVec2(-37.5, -15.5)
DVec2(-37.5, -14.5)
DVec2(-37.5, -13.5)
DVec2(-37.5, -12.5)
DVec2(-36.5, -15.5)
DVec2(-36.5, -14.5)
DVec2(-36.5, -13.5)
DVec2(-36.5, -12.5)
DVec2(-37.5, -11.5)
DVec2(-37.5, -10.5)
DVec2(-37.5, -9.5)
DVec2(-37.5, -8.5)
DVec2(-36.5, -11.5)
DVec2(-36.5, -10.5)
DVec2(-36.5, -9.5)
DVec2(-36.5, -8.5)
DVec2(-37.5, -7.5)
DVec2(-37.5, -6.5)
DVec2(-37.5, -5.5)
DVec2(-37.5, -4.5)
DVec2(-36.5, -7.5)
DVec2(-36.5, -6.5)
DVec2(-36.5, -5.5)
DVec2(-36.5, -4.5)
DVec2(-37.5, -3.5)
DVec2(-37.5, -2.5)
DVec2(-37.5, -1.5)
DVec2(-37.5, -0.5)
DVec2(-36.5, -3.5)
DVec2(-36.5, -2.5)
DVec2(-36.5, -1.5)
DVec2(-36.5, -0.5)
DVec2(-37.5, 0.5)
DVec2(-37.5, 1.5)
DVec2(-37.5, 2.5)
DVec2(-37.5, 3.5)
DVec2(-36.5, 0.5)
DVec2(-36.5, 1.5)
DVec2(-36.5, 2.5)
DVec2(-36.5, 3.5)
DVec2(-37.5, 4.5)
DVec2(-37.5, 5.5)
DVec2(-37.5, 6.5)
DVec2(-37.5, 7.5)
DVec2(-36.5, 4.5)
DVec2(-36.5, 5.5)
DVec2(-36.5, 6.5)
DVec2(-36.5, 7.5)
DVec2(-37.5, 8.5)
DVec2(-37.5, 9.5)
DVec2(-37.5, 10.5)
DVec2(-37.5, 11.5)
DVec2(-36.5, 8.5)
DVec2(-36.5, 9.5)
DVec2(-36.5, 10.5)
DVec2(-36.5, 11.5)
DVec2(-37.5, 12.5)
DVec2(-37.5, 13.5)
DVec2(-37.5, 14.5)
DVec2(-37.5, 15.5)
DVec2(-36.5, 12.5)
DVec2(-36.5, 13.5)
DVec2(-36.5, 14.5)
DVec2(-36.5, 15.5)
DVec2(-37.5, 16.5)
DVec2(-37.5, 17.5)
DVec2(-37.5, 18.5)
DVec2(-37.5, 19.5)
DVec2(-36.5, 16.5)
DVec2(-36.5, 17.5)
DVec2(-36.5, 18.5)
DVec2(-36.5, 19.5)
DVec2(-37.5, 20.5)
DVec2(-37.5, 21.5)
DVec2(-37.5, 22.5)
DVec2(-37.5, 23.5)
DVec2(-36.5, 20.5)
DVec2(-36.5, 21.5)
DVec2(-36.5, 22.5)
DVec2(-36.5, 23.5)
DVec2(-37.5, 24.5)
DVec2(-37.5, 25.5)
DVec2(-37.5, 26.5)
DVec2(-37.5, 27.5)
DVec2(-36.5, 24.5)
DVec2(-36.5, 25.5)
DVec2(-36.5, 26.5)
DVec2(-36.5, 27.5)
DVec2(-37.5, 28.5)
DVec2(-37.5, 29.5)
DVec2(-37.5, 30.5)
DVec2(-37.5, 31.5)
DVec2(-36.5, 28.5)
DVec2(-36.5, 29.5)
DVec2(-36.5, 30.5)
DVec2(-36.5, 31.5)
DVec2(-37.5, 32.5)
DVec2(-37.5, 33.5)
DVec2(-37.5, 34.5)
DVec2(-37.5, 35.5)
DVec2(-36.5, 32.5)
DVec2(-36.5, 33.5)
DVec2(-36.5, 34.5)
DVec2(-36.5, 35.5)
DVec2(-37.5, 36.5)
DVec2(-37.5, 37.5)
DVec2(-37.5, 38.5)
DVec2(-37.5, 39.5)
DVec2(-36.5, 36.5)
DVec2(-36.5, 37.5)
DVec2(-36.5, 38.5)
DVec2(-36.5, 39.5)
DVec2(-37.5, 40.5)
DVec2(-37.5, 41.5)
DVec2(-37.5, 42.5)
DVec2(-37.5, 43.5)
DVec2(-36.5, 40.5)
DVec2(-36.5, 41.5)
DVec2(-36.5, 42.5)
DVec2(-36.5, 43.5)
DVec2(-37.5, 44.5)
DVec2(-37.5, 45.5)
DVec2(-37.5, 46.5)
DVec2(-37.5, 47.5)
DVec2(-36.5, 44.5)
DVec2(-36.5, 45.5)
DVec2(-36.5, 46.5)
DVec2(-36.5, 47.5)
DVec2(-37.5, 48.5)
DVec2(-37.5, 49.5)
DVec2(-37.5, 50.5)
DVec2(-37.5, 51.5)
DVec2(-36.5, 48.5)
DVec2(-36.5, 49.5)
DVec2(-36.5, 50.5)
DVec2(-36.5, 51.5)
DVec2(-37.5, 52.5)
DVec2(-37.5, 53.5)
DVec2(-37.5, 54.5)
DVec2(-37.5, 55.5)
DVec2(-36.5, 52.5)
DVec2(-36.5, 53.5)
DVec2(-36.5, 54.5)
DVec2(-36.5, 55.5)
DVec2(-37.5, 56.5)
DVec2(-37.5, 57.5)
DVec2(-37.5, 58.5)
DVec2(-37.5, 59.5)
DVec2(-36.5, 56.5)
DVec2(-36.5, 57.5)
DVec2(-36.5, 58.5)
DVec2(-36.5, 59.5)
DVec2(-37.5, 60.5)
DVec2(-37.5, 61.5)
DVec2(-37.5, 62.5)
DVec2(-37.5, 63.5)
DVec2(-36.5, 60.5)
DVec2(-36.5, 61.5)
DVec2(-36.5, 62.5)
DVec2(-36.5, 63.5)
DVec2(-37.5, 64.5)
DVec2(-37.5, 65.5)
DVec2(-37.5, 66.5)
DVec2(-37.5, 67.5)
DVec2(-36.5, 64.5)
DVec2(-36.5, 65.5)
DVec2(-36.5, 66.5)
DVec2(-36.5, 67.5)
DVec2(-37.5, 68.5)
DVec2(-37.5, 69.5)
DVec2(-37.5, 70.5)
DVec2(-37.5, 71.5)
DVec2(-36.5, 68.5)
DVec2(-36.5, 69.5)
DVec2(-36.5, 70.5)
DVec2(-36.5, 71.5)
DVec2(-37.5, 72.5)
DVec2(-37.5, 73.5)
DVec2(-37.5, 74.5)
DVec2(-37.5, 75.5)
DVec2(-36.5, 72.5)
DVec2(-36.5, 73.5)
DVec2(-36.5, 74.5)
DVec2(-36.5, 75.5)
DVec2(-37.5, 76.5)
DVec2(-37.5, 77.5)
DVec2(-37.5, 78.5)
DVec2(-37.5, 79.5)
DVec2(-36.5, 76.5)
DVec2(-36.5, 77.5)
DVec2(-36.5, 78.5)
DVec2(-36.5, 79.5)
DVec2(-37.5, 80.5)
DVec2(-37.5, 81.5)
DVec2(-37.5, 82.5)
DVec2(-37.5, 83.5)
DVec2(-36.5, 80.5)
DVec2(-36.5, 81.5)
DVec2(-36.5, 82.5)
DVec2(-36.5, 83.5)
DVec2(-37.5, 84.5)
DVec2(-37.5, 85.5)
DVec2(-37.5, 86.5)
DVec2(-37.5, 87.5)
DVec2(-36.5, 84.5)
DVec2(-36.5, 85.5)
DVec2(-36.5, 86.5)
DVec2(-36.5, 87.5)
DVec2(-37.5, 88.5)
DVec2(-37.5, 89.5)
DVec2(-37.5, 90.5)
DVec2(-37.5, 91.5)
DVec2(-36.5, 88.5)
DVec2(-36.5, 89.5)
DVec2(-36.5, 90.5)
DVec2(-36.5, 91.5)
DVec2(-37.5, 92.5)
DVec2(-37.5, 93.5)
DVec2(-37.5, 94.5)
DVec2(-37.5, 95.5)
DVec2(-36.5, 92.5)
DVec2(-36.5, 93.5)
DVec2(-36.5, 94.5)
DVec2(-36.5, 95.5)
DVec2(-37.5, 96.5)
DVec2(-37.5, 97.5)
DVec2(-37.5, 98.5)
DVec2(-37.5, 99.5)
DVec2(-36.5, 96.5)
DVec2(-36.5, 97.5)
DVec2(-36.5, 98.5)
DVec2(-36.5, 99.5)
DVec2(-37.5, 100.5)
DVec2(-37.5, 101.5)
DVec2(-37.5, 102.5)
DVec2(-37.5, 103.5)
DVec2(-36.5, 100.5)
DVec2(-36.5, 101.5)
DVec2(-36.5, 102.5)
DVec2(-36.5, 103.5)
DVec2(-37.5, 104.5)
DVec2(-37.5, 105.5)
DVec2(-37.5, 106.5)
DVec2(-37.5, 107.5)
DVec2(-36.5, 104.5)
DVec2(-36.5, 105.5)
DVec2(-36.5, 106.5)
DVec2(-36.5, 107.5)
DVec2(-37.5, 108.5)
DVec2(-37.5, 109.5)
DVec2(-37.5, 110.5)
DVec2(-37.5, 111.5)
DVec2(-36.5, 108.5)
DVec2(-36.5, 109.5)
DVec2(-36.5, 110.5)
DVec2(-36.5, 111.5)
DVec2(-37.5, 112.5)
DVec2(-37.5, 113.5)
DVec2(-37.5, 114.5)
DVec2(-37.5, 115.5)
DVec2(-36.5, 112.5)
DVec2(-36.5, 113.5)
DVec2(-36.5, 114.5)
DVec2(-36.5, 115.5)
DVec2(-37.5, 116.5)
DVec2(-37.5, 117.5)
DVec2(-37.5, 118.5)
DVec2(-37.5, 119.5)
DVec2(-36.5, 116.5)
DVec2(-36.5, 117.5)
DVec2(-36.5, 118.5)
DVec2(-36.5, 119.5)
DVec2(-35.5, -119.5)
DVec2(-35.5, -118.5)
DVec2(-35.5, -117.5)
DVec2(-35.5, -116.5)
DVec2(-34.5, -119.5)
DVec2(-34.5, -118.5)
DVec2(-34.5, -117.5)
DVec2(-34.5, -116.5)
DVec2(-35.5, -115.5)
DVec2(-35.5, -114.5)
DVec2(-35.5, -113.5)
DVec2(-35.5, -112.5)
DVec2(-34.5, -115.5)
DVec2(-34.5, -114.5)
DVec2(-34.5, -113.5)
DVec2(-34.5, -112.5)
DVec2(-35.5, -111.5)
DVec2(-35.5, -110.5)
DVec2(-35.5, -109.5)
DVec2(-35.5, -108.5)
DVec2(-34.5, -111.5)
DVec2(-34.5, -110.5)
DVec2(-34.5, -109.5)
DVec2(-34.5, -108.5)
DVec2(-35.5, -107.5)
DVec2(-35.5, -106.5)
DVec2(-35.5, -105.5)
DVec2(-35.5, -104.5)
DVec2(-34.5, -107.5)
DVec2(-34.5, -106.5)
DVec2(-34.5, -105.5)
DVec2(-34.5, -104.5)
DVec2(-35.5, -103.5)
DVec2(-35.5, -102.5)
DVec2(-35.5, -101.5)
DVec2(-35.5, -100.5)
DVec2(-34.5, -103.5)
DVec2(-34.5, -102.5)
DVec2(-34.5, -101.5)
DVec2(-34.5, -100.5)
DVec2(-35.5, -99.5)
DVec2(-35.5, -98.5)
DVec2(-35.5, -97.5)
DVec2(-35.5, -96.5)
DVec2(-34.5, -99.5)
DVec2(-34.5, -98.5)
DVec2(-34.5, -97.5)
DVec2(-34.5, -96.5)
DVec2(-35.5, -95.5)
DVec2(-35.5, -94.5)
DVec2(-35.5, -93.5)
DVec2(-35.5, -92.5)
DVec2(-34.5, -95.5)
DVec2(-34.5, -94.5)
DVec2(-34.5, -93.5)
DVec2(-34.5, -92.5)
DVec2(-35.5, -91.5)
DVec2(-35.5, -90.5)
DVec2(-35.5, -89.5)
DVec2(-35.5, -88.5)
DVec2(-34.5, -91.5)
DVec2(-34.5, -90.5)
DVec2(-34.5, -89.5)
DVec2(-34.5, -88.5)
DVec2(-35.5, -87.5)
DVec2(-35.5, -86.5)
DVec2(-35.5, -85.5)
DVec2(-35.5, -84.5)
DVec2(-34.5, -87.5)
DVec2(-34.5, -86.5)
DVec2(-34.5, -85.5)
DVec2(-34.5, -84.5)
DVec2(-35.5, -83.5)
DVec2(-35.5, -82.5)
DVec2(-35.5, -81.5)
DVec2(-35.5, -80.5)
DVec2(-34.5, -83.5)
DVec2(-34.5, -82.5)
DVec2(-34.5, -81.5)
DVec2(-34.5, -80.5)
DVec2(-35.5, -79.5)
DVec2(-35.5, -78.5)
DVec2(-35.5, -77.5)
DVec2(-35.5, -76.5)
DVec2(-34.5, -79.5)
DVec2(-34.5, -78.5)
DVec2(-34.5, -77.5)
DVec2(-34.5, -76.5)
DVec2(-35.5, -75.5)
DVec2(-35.5, -74.5)
DVec2(-35.5, -73.5)
DVec2(-35.5, -72.5)
DVec2(-34.5, -75.5)
DVec2(-34.5, -74.5)
DVec2(-34.5, -73.5)
DVec2(-34.5, -72.5)
DVec2(-35.5, -71.5)
DVec2(-35.5, -70.5)
DVec2(-35.5, -69.5)
DVec2(-35.5, -68.5)
DVec2(-34.5, -71.5)
DVec2(-34.5, -70.5)
DVec2(-34.5, -69.5)
DVec2(-34.5, -68.5)
DVec2(-35.5, -67.5)
DVec2(-35.5, -66.5)
DVec2(-35.5, -65.5)
DVec2(-35.5, -64.5)
DVec2(-34.5, -67.5)
DVec2(-34.5, -66.5)
DVec2(-34.5, -65.5)
DVec2(-34.5, -64.5)
DVec2(-35.5, -63.5)
DVec2(-35.5, -62.5)
DVec2(-35.5, -61.5)
DVec2(-35.5, -60.5)
DVec2(-34.5, -63.5)
DVec2(-34.5, -62.5)
DVec2(-34.5, -61.5)
DVec2(-34.5, -60.5)
DVec2(-35.5, -59.5)
DVec2(-35.5, -58.5)
DVec2(-35.5, -57.5)
DVec2(-35.5, -56.5)
DVec2(-34.5, -59.5)
DVec2(-34.5, -58.5)
DVec2(-34.5, -57.5)
DVec2(-34.5, -56.5)
DVec2(-35.5, -55.5)
DVec2(-35.5, -54.5)
DVec2(-35.5, -53.5)
DVec2(-35.5, -52.5)
DVec2(-34.5, -55.5)
DVec2(-34.5, -54.5)
DVec2(-34.5, -53.5)
DVec2(-34.5, -52.5)
DVec2(-35.5, -51.5)
DVec2(-35.5, -50.5)
DVec2(-35.5, -49.5)
DVec2(-35.5, -48.5)
DVec2(-34.5, -51.5)
DVec2(-34.5, -50.5)
DVec2(-34.5, -49.5)
DVec2(-34.5, -48.5)
DVec2(-35.5, -47.5)
DVec2(-35.5, -46.5)
DVec2(-35.5, -45.5)
DVec2(-35.5, -44.5)
DVec2(-34.5, -47.5)
DVec2(-34.5, -46.5)
DVec2(-34.5, -45.5)
DVec2(-34.5, -44.5)
DVec2(-35.5, -43.5)
DVec2(-35.5, -42.5)
DVec2(-35.5, -41.5)
DVec2(-35.5, -40.5)
DVec2(-34.5, -43.5)
DVec2(-34.5, -42.5)
DVec2(-34.5, -41.5)
DVec2(-34.5, -40.5)
DVec2(-35.5, -39.5)
DVec2(-35.5, -38.5)
DVec2(-35.5, -37.5)
DVec2(-35.5, -36.5)
DVec2(-34.5, -39.5)
DVec2(-34.5, -38.5)
DVec2(-34.5, -37.5)
DVec2(-34.5, -36.5)
DVec2(-35.5, -35.5)
DVec2(-35.5, -34.5)
DVec2(-35.5, -33.5)
DVec2(-35.5, -32.5)
DVec2(-34.5, -35.5)
DVec2(-34.5, -34.5)
DVec2(-34.5, -33.5)
DVec2(-34.5, -32.5)
DVec2(-35.5, -31.5)
DVec2(-35.5, -30.5)
DVec2(-35.5, -29.5)
DVec2(-35.5, -28.5)
DVec2(-34.5, -31.5)
DVec2(-34.5, -30.5)
DVec2(-34.5, -29.5)
DVec2(-34.5, -28.5)
DVec2(-35.5, -27.5)
DVec2(-35.5, -26.5)
DVec2(-35.5, -25.5)
DVec2(-35.5, -24.5)
DVec2(-34.5, -27.5)
DVec2(-34.5, -26.5)
DVec2(-34.5, -25.5)
DVec2(-34.5, -24.5)
DVec2(-35.5, -23.5)
DVec2(-35.5, -22.5)
DVec2(-35.5, -21.5)
DVec2(-35.5, -20.5)
DVec2(-34.5, -23.5)
DVec2(-34.5, -22.5)
DVec2(-34.5, -21.5)
DVec2(-34.5, -20.5)
DVec2(-35.5, -19.5)
DVec2(-35.5, -18.5)
DVec2(-35.5, -17.5)
DVec2(-35.5, -16.5)
DVec2(-34.5, -19.5)
DVec2(-34.5, -18.5)
DVec2(-34.5, -17.5)
DVec2(-34.5, -16.5)
DVec2(-35.5, -15.5)
DVec2(-35.5, -14.5)
DVec2(-35.5, -13.5)
DVec2(-35.5, -12.5)
DVec2(-34.5, -15.5)
DVec2(-34.5, -14.5)
DVec2(-34.5, -13.5)
DVec2(-34.5, -12.5)
DVec2(-35.5, -11.5)
DVec2(-35.5, -10.5)
DVec2(-35.5, -9.5)
DVec2(-35.5, -8.5)
DVec2(-34.5, -11.5)
DVec2(-34.5, -10.5)
DVec2(-34.5, -9.5)
DVec2(-34.5, -8.5)
DVec2(-35.5, -7.5)
DVec2(-35.5, -6.5)
DVec2(-35.5, -5.5)
DVec2(-35.5, -4.5)
DVec2(-34.5, -7.5)
DVec2(-34.5, -6.5)
DVec2(-34.5, -5.5)
DVec2(-34.5, -4.5)
DVec2(-35.5, -3.5)
DVec2(-35.5, -2.5)
DVec2(-35.5, -1.5)
DVec2(-35.5, -0.5)
DVec2(-34.5, -3.5)
DVec2(-34.5, -2.5)
DVec2(-34.5, -1.5)
DVec2(-34.5, -0.5)
DVec2(-35.5, 0.5)
DVec2(-35.5, 1.5)
DVec2(-35.5, 2.5)
DVec2(-35.5, 3.5)
DVec2(-34.5, 0.5)
DVec2(-34.5, 1.5)
DVec2(-34.5, 2.5)
DVec2(-34.5, 3.5)
DVec2(-35.5, 4.5)
DVec2(-35.5, 5.5)
DVec2(-35.5, 6.5)
DVec2(-35.5, 7.5)
DVec2(-34.5, 4.5)
DVec2(-34.5, 5.5)
DVec2(-34.5, 6.5)
DVec2(-34.5, 7.5)
DVec2(-35.5, 8.5)
DVec2(-35.5, 9.5)
DVec2(-35.5, 10.5)
DVec2(-35.5, 11.5)
DVec2(-34.5, 8.5)
DVec2(-34.5, 9.5)
DVec2(-34.5, 10.5)
DVec2(-34.5, 11.5)
DVec2(-35.5, 12.5)
DVec2(-35.5, 13.5)
DVec2(-35.5, 14.5)
DVec2(-35.5, 15.5)
DVec2(-34.5, 12.5)
DVec2(-34.5, 13.5)
DVec2(-34.5, 14.5)
DVec2(-34.5, 15.5)
DVec2(-35.5, 16.5)
DVec2(-35.5, 17.5)
DVec2(-35.5, 18.5)
DVec2(-35.5, 19.5)
DVec2(-34.5, 16.5)
DVec2(-34.5, 17.5)
DVec2(-34.5, 18.5)
DVec2(-34.5, 19.5)
DVec2(-35.5, 20.5)
DVec2(-35.5, 21.5)
DVec2(-35.5, 22.5)
DVec2(-35.5, 23.5)
DVec2(-34.5, 20.5)
DVec2(-34.5, 21.5)
DVec2(-34.5, 22.5)
DVec2(-34.5, 23.5)
DVec2(-35.5, 24.5)
DVec2(-35.5, 25.5)
DVec2(-35.5, 26.5)
DVec2(-35.5, 27.5)
DVec2(-34.5, 24.5)
DVec2(-34.5, 25.5)
DVec2(-34.5, 26.5)
DVec2(-34.5, 27.5)
DVec2(-35.5, 28.5)
DVec2(-35.5, 29.5)
DVec2(-35.5, 30.5)
DVec2(-35.5, 31.5)
DVec2(-34.5, 28.5)
DVec2(-34.5, 29.5)
DVec2(-34.5, 30.5)
DVec2(-34.5, 31.5)
DVec2(-35.5, 32.5)
DVec2(-35.5, 33.5)
DVec2(-35.5, 34.5)
DVec2(-35.5, 35.5)
DVec2(-34.5, 32.5)
DVec2(-34.5, 33.5)
DVec2(-34.5, 34.5)
DVec2(-34.5, 35.5)
DVec2(-35.5, 36.5)
DVec2(-35.5, 37.5)
DVec2(-35.5, 38.5)
DVec2(-35.5, 39.5)
DVec2(-34.5, 36.5)
DVec2(-34.5, 37.5)
DVec2(-34.5, 38.5)
DVec2(-34.5, 39.5)
DVec2(-35.5, 40.5)
DVec2(-35.5, 41.5)
DVec2(-35.5, 42.5)
DVec2(-35.5, 43.5)
DVec2(-34.5, 40.5)
DVec2(-34.5, 41.5)
DVec2(-34.5, 42.5)
DVec2(-34.5, 43.5)
DVec2(-35.5, 44.5)
DVec2(-35.5, 45.5)
DVec2(-35.5, 46.5)
DVec2(-35.5, 47.5)
DVec2(-34.5, 44.5)
DVec2(-34.5, 45.5)
DVec2(-34.5, 46.5)
DVec2(-34.5, 47.5)
DVec2(-35.5, 48.5)
DVec2(-35.5, 49.5)
DVec2(-35.5, 50.5)
DVec2(-35.5, 51.5)
DVec2(-34.5, 48.5)
DVec2(-34.5, 49.5)
DVec2(-34.5, 50.5)
DVec2(-34.5, 51.5)
DVec2(-35.5, 52.5)
DVec2(-35.5, 53.5)
DVec2(-35.5, 54.5)
DVec2(-35.5, 55.5)
DVec2(-34.5, 52.5)
DVec2(-34.5, 53.5)
DVec2(-34.5, 54.5)
DVec2(-34.5, 55.5)
DVec2(-35.5, 56.5)
DVec2(-35.5, 57.5)
DVec2(-35.5, 58.5)
DVec2(-35.5, 59.5)
DVec2(-34.5, 56.5)
DVec2(-34.5, 57.5)
DVec2(-34.5, 58.5)
DVec2(-34.5, 59.5)
DVec2(-35.5, 60.5)
DVec2(-35.5, 61.5)
DVec2(-35.5, 62.5)
DVec2(-35.5, 63.5)
DVec2(-34.5, 60.5)
DVec2(-34.5, 61.5)
DVec2(-34.5, 62.5)
DVec2(-34.5, 63.5)
DVec2(-35.5, 64.5)
DVec2(-35.5, 65.5)
DVec2(-35.5, 66.5)
DVec2(-35.5, 67.5)
DVec2(-34.5, 64.5)
DVec2(-34.5, 65.5)
DVec2(-34.5, 66.5)
DVec2(-34.5, 67.5)
DVec2(-35.5, 68.5)
DVec2(-35.5, 69.5)
DVec2(-35.5, 70.5)
DVec2(-35.5, 71.5)
DVec2(-34.5, 68.5)
DVec2(-34.5, 69.5)
DVec2(-34.5, 70.5)
DVec2(-34.5, 71.5)
DVec2(-35.5, 72.5)
DVec2(-35.5, 73.5)
DVec2(-35.5, 74.5)
DVec2(-35.5, 75.5)
DVec2(-34.5, 72.5)
DVec2(-34.5, 73.5)
DVec2(-34.5, 74.5)
DVec2(-34.5, 75.5)
DVec2(-35.5, 76.5)
DVec2(-35.5, 77.5)
DVec2(-35.5, 78.5)
DVec2(-35.5, 79.5)
DVec2(-34.5, 76.5)
DVec2(-34.5, 77.5)
DVec2(-34.5, 78.5)
DVec2(-34.5, 79.5)
DVec2(-35.5, 80.5)
DVec2(-35.5, 81.5)
DVec2(-35.5, 82.5)
DVec2(-35.5, 83.5)
DVec2(-34.5, 80.5)
DVec2(-34.5, 81.5)
DVec2(-34.5, 82.5)
DVec2(-34.5, 83.5)
DVec2(-35.5, 84.5)
DVec2(-35.5, 85.5)
DVec2(-35.5, 86.5)
DVec2(-35.5, 87.5)
DVec2(-34.5, 84.5)
DVec2(-34.5, 85.5)
DVec2(-34.5, 86.5)
DVec2(-34.5, 87.5)
DVec2(-35.5, 88.5)
DVec2(-35.5, 89.5)
DVec2(-35.5, 90.5)
DVec2(-35.5, 91.5)
DVec2(-34.5, 88.5)
DVec2(-34.5, 89.5)
DVec2(-34.5, 90.5)
DVec2(-34.5, 91.5)
DVec2(-35.5, 92.5)
DVec2(-35.5, 93.5)
DVec2(-35.5, 94.5)
DVec2(-35.5, 95.5)
DVec2(-34.5, 92.5)
DVec2(-34.5, 93.5)
DVec2(-34.5, 94.5)
DVec2(-34.5, 95.5)
DVec2(-35.5, 96.5)
DVec2(-35.5, 97.5)
DVec2(-35.5, 98.5)
DVec2(-35.5, 99.5)
DVec2(-34.5, 96.5)
DVec2(-34.5, 97.5)
DVec2(-34.5, 98.5)
DVec2(-34.5, 99.5)
DVec2(-35.5, 100.5)
DVec2(-35.5, 101.5)
DVec2(-35.5, 102.5)
DVec2(-35.5, 103.5)
DVec2(-34.5, 100.5)
DVec2(-34.5, 101.5)
DVec2(-34.5, 102.5)
DVec2(-34.5, 103.5)
DVec2(-35.5, 104.5)
DVec2(-35.5, 105.5)
DVec2(-35.5, 106.5)
DVec2(-35.5, 107.5)
DVec2(-34.5, 104.5)
DVec2(-34.5, 105.5)
DVec2(-34.5, 106.5)
DVec2(-34.5, 107.5)
DVec2(-35.5, 108.5)
DVec2(-35.5, 109.5)
DVec2(-35.5, 110.5)
DVec2(-35.5, 111.5)
DVec2(-34.5, 108.5)
DVec2(-34.5, 109.5)
DVec2(-34.5, 110.5)
DVec2(-34.5, 111.5)
DVec2(-35.5, 112.5)
DVec2(-35.5, 113.5)
DVec2(-35.5, 114.5)
DVec2(-35.5, 115.5)
DVec2(-34.5, 112.5)
DVec2(-34.5, 113.5)
DVec2(-34.5, 114.5)
DVec2(-34.5, 115.5)
DVec2(-35.5, 116.5)
DVec2(-35.5, 117.5)
DVec2(-35.5, 118.5)
DVec2(-35.5, 119.5)
DVec2(-34.5, 116.5)
DVec2(-34.5, 117.5)
DVec2(-34.5, 118.5)
DVec2(-34.5, 119.5)
DVec2(-33.5, -119.5)
DVec2(-33.5, -118.5)
DVec2(-33.5, -117.5)
DVec2(-33.5, -116.5)
DVec2(-32.5, -119.5)
DVec2(-32.5, -118.5)
DVec2(-32.5, -117.5)
DVec2(-32.5, -116.5)
DVec2(-33.5, -115.5)
DVec2(-33.5, -114.5)
DVec2(-33.5, -113.5)
DVec2(-33.5, -112.5)
DVec2(-32.5, -115.5)
DVec2(-32.5, -114.5)
DVec2(-32.5, -113.5)
DVec2(-32.5, -112.5)
DVec2(-33.5, -111.5)
DVec2(-33.5, -110.5)
DVec2(-33.5, -109.5)
DVec2(-33.5, -108.5)
DVec2(-32.5, -111.5)
DVec2(-32.5, -110.5)
DVec2(-32.5, -109.5)
DVec2(-32.5, -108.5)
DVec2(-33.5, -107.5)
DVec2(-33.5, -106.5)
DVec2(-33.5, -105.5)
DVec2(-33.5, -104.5)
DVec2(-32.5, -107.5)
DVec2(-32.5, -106.5)
DVec2(-32.5, -105.5)
DVec2(-32.5, -104.5)
DVec2(-33.5, -103.5)
DVec2(-33.5, -102.5)
DVec2(-33.5, -101.5)
DVec2(-33.5, -100.5)
DVec2(-32.5, -103.5)
DVec2(-32.5, -102.5)
DVec2(-32.5, -101.5)
DVec2(-32.5, -100.5)
DVec2(-33.5, -99.5)
DVec2(-33.5, -98.5)
DVec2(-33.5, -97.5)
DVec2(-33.5, -96.5)
DVec2(-32.5, -99.5)
DVec2(-32.5, -98.5)
DVec2(-32.5, -97.5)
DVec2(-32.5, -96.5)
DVec2(-33.5, -95.5)
DVec2(-33.5, -94.5)
DVec2(-33.5, -93.5)
DVec2(-33.5, -92.5)
DVec2(-32.5, -95.5)
DVec2(-32.5, -94.5)
DVec2(-32.5, -93.5)
DVec2(-32.5, -92.5)
DVec2(-33.5, -91.5)
DVec2(-33.5, -90.5)
DVec2(-33.5, -89.5)
DVec2(-33.5, -88.5)
DVec2(-32.5, -91.5)
DVec2(-32.5, -90.5)
DVec2(-32.5, -89.5)
DVec2(-32.5, -88.5)
DVec2(-33.5, -87.5)
DVec2(-33.5, -86.5)
DVec2(-33.5, -85.5)
DVec2(-33.5, -84.5)
DVec2(-32.5, -87.5)
DVec2(-32.5, -86.5)
DVec2(-32.5, -85.5)
DVec2(-32.5, -84.5)
DVec2(-33.5, -83.5)
DVec2(-33.5, -82.5)
DVec2(-33.5, -81.5)
DVec2(-33.5, -80.5)
DVec2(-32.5, -83.5)
DVec2(-32.5, -82.5)
DVec2(-32.5, -81.5)
DVec2(-32.5, -80.5)
DVec2(-33.5, -79.5)
DVec2(-33.5, -78.5)
DVec2(-33.5, -77.5)
DVec2(-33.5, -76.5)
DVec2(-32.5, -79.5)
DVec2(-32.5, -78.5)
DVec2(-32.5, -77.5)
DVec2(-32.5, -76.5)
DVec2(-33.5, -75.5)
DVec2(-33.5, -74.5)
DVec2(-33.5, -73.5)
DVec2(-33.5, -72.5)
DVec2(-32.5, -75.5)
DVec2(-32.5, -74.5)
DVec2(-32.5, -73.5)
DVec2(-32.5, -72.5)
DVec2(-33.5, -71.5)
DVec2(-33.5, -70.5)
DVec2(-33.5, -69.5)
DVec2(-33.5, -68.5)
DVec2(-32.5, -71.5)
DVec2(-32.5, -70.5)
DVec2(-32.5, -69.5)
DVec2(-32.5, -68.5)
DVec2(-33.5, -67.5)
DVec2(-33.5, -66.5)
DVec2(-33.5, -65.5)
DVec2(-33.5, -64.5)
DVec2(-32.5, -67.5)
DVec2(-32.5, -66.5)
DVec2(-32.5, -65.5)
DVec2(-32.5, -64.5)
DVec2(-33.5, -63.5)
DVec2(-33.5, -62.5)
DVec2(-33.5, -61.5)
DVec2(-33.5, -60.5)
DVec2(-32.5, -63.5)
DVec2(-32.5, -62.5)
DVec2(-32.5, -61.5)
DVec2(-32.5, -60.5)
DVec2(-33.5, -59.5)
DVec2(-33.5, -58.5)
DVec2(-33.5, -57.5)
DVec2(-33.5, -56.5)
DVec2(-32.5, -59.5)
DVec2(-32.5, -58.5)
DVec2(-32.5, -57.5)
DVec2(-32.5, -56.5)
DVec2(-33.5, -55.5)
DVec2(-33.5, -54.5)
DVec2(-33.5, -53.5)
DVec2(-33.5, -52.5)
DVec2(-32.5, -55.5)
DVec2(-32.5, -54.5)
DVec2(-32.5, -53.5)
DVec2(-32.5, -52.5)
DVec2(-33.5, -51.5)
DVec2(-33.5, -50.5)
DVec2(-33.5, -49.5)
DVec2(-33.5, -48.5)
DVec2(-32.5, -51.5)
DVec2(-32.5, -50.5)
DVec2(-32.5, -49.5)
DVec2(-32.5, -48.5)
DVec2(-33.5, -47.5)
DVec2(-33.5, -46.5)
DVec2(-33.5, -45.5)
DVec2(-33.5, -44.5)
DVec2(-32.5, -47.5)
DVec2(-32.5, -46.5)
DVec2(-32.5, -45.5)
DVec2(-32.5, -44.5)
DVec2(-33.5, -43.5)
DVec2(-33.5, -42.5)
DVec2(-33.5, -41.5)
DVec2(-33.5, -40.5)
DVec2(-32.5, -43.5)
DVec2(-32.5, -42.5)
DVec2(-32.5, -41.5)
DVec2(-32.5, -40.5)
DVec2(-33.5, -39.5)
DVec2(-33.5, -38.5)
DVec2(-33.5, -37.5)
DVec2(-33.5, -36.5)
DVec2(-32.5, -39.5)
DVec2(-32.5, -38.5)
DVec2(-32.5, -37.5)
DVec2(-32.5, -36.5)
DVec2(-33.5, -35.5)
DVec2(-33.5, -34.5)
DVec2(-33.5, -33.5)
DVec2(-33.5, -32.5)
DVec2(-32.5, -35.5)
DVec2(-32.5, -34.5)
DVec2(-32.5, -33.5)
DVec2(-32.5, -32.5)
DVec2(-33.5, -31.5)
DVec2(-33.5, -30.5)
DVec2(-33.5, -29.5)
DVec2(-33.5, -28.5)
DVec2(-32.5, -31.5)
DVec2(-32.5, -30.5)
DVec2(-32.5, -29.5)
DVec2(-32.5, -28.5)
DVec2(-33.5, -27.5)
DVec2(-33.5, -26.5)
DVec2(-33.5, -25.5)
DVec2(-33.5, -24.5)
DVec2(-32.5, -27.5)
DVec2(-32.5, -26.5)
DVec2(-32.5, -25.5)
DVec2(-32.5, -24.5)
DVec2(-33.5, -23.5)
DVec2(-33.5, -22.5)
DVec2(-33.5, -21.5)
DVec2(-33.5, -20.5)
DVec2(-32.5, -23.5)
DVec2(-32.5, -22.5)
DVec2(-32.5, -21.5)
DVec2(-32.5, -20.5)
DVec2(-33.5, -19.5)
DVec2(-33.5, -18.5)
DVec2(-33.5, -17.5)
DVec2(-33.5, -16.5)
DVec2(-32.5, -19.5)
DVec2(-32.5, -18.5)
DVec2(-32.5, -17.5)
DVec2(-32.5, -16.5)
DVec2(-33.5, -15.5)
DVec2(-33.5, -14.5)
DVec2(-33.5, -13.5)
DVec2(-33.5, -12.5)
DVec2(-32.5, -15.5)
DVec2(-32.5, -14.5)
DVec2(-32.5, -13.5)
DVec2(-32.5, -12.5)
DVec2(-33.5, -11.5)
DVec2(-33.5, -10.5)
DVec2(-33.5, -9.5)
DVec2(-33.5, -8.5)
DVec2(-32.5, -11.5)
DVec2(-32.5, -10.5)
DVec2(-32.5, -9.5)
DVec2(-32.5, -8.5)
DVec2(-33.5, -7.5)
DVec2(-33.5, -6.5)
DVec2(-33.5, -5.5)
DVec2(-33.5, -4.5)
DVec2(-32.5, -7.5)
DVec2(-32.5, -6.5)
DVec2(-32.5, -5.5)
DVec2(-32.5, -4.5)
DVec2(-33.5, -3.5)
DVec2(-33.5, -2.5)
DVec2(-33.5, -1.5)
DVec2(-33.5, -0.5)
DVec2(-32.5, -3.5)
DVec2(-32.5, -2.5)
DVec2(-32.5, -1.5)
DVec2(-32.5, -0.5)
DVec2(-33.5, 0.5)
DVec2(-33.5, 1.5)
DVec2(-33.5, 2.5)
DVec2(-33.5, 3.5)
DVec2(-32.5, 0.5)
DVec2(-32.5, 1.5)
DVec2(-32.5, 2.5)
DVec2(-32.5, 3.5)
DVec2(-33.5, 4.5)
DVec2(-33.5, 5.5)
DVec2(-33.5, 6.5)
DVec2(-33.5, 7.5)
DVec2(-32.5, 4.5)
DVec2(-32.5, 5.5)
DVec2(-32.5, 6.5)
DVec2(-32.5, 7.5)
DVec2(-33.5, 8.5)
DVec2(-33.5, 9.5)
DVec2(-33.5, 10.5)
DVec2(-33.5, 11.5)
DVec2(-32.5, 8.5)
DVec2(-32.5, 9.5)
DVec2(-32.5, 10.5)
DVec2(-32.5, 11.5)
DVec2(-33.5, 12.5)
DVec2(-33.5, 13.5)
DVec2(-33.5, 14.5)
DVec2(-33.5, 15.5)
DVec2(-32.5, 12.5)
DVec2(-32.5, 13.5)
DVec2(-32.5, 14.5)
DVec2(-32.5, 15.5)
DVec2(-33.5, 16.5)
DVec2(-33.5, 17.5)
DVec2(-33.5, 18.5)
DVec2(-33.5, 19.5)
DVec2(-32.5, 16.5)
DVec2(-32.5, 17.5)
DVec2(-32.5, 18.5)
DVec2(-32.5, 19.5)
DVec2(-33.5, 20.5)
DVec2(-33.5, 21.5)
DVec2(-33.5, 22.5)
DVec2(-33.5, 23.5)
DVec2(-32.5, 20.5)
DVec2(-32.5, 21.5)
DVec2(-32.5, 22.5)
DVec2(-32.5, 23.5)
DVec2(-33.5, 24.5)
DVec2(-33.5, 25.5)
DVec2(-33.5, 26.5)
DVec2(-33.5, 27.5)
DVec2(-32.5, 24.5)
DVec2(-32.5, 25.5)
DVec2(-32.5, 26.5)
DVec2(-32.5, 27.5)
DVec2(-33.5, 28.5)
DVec2(-33.5, 29.5)
DVec2(-33.5, 30.5)
DVec2(-33.5, 31.5)
DVec2(-32.5, 28.5)
DVec2(-32.5, 29.5)
DVec2(-32.5, 30.5)
DVec2(-32.5, 31.5)
DVec2(-33.5, 32.5)
DVec2(-33.5, 33.5)
DVec2(-33.5, 34.5)
DVec2(-33.5, 35.5)
DVec2(-32.5, 32.5)
DVec2(-32.5, 33.5)
DVec2(-32.5, 34.5)
DVec2(-32.5, 35.5)
DVec2(-33.5, 36.5)
DVec2(-33.5, 37.5)
DVec2(-33.5, 38.5)
DVec2(-33.5, 39.5)
DVec2(-32.5, 36.5)
DVec2(-32.5, 37.5)
DVec2(-32.5, 38.5)
DVec2(-32.5, 39.5)
DVec2(-33.5, 40.5)
DVec2(-33.5, 41.5)
DVec2(-33.5, 42.5)
DVec2(-33.5, 43.5)
DVec2(-32.5, 40.5)
DVec2(-32.5, 41.5)
DVec2(-32.5, 42.5)
DVec2(-32.5, 43.5)
DVec2(-33.5, 44.5)
DVec2(-33.5, 45.5)
DVec2(-33.5, 46.5)
DVec2(-33.5, 47.5)
DVec2(-32.5, 44.5)
DVec2(-32.5, 45.5)
DVec2(-32.5, 46.5)
DVec2(-32.5, 47.5)
DVec2(-33.5, 48.5)
DVec2(-33.5, 49.5)
DVec2(-33.5, 50.5)
DVec2(-33.5, 51.5)
DVec2(-32.5, 48.5)
DVec2(-32.5, 49.5)
DVec2(-32.5, 50.5)
DVec2(-32.5, 51.5)
DVec2(-33.5, 52.5)
DVec2(-33.5, 53.5)
DVec2(-33.5, 54.5)
DVec2(-33.5, 55.5)
DVec2(-32.5, 52.5)
DVec2(-32.5, 53.5)
DVec2(-32.5, 54.5)
DVec2(-32.5, 55.5)
DVec2(-33.5, 56.5)
DVec2(-33.5, 57.5)
DVec2(-33.5, 58.5)
DVec2(-33.5, 59.5)
DVec2(-32.5, 56.5)
DVec2(-32.5, 57.5)
DVec2(-32.5, 58.5)
DVec2(-32.5, 59.5)
DVec2(-33.5, 60.5)
DVec2(-33.5, 61.5)
DVec2(-33.5, 62.5)
DVec2(-33.5, 63.5)
DVec2(-32.5, 60.5)
DVec2(-32.5, 61.5)
DVec2(-32.5, 62.5)
DVec2(-32.5, 63.5)
DVec2(-33.5, 64.5)
DVec2(-33.5, 65.5)
DVec2(-33.5, 66.5)
DVec2(-33.5, 67.5)
DVec2(-32.5, 64.5)
DVec2(-32.5, 65.5)
DVec2(-32.5, 66.5)
DVec2(-32.5, 67.5)
DVec2(-33.5, 68.5)
DVec2(-33.5, 69.5)
DVec2(-33.5, 70.5)
DVec2(-33.5, 71.5)
DVec2(-32.5, 68.5)
DVec2(-32.5, 69.5)
DVec2(-32.5, 70.5)
DVec2(-32.5, 71.5)
DVec2(-33.5, 72.5)
DVec2(-33.5, 73.5)
DVec2(-33.5, 74.5)
DVec2(-33.5, 75.5)
DVec2(-32.5, 72.5)
DVec2(-32.5, 73.5)
DVec2(-32.5, 74.5)
DVec2(-32.5, 75.5)
DVec2(-33.5, 76.5)
DVec2(-33.5, 77.5)
DVec2(-33.5, 78.5)
DVec2(-33.5, 79.5)
DVec2(-32.5, 76.5)
DVec2(-32.5, 77.5)
DVec2(-32.5, 78.5)
DVec2(-32.5, 79.5)
DVec2(-33.5, 80.5)
DVec2(-33.5, 81.5)
DVec2(-33.5, 82.5)
DVec2(-33.5, 83.5)
DVec2(-32.5, 80.5)
DVec2(-32.5, 81.5)
DVec2(-32.5, 82.5)
DVec2(-32.5, 83.5)
DVec2(-33.5, 84.5)
DVec2(-33.5, 85.5)
DVec2(-33.5, 86.5)
DVec2(-33.5, 87.5)
DVec2(-32.5, 84.5)
DVec2(-32.5, 85.5)
DVec2(-32.5, 86.5)
DVec2(-32.5, 87.5)
DVec2(-33.5, 88.5)
DVec2(-33.5, 89.5)
DVec2(-33.5, 90.5)
DVec2(-33.5, 91.5)
DVec2(-32.5, 88.5)
DVec2(-32.5, 89.5)
DVec2(-32.5, 90.5)
DVec2(-32.5, 91.5)
DVec2(-33.5, 92.5)
DVec2(-33.5, 93.5)
DVec2(-33.5, 94.5)
DVec2(-33.5, 95.5)
DVec2(-32.5, 92.5)
DVec2(-32.5, 93.5)
DVec2(-32.5, 94.5)
DVec2(-32.5, 95.5)
DVec2(-33.5, 96.5)
DVec2(-33.5, 97.5)
DVec2(-33.5, 98.5)
DVec2(-33.5, 99.5)
DVec2(-32.5, 96.5)
DVec2(-32.5, 97.5)
DVec2(-32.5, 98.5)
DVec2(-32.5, 99.5)
DVec2(-33.5, 100.5)
DVec2(-33.5, 101.5)
DVec2(-33.5, 102.5)
DVec2(-33.5, 103.5)
DVec2(-32.5, 100.5)
DVec2(-32.5, 101.5)
DVec2(-32.5, 102.5)
DVec2(-32.5, 103.5)
DVec2(-33.5, 104.5)
DVec2(-33.5, 105.5)
DVec2(-33.5, 106.5)
DVec2(-33.5, 107.5)
DVec2(-32.5, 104.5)
DVec2(-32.5, 105.5)
DVec2(-32.5, 106.5)
DVec2(-32.5, 107.5)
DVec2(-33.5, 108.5)
DVec2(-33.5, 109.5)
DVec2(-33.5, 110.5)
DVec2(-33.5, 111.5)
DVec2(-32.5, 108.5)
DVec2(-32.5, 109.5)
DVec2(-32.5, 110.5)
DVec2(-32.5, 111.5)
DVec2(-33.5, 112.5)
DVec2(-33.5, 113.5)
DVec2(-33.5, 114.5)
DVec2(-33.5, 115.5)
DVec2(-32.5, 112.5)
DVec2(-32.5, 113.5)
DVec2(-32.5, 114.5)
DVec2(-32.5, 115.5)
DVec2(-33.5, 116.5)
DVec2(-33.5, 117.5)
DVec2(-33.5, 118.5)
DVec2(-33.5, 119.5)
DVec2(-32.5, 116.5)
DVec2(-32.5, 117.5)
DVec2(-32.5, 118.5)
DVec2(-32.5, 119.5)
DVec2(-31.5, -119.5)
DVec2(-31.5, -118.5)
DVec2(-31.5, -117.5)
DVec2(-31.5, -116.5)
DVec2(-30.5, -119.5)
DVec2(-30.5, -118.5)
DVec2(-30.5, -117.5)
DVec2(-30.5, -116.5)
DVec2(-31.5, -115.5)
DVec2(-31.5, -114.5)
DVec2(-31.5, -113.5)
DVec2(-31.5, -112.5)
DVec2(-30.5, -115.5)
DVec2(-30.5, -114.5)
DVec2(-30.5, -113.5)
DVec2(-30.5, -112.5)
DVec2(-31.5, -111.5)
DVec2(-31.5, -110.5)
DVec2(-31.5, -109.5)
DVec2(-31.5, -108.5)
DVec2(-30.5, -111.5)
DVec2(-30.5, -110.5)
DVec2(-30.5, -109.5)
DVec2(-30.5, -108.5)
DVec2(-31.5, -107.5)
DVec2(-31.5, -106.5)
DVec2(-31.5, -105.5)
DVec2(-31.5, -104.5)
DVec2(-30.5, -107.5)
DVec2(-30.5, -106.5)
DVec2(-30.5, -105.5)
DVec2(-30.5, -104.5)
DVec2(-31.5, -103.5)
DVec2(-31.5, -102.5)
DVec2(-31.5, -101.5)
DVec2(-31.5, -100.5)
DVec2(-30.5, -103.5)
DVec2(-30.5, -102.5)
DVec2(-30.5, -101.5)
DVec2(-30.5, -100.5)
DVec2(-31.5, -99.5)
DVec2(-31.5, -98.5)
DVec2(-31.5, -97.5)
DVec2(-31.5, -96.5)
DVec2(-30.5, -99.5)
DVec2(-30.5, -98.5)
DVec2(-30.5, -97.5)
DVec2(-30.5, -96.5)
DVec2(-31.5, -95.5)
DVec2(-31.5, -94.5)
DVec2(-31.5, -93.5)
DVec2(-31.5, -92.5)
DVec2(-30.5, -95.5)
DVec2(-30.5, -94.5)
DVec2(-30.5, -93.5)
DVec2(-30.5, -92.5)
DVec2(-31.5, -91.5)
DVec2(-31.5, -90.5)
DVec2(-31.5, -89.5)
DVec2(-31.5, -88.5)
DVec2(-30.5, -91.5)
DVec2(-30.5, -90.5)
DVec2(-30.5, -89.5)
DVec2(-30.5, -88.5)
DVec2(-31.5, -87.5)
DVec2(-31.5, -86.5)
DVec2(-31.5, -85.5)
DVec2(-31.5, -84.5)
DVec2(-30.5, -87.5)
DVec2(-30.5, -86.5)
DVec2(-30.5, -85.5)
DVec2(-30.5, -84.5)
DVec2(-31.5, -83.5)
DVec2(-31.5, -82.5)
DVec2(-31.5, -81.5)
DVec2(-31.5, -80.5)
DVec2(-30.5, -83.5)
DVec2(-30.5, -82.5)
DVec2(-30.5, -81.5)
DVec2(-30.5, -80.5)
DVec2(-31.5, -79.5)
DVec2(-31.5, -78.5)
DVec2(-31.5, -77.5)
DVec2(-31.5, -76.5)
DVec2(-30.5, -79.5)
DVec2(-30.5, -78.5)
DVec2(-30.5, -77.5)
DVec2(-30.5, -76.5)
DVec2(-31.5, -75.5)
DVec2(-31.5, -74.5)
DVec2(-31.5, -73.5)
DVec2(-31.5, -72.5)
DVec2(-30.5, -75.5)
DVec2(-30.5, -74.5)
DVec2(-30.5, -73.5)
DVec2(-30.5, -72.5)
DVec2(-31.5, -71.5)
DVec2(-31.5, -70.5)
DVec2(-31.5, -69.5)
DVec2(-31.5, -68.5)
DVec2(-30.5, -71.5)
DVec2(-30.5, -70.5)
DVec2(-30.5, -69.5)
DVec2(-30.5, -68.5)
DVec2(-31.5, -67.5)
DVec2(-31.5, -66.5)
DVec2(-31.5, -65.5)
DVec2(-31.5, -64.5)
DVec2(-30.5, -67.5)
DVec2(-30.5, -66.5)
DVec2(-30.5, -65.5)
DVec2(-30.5, -64.5)
DVec2(-31.5, -63.5)
DVec2(-31.5, -62.5)
DVec2(-31.5, -61.5)
DVec2(-31.5, -60.5)
DVec2(-30.5, -63.5)
DVec2(-30.5, -62.5)
DVec2(-30.5, -61.5)
DVec2(-30.5, -60.5)
DVec2(-31.5, -59.5)
DVec2(-31.5, -58.5)
DVec2(-31.5, -57.5)
DVec2(-31.5, -56.5)
DVec2(-30.5, -59.5)
DVec2(-30.5, -58.5)
DVec2(-30.5, -57.5)
DVec2(-30.5, -56.5)
DVec2(-31.5, -55.5)
DVec2(-31.5, -54.5)
DVec2(-31.5, -53.5)
DVec2(-31.5, -52.5)
DVec2(-30.5, -55.5)
DVec2(-30.5, -54.5)
DVec2(-30.5, -53.5)
DVec2(-30.5, -52.5)
DVec2(-31.5, -51.5)
DVec2(-31.5, -50.5)
DVec2(-31.5, -49.5)
DVec2(-31.5, -48.5)
DVec2(-30.5, -51.5)
DVec2(-30.5, -50.5)
DVec2(-30.5, -49.5)
DVec2(-30.5, -48.5)
DVec2(-31.5, -47.5)
DVec2(-31.5, -46.5)
DVec2(-31.5, -45.5)
DVec2(-31.5, -44.5)
DVec2(-30.5, -47.5)
DVec2(-30.5, -46.5)
DVec2(-30.5, -45.5)
DVec2(-30.5, -44.5)
DVec2(-31.5, -43.5)
DVec2(-31.5, -42.5)
DVec2(-31.5, -41.5)
DVec2(-31.5, -40.5)
DVec2(-30.5, -43.5)
DVec2(-30.5, -42.5)
DVec2(-30.5, -41.5)
DVec2(-30.5, -40.5)
DVec2(-31.5, -39.5)
DVec2(-31.5, -38.5)
DVec2(-31.5, -37.5)
DVec2(-31.5, -36.5)
DVec2(-30.5, -39.5)
DVec2(-30.5, -38.5)
DVec2(-30.5, -37.5)
DVec2(-30.5, -36.5)
DVec2(-31.5, -35.5)
DVec2(-31.5, -34.5)
DVec2(-31.5, -33.5)
DVec2(-31.5, -32.5)
DVec2(-30.5, -35.5)
DVec2(-30.5, -34.5)
DVec2(-30.5, -33.5)
DVec2(-30.5, -32.5)
DVec2(-31.5, -31.5)
DVec2(-31.5, -30.5)
DVec2(-31.5, -29.5)
DVec2(-31.5, -28.5)
DVec2(-30.5, -31.5)
DVec2(-30.5, -30.5)
DVec2(-30.5, -29.5)
DVec2(-30.5, -28.5)
DVec2(-31.5, -27.5)
DVec2(-31.5, -26.5)
DVec2(-31.5, -25.5)
DVec2(-31.5, -24.5)
DVec2(-30.5, -27.5)
DVec2(-30.5, -26.5)
DVec2(-30.5, -25.5)
DVec2(-30.5, -24.5)
DVec2(-31.5, -23.5)
DVec2(-31.5, -22.5)
DVec2(-31.5, -21.5)
DVec2(-31.5, -20.5)
DVec2(-30.5, -23.5)
DVec2(-30.5, -22.5)
DVec2(-30.5, -21.5)
DVec2(-30.5, -20.5)
DVec2(-31.5, -19.5)
DVec2(-31.5, -18.5)
DVec2(-31.5, -17.5)
DVec2(-31.5, -16.5)
DVec2(-30.5, -19.5)
DVec2(-30.5, -18.5)
DVec2(-30.5, -17.5)
DVec2(-30.5, -16.5)
DVec2(-31.5, -15.5)
DVec2(-31.5, -14.5)
DVec2(-31.5, -13.5)
DVec2(-31.5, -12.5)
DVec2(-30.5, -15.5)
DVec2(-30.5, -14.5)
DVec2(-30.5, -13.5)
DVec2(-30.5, -12.5)
DVec2(-31.5, -11.5)
DVec2(-31.5, -10.5)
DVec2(-31.5, -9.5)
DVec2(-31.5, -8.5)
DVec2(-30.5, -11.5)
DVec2(-30.5, -10.5)
DVec2(-30.5, -9.5)
DVec2(-30.5, -8.5)
DVec2(-31.5, -7.5)
DVec2(-31.5, -6.5)
DVec2(-31.5, -5.5)
DVec2(-31.5, -4.5)
DVec2(-30.5, -7.5)
DVec2(-30.5, -6.5)
DVec2(-30.5, -5.5)
DVec2(-30.5, -4.5)
DVec2(-31.5, -3.5)
DVec2(-31.5, -2.5)
DVec2(-31.5, -1.5)
DVec2(-31.5, -0.5)
DVec2(-30.5, -3.5)
DVec2(-30.5, -2.5)
DVec2(-30.5, -1.5)
DVec2(-30.5, -0.5)
DVec2(-31.5, 0.5)
DVec2(-31.5, 1.5)
DVec2(-31.5, 2.5)
DVec2(-31.5, 3.5)
DVec2(-30.5, 0.5)
DVec2(-30.5, 1.5)
DVec2(-30.5, 2.5)
DVec2(-30.5, 3.5)
DVec2(-31.5, 4.5)
DVec2(-31.5, 5.5)
DVec2(-31.5, 6.5)
DVec2(-31.5, 7.5)
DVec2(-30.5, 4.5)
DVec2(-30.5, 5.5)
DVec2(-30.5, 6.5)
DVec2(-30.5, 7.5)
DVec2(-31.5, 8.5)
DVec2(-31.5, 9.5)
DVec2(-31.5, 10.5)
DVec2(-31.5, 11.5)
DVec2(-30.5, 8.5)
DVec2(-30.5, 9.5)
DVec2(-30.5, 10.5)
DVec2(-30.5, 11.5)
DVec2(-31.5, 12.5)
DVec2(-31.5, 13.5)
DVec2(-31.5, 14.5)
DVec2(-31.5, 15.5)
DVec2(-30.5, 12.5)
DVec2(-30.5, 13.5)
DVec2(-30.5, 14.5)
DVec2(-30.5, 15.5)
DVec2(-31.5, 16.5)
DVec2(-31.5, 17.5)
DVec2(-31.5, 18.5)
DVec2(-31.5, 19.5)
DVec2(-30.5, 16.5)
DVec2(-30.5, 17.5)
DVec2(-30.5, 18.5)
DVec2(-30.5, 19.5)
DVec2(-31.5, 20.5)
DVec2(-31.5, 21.5)
DVec2(-31.5, 22.5)
DVec2(-31.5, 23.5)
DVec2(-30.5, 20.5)
DVec2(-30.5, 21.5)
DVec2(-30.5, 22.5)
DVec2(-30.5, 23.5)
DVec2(-31.5, 24.5)
DVec2(-31.5, 25.5)
DVec2(-31.5, 26.5)
DVec2(-31.5, 27.5)
DVec2(-30.5, 24.5)
DVec2(-30.5, 25.5)
DVec2(-30.5, 26.5)
DVec2(-30.5, 27.5)
DVec2(-31.5, 28.5)
DVec2(-31.5, 29.5)
DVec2(-31.5, 30.5)
DVec2(-31.5, 31.5)
DVec2(-30.5, 28.5)
DVec2(-30.5, 29.5)
DVec2(-30.5, 30.5)
DVec2(-30.5, 31.5)
DVec2(-31.5, 32.5)
DVec2(-31.5, 33.5)
DVec2(-31.5, 34.5)
DVec2(-31.5, 35.5)
DVec2(-30.5, 32.5)
DVec2(-30.5, 33.5)
DVec2(-30.5, 34.5)
DVec2(-30.5, 35.5)
DVec2(-31.5, 36.5)
DVec2(-31.5, 37.5)
DVec2(-31.5, 38.5)
DVec2(-31.5, 39.5)
DVec2(-30.5, 36.5)
DVec2(-30.5, 37.5)
DVec2(-30.5, 38.5)
DVec2(-30.5, 39.5)
DVec2(-31.5, 40.5)
DVec2(-31.5, 41.5)
DVec2(-31.5, 42.5)
DVec2(-31.5, 43.5)
DVec2(-30.5, 40.5)
DVec2(-30.5, 41.5)
DVec2(-30.5, 42.5)
DVec2(-30.5, 43.5)
DVec2(-31.5, 44.5)
DVec2(-31.5, 45.5)
DVec2(-31.5, 46.5)
DVec2(-31.5, 47.5)
DVec2(-30.5, 44.5)
DVec2(-30.5, 45.5)
DVec2(-30.5, 46.5)
DVec2(-30.5, 47.5)
DVec2(-31.5, 48.5)
DVec2(-31.5, 49.5)
DVec2(-31.5, 50.5)
DVec2(-31.5, 51.5)
DVec2(-30.5, 48.5)
DVec2(-30.5, 49.5)
DVec2(-30.5, 50.5)
DVec2(-30.5, 51.5)
DVec2(-31.5, 52.5)
DVec2(-31.5, 53.5)
DVec2(-31.5, 54.5)
DVec2(-31.5, 55.5)
DVec2(-30.5, 52.5)
DVec2(-30.5, 53.5)
DVec2(-30.5, 54.5)
DVec2(-30.5, 55.5)
DVec2(-31.5, 56.5)
DVec2(-31.5, 57.5)
DVec2(-31.5, 58.5)
DVec2(-31.5, 59.5)
DVec2(-30.5, 56.5)
DVec2(-30.5, 57.5)
DVec2(-30.5, 58.5)
DVec2(-30.5, 59.5)
DVec2(-31.5, 60.5)
DVec2(-31.5, 61.5)
DVec2(-31.5, 62.5)
DVec2(-31.5, 63.5)
DVec2(-30.5, 60.5)
DVec2(-30.5, 61.5)
DVec2(-30.5, 62.5)
DVec2(-30.5, 63.5)
DVec2(-31.5, 64.5)
DVec2(-31.5, 65.5)
DVec2(-31.5, 66.5)
DVec2(-31.5, 67.5)
DVec2(-30.5, 64.5)
DVec2(-30.5, 65.5)
DVec2(-30.5, 66.5)
DVec2(-30.5, 67.5)
DVec2(-31.5, 68.5)
DVec2(-31.5, 69.5)
DVec2(-31.5, 70.5)
DVec2(-31.5, 71.5)
DVec2(-30.5, 68.5)
DVec2(-30.5, 69.5)
DVec2(-30.5, 70.5)
DVec2(-30.5, 71.5)
DVec2(-31.5, 72.5)
DVec2(-31.5, 73.5)
DVec2(-31.5, 74.5)
DVec2(-31.5, 75.5)
DVec2(-30.5, 72.5)
DVec2(-30.5, 73.5)
DVec2(-30.5, 74.5)
DVec2(-30.5, 75.5)
DVec2(-31.5, 76.5)
DVec2(-31.5, 77.5)
DVec2(-31.5, 78.5)
DVec2(-31.5, 79.5)
DVec2(-30.5, 76.5)
DVec2(-30.5, 77.5)
DVec2(-30.5, 78.5)
DVec2(-30.5, 79.5)
DVec2(-31.5, 80.5)
DVec2(-31.5, 81.5)
DVec2(-31.5, 82.5)
DVec2(-31.5, 83.5)
DVec2(-30.5, 80.5)
DVec2(-30.5, 81.5)
DVec2(-30.5, 82.5)
DVec2(-30.5, 83.5)
DVec2(-31.5, 84.5)
DVec2(-31.5, 85.5)
DVec2(-31.5, 86.5)
DVec2(-31.5, 87.5)
DVec2(-30.5, 84.5)
DVec2(-30.5, 85.5)
DVec2(-30.5, 86.5)
DVec2(-30.5, 87.5)
DVec2(-31.5, 88.5)
DVec2(-31.5, 89.5)
DVec2(-31.5, 90.5)
DVec2(-31.5, 91.5)
DVec2(-30.5, 88.5)
DVec2(-30.5, 89.5)
DVec2(-30.5, 90.5)
DVec2(-30.5, 91.5)
DVec2(-31.5, 92.5)
DVec2(-31.5, 93.5)
DVec2(-31.5, 94.5)
DVec2(-31.5, 95.5)
DVec2(-30.5, 92.5)
DVec2(-30.5, 93.5)
DVec2(-30.5, 94.5)
DVec2(-30.5, 95.5)
DVec2(-31.5, 96.5)
DVec2(-31.5, 97.5)
DVec2(-31.5, 98.5)
DVec2(-31.5, 99.5)
DVec2(-30.5, 96.5)
DVec2(-30.5, 97.5)
DVec2(-30.5, 98.5)
DVec2(-30.5, 99.5)
DVec2(-31.5, 100.5)
DVec2(-31.5, 101.5)
DVec2(-31.5, 102.5)
DVec2(-31.5, 103.5)
DVec2(-30.5, 100.5)
DVec2(-30.5, 101.5)
DVec2(-30.5, 102.5)
DVec2(-30.5, 103.5)
DVec2(-31.5, 104.5)
DVec2(-31.5, 105.5)
DVec2(-31.5, 106.5)
DVec2(-31.5, 107.5)
DVec2(-30.5, 104.5)
DVec2(-30.5, 105.5)
DVec2(-30.5, 106.5)
DVec2(-30.5, 107.5)
DVec2(-31.5, 108.5)
DVec2(-31.5, 109.5)
DVec2(-31.5, 110.5)
DVec2(-31.5, 111.5)
DVec2(-30.5, 108.5)
DVec2(-30.5, 109.5)
DVec2(-30.5, 110.5)
DVec2(-30.5, 111.5)
DVec2(-31.5, 112.5)
DVec2(-31.5, 113.5)
DVec2(-31.5, 114.5)
DVec2(-31.5, 115.5)
DVec2(-30.5, 112.5)
DVec2(-30.5, 113.5)
DVec2(-30.5, 114.5)
DVec2(-30.5, 115.5)
DVec2(-31.5, 116.5)
DVec2(-31.5, 117.5)
DVec2(-31.5, 118.5)
DVec2(-31.5, 119.5)
DVec2(-30.5, 116.5)
DVec2(-30.5, 117.5)
DVec2(-30.5, 118.5)
DVec2(-30.5, 119.5)
DVec2(-29.5, -119.5)
DVec2(-29.5, -118.5)
DVec2(-29.5, -117.5)
DVec2(-29.5, -116.5)
DVec2(-28.5, -119.5)
DVec2(-28.5, -118.5)
DVec2(-28.5, -117.5)
DVec2(-28.5, -116.5)
DVec2(-29.5, -115.5)
DVec2(-29.5, -114.5)
DVec2(-29.5, -113.5)
DVec2(-29.5, -112.5)
DVec2(-28.5, -115.5)
DVec2(-28.5, -114.5)
DVec2(-28.5, -113.5)
DVec2(-28.5, -112.5)
DVec2(-29.5, -111.5)
DVec2(-29.5, -110.5)
DVec2(-29.5, -109.5)
DVec2(-29.5, -108.5)
DVec2(-28.5, -111.5)
DVec2(-28.5, -110.5)
DVec2(-28.5, -109.5)
DVec2(-28.5, -108.5)
DVec2(-29.5, -107.5)
DVec2(-29.5, -106.5)
DVec2(-29.5, -105.5)
DVec2(-29.5, -104.5)
DVec2(-28.5, -107.5)
DVec2(-28.5, -106.5)
DVec2(-28.5, -105.5)
DVec2(-28.5, -104.5)
DVec2(-29.5, -103.5)
DVec2(-29.5, -102.5)
DVec2(-29.5, -101.5)
DVec2(-29.5, -100.5)
DVec2(-28.5, -103.5)
DVec2(-28.5, -102.5)
DVec2(-28.5, -101.5)
DVec2(-28.5, -100.5)
DVec2(-29.5, -99.5)
DVec2(-29.5, -98.5)
DVec2(-29.5, -97.5)
DVec2(-29.5, -96.5)
DVec2(-28.5, -99.5)
DVec2(-28.5, -98.5)
DVec2(-28.5, -97.5)
DVec2(-28.5, -96.5)
DVec2(-29.5, -95.5)
DVec2(-29.5, -94.5)
DVec2(-29.5, -93.5)
DVec2(-29.5, -92.5)
DVec2(-28.5, -95.5)
DVec2(-28.5, -94.5)
DVec2(-28.5, -93.5)
DVec2(-28.5, -92.5)
DVec2(-29.5, -91.5)
DVec2(-29.5, -90.5)
DVec2(-29.5, -89.5)
DVec2(-29.5, -88.5)
DVec2(-28.5, -91.5)
DVec2(-28.5, -90.5)
DVec2(-28.5, -89.5)
DVec2(-28.5, -88.5)
DVec2(-29.5, -87.5)
DVec2(-29.5, -86.5)
DVec2(-29.5, -85.5)
DVec2(-29.5, -84.5)
DVec2(-28.5, -87.5)
DVec2(-28.5, -86.5)
DVec2(-28.5, -85.5)
DVec2(-28.5, -84.5)
DVec2(-29.5, -83.5)
DVec2(-29.5, -82.5)
DVec2(-29.5, -81.5)
DVec2(-29.5, -80.5)
DVec2(-28.5, -83.5)
DVec2(-28.5, -82.5)
DVec2(-28.5, -81.5)
DVec2(-28.5, -80.5)
DVec2(-29.5, -79.5)
DVec2(-29.5, -78.5)
DVec2(-29.5, -77.5)
DVec2(-29.5, -76.5)
DVec2(-28.5, -79.5)
DVec2(-28.5, -78.5)
DVec2(-28.5, -77.5)
DVec2(-28.5, -76.5)
DVec2(-29.5, -75.5)
DVec2(-29.5, -74.5)
DVec2(-29.5, -73.5)
DVec2(-29.5, -72.5)
DVec2(-28.5, -75.5)
DVec2(-28.5, -74.5)
DVec2(-28.5, -73.5)
DVec2(-28.5, -72.5)
DVec2(-29.5, -71.5)
DVec2(-29.5, -70.5)
DVec2(-29.5, -69.5)
DVec2(-29.5, -68.5)
DVec2(-28.5, -71.5)
DVec2(-28.5, -70.5)
DVec2(-28.5, -69.5)
DVec2(-28.5, -68.5)
DVec2(-29.5, -67.5)
DVec2(-29.5, -66.5)
DVec2(-29.5, -65.5)
DVec2(-29.5, -64.5)
DVec2(-28.5, -67.5)
DVec2(-28.5, -66.5)
DVec2(-28.5, -65.5)
DVec2(-28.5, -64.5)
DVec2(-29.5, -63.5)
DVec2(-29.5, -62.5)
DVec2(-29.5, -61.5)
DVec2(-29.5, -60.5)
DVec2(-28.5, -63.5)
DVec2(-28.5, -62.5)
DVec2(-28.5, -61.5)
DVec2(-28.5, -60.5)
DVec2(-29.5, -59.5)
DVec2(-29.5, -58.5)
DVec2(-29.5, -57.5)
DVec2(-29.5, -56.5)
DVec2(-28.5, -59.5)
DVec2(-28.5, -58.5)
DVec2(-28.5, -57.5)
DVec2(-28.5, -56.5)
DVec2(-29.5, -55.5)
DVec2(-29.5, -54.5)
DVec2(-29.5, -53.5)
DVec2(-29.5, -52.5)
DVec2(-28.5, -55.5)
DVec2(-28.5, -54.5)
DVec2(-28.5, -53.5)
DVec2(-28.5, -52.5)
DVec2(-29.5, -51.5)
DVec2(-29.5, -50.5)
DVec2(-29.5, -49.5)
DVec2(-29.5, -48.5)
DVec2(-28.5, -51.5)
DVec2(-28.5, -50.5)
DVec2(-28.5, -49.5)
DVec2(-28.5, -48.5)
DVec2(-29.5, -47.5)
DVec2(-29.5, -46.5)
DVec2(-29.5, -45.5)
DVec2(-29.5, -44.5)
DVec2(-28.5, -47.5)
DVec2(-28.5, -46.5)
DVec2(-28.5, -45.5)
DVec2(-28.5, -44.5)
DVec2(-29.5, -43.5)
DVec2(-29.5, -42.5)
DVec2(-29.5, -41.5)
DVec2(-29.5, -40.5)
DVec2(-28.5, -43.5)
DVec2(-28.5, -42.5)
DVec2(-28.5, -41.5)
DVec2(-28.5, -40.5)
DVec2(-29.5, -39.5)
DVec2(-29.5, -38.5)
DVec2(-29.5, -37.5)
DVec2(-29.5, -36.5)
DVec2(-28.5, -39.5)
DVec2(-28.5, -38.5)
DVec2(-28.5, -37.5)
DVec2(-28.5, -36.5)
DVec2(-29.5, -35.5)
DVec2(-29.5, -34.5)
DVec2(-29.5, -33.5)
DVec2(-29.5, -32.5)
DVec2(-28.5, -35.5)
DVec2(-28.5, -34.5)
DVec2(-28.5, -33.5)
DVec2(-28.5, -32.5)
DVec2(-29.5, -31.5)
DVec2(-29.5, -30.5)
DVec2(-29.5, -29.5)
DVec2(-29.5, -28.5)
DVec2(-28.5, -31.5)
DVec2(-28.5, -30.5)
DVec2(-28.5, -29.5)
DVec2(-28.5, -28.5)
DVec2(-29.5, -27.5)
DVec2(-29.5, -26.5)
DVec2(-29.5, -25.5)
DVec2(-29.5, -24.5)
DVec2(-28.5, -27.5)
DVec2(-28.5, -26.5)
DVec2(-28.5, -25.5)
DVec2(-28.5, -24.5)
DVec2(-29.5, -23.5)
DVec2(-29.5, -22.5)
DVec2(-29.5, -21.5)
DVec2(-29.5, -20.5)
DVec2(-28.5, -23.5)
DVec2(-28.5, -22.5)
DVec2(-28.5, -21.5)
DVec2(-28.5, -20.5)
DVec2(-29.5, -19.5)
DVec2(-29.5, -18.5)
DVec2(-29.5, -17.5)
DVec2(-29.5, -16.5)
DVec2(-28.5, -19.5)
DVec2(-28.5, -18.5)
DVec2(-28.5, -17.5)
DVec2(-28.5, -16.5)
DVec2(-29.5, -15.5)
DVec2(-29.5, -14.5)
DVec2(-29.5, -13.5)
DVec2(-29.5, -12.5)
DVec2(-28.5, -15.5)
DVec2(-28.5, -14.5)
DVec2(-28.5, -13.5)
DVec2(-28.5, -12.5)
DVec2(-29.5, -11.5)
DVec2(-29.5, -10.5)
DVec2(-29.5, -9.5)
DVec2(-29.5, -8.5)
DVec2(-28.5, -11.5)
DVec2(-28.5, -10.5)
DVec2(-28.5, -9.5)
DVec2(-28.5, -8.5)
DVec2(-29.5, -7.5)
DVec2(-29.5, -6.5)
DVec2(-29.5, -5.5)
DVec2(-29.5, -4.5)
DVec2(-28.5, -7.5)
DVec2(-28.5, -6.5)
DVec2(-28.5, -5.5)
DVec2(-28.5, -4.5)
DVec2(-29.5, -3.5)
DVec2(-29.5, -2.5)
DVec2(-29.5, -1.5)
DVec2(-29.5, -0.5)
DVec2(-28.5, -3.5)
DVec2(-28.5, -2.5)
DVec2(-28.5, -1.5)
DVec2(-28.5, -0.5)
DVec2(-29.5, 0.5)
DVec2(-29.5, 1.5)
DVec2(-29.5, 2.5)
DVec2(-29.5, 3.5)
DVec2(-28.5, 0.5)
DVec2(-28.5, 1.5)
DVec2(-28.5, 2.5)
DVec2(-28.5, 3.5)
DVec2(-29.5, 4.5)
DVec2(-29.5, 5.5)
DVec2(-29.5, 6.5)
DVec2(-29.5, 7.5)
DVec2(-28.5, 4.5)
DVec2(-28.5, 5.5)
DVec2(-28.5, 6.5)
DVec2(-28.5, 7.5)
DVec2(-29.5, 8.5)
DVec2(-29.5, 9.5)
DVec2(-29.5, 10.5)
DVec2(-29.5, 11.5)
DVec2(-28.5, 8.5)
DVec2(-28.5, 9.5)
DVec2(-28.5, 10.5)
DVec2(-28.5, 11.5)
DVec2(-29.5, 12.5)
DVec2(-29.5, 13.5)
DVec2(-29.5, 14.5)
DVec2(-29.5, 15.5)
DVec2(-28.5, 12.5)
DVec2(-28.5, 13.5)
DVec2(-28.5, 14.5)
DVec2(-28.5, 15.5)
DVec2(-29.5, 16.5)
DVec2(-29.5, 17.5)
DVec2(-29.5, 18.5)
DVec2(-29.5, 19.5)
DVec2(-28.5, 16.5)
DVec2(-28.5, 17.5)
DVec2(-28.5, 18.5)
DVec2(-28.5, 19.5)
DVec2(-29.5, 20.5)
DVec2(-29.5, 21.5)
DVec2(-29.5, 22.5)
DVec2(-29.5, 23.5)
DVec2(-28.5, 20.5)
DVec2(-28.5, 21.5)
DVec2(-28.5, 22.5)
DVec2(-28.5, 23.5)
DVec2(-29.5, 24.5)
DVec2(-29.5, 25.5)
DVec2(-29.5, 26.5)
DVec2(-29.5, 27.5)
DVec2(-28.5, 24.5)
DVec2(-28.5, 25.5)
DVec2(-28.5, 26.5)
DVec2(-28.5, 27.5)
DVec2(-29.5, 28.5)
DVec2(-29.5, 29.5)
DVec2(-29.5, 30.5)
DVec2(-29.5, 31.5)
DVec2(-28.5, 28.5)
DVec2(-28.5, 29.5)
DVec2(-28.5, 30.5)
DVec2(-28.5, 31.5)
DVec2(-29.5, 32.5)
DVec2(-29.5, 33.5)
DVec2(-29.5, 34.5)
DVec2(-29.5, 35.5)
DVec2(-28.5, 32.5)
DVec2(-28.5, 33.5)
DVec2(-28.5, 34.5)
DVec2(-28.5, 35.5)
DVec2(-29.5, 36.5)
DVec2(-29.5, 37.5)
DVec2(-29.5, 38.5)
DVec2(-29.5, 39.5)
DVec2(-28.5, 36.5)
DVec2(-28.5, 37.5)
DVec2(-28.5, 38.5)
DVec2(-28.5, 39.5)
DVec2(-29.5, 40.5)
DVec2(-29.5, 41.5)
DVec2(-29.5, 42.5)
DVec2(-29.5, 43.5)
DVec2(-28.5, 40.5)
DVec2(-28.5, 41.5)
DVec2(-28.5, 42.5)
DVec2(-28.5, 43.5)
DVec2(-29.5, 44.5)
DVec2(-29.5, 45.5)
DVec2(-29.5, 46.5)
DVec2(-29.5, 47.5)
DVec2(-28.5, 44.5)
DVec2(-28.5, 45.5)
DVec2(-28.5, 46.5)
DVec2(-28.5, 47.5)
DVec2(-29.5, 48.5)
DVec2(-29.5, 49.5)
DVec2(-29.5, 50.5)
DVec2(-29.5, 51.5)
DVec2(-28.5, 48.5)
DVec2(-28.5, 49.5)
DVec2(-28.5, 50.5)
DVec2(-28.5, 51.5)
DVec2(-29.5, 52.5)
DVec2(-29.5, 53.5)
DVec2(-29.5, 54.5)
DVec2(-29.5, 55.5)
DVec2(-28.5, 52.5)
DVec2(-28.5, 53.5)
DVec2(-28.5, 54.5)
DVec2(-28.5, 55.5)
DVec2(-29.5, 56.5)
DVec2(-29.5, 57.5)
DVec2(-29.5, 58.5)
DVec2(-29.5, 59.5)
DVec2(-28.5, 56.5)
DVec2(-28.5, 57.5)
DVec2(-28.5, 58.5)
DVec2(-28.5, 59.5)
DVec2(-29.5, 60.5)
DVec2(-29.5, 61.5)
DVec2(-29.5, 62.5)
DVec2(-29.5, 63.5)
DVec2(-28.5, 60.5)
DVec2(-28.5, 61.5)
DVec2(-28.5, 62.5)
DVec2(-28.5, 63.5)
DVec2(-29.5, 64.5)
DVec2(-29.5, 65.5)
DVec2(-29.5, 66.5)
DVec2(-29.5, 67.5)
DVec2(-28.5, 64.5)
DVec2(-28.5, 65.5)
DVec2(-28.5, 66.5)
DVec2(-28.5, 67.5)
DVec2(-29.5, 68.5)
DVec2(-29.5, 69.5)
DVec2(-29.5, 70.5)
DVec2(-29.5, 71.5)
DVec2(-28.5, 68.5)
DVec2(-28.5, 69.5)
DVec2(-28.5, 70.5)
DVec2(-28.5, 71.5)
DVec2(-29.5, 72.5)
DVec2(-29.5, 73.5)
DVec2(-29.5, 74.5)
DVec2(-29.5, 75.5)
DVec2(-28.5, 72.5)
DVec2(-28.5, 73.5)
DVec2(-28.5, 74.5)
DVec2(-28.5, 75.5)
DVec2(-29.5, 76.5)
DVec2(-29.5, 77.5)
DVec2(-29.5, 78.5)
DVec2(-29.5, 79.5)
DVec2(-28.5, 76.5)
DVec2(-28.5, 77.5)
DVec2(-28.5, 78.5)
DVec2(-28.5, 79.5)
DVec2(-29.5, 80.5)
DVec2(-29.5, 81.5)
DVec2(-29.5, 82.5)
DVec2(-29.5, 83.5)
DVec2(-28.5, 80.5)
DVec2(-28.5, 81.5)
DVec2(-28.5, 82.5)
DVec2(-28.5, 83.5)
DVec2(-29.5, 84.5)
DVec2(-29.5, 85.5)
DVec2(-29.5, 86.5)
DVec2(-29.5, 87.5)
DVec2(-28.5, 84.5)
DVec2(-28.5, 85.5)
DVec2(-28.5, 86.5)
DVec2(-28.5, 87.5)
DVec2(-29.5, 88.5)
DVec2(-29.5, 89.5)
DVec2(-29.5, 90.5)
DVec2(-29.5, 91.5)
DVec2(-28.5, 88.5)
DVec2(-28.5, 89.5)
DVec2(-28.5, 90.5)
DVec2(-28.5, 91.5)
DVec2(-29.5, 92.5)
DVec2(-29.5, 93.5)
DVec2(-29.5, 94.5)
DVec2(-29.5, 95.5)
DVec2(-28.5, 92.5)
DVec2(-28.5, 93.5)
DVec2(-28.5, 94.5)
DVec2(-28.5, 95.5)
DVec2(-29.5, 96.5)
DVec2(-29.5, 97.5)
DVec2(-29.5, 98.5)
DVec2(-29.5, 99.5)
DVec2(-28.5, 96.5)
DVec2(-28.5, 97.5)
DVec2(-28.5, 98.5)
DVec2(-28.5, 99.5)
DVec2(-29.5, 100.5)
DVec2(-29.5, 101.5)
DVec2(-29.5, 102.5)
DVec2(-29.5, 103.5)
DVec2(-28.5, 100.5)
DVec2(-28.5, 101.5)
DVec2(-28.5, 102.5)
DVec2(-28.5, 103.5)
DVec2(-29.5, 104.5)
DVec2(-29.5, 105.5)
DVec2(-29.5, 106.5)
DVec2(-29.5, 107.5)
DVec2(-28.5, 104.5)
DVec2(-28.5, 105.5)
DVec2(-28.5, 106.5)
DVec2(-28.5, 107.5)
DVec2(-29.5, 108.5)
DVec2(-29.5, 109.5)
DVec2(-29.5, 110.5)
DVec2(-29.5, 111.5)
DVec2(-28.5, 108.5)
DVec2(-28.5, 109.5)
DVec2(-28.5, 110.5)
DVec2(-28.5, 111.5)
DVec2(-29.5, 112.5)
DVec2(-29.5, 113.5)
DVec2(-29.5, 114.5)
DVec2(-29.5, 115.5)
DVec2(-28.5, 112.5)
DVec2(-28.5, 113.5)
DVec2(-28.5, 114.5)
DVec2(-28.5, 115.5)
DVec2(-29.5, 116.5)
DVec2(-29.5, 117.5)
DVec2(-29.5, 118.5)
DVec2(-29.5, 119.5)
DVec2(-28.5, 116.5)
DVec2(-28.5, 117.5)
DVec2(-28.5, 118.5)
DVec2(-28.5, 119.5)
DVec2(-27.5, -119.5)
DVec2(-27.5, -118.5)
DVec2(-27.5, -117.5)
DVec2(-27.5, -116.5)
DVec2(-26.5, -119.5)
DVec2(-26.5, -118.5)
DVec2(-26.5, -117.5)
DVec2(-26.5, -116.5)
DVec2(-27.5, -115.5)
DVec2(-27.5, -114.5)
DVec2(-27.5, -113.5)
DVec2(-27.5, -112.5)
DVec2(-26.5, -115.5)
DVec2(-26.5, -114.5)
DVec2(-26.5, -113.5)
DVec2(-26.5, -112.5)
DVec2(-27.5, -111.5)
DVec2(-27.5, -110.5)
DVec2(-27.5, -109.5)
DVec2(-27.5, -108.5)
DVec2(-26.5, -111.5)
DVec2(-26.5, -110.5)
DVec2(-26.5, -109.5)
DVec2(-26.5, -108.5)
DVec2(-27.5, -107.5)
DVec2(-27.5, -106.5)
DVec2(-27.5, -105.5)
DVec2(-27.5, -104.5)
DVec2(-26.5, -107.5)
DVec2(-26.5, -106.5)
DVec2(-26.5, -105.5)
DVec2(-26.5, -104.5)
DVec2(-27.5, -103.5)
DVec2(-27.5, -102.5)
DVec2(-27.5, -101.5)
DVec2(-27.5, -100.5)
DVec2(-26.5, -103.5)
DVec2(-26.5, -102.5)
DVec2(-26.5, -101.5)
DVec2(-26.5, -100.5)
DVec2(-27.5, -99.5)
DVec2(-27.5, -98.5)
DVec2(-27.5, -97.5)
DVec2(-27.5, -96.5)
DVec2(-26.5, -99.5)
DVec2(-26.5, -98.5)
DVec2(-26.5, -97.5)
DVec2(-26.5, -96.5)
DVec2(-27.5, -95.5)
DVec2(-27.5, -94.5)
DVec2(-27.5, -93.5)
DVec2(-27.5, -92.5)
DVec2(-26.5, -95.5)
DVec2(-26.5, -94.5)
DVec2(-26.5, -93.5)
DVec2(-26.5, -92.5)
DVec2(-27.5, -91.5)
DVec2(-27.5, -90.5)
DVec2(-27.5, -89.5)
DVec2(-27.5, -88.5)
DVec2(-26.5, -91.5)
DVec2(-26.5, -90.5)
DVec2(-26.5, -89.5)
DVec2(-26.5, -88.5)
DVec2(-27.5, -87.5)
DVec2(-27.5, -86.5)
DVec2(-27.5, -85.5)
DVec2(-27.5, -84.5)
DVec2(-26.5, -87.5)
DVec2(-26.5, -86.5)
DVec2(-26.5, -85.5)
DVec2(-26.5, -84.5)
DVec2(-27.5, -83.5)
DVec2(-27.5, -82.5)
DVec2(-27.5, -81.5)
DVec2(-27.5, -80.5)
DVec2(-26.5, -83.5)
DVec2(-26.5, -82.5)
DVec2(-26.5, -81.5)
DVec2(-26.5, -80.5)
DVec2(-27.5, -79.5)
DVec2(-27.5, -78.5)
DVec2(-27.5, -77.5)
DVec2(-27.5, -76.5)
DVec2(-26.5, -79.5)
DVec2(-26.5, -78.5)
DVec2(-26.5, -77.5)
DVec2(-26.5, -76.5)
DVec2(-27.5, -75.5)
DVec2(-27.5, -74.5)
DVec2(-27.5, -73.5)
DVec2(-27.5, -72.5)
DVec2(-26.5, -75.5)
DVec2(-26.5, -74.5)
DVec2(-26.5, -73.5)
DVec2(-26.5, -72.5)
DVec2(-27.5, -71.5)
DVec2(-27.5, -70.5)
DVec2(-27.5, -69.5)
DVec2(-27.5, -68.5)
DVec2(-26.5, -71.5)
DVec2(-26.5, -70.5)
DVec2(-26.5, -69.5)
DVec2(-26.5, -68.5)
DVec2(-27.5, -67.5)
DVec2(-27.5, -66.5)
DVec2(-27.5, -65.5)
DVec2(-27.5, -64.5)
DVec2(-26.5, -67.5)
DVec2(-26.5, -66.5)
DVec2(-26.5, -65.5)
DVec2(-26.5, -64.5)
DVec2(-27.5, -63.5)
DVec2(-27.5, -62.5)
DVec2(-27.5, -61.5)
DVec2(-27.5, -60.5)
DVec2(-26.5, -63.5)
DVec2(-26.5, -62.5)
DVec2(-26.5, -61.5)
DVec2(-26.5, -60.5)
DVec2(-27.5, -59.5)
DVec2(-27.5, -58.5)
DVec2(-27.5, -57.5)
DVec2(-27.5, -56.5)
DVec2(-26.5, -59.5)
DVec2(-26.5, -58.5)
DVec2(-26.5, -57.5)
DVec2(-26.5, -56.5)
DVec2(-27.5, -55.5)
DVec2(-27.5, -54.5)
DVec2(-27.5, -53.5)
DVec2(-27.5, -52.5)
DVec2(-26.5, -55.5)
DVec2(-26.5, -54.5)
DVec2(-26.5, -53.5)
DVec2(-26.5, -52.5)
DVec2(-27.5, -51.5)
DVec2(-27.5, -50.5)
DVec2(-27.5, -49.5)
DVec2(-27.5, -48.5)
DVec2(-26.5, -51.5)
DVec2(-26.5, -50.5)
DVec2(-26.5, -49.5)
DVec2(-26.5, -48.5)
DVec2(-27.5, -47.5)
DVec2(-27.5, -46.5)
DVec2(-27.5, -45.5)
DVec2(-27.5, -44.5)
DVec2(-26.5, -47.5)
DVec2(-26.5, -46.5)
DVec2(-26.5, -45.5)
DVec2(-26.5, -44.5)
DVec2(-27.5, -43.5)
DVec2(-27.5, -42.5)
DVec2(-27.5, -41.5)
DVec2(-27.5, -40.5)
DVec2(-26.5, -43.5)
DVec2(-26.5, -42.5)
DVec2(-26.5, -41.5)
DVec2(-26.5, -40.5)
DVec2(-27.5, -39.5)
DVec2(-27.5, -38.5)
DVec2(-27.5, -37.5)
DVec2(-27.5, -36.5)
DVec2(-26.5, -39.5)
DVec2(-26.5, -38.5)
DVec2(-26.5, -37.5)
DVec2(-26.5, -36.5)
DVec2(-27.5, -35.5)
DVec2(-27.5, -34.5)
DVec2(-27.5, -33.5)
DVec2(-27.5, -32.5)
DVec2(-26.5, -35.5)
DVec2(-26.5, -34.5)
DVec2(-26.5, -33.5)
DVec2(-26.5, -32.5)
DVec2(-27.5, -31.5)
DVec2(-27.5, -30.5)
DVec2(-27.5, -29.5)
DVec2(-27.5, -28.5)
DVec2(-26.5, -31.5)
DVec2(-26.5, -30.5)
DVec2(-26.5, -29.5)
DVec2(-26.5, -28.5)
DVec2(-27.5, -27.5)
DVec2(-27.5, -26.5)
DVec2(-27.5, -25.5)
DVec2(-27.5, -24.5)
DVec2(-26.5, -27.5)
DVec2(-26.5, -26.5)
DVec2(-26.5, -25.5)
DVec2(-26.5, -24.5)
DVec2(-27.5, -23.5)
DVec2(-27.5, -22.5)
DVec2(-27.5, -21.5)
DVec2(-27.5, -20.5)
DVec2(-26.5, -23.5)
DVec2(-26.5, -22.5)
DVec2(-26.5, -21.5)
DVec2(-26.5, -20.5)
DVec2(-27.5, -19.5)
DVec2(-27.5, -18.5)
DVec2(-27.5, -17.5)
DVec2(-27.5, -16.5)
DVec2(-26.5, -19.5)
DVec2(-26.5, -18.5)
DVec2(-26.5, -17.5)
DVec2(-26.5, -16.5)
DVec2(-27.5, -15.5)
DVec2(-27.5, -14.5)
DVec2(-27.5, -13.5)
DVec2(-27.5, -12.5)
DVec2(-26.5, -15.5)
DVec2(-26.5, -14.5)
DVec2(-26.5, -13.5)
DVec2(-26.5, -12.5)
DVec2(-27.5, -11.5)
DVec2(-27.5, -10.5)
DVec2(-27.5, -9.5)
DVec2(-27.5, -8.5)
DVec2(-26.5, -11.5)
DVec2(-26.5, -10.5)
DVec2(-26.5, -9.5)
DVec2(-26.5, -8.5)
DVec2(-27.5, -7.5)
DVec2(-27.5, -6.5)
DVec2(-27.5, -5.5)
DVec2(-27.5, -4.5)
DVec2(-26.5, -7.5)
DVec2(-26.5, -6.5)
DVec2(-26.5, -5.5)
DVec2(-26.5, -4.5)
DVec2(-27.5, -3.5)
DVec2(-27.5, -2.5)
DVec2(-27.5, -1.5)
DVec2(-27.5, -0.5)
DVec2(-26.5, -3.5)
DVec2(-26.5, -2.5)
DVec2(-26.5, -1.5)
DVec2(-26.5, -0.5)
DVec2(-27.5, 0.5)
DVec2(-27.5, 1.5)
DVec2(-27.5, 2.5)
DVec2(-27.5, 3.5)
DVec2(-26.5, 0.5)
DVec2(-26.5, 1.5)
DVec2(-26.5, 2.5)
DVec2(-26.5, 3.5)
DVec2(-27.5, 4.5)
DVec2(-27.5, 5.5)
DVec2(-27.5, 6.5)
DVec2(-27.5, 7.5)
DVec2(-26.5, 4.5)
DVec2(-26.5, 5.5)
DVec2(-26.5, 6.5)
DVec2(-26.5, 7.5)
DVec2(-27.5, 8.5)
DVec2(-27.5, 9.5)
DVec2(-27.5, 10.5)
DVec2(-27.5, 11.5)
DVec2(-26.5, 8.5)
DVec2(-26.5, 9.5)
DVec2(-26.5, 10.5)
DVec2(-26.5, 11.5)
DVec2(-27.5, 12.5)
DVec2(-27.5, 13.5)
DVec2(-27.5, 14.5)
DVec2(-27.5, 15.5)
DVec2(-26.5, 12.5)
DVec2(-26.5, 13.5)
DVec2(-26.5, 14.5)
DVec2(-26.5, 15.5)
DVec2(-27.5, 16.5)
DVec2(-27.5, 17.5)
DVec2(-27.5, 18.5)
DVec2(-27.5, 19.5)
DVec2(-26.5, 16.5)
DVec2(-26.5, 17.5)
DVec2(-26.5, 18.5)
DVec2(-26.5, 19.5)
DVec2(-27.5, 20.5)
DVec2(-27.5, 21.5)
DVec2(-27.5, 22.5)
DVec2(-27.5, 23.5)
DVec2(-26.5, 20.5)
DVec2(-26.5, 21.5)
DVec2(-26.5, 22.5)
DVec2(-26.5, 23.5)
DVec2(-27.5, 24.5)
DVec2(-27.5, 25.5)
DVec2(-27.5, 26.5)
DVec2(-27.5, 27.5)
DVec2(-26.5, 24.5)
DVec2(-26.5, 25.5)
DVec2(-26.5, 26.5)
DVec2(-26.5, 27.5)
DVec2(-27.5, 28.5)
DVec2(-27.5, 29.5)
DVec2(-27.5, 30.5)
DVec2(-27.5, 31.5)
DVec2(-26.5, 28.5)
DVec2(-26.5, 29.5)
DVec2(-26.5, 30.5)
DVec2(-26.5, 31.5)
DVec2(-27.5, 32.5)
DVec2(-27.5, 33.5)
DVec2(-27.5, 34.5)
DVec2(-27.5, 35.5)
DVec2(-26.5, 32.5)
DVec2(-26.5, 33.5)
DVec2(-26.5, 34.5)
DVec2(-26.5, 35.5)
DVec2(-27.5, 36.5)
DVec2(-27.5, 37.5)
DVec2(-27.5, 38.5)
DVec2(-27.5, 39.5)
DVec2(-26.5, 36.5)
DVec2(-26.5, 37.5)
DVec2(-26.5, 38.5)
DVec2(-26.5, 39.5)
DVec2(-27.5, 40.5)
DVec2(-27.5, 41.5)
DVec2(-27.5, 42.5)
DVec2(-27.5, 43.5)
DVec2(-26.5, 40.5)
DVec2(-26.5, 41.5)
DVec2(-26.5, 42.5)
DVec2(-26.5, 43.5)
DVec2(-27.5, 44.5)
DVec2(-27.5, 45.5)
DVec2(-27.5, 46.5)
DVec2(-27.5, 47.5)
DVec2(-26.5, 44.5)
DVec2(-26.5, 45.5)
DVec2(-26.5, 46.5)
DVec2(-26.5, 47.5)
DVec2(-27.5, 48.5)
DVec2(-27.5, 49.5)
DVec2(-27.5, 50.5)
DVec2(-27.5, 51.5)
DVec2(-26.5, 48.5)
DVec2(-26.5, 49.5)
DVec2(-26.5, 50.5)
DVec2(-26.5, 51.5)
DVec2(-27.5, 52.5)
DVec2(-27.5, 53.5)
DVec2(-27.5, 54.5)
DVec2(-27.5, 55.5)
DVec2(-26.5, 52.5)
DVec2(-26.5, 53.5)
DVec2(-26.5, 54.5)
DVec2(-26.5, 55.5)
DVec2(-27.5, 56.5)
DVec2(-27.5, 57.5)
DVec2(-27.5, 58.5)
DVec2(-27.5, 59.5)
DVec2(-26.5, 56.5)
DVec2(-26.5, 57.5)
DVec2(-26.5, 58.5)
DVec2(-26.5, 59.5)
DVec2(-27.5, 60.5)
DVec2(-27.5, 61.5)
DVec2(-27.5, 62.5)
DVec2(-27.5, 63.5)
DVec2(-26.5, 60.5)
DVec2(-26.5, 61.5)
DVec2(-26.5, 62.5)
DVec2(-26.5, 63.5)
DVec2(-27.5, 64.5)
DVec2(-27.5, 65.5)
DVec2(-27.5, 66.5)
DVec2(-27.5, 67.5)
DVec2(-26.5, 64.5)
DVec2(-26.5, 65.5)
DVec2(-26.5, 66.5)
DVec2(-26.5, 67.5)
DVec2(-27.5, 68.5)
DVec2(-27.5, 69.5)
DVec2(-27.5, 70.5)
DVec2(-27.5, 71.5)
DVec2(-26.5, 68.5)
DVec2(-26.5, 69.5)
DVec2(-26.5, 70.5)
DVec2(-26.5, 71.5)
DVec2(-27.5, 72.5)
DVec2(-27.5, 73.5)
DVec2(-27.5, 74.5)
DVec2(-27.5, 75.5)
DVec2(-26.5, 72.5)
DVec2(-26.5, 73.5)
DVec2(-26.5, 74.5)
DVec2(-26.5, 75.5)
DVec2(-27.5, 76.5)
DVec2(-27.5, 77.5)
DVec2(-27.5, 78.5)
DVec2(-27.5, 79.5)
DVec2(-26.5, 76.5)
DVec2(-26.5, 77.5)
DVec2(-26.5, 78.5)
DVec2(-26.5, 79.5)
DVec2(-27.5, 80.5)
DVec2(-27.5, 81.5)
DVec2(-27.5, 82.5)
DVec2(-27.5, 83.5)
DVec2(-26.5, 80.5)
DVec2(-26.5, 81.5)
DVec2(-26.5, 82.5)
DVec2(-26.5, 83.5)
DVec2(-27.5, 84.5)
DVec2(-27.5, 85.5)
DVec2(-27.5, 86.5)
DVec2(-27.5, 87.5)
DVec2(-26.5, 84.5)
DVec2(-26.5, 85.5)
DVec2(-26.5, 86.5)
DVec2(-26.5, 87.5)
DVec2(-27.5, 88.5)
DVec2(-27.5, 89.5)
DVec2(-27.5, 90.5)
DVec2(-27.5, 91.5)
DVec2(-26.5, 88.5)
DVec2(-26.5, 89.5)
DVec2(-26.5, 90.5)
DVec2(-26.5, 91.5)
DVec2(-27.5, 92.5)
DVec2(-27.5, 93.5)
DVec2(-27.5, 94.5)
DVec2(-27.5, 95.5)
DVec2(-26.5, 92.5)
DVec2(-26.5, 93.5)
DVec2(-26.5, 94.5)
DVec2(-26.5, 95.5)
DVec2(-27.5, 96.5)
DVec2(-27.5, 97.5)
DVec2(-27.5, 98.5)
DVec2(-27.5, 99.5)
DVec2(-26.5, 96.5)
DVec2(-26.5, 97.5)
DVec2(-26.5, 98.5)
DVec2(-26.5, 99.5)
DVec2(-27.5, 100.5)
DVec2(-27.5, 101.5)
DVec2(-27.5, 102.5)
DVec2(-27.5, 103.5)
DVec2(-26.5, 100.5)
DVec2(-26.5, 101.5)
DVec2(-26.5, 102.5)
DVec2(-26.5, 103.5)
DVec2(-27.5, 104.5)
DVec2(-27.5, 105.5)
DVec2(-27.5, 106.5)
DVec2(-27.5, 107.5)
DVec2(-26.5, 104.5)
DVec2(-26.5, 105.5)
DVec2(-26.5, 106.5)
DVec2(-26.5, 107.5)
DVec2(-27.5, 108.5)
DVec2(-27.5, 109.5)
DVec2(-27.5, 110.5)
DVec2(-27.5, 111.5)
DVec2(-26.5, 108.5)
DVec2(-26.5, 109.5)
DVec2(-26.5, 110.5)
DVec2(-26.5, 111.5)
DVec2(-27.5, 112.5)
DVec2(-27.5, 113.5)
DVec2(-27.5, 114.5)
DVec2(-27.5, 115.5)
DVec2(-26.5, 112.5)
DVec2(-26.5, 113.5)
DVec2(-26.5, 114.5)
DVec2(-26.5, 115.5)
DVec2(-27.5, 116.5)
DVec2(-27.5, 117.5)
DVec2(-27.5, 118.5)
DVec2(-27.5, 119.5)
DVec2(-26.5, 116.5)
DVec2(-26.5, 117.5)
DVec2(-26.5, 118.5)
DVec2(-26.5, 119.5)
DVec2(-25.5, -119.5)
DVec2(-25.5, -118.5)
DVec2(-25.5, -117.5)
DVec2(-25.5, -116.5)
DVec2(-24.5, -119.5)
DVec2(-24.5, -118.5)
DVec2(-24.5, -117.5)
DVec2(-24.5, -116.5)
DVec2(-25.5, -115.5)
DVec2(-25.5, -114.5)
DVec2(-25.5, -113.5)
DVec2(-25.5, -112.5)
DVec2(-24.5, -115.5)
DVec2(-24.5, -114.5)
DVec2(-24.5, -113.5)
DVec2(-24.5, -112.5)
DVec2(-25.5, -111.5)
DVec2(-25.5, -110.5)
DVec2(-25.5, -109.5)
DVec2(-25.5, -108.5)
DVec2(-24.5, -111.5)
DVec2(-24.5, -110.5)
DVec2(-24.5, -109.5)
DVec2(-24.5, -108.5)
DVec2(-25.5, -107.5)
DVec2(-25.5, -106.5)
DVec2(-25.5, -105.5)
DVec2(-25.5, -104.5)
DVec2(-24.5, -107.5)
DVec2(-24.5, -106.5)
DVec2(-24.5, -105.5)
DVec2(-24.5, -104.5)
DVec2(-25.5, -103.5)
DVec2(-25.5, -102.5)
DVec2(-25.5, -101.5)
DVec2(-25.5, -100.5)
DVec2(-24.5, -103.5)
DVec2(-24.5, -102.5)
DVec2(-24.5, -101.5)
DVec2(-24.5, -100.5)
DVec2(-25.5, -99.5)
DVec2(-25.5, -98.5)
DVec2(-25.5, -97.5)
DVec2(-25.5, -96.5)
DVec2(-24.5, -99.5)
DVec2(-24.5, -98.5)
DVec2(-24.5, -97.5)
DVec2(-24.5, -96.5)
DVec2(-25.5, -95.5)
DVec2(-25.5, -94.5)
DVec2(-25.5, -93.5)
DVec2(-25.5, -92.5)
DVec2(-24.5, -95.5)
DVec2(-24.5, -94.5)
DVec2(-24.5, -93.5)
DVec2(-24.5, -92.5)
DVec2(-25.5, -91.5)
DVec2(-25.5, -90.5)
DVec2(-25.5, -89.5)
DVec2(-25.5, -88.5)
DVec2(-24.5, -91.5)
DVec2(-24.5, -90.5)
DVec2(-24.5, -89.5)
DVec2(-24.5, -88.5)
DVec2(-25.5, -87.5)
DVec2(-25.5, -86.5)
DVec2(-25.5, -85.5)
DVec2(-25.5, -84.5)
DVec2(-24.5, -87.5)
DVec2(-24.5, -86.5)
DVec2(-24.5, -85.5)
DVec2(-24.5, -84.5)
DVec2(-25.5, -83.5)
DVec2(-25.5, -82.5)
DVec2(-25.5, -81.5)
DVec2(-25.5, -80.5)
DVec2(-24.5, -83.5)
DVec2(-24.5, -82.5)
DVec2(-24.5, -81.5)
DVec2(-24.5, -80.5)
DVec2(-25.5, -79.5)
DVec2(-25.5, -78.5)
DVec2(-25.5, -77.5)
DVec2(-25.5, -76.5)
DVec2(-24.5, -79.5)
DVec2(-24.5, -78.5)
DVec2(-24.5, -77.5)
DVec2(-24.5, -76.5)
DVec2(-25.5, -75.5)
DVec2(-25.5, -74.5)
DVec2(-25.5, -73.5)
DVec2(-25.5, -72.5)
DVec2(-24.5, -75.5)
DVec2(-24.5, -74.5)
DVec2(-24.5, -73.5)
DVec2(-24.5, -72.5)
DVec2(-25.5, -71.5)
DVec2(-25.5, -70.5)
DVec2(-25.5, -69.5)
DVec2(-25.5, -68.5)
DVec2(-24.5, -71.5)
DVec2(-24.5, -70.5)
DVec2(-24.5, -69.5)
DVec2(-24.5, -68.5)
DVec2(-25.5, -67.5)
DVec2(-25.5, -66.5)
DVec2(-25.5, -65.5)
DVec2(-25.5, -64.5)
DVec2(-24.5, -67.5)
DVec2(-24.5, -66.5)
DVec2(-24.5, -65.5)
DVec2(-24.5, -64.5)
DVec2(-25.5, -63.5)
DVec2(-25.5, -62.5)
DVec2(-25.5, -61.5)
DVec2(-25.5, -60.5)
DVec2(-24.5, -63.5)
DVec2(-24.5, -62.5)
DVec2(-24.5, -61.5)
DVec2(-24.5, -60.5)
DVec2(-25.5, -59.5)
DVec2(-25.5, -58.5)
DVec2(-25.5, -57.5)
DVec2(-25.5, -56.5)
DVec2(-24.5, -59.5)
DVec2(-24.5, -58.5)
DVec2(-24.5, -57.5)
DVec2(-24.5, -56.5)
DVec2(-25.5, -55.5)
DVec2(-25.5, -54.5)
DVec2(-25.5, -53.5)
DVec2(-25.5, -52.5)
DVec2(-24.5, -55.5)
DVec2(-24.5, -54.5)
DVec2(-24.5, -53.5)
DVec2(-24.5, -52.5)
DVec2(-25.5, -51.5)
DVec2(-25.5, -50.5)
DVec2(-25.5, -49.5)
DVec2(-25.5, -48.5)
DVec2(-24.5, -51.5)
DVec2(-24.5, -50.5)
DVec2(-24.5, -49.5)
DVec2(-24.5, -48.5)
DVec2(-25.5, -47.5)
DVec2(-25.5, -46.5)
DVec2(-25.5, -45.5)
DVec2(-25.5, -44.5)
DVec2(-24.5, -47.5)
DVec2(-24.5, -46.5)
DVec2(-24.5, -45.5)
DVec2(-24.5, -44.5)
DVec2(-25.5, -43.5)
DVec2(-25.5, -42.5)
DVec2(-25.5, -41.5)
DVec2(-25.5, -40.5)
DVec2(-24.5, -43.5)
DVec2(-24.5, -42.5)
DVec2(-24.5, -41.5)
DVec2(-24.5, -40.5)
DVec2(-25.5, -39.5)
DVec2(-25.5, -38.5)
DVec2(-25.5, -37.5)
DVec2(-25.5, -36.5)
DVec2(-24.5, -39.5)
DVec2(-24.5, -38.5)
DVec2(-24.5, -37.5)
DVec2(-24.5, -36.5)
DVec2(-25.5, -35.5)
DVec2(-25.5, -34.5)
DVec2(-25.5, -33.5)
DVec2(-25.5, -32.5)
DVec2(-24.5, -35.5)
DVec2(-24.5, -34.5)
DVec2(-24.5, -33.5)
DVec2(-24.5, -32.5)
DVec2(-25.5, -31.5)
DVec2(-25.5, -30.5)
DVec2(-25.5, -29.5)
DVec2(-25.5, -28.5)
DVec2(-24.5, -31.5)
DVec2(-24.5, -30.5)
DVec2(-24.5, -29.5)
DVec2(-24.5, -28.5)
DVec2(-25.5, -27.5)
DVec2(-25.5, -26.5)
DVec2(-25.5, -25.5)
DVec2(-25.5, -24.5)
DVec2(-24.5, -27.5)
DVec2(-24.5, -26.5)
DVec2(-24.5, -25.5)
DVec2(-24.5, -24.5)
DVec2(-25.5, -23.5)
DVec2(-25.5, -22.5)
DVec2(-25.5, -21.5)
DVec2(-25.5, -20.5)
DVec2(-24.5, -23.5)
DVec2(-24.5, -22.5)
DVec2(-24.5, -21.5)
DVec2(-24.5, -20.5)
DVec2(-25.5, -19.5)
DVec2(-25.5, -18.5)
DVec2(-25.5, -17.5)
DVec2(-25.5, -16.5)
DVec2(-24.5, -19.5)
DVec2(-24.5, -18.5)
DVec2(-24.5, -17.5)
DVec2(-24.5, -16.5)
DVec2(-25.5, -15.5)
DVec2(-25.5, -14.5)
DVec2(-25.5, -13.5)
DVec2(-25.5, -12.5)
DVec2(-24.5, -15.5)
DVec2(-24.5, -14.5)
DVec2(-24.5, -13.5)
DVec2(-24.5, -12.5)
DVec2(-25.5, -11.5)
DVec2(-25.5, -10.5)
DVec2(-25.5, -9.5)
DVec2(-25.5, -8.5)
DVec2(-24.5, -11.5)
DVec2(-24.5, -10.5)
DVec2(-24.5, -9.5)
DVec2(-24.5, -8.5)
DVec2(-25.5, -7.5)
DVec2(-25.5, -6.5)
DVec2(-25.5, -5.5)
DVec2(-25.5, -4.5)
DVec2(-24.5, -7.5)
DVec2(-24.5, -6.5)
DVec2(-24.5, -5.5)
DVec2(-24.5, -4.5)
DVec2(-25.5, -3.5)
DVec2(-25.5, -2.5)
DVec2(-25.5, -1.5)
DVec2(-25.5, -0.5)
DVec2(-24.5, -3.5)
DVec2(-24.5, -2.5)
DVec2(-24.5, -1.5)
DVec2(-24.5, -0.5)
DVec2(-25.5, 0.5)
DVec2(-25.5, 1.5)
DVec2(-25.5, 2.5)
DVec2(-25.5, 3.5)
DVec2(-24.5, 0.5)
DVec2(-24.5, 1.5)
DVec2(-24.5, 2.5)
DVec2(-24.5, 3.5)
DVec2(-25.5, 4.5)
DVec2(-25.5, 5.5)
DVec2(-25.5, 6.5)
DVec2(-25.5, 7.5)
DVec2(-24.5, 4.5)
DVec2(-24.5, 5.5)
DVec2(-24.5, 6.5)
DVec2(-24.5, 7.5)
DVec2(-25.5, 8.5)
DVec2(-25.5, 9.5)
DVec2(-25.5, 10.5)
DVec2(-25.5, 11.5)
DVec2(-24.5, 8.5)
DVec2(-24.5, 9.5)
DVec2(-24.5, 10.5)
DVec2(-24.5, 11.5)
DVec2(-25.5, 12.5)
DVec2(-25.5, 13.5)
DVec2(-25.5, 14.5)
DVec2(-25.5, 15.5)
DVec2(-24.5, 12.5)
DVec2(-24.5, 13.5)
DVec2(-24.5, 14.5)
DVec2(-24.5, 15.5)
DVec2(-25.5, 16.5)
DVec2(-25.5, 17.5)
DVec2(-25.5, 18.5)
DVec2(-25.5, 19.5)
DVec2(-24.5, 16.5)
DVec2(-24.5, 17.5)
DVec2(-24.5, 18.5)
DVec2(-24.5, 19.5)
DVec2(-25.5, 20.5)
DVec2(-25.5, 21.5)
DVec2(-25.5, 22.5)
DVec2(-25.5, 23.5)
DVec2(-24.5, 20.5)
DVec2(-24.5, 21.5)
DVec2(-24.5, 22.5)
DVec2(-24.5, 23.5)
DVec2(-25.5, 24.5)
DVec2(-25.5, 25.5)
DVec2(-25.5, 26.5)
DVec2(-25.5, 27.5)
DVec2(-24.5, 24.5)
DVec2(-24.5, 25.5)
DVec2(-24.5, 26.5)
DVec2(-24.5, 27.5)
DVec2(-25.5, 28.5)
DVec2(-25.5, 29.5)
DVec2(-25.5, 30.5)
DVec2(-25.5, 31.5)
DVec2(-24.5, 28.5)
DVec2(-24.5, 29.5)
DVec2(-24.5, 30.5)
DVec2(-24.5, 31.5)
DVec2(-25.5, 32.5)
DVec2(-25.5, 33.5)
DVec2(-25.5, 34.5)
DVec2(-25.5, 35.5)
DVec2(-24.5, 32.5)
DVec2(-24.5, 33.5)
DVec2(-24.5, 34.5)
DVec2(-24.5, 35.5)
DVec2(-25.5, 36.5)
DVec2(-25.5, 37.5)
DVec2(-25.5, 38.5)
DVec2(-25.5, 39.5)
DVec2(-24.5, 36.5)
DVec2(-24.5, 37.5)
DVec2(-24.5, 38.5)
DVec2(-24.5, 39.5)
DVec2(-25.5, 40.5)
DVec2(-25.5, 41.5)
DVec2(-25.5, 42.5)
DVec2(-25.5, 43.5)
DVec2(-24.5, 40.5)
DVec2(-24.5, 41.5)
DVec2(-24.5, 42.5)
DVec2(-24.5, 43.5)
DVec2(-25.5, 44.5)
DVec2(-25.5, 45.5)
DVec2(-25.5, 46.5)
DVec2(-25.5, 47.5)
DVec2(-24.5, 44.5)
DVec2(-24.5, 45.5)
DVec2(-24.5, 46.5)
DVec2(-24.5, 47.5)
DVec2(-25.5, 48.5)
DVec2(-25.5, 49.5)
DVec2(-25.5, 50.5)
DVec2(-25.5, 51.5)
DVec2(-24.5, 48.5)
DVec2(-24.5, 49.5)
DVec2(-24.5, 50.5)
DVec2(-24.5, 51.5)
DVec2(-25.5, 52.5)
DVec2(-25.5, 53.5)
DVec2(-25.5, 54.5)
DVec2(-25.5, 55.5)
DVec2(-24.5, 52.5)
DVec2(-24.5, 53.5)
DVec2(-24.5, 54.5)
DVec2(-24.5, 55.5)
DVec2(-25.5, 56.5)
DVec2(-25.5, 57.5)
DVec2(-25.5, 58.5)
DVec2(-25.5, 59.5)
DVec2(-24.5, 56.5)
DVec2(-24.5, 57.5)
DVec2(-24.5, 58.5)
DVec2(-24.5, 59.5)
DVec2(-25.5, 60.5)
DVec2(-25.5, 61.5)
DVec2(-25.5, 62.5)
DVec2(-25.5, 63.5)
DVec2(-24.5, 60.5)
DVec2(-24.5, 61.5)
DVec2(-24.5, 62.5)
DVec2(-24.5, 63.5)
DVec2(-25.5, 64.5)
DVec2(-25.5, 65.5)
DVec2(-25.5, 66.5)
DVec2(-25.5, 67.5)
DVec2(-24.5, 64.5)
DVec2(-24.5, 65.5)
DVec2(-24.5, 66.5)
DVec2(-24.5, 67.5)
DVec2(-25.5, 68.5)
DVec2(-25.5, 69.5)
DVec2(-25.5, 70.5)
DVec2(-25.5, 71.5)
DVec2(-24.5, 68.5)
DVec2(-24.5, 69.5)
DVec2(-24.5, 70.5)
DVec2(-24.5, 71.5)
DVec2(-25.5, 72.5)
DVec2(-25.5, 73.5)
DVec2(-25.5, 74.5)
DVec2(-25.5, 75.5)
DVec2(-24.5, 72.5)
DVec2(-24.5, 73.5)
DVec2(-24.5, 74.5)
DVec2(-24.5, 75.5)
DVec2(-25.5, 76.5)
DVec2(-25.5, 77.5)
DVec2(-25.5, 78.5)
DVec2(-25.5, 79.5)
DVec2(-24.5, 76.5)
DVec2(-24.5, 77.5)
DVec2(-24.5, 78.5)
DVec2(-24.5, 79.5)
DVec2(-25.5, 80.5)
DVec2(-25.5, 81.5)
DVec2(-25.5, 82.5)
DVec2(-25.5, 83.5)
DVec2(-24.5, 80.5)
DVec2(-24.5, 81.5)
DVec2(-24.5, 82.5)
DVec2(-24.5, 83.5)
DVec2(-25.5, 84.5)
DVec2(-25.5, 85.5)
DVec2(-25.5, 86.5)
DVec2(-25.5, 87.5)
DVec2(-24.5, 84.5)
DVec2(-24.5, 85.5)
DVec2(-24.5, 86.5)
DVec2(-24.5, 87.5)
DVec2(-25.5, 88.5)
DVec2(-25.5, 89.5)
DVec2(-25.5, 90.5)
DVec2(-25.5, 91.5)
DVec2(-24.5, 88.5)
DVec2(-24.5, 89.5)
DVec2(-24.5, 90.5)
DVec2(-24.5, 91.5)
DVec2(-25.5, 92.5)
DVec2(-25.5, 93.5)
DVec2(-25.5, 94.5)
DVec2(-25.5, 95.5)
DVec2(-24.5, 92.5)
DVec2(-24.5, 93.5)
DVec2(-24.5, 94.5)
DVec2(-24.5, 95.5)
DVec2(-25.5, 96.5)
DVec2(-25.5, 97.5)
DVec2(-25.5, 98.5)
DVec2(-25.5, 99.5)
DVec2(-24.5, 96.5)
DVec2(-24.5, 97.5)
DVec2(-24.5, 98.5)
DVec2(-24.5, 99.5)
DVec2(-25.5, 100.5)
DVec2(-25.5, 101.5)
DVec2(-25.5, 102.5)
DVec2(-25.5, 103.5)
DVec2(-24.5, 100.5)
DVec2(-24.5, 101.5)
DVec2(-24.5, 102.5)
DVec2(-24.5, 103.5)
DVec2(-25.5, 104.5)
DVec2(-25.5, 105.5)
DVec2(-25.5, 106.5)
DVec2(-25.5, 107.5)
DVec2(-24.5, 104.5)
DVec2(-24.5, 105.5)
DVec2(-24.5, 106.5)
DVec2(-24.5, 107.5)
DVec2(-25.5, 108.5)
DVec2(-25.5, 109.5)
DVec2(-25.5, 110.5)
DVec2(-25.5, 111.5)
DVec2(-24.5, 108.5)
DVec2(-24.5, 109.5)
DVec2(-24.5, 110.5)
DVec2(-24.5, 111.5)
DVec2(-25.5, 112.5)
DVec2(-25.5, 113.5)
DVec2(-25.5, 114.5)
DVec2(-25.5, 115.5)
DVec2(-24.5, 112.5)
DVec2(-24.5, 113.5)
DVec2(-24.5, 114.5)
DVec2(-24.5, 115.5)
DVec2(-25.5, 116.5)
DVec2(-25.5, 117.5)
DVec2(-25.5, 118.5)
DVec2(-25.5, 119.5)
DVec2(-24.5, 116.5)
DVec2(-24.5, 117.5)
DVec2(-24.5, 118.5)
DVec2(-24.5, 119.5)
DVec2(-23.5, -119.5)
DVec2(-23.5, -118.5)
DVec2(-23.5, -117.5)
DVec2(-23.5, -116.5)
DVec2(-22.5, -119.5)
DVec2(-22.5, -118.5)
DVec2(-22.5, -117.5)
DVec2(-22.5, -116.5)
DVec2(-23.5, -115.5)
DVec2(-23.5, -114.5)
DVec2(-23.5, -113.5)
DVec2(-23.5, -112.5)
DVec2(-22.5, -115.5)
DVec2(-22.5, -114.5)
DVec2(-22.5, -113.5)
DVec2(-22.5, -112.5)
DVec2(-23.5, -111.5)
DVec2(-23.5, -110.5)
DVec2(-23.5, -109.5)
DVec2(-23.5, -108.5)
DVec2(-22.5, -111.5)
DVec2(-22.5, -110.5)
DVec2(-22.5, -109.5)
DVec2(-22.5, -108.5)
DVec2(-23.5, -107.5)
DVec2(-23.5, -106.5)
DVec2(-23.5, -105.5)
DVec2(-23.5, -104.5)
DVec2(-22.5, -107.5)
DVec2(-22.5, -106.5)
DVec2(-22.5, -105.5)
DVec2(-22.5, -104.5)
DVec2(-23.5, -103.5)
DVec2(-23.5, -102.5)
DVec2(-23.5, -101.5)
DVec2(-23.5, -100.5)
DVec2(-22.5, -103.5)
DVec2(-22.5, -102.5)
DVec2(-22.5, -101.5)
DVec2(-22.5, -100.5)
DVec2(-23.5, -99.5)
DVec2(-23.5, -98.5)
DVec2(-23.5, -97.5)
DVec2(-23.5, -96.5)
DVec2(-22.5, -99.5)
DVec2(-22.5, -98.5)
DVec2(-22.5, -97.5)
DVec2(-22.5, -96.5)
DVec2(-23.5, -95.5)
DVec2(-23.5, -94.5)
DVec2(-23.5, -93.5)
DVec2(-23.5, -92.5)
DVec2(-22.5, -95.5)
DVec2(-22.5, -94.5)
DVec2(-22.5, -93.5)
DVec2(-22.5, -92.5)
DVec2(-23.5, -91.5)
DVec2(-23.5, -90.5)
DVec2(-23.5, -89.5)
DVec2(-23.5, -88.5)
DVec2(-22.5, -91.5)
DVec2(-22.5, -90.5)
DVec2(-22.5, -89.5)
DVec2(-22.5, -88.5)
DVec2(-23.5, -87.5)
DVec2(-23.5, -86.5)
DVec2(-23.5, -85.5)
DVec2(-23.5, -84.5)
DVec2(-22.5, -87.5)
DVec2(-22.5, -86.5)
DVec2(-22.5, -85.5)
DVec2(-22.5, -84.5)
DVec2(-23.5, -83.5)
DVec2(-23.5, -82.5)
DVec2(-23.5, -81.5)
DVec2(-23.5, -80.5)
DVec2(-22.5, -83.5)
DVec2(-22.5, -82.5)
DVec2(-22.5, -81.5)
DVec2(-22.5, -80.5)
DVec2(-23.5, -79.5)
DVec2(-23.5, -78.5)
DVec2(-23.5, -77.5)
DVec2(-23.5, -76.5)
DVec2(-22.5, -79.5)
DVec2(-22.5, -78.5)
DVec2(-22.5, -77.5)
DVec2(-22.5, -76.5)
DVec2(-23.5, -75.5)
DVec2(-23.5, -74.5)
DVec2(-23.5, -73.5)
DVec2(-23.5, -72.5)
DVec2(-22.5, -75.5)
DVec2(-22.5, -74.5)
DVec2(-22.5, -73.5)
DVec2(-22.5, -72.5)
DVec2(-23.5, -71.5)
DVec2(-23.5, -70.5)
DVec2(-23.5, -69.5)
DVec2(-23.5, -68.5)
DVec2(-22.5, -71.5)
DVec2(-22.5, -70.5)
DVec2(-22.5, -69.5)
DVec2(-22.5, -68.5)
DVec2(-23.5, -67.5)
DVec2(-23.5, -66.5)
DVec2(-23.5, -65.5)
DVec2(-23.5, -64.5)
DVec2(-22.5, -67.5)
DVec2(-22.5, -66.5)
DVec2(-22.5, -65.5)
DVec2(-22.5, -64.5)
DVec2(-23.5, -63.5)
DVec2(-23.5, -62.5)
DVec2(-23.5, -61.5)
DVec2(-23.5, -60.5)
DVec2(-22.5, -63.5)
DVec2(-22.5, -62.5)
DVec2(-22.5, -61.5)
DVec2(-22.5, -60.5)
DVec2(-23.5, -59.5)
DVec2(-23.5, -58.5)
DVec2(-23.5, -57.5)
DVec2(-23.5, -56.5)
DVec2(-22.5, -59.5)
DVec2(-22.5, -58.5)
DVec2(-22.5, -57.5)
DVec2(-22.5, -56.5)
DVec2(-23.5, -55.5)
DVec2(-23.5, -54.5)
DVec2(-23.5, -53.5)
DVec2(-23.5, -52.5)
DVec2(-22.5, -55.5)
DVec2(-22.5, -54.5)
DVec2(-22.5, -53.5)
DVec2(-22.5, -52.5)
DVec2(-23.5, -51.5)
DVec2(-23.5, -50.5)
DVec2(-23.5, -49.5)
DVec2(-23.5, -48.5)
DVec2(-22.5, -51.5)
DVec2(-22.5, -50.5)
DVec2(-22.5, -49.5)
DVec2(-22.5, -48.5)
DVec2(-23.5, -47.5)
DVec2(-23.5, -46.5)
DVec2(-23.5, -45.5)
DVec2(-23.5, -44.5)
DVec2(-22.5, -47.5)
DVec2(-22.5, -46.5)
DVec2(-22.5, -45.5)
DVec2(-22.5, -44.5)
DVec2(-23.5, -43.5)
DVec2(-23.5, -42.5)
DVec2(-23.5, -41.5)
DVec2(-23.5, -40.5)
DVec2(-22.5, -43.5)
DVec2(-22.5, -42.5)
DVec2(-22.5, -41.5)
DVec2(-22.5, -40.5)
DVec2(-23.5, -39.5)
DVec2(-23.5, -38.5)
DVec2(-23.5, -37.5)
DVec2(-23.5, -36.5)
DVec2(-22.5, -39.5)
DVec2(-22.5, -38.5)
DVec2(-22.5, -37.5)
DVec2(-22.5, -36.5)
DVec2(-23.5, -35.5)
DVec2(-23.5, -34.5)
DVec2(-23.5, -33.5)
DVec2(-23.5, -32.5)
DVec2(-22.5, -35.5)
DVec2(-22.5, -34.5)
DVec2(-22.5, -33.5)
DVec2(-22.5, -32.5)
DVec2(-23.5, -31.5)
DVec2(-23.5, -30.5)
DVec2(-23.5, -29.5)
DVec2(-23.5, -28.5)
DVec2(-22.5, -31.5)
DVec2(-22.5, -30.5)
DVec2(-22.5, -29.5)
DVec2(-22.5, -28.5)
DVec2(-23.5, -27.5)
DVec2(-23.5, -26.5)
DVec2(-23.5, -25.5)
DVec2(-23.5, -24.5)
DVec2(-22.5, -27.5)
DVec2(-22.5, -26.5)
DVec2(-22.5, -25.5)
DVec2(-22.5, -24.5)
DVec2(-23.5, -23.5)
DVec2(-23.5, -22.5)
DVec2(-23.5, -21.5)
DVec2(-23.5, -20.5)
DVec2(-22.5, -23.5)
DVec2(-22.5, -22.5)
DVec2(-22.5, -21.5)
DVec2(-22.5, -20.5)
DVec2(-23.5, -19.5)
DVec2(-23.5, -18.5)
DVec2(-23.5, -17.5)
DVec2(-23.5, -16.5)
DVec2(-22.5, -19.5)
DVec2(-22.5, -18.5)
DVec2(-22.5, -17.5)
DVec2(-22.5, -16.5)
DVec2(-23.5, -15.5)
DVec2(-23.5, -14.5)
DVec2(-23.5, -13.5)
DVec2(-23.5, -12.5)
DVec2(-22.5, -15.5)
DVec2(-22.5, -14.5)
DVec2(-22.5, -13.5)
DVec2(-22.5, -12.5)
DVec2(-23.5, -11.5)
DVec2(-23.5, -10.5)
DVec2(-23.5, -9.5)
DVec2(-23.5, -8.5)
DVec2(-22.5, -11.5)
DVec2(-22.5, -10.5)
DVec2(-22.5, -9.5)
DVec2(-22.5, -8.5)
DVec2(-23.5, -7.5)
DVec2(-23.5, -6.5)
DVec2(-23.5, -5.5)
DVec2(-23.5, -4.5)
DVec2(-22.5, -7.5)
DVec2(-22.5, -6.5)
DVec2(-22.5, -5.5)
DVec2(-22.5, -4.5)
DVec2(-23.5, -3.5)
DVec2(-23.5, -2.5)
DVec2(-23.5, -1.5)
DVec2(-23.5, -0.5)
DVec2(-22.5, -3.5)
DVec2(-22.5, -2.5)
DVec2(-22.5, -1.5)
DVec2(-22.5, -0.5)
DVec2(-23.5, 0.5)
DVec2(-23.5, 1.5)
DVec2(-23.5, 2.5)
DVec2(-23.5, 3.5)
DVec2(-22.5, 0.5)
DVec2(-22.5, 1.5)
DVec2(-22.5, 2.5)
DVec2(-22.5, 3.5)
DVec2(-23.5, 4.5)
DVec2(-23.5, 5.5)
DVec2(-23.5, 6.5)
DVec2(-23.5, 7.5)
DVec2(-22.5, 4.5)
DVec2(-22.5, 5.5)
DVec2(-22.5, 6.5)
DVec2(-22.5, 7.5)
DVec2(-23.5, 8.5)
DVec2(-23.5, 9.5)
DVec2(-23.5, 10.5)
DVec2(-23.5, 11.5)
DVec2(-22.5, 8.5)
DVec2(-22.5, 9.5)
DVec2(-22.5, 10.5)
DVec2(-22.5, 11.5)
DVec2(-23.5, 12.5)
DVec2(-23.5, 13.5)
DVec2(-23.5, 14.5)
DVec2(-23.5, 15.5)
DVec2(-22.5, 12.5)
DVec2(-22.5, 13.5)
DVec2(-22.5, 14.5)
DVec2(-22.5, 15.5)
DVec2(-23.5, 16.5)
DVec2(-23.5, 17.5)
DVec2(-23.5, 18.5)
DVec2(-23.5, 19.5)
DVec2(-22.5, 16.5)
DVec2(-22.5, 17.5)
DVec2(-22.5, 18.5)
DVec2(-22.5, 19.5)
DVec2(-23.5, 20.5)
DVec2(-23.5, 21.5)
DVec2(-23.5, 22.5)
DVec2(-23.5, 23.5)
DVec2(-22.5, 20.5)
DVec2(-22.5, 21.5)
DVec2(-22.5, 22.5)
DVec2(-22.5, 23.5)
DVec2(-23.5, 24.5)
DVec2(-23.5, 25.5)
DVec2(-23.5, 26.5)
DVec2(-23.5, 27.5)
DVec2(-22.5, 24.5)
DVec2(-22.5, 25.5)
DVec2(-22.5, 26.5)
DVec2(-22.5, 27.5)
DVec2(-23.5, 28.5)
DVec2(-23.5, 29.5)
DVec2(-23.5, 30.5)
DVec2(-23.5, 31.5)
DVec2(-22.5, 28.5)
DVec2(-22.5, 29.5)
DVec2(-22.5, 30.5)
DVec2(-22.5, 31.5)
DVec2(-23.5, 32.5)
DVec2(-23.5, 33.5)
DVec2(-23.5, 34.5)
DVec2(-23.5, 35.5)
DVec2(-22.5, 32.5)
DVec2(-22.5, 33.5)
DVec2(-22.5, 34.5)
DVec2(-22.5, 35.5)
DVec2(-23.5, 36.5)
DVec2(-23.5, 37.5)
DVec2(-23.5, 38.5)
DVec2(-23.5, 39.5)
DVec2(-22.5, 36.5)
DVec2(-22.5, 37.5)
DVec2(-22.5, 38.5)
DVec2(-22.5, 39.5)
DVec2(-23.5, 40.5)
DVec2(-23.5, 41.5)
DVec2(-23.5, 42.5)
DVec2(-23.5, 43.5)
DVec2(-22.5, 40.5)
DVec2(-22.5, 41.5)
DVec2(-22.5, 42.5)
DVec2(-22.5, 43.5)
DVec2(-23.5, 44.5)
DVec2(-23.5, 45.5)
DVec2(-23.5, 46.5)
DVec2(-23.5, 47.5)
DVec2(-22.5, 44.5)
DVec2(-22.5, 45.5)
DVec2(-22.5, 46.5)
DVec2(-22.5, 47.5)
DVec2(-23.5, 48.5)
DVec2(-23.5, 49.5)
DVec2(-23.5, 50.5)
DVec2(-23.5, 51.5)
DVec2(-22.5, 48.5)
DVec2(-22.5, 49.5)
DVec2(-22.5, 50.5)
DVec2(-22.5, 51.5)
DVec2(-23.5, 52.5)
DVec2(-23.5, 53.5)
DVec2(-23.5, 54.5)
DVec2(-23.5, 55.5)
DVec2(-22.5, 52.5)
DVec2(-22.5, 53.5)
DVec2(-22.5, 54.5)
DVec2(-22.5, 55.5)
DVec2(-23.5, 56.5)
DVec2(-23.5, 57.5)
DVec2(-23.5, 58.5)
DVec2(-23.5, 59.5)
DVec2(-22.5, 56.5)
DVec2(-22.5, 57.5)
DVec2(-22.5, 58.5)
DVec2(-22.5, 59.5)
DVec2(-23.5, 60.5)
DVec2(-23.5, 61.5)
DVec2(-23.5, 62.5)
DVec2(-23.5, 63.5)
DVec2(-22.5, 60.5)
DVec2(-22.5, 61.5)
DVec2(-22.5, 62.5)
DVec2(-22.5, 63.5)
DVec2(-23.5, 64.5)
DVec2(-23.5, 65.5)
DVec2(-23.5, 66.5)
DVec2(-23.5, 67.5)
DVec2(-22.5, 64.5)
DVec2(-22.5, 65.5)
DVec2(-22.5, 66.5)
DVec2(-22.5, 67.5)
DVec2(-23.5, 68.5)
DVec2(-23.5, 69.5)
DVec2(-23.5, 70.5)
DVec2(-23.5, 71.5)
DVec2(-22.5, 68.5)
DVec2(-22.5, 69.5)
DVec2(-22.5, 70.5)
DVec2(-22.5, 71.5)
DVec2(-23.5, 72.5)
DVec2(-23.5, 73.5)
DVec2(-23.5, 74.5)
DVec2(-23.5, 75.5)
DVec2(-22.5, 72.5)
DVec2(-22.5, 73.5)
DVec2(-22.5, 74.5)
DVec2(-22.5, 75.5)
DVec2(-23.5, 76.5)
DVec2(-23.5, 77.5)
DVec2(-23.5, 78.5)
DVec2(-23.5, 79.5)
DVec2(-22.5, 76.5)
DVec2(-22.5, 77.5)
DVec2(-22.5, 78.5)
DVec2(-22.5, 79.5)
DVec2(-23.5, 80.5)
DVec2(-23.5, 81.5)
DVec2(-23.5, 82.5)
DVec2(-23.5, 83.5)
DVec2(-22.5, 80.5)
DVec2(-22.5, 81.5)
DVec2(-22.5, 82.5)
DVec2(-22.5, 83.5)
DVec2(-23.5, 84.5)
DVec2(-23.5, 85.5)
DVec2(-23.5, 86.5)
DVec2(-23.5, 87.5)
DVec2(-22.5, 84.5)
DVec2(-22.5, 85.5)
DVec2(-22.5, 86.5)
DVec2(-22.5, 87.5)
DVec2(-23.5, 88.5)
DVec2(-23.5, 89.5)
DVec2(-23.5, 90.5)
DVec2(-23.5, 91.5)
DVec2(-22.5, 88.5)
DVec2(-22.5, 89.5)
DVec2(-22.5, 90.5)
DVec2(-22.5, 91.5)
DVec2(-23.5, 92.5)
DVec2(-23.5, 93.5)
DVec2(-23.5, 94.5)
DVec2(-23.5, 95.5)
DVec2(-22.5, 92.5)
DVec2(-22.5, 93.5)
DVec2(-22.5, 94.5)
DVec2(-22.5, 95.5)
DVec2(-23.5, 96.5)
DVec2(-23.5, 97.5)
DVec2(-23.5, 98.5)
DVec2(-23.5, 99.5)
DVec2(-22.5, 96.5)
DVec2(-22.5, 97.5)
DVec2(-22.5, 98.5)
DVec2(-22.5, 99.5)
DVec2(-23.5, 100.5)
DVec2(-23.5, 101.5)
DVec2(-23.5, 102.5)
DVec2(-23.5, 103.5)
DVec2(-22.5, 100.5)
DVec2(-22.5, 101.5)
DVec2(-22.5, 102.5)
DVec2(-22.5, 103.5)
DVec2(-23.5, 104.5)
DVec2(-23.5, 105.5)
DVec2(-23.5, 106.5)
DVec2(-23.5, 107.5)
DVec2(-22.5, 104.5)
DVec2(-22.5, 105.5)
DVec2(-22.5, 106.5)
DVec2(-22.5, 107.5)
DVec2(-23.5, 108.5)
DVec2(-23.5, 109.5)
DVec2(-23.5, 110.5)
DVec2(-23.5, 111.5)
DVec2(-22.5, 108.5)
DVec2(-22.5, 109.5)
DVec2(-22.5, 110.5)
DVec2(-22.5, 111.5)
DVec2(-23.5, 112.5)
DVec2(-23.5, 113.5)
DVec2(-23.5, 114.5)
DVec2(-23.5, 115.5)
DVec2(-22.5, 112.5)
DVec2(-22.5, 113.5)
DVec2(-22.5, 114.5)
DVec2(-22.5, 115.5)
DVec2(-23.5, 116.5)
DVec2(-23.5, 117.5)
DVec2(-23.5, 118.5)
DVec2(-23.5, 119.5)
DVec2(-22.5, 116.5)
DVec2(-22.5, 117.5)
DVec2(-22.5, 118.5)
DVec2(-22.5, 119.5)
DVec2(-21.5, -119.5)
DVec2(-21.5, -118.5)
DVec2(-21.5, -117.5)
DVec2(-21.5, -116.5)
DVec2(-20.5, -119.5)
DVec2(-20.5, -118.5)
DVec2(-20.5, -117.5)
DVec2(-20.5, -116.5)
DVec2(-21.5, -115.5)
DVec2(-21.5, -114.5)
DVec2(-21.5, -113.5)
DVec2(-21.5, -112.5)
DVec2(-20.5, -115.5)
DVec2(-20.5, -114.5)
DVec2(-20.5, -113.5)
DVec2(-20.5, -112.5)
DVec2(-21.5, -111.5)
DVec2(-21.5, -110.5)
DVec2(-21.5, -109.5)
DVec2(-21.5, -108.5)
DVec2(-20.5, -111.5)
DVec2(-20.5, -110.5)
DVec2(-20.5, -109.5)
DVec2(-20.5, -108.5)
DVec2(-21.5, -107.5)
DVec2(-21.5, -106.5)
DVec2(-21.5, -105.5)
DVec2(-21.5, -104.5)
DVec2(-20.5, -107.5)
DVec2(-20.5, -106.5)
DVec2(-20.5, -105.5)
DVec2(-20.5, -104.5)
DVec2(-21.5, -103.5)
DVec2(-21.5, -102.5)
DVec2(-21.5, -101.5)
DVec2(-21.5, -100.5)
DVec2(-20.5, -103.5)
DVec2(-20.5, -102.5)
DVec2(-20.5, -101.5)
DVec2(-20.5, -100.5)
DVec2(-21.5, -99.5)
DVec2(-21.5, -98.5)
DVec2(-21.5, -97.5)
DVec2(-21.5, -96.5)
DVec2(-20.5, -99.5)
DVec2(-20.5, -98.5)
DVec2(-20.5, -97.5)
DVec2(-20.5, -96.5)
DVec2(-21.5, -95.5)
DVec2(-21.5, -94.5)
DVec2(-21.5, -93.5)
DVec2(-21.5, -92.5)
DVec2(-20.5, -95.5)
DVec2(-20.5, -94.5)
DVec2(-20.5, -93.5)
DVec2(-20.5, -92.5)
DVec2(-21.5, -91.5)
DVec2(-21.5, -90.5)
DVec2(-21.5, -89.5)
DVec2(-21.5, -88.5)
DVec2(-20.5, -91.5)
DVec2(-20.5, -90.5)
DVec2(-20.5, -89.5)
DVec2(-20.5, -88.5)
DVec2(-21.5, -87.5)
DVec2(-21.5, -86.5)
DVec2(-21.5, -85.5)
DVec2(-21.5, -84.5)
DVec2(-20.5, -87.5)
DVec2(-20.5, -86.5)
DVec2(-20.5, -85.5)
DVec2(-20.5, -84.5)
DVec2(-21.5, -83.5)
DVec2(-21.5, -82.5)
DVec2(-21.5, -81.5)
DVec2(-21.5, -80.5)
DVec2(-20.5, -83.5)
DVec2(-20.5, -82.5)
DVec2(-20.5, -81.5)
DVec2(-20.5, -80.5)
DVec2(-21.5, -79.5)
DVec2(-21.5, -78.5)
DVec2(-21.5, -77.5)
DVec2(-21.5, -76.5)
DVec2(-20.5, -79.5)
DVec2(-20.5, -78.5)
DVec2(-20.5, -77.5)
DVec2(-20.5, -76.5)
DVec2(-21.5, -75.5)
DVec2(-21.5, -74.5)
DVec2(-21.5, -73.5)
DVec2(-21.5, -72.5)
DVec2(-20.5, -75.5)
DVec2(-20.5, -74.5)
DVec2(-20.5, -73.5)
DVec2(-20.5, -72.5)
DVec2(-21.5, -71.5)
DVec2(-21.5, -70.5)
DVec2(-21.5, -69.5)
DVec2(-21.5, -68.5)
DVec2(-20.5, -71.5)
DVec2(-20.5, -70.5)
DVec2(-20.5, -69.5)
DVec2(-20.5, -68.5)
DVec2(-21.5, -67.5)
DVec2(-21.5, -66.5)
DVec2(-21.5, -65.5)
DVec2(-21.5, -64.5)
DVec2(-20.5, -67.5)
DVec2(-20.5, -66.5)
DVec2(-20.5, -65.5)
DVec2(-20.5, -64.5)
DVec2(-21.5, -63.5)
DVec2(-21.5, -62.5)
DVec2(-21.5, -61.5)
DVec2(-21.5, -60.5)
DVec2(-20.5, -63.5)
DVec2(-20.5, -62.5)
DVec2(-20.5, -61.5)
DVec2(-20.5, -60.5)
DVec2(-21.5, -59.5)
DVec2(-21.5, -58.5)
DVec2(-21.5, -57.5)
DVec2(-21.5, -56.5)
DVec2(-20.5, -59.5)
DVec2(-20.5, -58.5)
DVec2(-20.5, -57.5)
DVec2(-20.5, -56.5)
DVec2(-21.5, -55.5)
DVec2(-21.5, -54.5)
DVec2(-21.5, -53.5)
DVec2(-21.5, -52.5)
DVec2(-20.5, -55.5)
DVec2(-20.5, -54.5)
DVec2(-20.5, -53.5)
DVec2(-20.5, -52.5)
DVec2(-21.5, -51.5)
DVec2(-21.5, -50.5)
DVec2(-21.5, -49.5)
DVec2(-21.5, -48.5)
DVec2(-20.5, -51.5)
DVec2(-20.5, -50.5)
DVec2(-20.5, -49.5)
DVec2(-20.5, -48.5)
DVec2(-21.5, -47.5)
DVec2(-21.5, -46.5)
DVec2(-21.5, -45.5)
DVec2(-21.5, -44.5)
DVec2(-20.5, -47.5)
DVec2(-20.5, -46.5)
DVec2(-20.5, -45.5)
DVec2(-20.5, -44.5)
DVec2(-21.5, -43.5)
DVec2(-21.5, -42.5)
DVec2(-21.5, -41.5)
DVec2(-21.5, -40.5)
DVec2(-20.5, -43.5)
DVec2(-20.5, -42.5)
DVec2(-20.5, -41.5)
DVec2(-20.5, -40.5)
DVec2(-21.5, -39.5)
DVec2(-21.5, -38.5)
DVec2(-21.5, -37.5)
DVec2(-21.5, -36.5)
DVec2(-20.5, -39.5)
DVec2(-20.5, -38.5)
DVec2(-20.5, -37.5)
DVec2(-20.5, -36.5)
DVec2(-21.5, -35.5)
DVec2(-21.5, -34.5)
DVec2(-21.5, -33.5)
DVec2(-21.5, -32.5)
DVec2(-20.5, -35.5)
DVec2(-20.5, -34.5)
DVec2(-20.5, -33.5)
DVec2(-20.5, -32.5)
DVec2(-21.5, -31.5)
DVec2(-21.5, -30.5)
DVec2(-21.5, -29.5)
DVec2(-21.5, -28.5)
DVec2(-20.5, -31.5)
DVec2(-20.5, -30.5)
DVec2(-20.5, -29.5)
DVec2(-20.5, -28.5)
DVec2(-21.5, -27.5)
DVec2(-21.5, -26.5)
DVec2(-21.5, -25.5)
DVec2(-21.5, -24.5)
DVec2(-20.5, -27.5)
DVec2(-20.5, -26.5)
DVec2(-20.5, -25.5)
DVec2(-20.5, -24.5)
DVec2(-21.5, -23.5)
DVec2(-21.5, -22.5)
DVec2(-21.5, -21.5)
DVec2(-21.5, -20.5)
DVec2(-20.5, -23.5)
DVec2(-20.5, -22.5)
DVec2(-20.5, -21.5)
DVec2(-20.5, -20.5)
DVec2(-21.5, -19.5)
DVec2(-21.5, -18.5)
DVec2(-21.5, -17.5)
DVec2(-21.5, -16.5)
DVec2(-20.5, -19.5)
DVec2(-20.5, -18.5)
DVec2(-20.5, -17.5)
DVec2(-20.5, -16.5)
DVec2(-21.5, -15.5)
DVec2(-21.5, -14.5)
DVec2(-21.5, -13.5)
DVec2(-21.5, -12.5)
DVec2(-20.5, -15.5)
DVec2(-20.5, -14.5)
DVec2(-20.5, -13.5)
DVec2(-20.5, -12.5)
DVec2(-21.5, -11.5)
DVec2(-21.5, -10.5)
DVec2(-21.5, -9.5)
DVec2(-21.5, -8.5)
DVec2(-20.5, -11.5)
DVec2(-20.5, -10.5)
DVec2(-20.5, -9.5)
DVec2(-20.5, -8.5)
DVec2(-21.5, -7.5)
DVec2(-21.5, -6.5)
DVec2(-21.5, -5.5)
DVec2(-21.5, -4.5)
DVec2(-20.5, -7.5)
DVec2(-20.5, -6.5)
DVec2(-20.5, -5.5)
DVec2(-20.5, -4.5)
DVec2(-21.5, -3.5)
DVec2(-21.5, -2.5)
DVec2(-21.5, -1.5)
DVec2(-21.5, -0.5)
DVec2(-20.5, -3.5)
DVec2(-20.5, -2.5)
DVec2(-20.5, -1.5)
DVec2(-20.5, -0.5)
DVec2(-21.5, 0.5)
DVec2(-21.5, 1.5)
DVec2(-21.5, 2.5)
DVec2(-21.5, 3.5)
DVec2(-20.5, 0.5)
DVec2(-20.5, 1.5)
DVec2(-20.5, 2.5)
DVec2(-20.5, 3.5)
DVec2(-21.5, 4.5)
DVec2(-21.5, 5.5)
DVec2(-21.5, 6.5)
DVec2(-21.5, 7.5)
DVec2(-20.5, 4.5)
DVec2(-20.5, 5.5)
DVec2(-20.5, 6.5)
DVec2(-20.5, 7.5)
DVec2(-21.5, 8.5)
DVec2(-21.5, 9.5)
DVec2(-21.5, 10.5)
DVec2(-21.5, 11.5)
DVec2(-20.5, 8.5)
DVec2(-20.5, 9.5)
DVec2(-20.5, 10.5)
DVec2(-20.5, 11.5)
DVec2(-21.5, 12.5)
DVec2(-21.5, 13.5)
DVec2(-21.5, 14.5)
DVec2(-21.5, 15.5)
DVec2(-20.5, 12.5)
DVec2(-20.5, 13.5)
DVec2(-20.5, 14.5)
DVec2(-20.5, 15.5)
DVec2(-21.5, 16.5)
DVec2(-21.5, 17.5)
DVec2(-21.5, 18.5)
DVec2(-21.5, 19.5)
DVec2(-20.5, 16.5)
DVec2(-20.5, 17.5)
DVec2(-20.5, 18.5)
DVec2(-20.5, 19.5)
DVec2(-21.5, 20.5)
DVec2(-21.5, 21.5)
DVec2(-21.5, 22.5)
DVec2(-21.5, 23.5)
DVec2(-20.5, 20.5)
DVec2(-20.5, 21.5)
DVec2(-20.5, 22.5)
DVec2(-20.5, 23.5)
DVec2(-21.5, 24.5)
DVec2(-21.5, 25.5)
DVec2(-21.5, 26.5)
DVec2(-21.5, 27.5)
DVec2(-20.5, 24.5)
DVec2(-20.5, 25.5)
DVec2(-20.5, 26.5)
DVec2(-20.5, 27.5)
DVec2(-21.5, 28.5)
DVec2(-21.5, 29.5)
DVec2(-21.5, 30.5)
DVec2(-21.5, 31.5)
DVec2(-20.5, 28.5)
DVec2(-20.5, 29.5)
DVec2(-20.5, 30.5)
DVec2(-20.5, 31.5)
DVec2(-21.5, 32.5)
DVec2(-21.5, 33.5)
DVec2(-21.5, 34.5)
DVec2(-21.5, 35.5)
DVec2(-20.5, 32.5)
DVec2(-20.5, 33.5)
DVec2(-20.5, 34.5)
DVec2(-20.5, 35.5)
DVec2(-21.5, 36.5)
DVec2(-21.5, 37.5)
DVec2(-21.5, 38.5)
DVec2(-21.5, 39.5)
DVec2(-20.5, 36.5)
DVec2(-20.5, 37.5)
DVec2(-20.5, 38.5)
DVec2(-20.5, 39.5)
DVec2(-21.5, 40.5)
DVec2(-21.5, 41.5)
DVec2(-21.5, 42.5)
DVec2(-21.5, 43.5)
DVec2(-20.5, 40.5)
DVec2(-20.5, 41.5)
DVec2(-20.5, 42.5)
DVec2(-20.5, 43.5)
DVec2(-21.5, 44.5)
DVec2(-21.5, 45.5)
DVec2(-21.5, 46.5)
DVec2(-21.5, 47.5)
DVec2(-20.5, 44.5)
DVec2(-20.5, 45.5)
DVec2(-20.5, 46.5)
DVec2(-20.5, 47.5)
DVec2(-21.5, 48.5)
DVec2(-21.5, 49.5)
DVec2(-21.5, 50.5)
DVec2(-21.5, 51.5)
DVec2(-20.5, 48.5)
DVec2(-20.5, 49.5)
DVec2(-20.5, 50.5)
DVec2(-20.5, 51.5)
DVec2(-21.5, 52.5)
DVec2(-21.5, 53.5)
DVec2(-21.5, 54.5)
DVec2(-21.5, 55.5)
DVec2(-20.5, 52.5)
DVec2(-20.5, 53.5)
DVec2(-20.5, 54.5)
DVec2(-20.5, 55.5)
DVec2(-21.5, 56.5)
DVec2(-21.5, 57.5)
DVec2(-21.5, 58.5)
DVec2(-21.5, 59.5)
DVec2(-20.5, 56.5)
DVec2(-20.5, 57.5)
DVec2(-20.5, 58.5)
DVec2(-20.5, 59.5)
DVec2(-21.5, 60.5)
DVec2(-21.5, 61.5)
DVec2(-21.5, 62.5)
DVec2(-21.5, 63.5)
DVec2(-20.5, 60.5)
DVec2(-20.5, 61.5)
DVec2(-20.5, 62.5)
DVec2(-20.5, 63.5)
DVec2(-21.5, 64.5)
DVec2(-21.5, 65.5)
DVec2(-21.5, 66.5)
DVec2(-21.5, 67.5)
DVec2(-20.5, 64.5)
DVec2(-20.5, 65.5)
DVec2(-20.5, 66.5)
DVec2(-20.5, 67.5)
DVec2(-21.5, 68.5)
DVec2(-21.5, 69.5)
DVec2(-21.5, 70.5)
DVec2(-21.5, 71.5)
DVec2(-20.5, 68.5)
DVec2(-20.5, 69.5)
DVec2(-20.5, 70.5)
DVec2(-20.5, 71.5)
DVec2(-21.5, 72.5)
DVec2(-21.5, 73.5)
DVec2(-21.5, 74.5)
DVec2(-21.5, 75.5)
DVec2(-20.5, 72.5)
DVec2(-20.5, 73.5)
DVec2(-20.5, 74.5)
DVec2(-20.5, 75.5)
DVec2(-21.5, 76.5)
DVec2(-21.5, 77.5)
DVec2(-21.5, 78.5)
DVec2(-21.5, 79.5)
DVec2(-20.5, 76.5)
DVec2(-20.5, 77.5)
DVec2(-20.5, 78.5)
DVec2(-20.5, 79.5)
DVec2(-21.5, 80.5)
DVec2(-21.5, 81.5)
DVec2(-21.5, 82.5)
DVec2(-21.5, 83.5)
DVec2(-20.5, 80.5)
DVec2(-20.5, 81.5)
DVec2(-20.5, 82.5)
DVec2(-20.5, 83.5)
DVec2(-21.5, 84.5)
DVec2(-21.5, 85.5)
DVec2(-21.5, 86.5)
DVec2(-21.5, 87.5)
DVec2(-20.5, 84.5)
DVec2(-20.5, 85.5)
DVec2(-20.5, 86.5)
DVec2(-20.5, 87.5)
DVec2(-21.5, 88.5)
DVec2(-21.5, 89.5)
DVec2(-21.5, 90.5)
DVec2(-21.5, 91.5)
DVec2(-20.5, 88.5)
DVec2(-20.5, 89.5)
DVec2(-20.5, 90.5)
DVec2(-20.5, 91.5)
DVec2(-21.5, 92.5)
DVec2(-21.5, 93.5)
DVec2(-21.5, 94.5)
DVec2(-21.5, 95.5)
DVec2(-20.5, 92.5)
DVec2(-20.5, 93.5)
DVec2(-20.5, 94.5)
DVec2(-20.5, 95.5)
DVec2(-21.5, 96.5)
DVec2(-21.5, 97.5)
DVec2(-21.5, 98.5)
DVec2(-21.5, 99.5)
DVec2(-20.5, 96.5)
DVec2(-20.5, 97.5)
DVec2(-20.5, 98.5)
DVec2(-20.5, 99.5)
DVec2(-21.5, 100.5)
DVec2(-21.5, 101.5)
DVec2(-21.5, 102.5)
DVec2(-21.5, 103.5)
DVec2(-20.5, 100.5)
DVec2(-20.5, 101.5)
DVec2(-20.5, 102.5)
DVec2(-20.5, 103.5)
DVec2(-21.5, 104.5)
DVec2(-21.5, 105.5)
DVec2(-21.5, 106.5)
DVec2(-21.5, 107.5)
DVec2(-20.5, 104.5)
DVec2(-20.5, 105.5)
DVec2(-20.5, 106.5)
DVec2(-20.5, 107.5)
DVec2(-21.5, 108.5)
DVec2(-21.5, 109.5)
DVec2(-21.5, 110.5)
DVec2(-21.5, 111.5)
DVec2(-20.5, 108.5)
DVec2(-20.5, 109.5)
DVec2(-20.5, 110.5)
DVec2(-20.5, 111.5)
DVec2(-21.5, 112.5)
DVec2(-21.5, 113.5)
DVec2(-21.5, 114.5)
DVec2(-21.5, 115.5)
DVec2(-20.5, 112.5)
DVec2(-20.5, 113.5)
DVec2(-20.5, 114.5)
DVec2(-20.5, 115.5)
DVec2(-21.5, 116.5)
DVec2(-21.5, 117.5)
DVec2(-21.5, 118.5)
DVec2(-21.5, 119.5)
DVec2(-20.5, 116.5)
DVec2(-20.5, 117.5)
DVec2(-20.5, 118.5)
DVec2(-20.5, 119.5)
DVec2(-19.5, -119.5)
DVec2(-19.5, -118.5)
DVec2(-19.5, -117.5)
DVec2(-19.5, -116.5)
DVec2(-18.5, -119.5)
DVec2(-18.5, -118.5)
DVec2(-18.5, -117.5)
DVec2(-18.5, -116.5)
DVec2(-19.5, -115.5)
DVec2(-19.5, -114.5)
DVec2(-19.5, -113.5)
DVec2(-19.5, -112.5)
DVec2(-18.5, -115.5)
DVec2(-18.5, -114.5)
DVec2(-18.5, -113.5)
DVec2(-18.5, -112.5)
DVec2(-19.5, -111.5)
DVec2(-19.5, -110.5)
DVec2(-19.5, -109.5)
DVec2(-19.5, -108.5)
DVec2(-18.5, -111.5)
DVec2(-18.5, -110.5)
DVec2(-18.5, -109.5)
DVec2(-18.5, -108.5)
DVec2(-19.5, -107.5)
DVec2(-19.5, -106.5)
DVec2(-19.5, -105.5)
DVec2(-19.5, -104.5)
DVec2(-18.5, -107.5)
DVec2(-18.5, -106.5)
DVec2(-18.5, -105.5)
DVec2(-18.5, -104.5)
DVec2(-19.5, -103.5)
DVec2(-19.5, -102.5)
DVec2(-19.5, -101.5)
DVec2(-19.5, -100.5)
DVec2(-18.5, -103.5)
DVec2(-18.5, -102.5)
DVec2(-18.5, -101.5)
DVec2(-18.5, -100.5)
DVec2(-19.5, -99.5)
DVec2(-19.5, -98.5)
DVec2(-19.5, -97.5)
DVec2(-19.5, -96.5)
DVec2(-18.5, -99.5)
DVec2(-18.5, -98.5)
DVec2(-18.5, -97.5)
DVec2(-18.5, -96.5)
DVec2(-19.5, -95.5)
DVec2(-19.5, -94.5)
DVec2(-19.5, -93.5)
DVec2(-19.5, -92.5)
DVec2(-18.5, -95.5)
DVec2(-18.5, -94.5)
DVec2(-18.5, -93.5)
DVec2(-18.5, -92.5)
DVec2(-19.5, -91.5)
DVec2(-19.5, -90.5)
DVec2(-19.5, -89.5)
DVec2(-19.5, -88.5)
DVec2(-18.5, -91.5)
DVec2(-18.5, -90.5)
DVec2(-18.5, -89.5)
DVec2(-18.5, -88.5)
DVec2(-19.5, -87.5)
DVec2(-19.5, -86.5)
DVec2(-19.5, -85.5)
DVec2(-19.5, -84.5)
DVec2(-18.5, -87.5)
DVec2(-18.5, -86.5)
DVec2(-18.5, -85.5)
DVec2(-18.5, -84.5)
DVec2(-19.5, -83.5)
DVec2(-19.5, -82.5)
DVec2(-19.5, -81.5)
DVec2(-19.5, -80.5)
DVec2(-18.5, -83.5)
DVec2(-18.5, -82.5)
DVec2(-18.5, -81.5)
DVec2(-18.5, -80.5)
DVec2(-19.5, -79.5)
DVec2(-19.5, -78.5)
DVec2(-19.5, -77.5)
DVec2(-19.5, -76.5)
DVec2(-18.5, -79.5)
DVec2(-18.5, -78.5)
DVec2(-18.5, -77.5)
DVec2(-18.5, -76.5)
DVec2(-19.5, -75.5)
DVec2(-19.5, -74.5)
DVec2(-19.5, -73.5)
DVec2(-19.5, -72.5)
DVec2(-18.5, -75.5)
DVec2(-18.5, -74.5)
DVec2(-18.5, -73.5)
DVec2(-18.5, -72.5)
DVec2(-19.5, -71.5)
DVec2(-19.5, -70.5)
DVec2(-19.5, -69.5)
DVec2(-19.5, -68.5)
DVec2(-18.5, -71.5)
DVec2(-18.5, -70.5)
DVec2(-18.5, -69.5)
DVec2(-18.5, -68.5)
DVec2(-19.5, -67.5)
DVec2(-19.5, -66.5)
DVec2(-19.5, -65.5)
DVec2(-19.5, -64.5)
DVec2(-18.5, -67.5)
DVec2(-18.5, -66.5)
DVec2(-18.5, -65.5)
DVec2(-18.5, -64.5)
DVec2(-19.5, -63.5)
DVec2(-19.5, -62.5)
DVec2(-19.5, -61.5)
DVec2(-19.5, -60.5)
DVec2(-18.5, -63.5)
DVec2(-18.5, -62.5)
DVec2(-18.5, -61.5)
DVec2(-18.5, -60.5)
DVec2(-19.5, -59.5)
DVec2(-19.5, -58.5)
DVec2(-19.5, -57.5)
DVec2(-19.5, -56.5)
DVec2(-18.5, -59.5)
DVec2(-18.5, -58.5)
DVec2(-18.5, -57.5)
DVec2(-18.5, -56.5)
DVec2(-19.5, -55.5)
DVec2(-19.5, -54.5)
DVec2(-19.5, -53.5)
DVec2(-19.5, -52.5)
DVec2(-18.5, -55.5)
DVec2(-18.5, -54.5)
DVec2(-18.5, -53.5)
DVec2(-18.5, -52.5)
DVec2(-19.5, -51.5)
DVec2(-19.5, -50.5)
DVec2(-19.5, -49.5)
DVec2(-19.5, -48.5)
DVec2(-18.5, -51.5)
DVec2(-18.5, -50.5)
DVec2(-18.5, -49.5)
DVec2(-18.5, -48.5)
DVec2(-19.5, -47.5)
DVec2(-19.5, -46.5)
DVec2(-19.5, -45.5)
DVec2(-19.5, -44.5)
DVec2(-18.5, -47.5)
DVec2(-18.5, -46.5)
DVec2(-18.5, -45.5)
DVec2(-18.5, -44.5)
DVec2(-19.5, -43.5)
DVec2(-19.5, -42.5)
DVec2(-19.5, -41.5)
DVec2(-19.5, -40.5)
DVec2(-18.5, -43.5)
DVec2(-18.5, -42.5)
DVec2(-18.5, -41.5)
DVec2(-18.5, -40.5)
DVec2(-19.5, -39.5)
DVec2(-19.5, -38.5)
DVec2(-19.5, -37.5)
DVec2(-19.5, -36.5)
DVec2(-18.5, -39.5)
DVec2(-18.5, -38.5)
DVec2(-18.5, -37.5)
DVec2(-18.5, -36.5)
DVec2(-19.5, -35.5)
DVec2(-19.5, -34.5)
DVec2(-19.5, -33.5)
DVec2(-19.5, -32.5)
DVec2(-18.5, -35.5)
DVec2(-18.5, -34.5)
DVec2(-18.5, -33.5)
DVec2(-18.5, -32.5)
DVec2(-19.5, -31.5)
DVec2(-19.5, -30.5)
DVec2(-19.5, -29.5)
DVec2(-19.5, -28.5)
DVec2(-18.5, -31.5)
DVec2(-18.5, -30.5)
DVec2(-18.5, -29.5)
DVec2(-18.5, -28.5)
DVec2(-19.5, -27.5)
DVec2(-19.5, -26.5)
DVec2(-19.5, -25.5)
DVec2(-19.5, -24.5)
DVec2(-18.5, -27.5)
DVec2(-18.5, -26.5)
DVec2(-18.5, -25.5)
DVec2(-18.5, -24.5)
DVec2(-19.5, -23.5)
DVec2(-19.5, -22.5)
DVec2(-19.5, -21.5)
DVec2(-19.5, -20.5)
DVec2(-18.5, -23.5)
DVec2(-18.5, -22.5)
DVec2(-18.5, -21.5)
DVec2(-18.5, -20.5)
DVec2(-19.5, -19.5)
DVec2(-19.5, -18.5)
DVec2(-19.5, -17.5)
DVec2(-19.5, -16.5)
DVec2(-18.5, -19.5)
DVec2(-18.5, -18.5)
DVec2(-18.5, -17.5)
DVec2(-18.5, -16.5)
DVec2(-19.5, -15.5)
DVec2(-19.5, -14.5)
DVec2(-19.5, -13.5)
DVec2(-19.5, -12.5)
DVec2(-18.5, -15.5)
DVec2(-18.5, -14.5)
DVec2(-18.5, -13.5)
DVec2(-18.5, -12.5)
DVec2(-19.5, -11.5)
DVec2(-19.5, -10.5)
DVec2(-19.5, -9.5)
DVec2(-19.5, -8.5)
DVec2(-18.5, -11.5)
DVec2(-18.5, -10.5)
DVec2(-18.5, -9.5)
DVec2(-18.5, -8.5)
DVec2(-19.5, -7.5)
DVec2(-19.5, -6.5)
DVec2(-19.5, -5.5)
DVec2(-19.5, -4.5)
DVec2(-18.5, -7.5)
DVec2(-18.5, -6.5)
DVec2(-18.5, -5.5)
DVec2(-18.5, -4.5)
DVec2(-19.5, -3.5)
DVec2(-19.5, -2.5)
DVec2(-19.5, -1.5)
DVec2(-19.5, -0.5)
DVec2(-18.5, -3.5)
DVec2(-18.5, -2.5)
DVec2(-18.5, -1.5)
DVec2(-18.5, -0.5)
DVec2(-19.5, 0.5)
DVec2(-19.5, 1.5)
DVec2(-19.5, 2.5)
DVec2(-19.5, 3.5)
DVec2(-18.5, 0.5)
DVec2(-18.5, 1.5)
DVec2(-18.5, 2.5)
DVec2(-18.5, 3.5)
DVec2(-19.5, 4.5)
DVec2(-19.5, 5.5)
DVec2(-19.5, 6.5)
DVec2(-19.5, 7.5)
DVec2(-18.5, 4.5)
DVec2(-18.5, 5.5)
DVec2(-18.5, 6.5)
DVec2(-18.5, 7.5)
DVec2(-19.5, 8.5)
DVec2(-19.5, 9.5)
DVec2(-19.5, 10.5)
DVec2(-19.5, 11.5)
DVec2(-18.5, 8.5)
DVec2(-18.5, 9.5)
DVec2(-18.5, 10.5)
DVec2(-18.5, 11.5)
DVec2(-19.5, 12.5)
DVec2(-19.5, 13.5)
DVec2(-19.5, 14.5)
DVec2(-19.5, 15.5)
DVec2(-18.5, 12.5)
DVec2(-18.5, 13.5)
DVec2(-18.5, 14.5)
DVec2(-18.5, 15.5)
DVec2(-19.5, 16.5)
DVec2(-19.5, 17.5)
DVec2(-19.5, 18.5)
DVec2(-19.5, 19.5)
DVec2(-18.5, 16.5)
DVec2(-18.5, 17.5)
DVec2(-18.5, 18.5)
DVec2(-18.5, 19.5)
DVec2(-19.5, 20.5)
DVec2(-19.5, 21.5)
DVec2(-19.5, 22.5)
DVec2(-19.5, 23.5)
DVec2(-18.5, 20.5)
DVec2(-18.5, 21.5)
DVec2(-18.5, 22.5)
DVec2(-18.5, 23.5)
DVec2(-19.5, 24.5)
DVec2(-19.5, 25.5)
DVec2(-19.5, 26.5)
DVec2(-19.5, 27.5)
DVec2(-18.5, 24.5)
DVec2(-18.5, 25.5)
DVec2(-18.5, 26.5)
DVec2(-18.5, 27.5)
DVec2(-19.5, 28.5)
DVec2(-19.5, 29.5)
DVec2(-19.5, 30.5)
DVec2(-19.5, 31.5)
DVec2(-18.5, 28.5)
DVec2(-18.5, 29.5)
DVec2(-18.5, 30.5)
DVec2(-18.5, 31.5)
DVec2(-19.5, 32.5)
DVec2(-19.5, 33.5)
DVec2(-19.5, 34.5)
DVec2(-19.5, 35.5)
DVec2(-18.5, 32.5)
DVec2(-18.5, 33.5)
DVec2(-18.5, 34.5)
DVec2(-18.5, 35.5)
DVec2(-19.5, 36.5)
DVec2(-19.5, 37.5)
DVec2(-19.5, 38.5)
DVec2(-19.5, 39.5)
DVec2(-18.5, 36.5)
DVec2(-18.5, 37.5)
DVec2(-18.5, 38.5)
DVec2(-18.5, 39.5)
DVec2(-19.5, 40.5)
DVec2(-19.5, 41.5)
DVec2(-19.5, 42.5)
DVec2(-19.5, 43.5)
DVec2(-18.5, 40.5)
DVec2(-18.5, 41.5)
DVec2(-18.5, 42.5)
DVec2(-18.5, 43.5)
DVec2(-19.5, 44.5)
DVec2(-19.5, 45.5)
DVec2(-19.5, 46.5)
DVec2(-19.5, 47.5)
DVec2(-18.5, 44.5)
DVec2(-18.5, 45.5)
DVec2(-18.5, 46.5)
DVec2(-18.5, 47.5)
DVec2(-19.5, 48.5)
DVec2(-19.5, 49.5)
DVec2(-19.5, 50.5)
DVec2(-19.5, 51.5)
DVec2(-18.5, 48.5)
DVec2(-18.5, 49.5)
DVec2(-18.5, 50.5)
DVec2(-18.5, 51.5)
DVec2(-19.5, 52.5)
DVec2(-19.5, 53.5)
DVec2(-19.5, 54.5)
DVec2(-19.5, 55.5)
DVec2(-18.5, 52.5)
DVec2(-18.5, 53.5)
DVec2(-18.5, 54.5)
DVec2(-18.5, 55.5)
DVec2(-19.5, 56.5)
DVec2(-19.5, 57.5)
DVec2(-19.5, 58.5)
DVec2(-19.5, 59.5)
DVec2(-18.5, 56.5)
DVec2(-18.5, 57.5)
DVec2(-18.5, 58.5)
DVec2(-18.5, 59.5)
DVec2(-19.5, 60.5)
DVec2(-19.5, 61.5)
DVec2(-19.5, 62.5)
DVec2(-19.5, 63.5)
DVec2(-18.5, 60.5)
DVec2(-18.5, 61.5)
DVec2(-18.5, 62.5)
DVec2(-18.5, 63.5)
DVec2(-19.5, 64.5)
DVec2(-19.5, 65.5)
DVec2(-19.5, 66.5)
DVec2(-19.5, 67.5)
DVec2(-18.5, 64.5)
DVec2(-18.5, 65.5)
DVec2(-18.5, 66.5)
DVec2(-18.5, 67.5)
DVec2(-19.5, 68.5)
DVec2(-19.5, 69.5)
DVec2(-19.5, 70.5)
DVec2(-19.5, 71.5)
DVec2(-18.5, 68.5)
DVec2(-18.5, 69.5)
DVec2(-18.5, 70.5)
DVec2(-18.5, 71.5)
DVec2(-19.5, 72.5)
DVec2(-19.5, 73.5)
DVec2(-19.5, 74.5)
DVec2(-19.5, 75.5)
DVec2(-18.5, 72.5)
DVec2(-18.5, 73.5)
DVec2(-18.5, 74.5)
DVec2(-18.5, 75.5)
DVec2(-19.5, 76.5)
DVec2(-19.5, 77.5)
DVec2(-19.5, 78.5)
DVec2(-19.5, 79.5)
DVec2(-18.5, 76.5)
DVec2(-18.5, 77.5)
DVec2(-18.5, 78.5)
DVec2(-18.5, 79.5)
DVec2(-19.5, 80.5)
DVec2(-19.5, 81.5)
DVec2(-19.5, 82.5)
DVec2(-19.5, 83.5)
DVec2(-18.5, 80.5)
DVec2(-18.5, 81.5)
DVec2(-18.5, 82.5)
DVec2(-18.5, 83.5)
DVec2(-19.5, 84.5)
DVec2(-19.5, 85.5)
DVec2(-19.5, 86.5)
DVec2(-19.5, 87.5)
DVec2(-18.5, 84.5)
DVec2(-18.5, 85.5)
DVec2(-18.5, 86.5)
DVec2(-18.5, 87.5)
DVec2(-19.5, 88.5)
DVec2(-19.5, 89.5)
DVec2(-19.5, 90.5)
DVec2(-19.5, 91.5)
DVec2(-18.5, 88.5)
DVec2(-18.5, 89.5)
DVec2(-18.5, 90.5)
DVec2(-18.5, 91.5)
DVec2(-19.5, 92.5)
DVec2(-19.5, 93.5)
DVec2(-19.5, 94.5)
DVec2(-19.5, 95.5)
DVec2(-18.5, 92.5)
DVec2(-18.5, 93.5)
DVec2(-18.5, 94.5)
DVec2(-18.5, 95.5)
DVec2(-19.5, 96.5)
DVec2(-19.5, 97.5)
DVec2(-19.5, 98.5)
DVec2(-19.5, 99.5)
DVec2(-18.5, 96.5)
DVec2(-18.5, 97.5)
DVec2(-18.5, 98.5)
DVec2(-18.5, 99.5)
DVec2(-19.5, 100.5)
DVec2(-19.5, 101.5)
DVec2(-19.5, 102.5)
DVec2(-19.5, 103.5)
DVec2(-18.5, 100.5)
DVec2(-18.5, 101.5)
DVec2(-18.5, 102.5)
DVec2(-18.5, 103.5)
DVec2(-19.5, 104.5)
DVec2(-19.5, 105.5)
DVec2(-19.5, 106.5)
DVec2(-19.5, 107.5)
DVec2(-18.5, 104.5)
DVec2(-18.5, 105.5)
DVec2(-18.5, 106.5)
DVec2(-18.5, 107.5)
DVec2(-19.5, 108.5)
DVec2(-19.5, 109.5)
DVec2(-19.5, 110.5)
DVec2(-19.5, 111.5)
DVec2(-18.5, 108.5)
DVec2(-18.5, 109.5)
DVec2(-18.5, 110.5)
DVec2(-18.5, 111.5)
DVec2(-19.5, 112.5)
DVec2(-19.5, 113.5)
DVec2(-19.5, 114.5)
DVec2(-19.5, 115.5)
DVec2(-18.5, 112.5)
DVec2(-18.5, 113.5)
DVec2(-18.5, 114.5)
DVec2(-18.5, 115.5)
DVec2(-19.5, 116.5)
DVec2(-19.5, 117.5)
DVec2(-19.5, 118.5)
DVec2(-19.5, 119.5)
DVec2(-18.5, 116.5)
DVec2(-18.5, 117.5)
DVec2(-18.5, 118.5)
DVec2(-18.5, 119.5)
DVec2(-17.5, -119.5)
DVec2(-17.5, -118.5)
DVec2(-17.5, -117.5)
DVec2(-17.5, -116.5)
DVec2(-16.5, -119.5)
DVec2(-16.5, -118.5)
DVec2(-16.5, -117.5)
DVec2(-16.5, -116.5)
DVec2(-17.5, -115.5)
DVec2(-17.5, -114.5)
DVec2(-17.5, -113.5)
DVec2(-17.5, -112.5)
DVec2(-16.5, -115.5)
DVec2(-16.5, -114.5)
DVec2(-16.5, -113.5)
DVec2(-16.5, -112.5)
DVec2(-17.5, -111.5)
DVec2(-17.5, -110.5)
DVec2(-17.5, -109.5)
DVec2(-17.5, -108.5)
DVec2(-16.5, -111.5)
DVec2(-16.5, -110.5)
DVec2(-16.5, -109.5)
DVec2(-16.5, -108.5)
DVec2(-17.5, -107.5)
DVec2(-17.5, -106.5)
DVec2(-17.5, -105.5)
DVec2(-17.5, -104.5)
DVec2(-16.5, -107.5)
DVec2(-16.5, -106.5)
DVec2(-16.5, -105.5)
DVec2(-16.5, -104.5)
DVec2(-17.5, -103.5)
DVec2(-17.5, -102.5)
DVec2(-17.5, -101.5)
DVec2(-17.5, -100.5)
DVec2(-16.5, -103.5)
DVec2(-16.5, -102.5)
DVec2(-16.5, -101.5)
DVec2(-16.5, -100.5)
DVec2(-17.5, -99.5)
DVec2(-17.5, -98.5)
DVec2(-17.5, -97.5)
DVec2(-17.5, -96.5)
DVec2(-16.5, -99.5)
DVec2(-16.5, -98.5)
DVec2(-16.5, -97.5)
DVec2(-16.5, -96.5)
DVec2(-17.5, -95.5)
DVec2(-17.5, -94.5)
DVec2(-17.5, -93.5)
DVec2(-17.5, -92.5)
DVec2(-16.5, -95.5)
DVec2(-16.5, -94.5)
DVec2(-16.5, -93.5)
DVec2(-16.5, -92.5)
DVec2(-17.5, -91.5)
DVec2(-17.5, -90.5)
DVec2(-17.5, -89.5)
DVec2(-17.5, -88.5)
DVec2(-16.5, -91.5)
DVec2(-16.5, -90.5)
DVec2(-16.5, -89.5)
DVec2(-16.5, -88.5)
DVec2(-17.5, -87.5)
DVec2(-17.5, -86.5)
DVec2(-17.5, -85.5)
DVec2(-17.5, -84.5)
DVec2(-16.5, -87.5)
DVec2(-16.5, -86.5)
DVec2(-16.5, -85.5)
DVec2(-16.5, -84.5)
DVec2(-17.5, -83.5)
DVec2(-17.5, -82.5)
DVec2(-17.5, -81.5)
DVec2(-17.5, -80.5)
DVec2(-16.5, -83.5)
DVec2(-16.5, -82.5)
DVec2(-16.5, -81.5)
DVec2(-16.5, -80.5)
DVec2(-17.5, -79.5)
DVec2(-17.5, -78.5)
DVec2(-17.5, -77.5)
DVec2(-17.5, -76.5)
DVec2(-16.5, -79.5)
DVec2(-16.5, -78.5)
DVec2(-16.5, -77.5)
DVec2(-16.5, -76.5)
DVec2(-17.5, -75.5)
DVec2(-17.5, -74.5)
DVec2(-17.5, -73.5)
DVec2(-17.5, -72.5)
DVec2(-16.5, -75.5)
DVec2(-16.5, -74.5)
DVec2(-16.5, -73.5)
DVec2(-16.5, -72.5)
DVec2(-17.5, -71.5)
DVec2(-17.5, -70.5)
DVec2(-17.5, -69.5)
DVec2(-17.5, -68.5)
DVec2(-16.5, -71.5)
DVec2(-16.5, -70.5)
DVec2(-16.5, -69.5)
DVec2(-16.5, -68.5)
DVec2(-17.5, -67.5)
DVec2(-17.5, -66.5)
DVec2(-17.5, -65.5)
DVec2(-17.5, -64.5)
DVec2(-16.5, -67.5)
DVec2(-16.5, -66.5)
DVec2(-16.5, -65.5)
DVec2(-16.5, -64.5)
DVec2(-17.5, -63.5)
DVec2(-17.5, -62.5)
DVec2(-17.5, -61.5)
DVec2(-17.5, -60.5)
DVec2(-16.5, -63.5)
DVec2(-16.5, -62.5)
DVec2(-16.5, -61.5)
DVec2(-16.5, -60.5)
DVec2(-17.5, -59.5)
DVec2(-17.5, -58.5)
DVec2(-17.5, -57.5)
DVec2(-17.5, -56.5)
DVec2(-16.5, -59.5)
DVec2(-16.5, -58.5)
DVec2(-16.5, -57.5)
DVec2(-16.5, -56.5)
DVec2(-17.5, -55.5)
DVec2(-17.5, -54.5)
DVec2(-17.5, -53.5)
DVec2(-17.5, -52.5)
DVec2(-16.5, -55.5)
DVec2(-16.5, -54.5)
DVec2(-16.5, -53.5)
DVec2(-16.5, -52.5)
DVec2(-17.5, -51.5)
DVec2(-17.5, -50.5)
DVec2(-17.5, -49.5)
DVec2(-17.5, -48.5)
DVec2(-16.5, -51.5)
DVec2(-16.5, -50.5)
DVec2(-16.5, -49.5)
DVec2(-16.5, -48.5)
DVec2(-17.5, -47.5)
DVec2(-17.5, -46.5)
DVec2(-17.5, -45.5)
DVec2(-17.5, -44.5)
DVec2(-16.5, -47.5)
DVec2(-16.5, -46.5)
DVec2(-16.5, -45.5)
DVec2(-16.5, -44.5)
DVec2(-17.5, -43.5)
DVec2(-17.5, -42.5)
DVec2(-17.5, -41.5)
DVec2(-17.5, -40.5)
DVec2(-16.5, -43.5)
DVec2(-16.5, -42.5)
DVec2(-16.5, -41.5)
DVec2(-16.5, -40.5)
DVec2(-17.5, -39.5)
DVec2(-17.5, -38.5)
DVec2(-17.5, -37.5)
DVec2(-17.5, -36.5)
DVec2(-16.5, -39.5)
DVec2(-16.5, -38.5)
DVec2(-16.5, -37.5)
DVec2(-16.5, -36.5)
DVec2(-17.5, -35.5)
DVec2(-17.5, -34.5)
DVec2(-17.5, -33.5)
DVec2(-17.5, -32.5)
DVec2(-16.5, -35.5)
DVec2(-16.5, -34.5)
DVec2(-16.5, -33.5)
DVec2(-16.5, -32.5)
DVec2(-17.5, -31.5)
DVec2(-17.5, -30.5)
DVec2(-17.5, -29.5)
DVec2(-17.5, -28.5)
DVec2(-16.5, -31.5)
DVec2(-16.5, -30.5)
DVec2(-16.5, -29.5)
DVec2(-16.5, -28.5)
DVec2(-17.5, -27.5)
DVec2(-17.5, -26.5)
DVec2(-17.5, -25.5)
DVec2(-17.5, -24.5)
DVec2(-16.5, -27.5)
DVec2(-16.5, -26.5)
DVec2(-16.5, -25.5)
DVec2(-16.5, -24.5)
DVec2(-17.5, -23.5)
DVec2(-17.5, -22.5)
DVec2(-17.5, -21.5)
DVec2(-17.5, -20.5)
DVec2(-16.5, -23.5)
DVec2(-16.5, -22.5)
DVec2(-16.5, -21.5)
DVec2(-16.5, -20.5)
DVec2(-17.5, -19.5)
DVec2(-17.5, -18.5)
DVec2(-17.5, -17.5)
DVec2(-17.5, -16.5)
DVec2(-16.5, -19.5)
DVec2(-16.5, -18.5)
DVec2(-16.5, -17.5)
DVec2(-16.5, -16.5)
DVec2(-17.5, -15.5)
DVec2(-17.5, -14.5)
DVec2(-17.5, -13.5)
DVec2(-17.5, -12.5)
DVec2(-16.5, -15.5)
DVec2(-16.5, -14.5)
DVec2(-16.5, -13.5)
DVec2(-16.5, -12.5)
DVec2(-17.5, -11.5)
DVec2(-17.5, -10.5)
DVec2(-17.5, -9.5)
DVec2(-17.5, -8.5)
DVec2(-16.5, -11.5)
DVec2(-16.5, -10.5)
DVec2(-16.5, -9.5)
DVec2(-16.5, -8.5)
DVec2(-17.5, -7.5)
DVec2(-17.5, -6.5)
DVec2(-17.5, -5.5)
DVec2(-17.5, -4.5)
DVec2(-16.5, -7.5)
DVec2(-16.5, -6.5)
DVec2(-16.5, -5.5)
DVec2(-16.5, -4.5)
DVec2(-17.5, -3.5)
DVec2(-17.5, -2.5)
DVec2(-17.5, -1.5)
DVec2(-17.5, -0.5)
DVec2(-16.5, -3.5)
DVec2(-16.5, -2.5)
DVec2(-16.5, -1.5)
DVec2(-16.5, -0.5)
DVec2(-17.5, 0.5)
DVec2(-17.5, 1.5)
DVec2(-17.5, 2.5)
DVec2(-17.5, 3.5)
DVec2(-16.5, 0.5)
DVec2(-16.5, 1.5)
DVec2(-16.5, 2.5)
DVec2(-16.5, 3.5)
DVec2(-17.5, 4.5)
DVec2(-17.5, 5.5)
DVec2(-17.5, 6.5)
DVec2(-17.5, 7.5)
DVec2(-16.5, 4.5)
DVec2(-16.5, 5.5)
DVec2(-16.5, 6.5)
DVec2(-16.5, 7.5)
DVec2(-17.5, 8.5)
DVec2(-17.5, 9.5)
DVec2(-17.5, 10.5)
DVec2(-17.5, 11.5)
DVec2(-16.5, 8.5)
DVec2(-16.5, 9.5)
DVec2(-16.5, 10.5)
DVec2(-16.5, 11.5)
DVec2(-17.5, 12.5)
DVec2(-17.5, 13.5)
DVec2(-17.5, 14.5)
DVec2(-17.5, 15.5)
DVec2(-16.5, 12.5)
DVec2(-16.5, 13.5)
DVec2(-16.5, 14.5)
DVec2(-16.5, 15.5)
DVec2(-17.5, 16.5)
DVec2(-17.5, 17.5)
DVec2(-17.5, 18.5)
DVec2(-17.5, 19.5)
DVec2(-16.5, 16.5)
DVec2(-16.5, 17.5)
DVec2(-16.5, 18.5)
DVec2(-16.5, 19.5)
DVec2(-17.5, 20.5)
DVec2(-17.5, 21.5)
DVec2(-17.5, 22.5)
DVec2(-17.5, 23.5)
DVec2(-16.5, 20.5)
DVec2(-16.5, 21.5)
DVec2(-16.5, 22.5)
DVec2(-16.5, 23.5)
DVec2(-17.5, 24.5)
DVec2(-17.5, 25.5)
DVec2(-17.5, 26.5)
DVec2(-17.5, 27.5)
DVec2(-16.5, 24.5)
DVec2(-16.5, 25.5)
DVec2(-16.5, 26.5)
DVec2(-16.5, 27.5)
DVec2(-17.5, 28.5)
DVec2(-17.5, 29.5)
DVec2(-17.5, 30.5)
DVec2(-17.5, 31.5)
DVec2(-16.5, 28.5)
DVec2(-16.5, 29.5)
DVec2(-16.5, 30.5)
DVec2(-16.5, 31.5)
DVec2(-17.5, 32.5)
DVec2(-17.5, 33.5)
DVec2(-17.5, 34.5)
DVec2(-17.5, 35.5)
DVec2(-16.5, 32.5)
DVec2(-16.5, 33.5)
DVec2(-16.5, 34.5)
DVec2(-16.5, 35.5)
DVec2(-17.5, 36.5)
DVec2(-17.5, 37.5)
DVec2(-17.5, 38.5)
DVec2(-17.5, 39.5)
DVec2(-16.5, 36.5)
DVec2(-16.5, 37.5)
DVec2(-16.5, 38.5)
DVec2(-16.5, 39.5)
DVec2(-17.5, 40.5)
DVec2(-17.5, 41.5)
DVec2(-17.5, 42.5)
DVec2(-17.5, 43.5)
DVec2(-16.5, 40.5)
DVec2(-16.5, 41.5)
DVec2(-16.5, 42.5)
DVec2(-16.5, 43.5)
DVec2(-17.5, 44.5)
DVec2(-17.5, 45.5)
DVec2(-17.5, 46.5)
DVec2(-17.5, 47.5)
DVec2(-16.5, 44.5)
DVec2(-16.5, 45.5)
DVec2(-16.5, 46.5)
DVec2(-16.5, 47.5)
DVec2(-17.5, 48.5)
DVec2(-17.5, 49.5)
DVec2(-17.5, 50.5)
DVec2(-17.5, 51.5)
DVec2(-16.5, 48.5)
DVec2(-16.5, 49.5)
DVec2(-16.5, 50.5)
DVec2(-16.5, 51.5)
DVec2(-17.5, 52.5)
DVec2(-17.5, 53.5)
DVec2(-17.5, 54.5)
DVec2(-17.5, 55.5)
DVec2(-16.5, 52.5)
DVec2(-16.5, 53.5)
DVec2(-16.5, 54.5)
DVec2(-16.5, 55.5)
DVec2(-17.5, 56.5)
DVec2(-17.5, 57.5)
DVec2(-17.5, 58.5)
DVec2(-17.5, 59.5)
DVec2(-16.5, 56.5)
DVec2(-16.5, 57.5)
DVec2(-16.5, 58.5)
DVec2(-16.5, 59.5)
DVec2(-17.5, 60.5)
DVec2(-17.5, 61.5)
DVec2(-17.5, 62.5)
DVec2(-17.5, 63.5)
DVec2(-16.5, 60.5)
DVec2(-16.5, 61.5)
DVec2(-16.5, 62.5)
DVec2(-16.5, 63.5)
DVec2(-17.5, 64.5)
DVec2(-17.5, 65.5)
DVec2(-17.5, 66.5)
DVec2(-17.5, 67.5)
DVec2(-16.5, 64.5)
DVec2(-16.5, 65.5)
DVec2(-16.5, 66.5)
DVec2(-16.5, 67.5)
DVec2(-17.5, 68.5)
DVec2(-17.5, 69.5)
DVec2(-17.5, 70.5)
DVec2(-17.5, 71.5)
DVec2(-16.5, 68.5)
DVec2(-16.5, 69.5)
DVec2(-16.5, 70.5)
DVec2(-16.5, 71.5)
DVec2(-17.5, 72.5)
DVec2(-17.5, 73.5)
DVec2(-17.5, 74.5)
DVec2(-17.5, 75.5)
DVec2(-16.5, 72.5)
DVec2(-16.5, 73.5)
DVec2(-16.5, 74.5)
DVec2(-16.5, 75.5)
DVec2(-17.5, 76.5)
DVec2(-17.5, 77.5)
DVec2(-17.5, 78.5)
DVec2(-17.5, 79.5)
DVec2(-16.5, 76.5)
DVec2(-16.5, 77.5)
DVec2(-16.5, 78.5)
DVec2(-16.5, 79.5)
DVec2(-17.5, 80.5)
DVec2(-17.5, 81.5)
DVec2(-17.5, 82.5)
DVec2(-17.5, 83.5)
DVec2(-16.5, 80.5)
DVec2(-16.5, 81.5)
DVec2(-16.5, 82.5)
DVec2(-16.5, 83.5)
DVec2(-17.5, 84.5)
DVec2(-17.5, 85.5)
DVec2(-17.5, 86.5)
DVec2(-17.5, 87.5)
DVec2(-16.5, 84.5)
DVec2(-16.5, 85.5)
DVec2(-16.5, 86.5)
DVec2(-16.5, 87.5)
DVec2(-17.5, 88.5)
DVec2(-17.5, 89.5)
DVec2(-17.5, 90.5)
DVec2(-17.5, 91.5)
DVec2(-16.5, 88.5)
DVec2(-16.5, 89.5)
DVec2(-16.5, 90.5)
DVec2(-16.5, 91.5)
DVec2(-17.5, 92.5)
DVec2(-17.5, 93.5)
DVec2(-17.5, 94.5)
DVec2(-17.5, 95.5)
DVec2(-16.5, 92.5)
DVec2(-16.5, 93.5)
DVec2(-16.5, 94.5)
DVec2(-16.5, 95.5)
DVec2(-17.5, 96.5)
DVec2(-17.5, 97.5)
DVec2(-17.5, 98.5)
DVec2(-17.5, 99.5)
DVec2(-16.5, 96.5)
DVec2(-16.5, 97.5)
DVec2(-16.5, 98.5)
DVec2(-16.5, 99.5)
DVec2(-17.5, 100.5)
DVec2(-17.5, 101.5)
DVec2(-17.5, 102.5)
DVec2(-17.5, 103.5)
DVec2(-16.5, 100.5)
DVec2(-16.5, 101.5)
DVec2(-16.5, 102.5)
DVec2(-16.5, 103.5)
DVec2(-17.5, 104.5)
DVec2(-17.5, 105.5)
DVec2(-17.5, 106.5)
DVec2(-17.5, 107.5)
DVec2(-16.5, 104.5)
DVec2(-16.5, 105.5)
DVec2(-16.5, 106.5)
DVec2(-16.5, 107.5)
DVec2(-17.5, 108.5)
DVec2(-17.5, 109.5)
DVec2(-17.5, 110.5)
DVec2(-17.5, 111.5)
DVec2(-16.5, 108.5)
DVec2(-16.5, 109.5)
DVec2(-16.5, 110.5)
DVec2(-16.5, 111.5)
DVec2(-17.5, 112.5)
DVec2(-17.5, 113.5)
DVec2(-17.5, 114.5)
DVec2(-17.5, 115.5)
DVec2(-16.5, 112.5)
DVec2(-16.5, 113.5)
DVec2(-16.5, 114.5)
DVec2(-16.5, 115.5)
DVec2(-17.5, 116.5)
DVec2(-17.5, 117.5)
DVec2(-17.5, 118.5)
DVec2(-17.5, 119.5)
DVec2(-16.5, 116.5)
DVec2(-16.5, 117.5)
DVec2(-16.5, 118.5)
DVec2(-16.5, 119.5)
DVec2(-15.5, -119.5)
DVec2(-15.5, -118.5)
DVec2(-15.5, -117.5)
DVec2(-15.5, -116.5)
DVec2(-14.5, -119.5)
DVec2(-14.5, -118.5)
DVec2(-14.5, -117.5)
DVec2(-14.5, -116.5)
DVec2(-15.5, -115.5)
DVec2(-15.5, -114.5)
DVec2(-15.5, -113.5)
DVec2(-15.5, -112.5)
DVec2(-14.5, -115.5)
DVec2(-14.5, -114.5)
DVec2(-14.5, -113.5)
DVec2(-14.5, -112.5)
DVec2(-15.5, -111.5)
DVec2(-15.5, -110.5)
DVec2(-15.5, -109.5)
DVec2(-15.5, -108.5)
DVec2(-14.5, -111.5)
DVec2(-14.5, -110.5)
DVec2(-14.5, -109.5)
DVec2(-14.5, -108.5)
DVec2(-15.5, -107.5)
DVec2(-15.5, -106.5)
DVec2(-15.5, -105.5)
DVec2(-15.5, -104.5)
DVec2(-14.5, -107.5)
DVec2(-14.5, -106.5)
DVec2(-14.5, -105.5)
DVec2(-14.5, -104.5)
DVec2(-15.5, -103.5)
DVec2(-15.5, -102.5)
DVec2(-15.5, -101.5)
DVec2(-15.5, -100.5)
DVec2(-14.5, -103.5)
DVec2(-14.5, -102.5)
DVec2(-14.5, -101.5)
DVec2(-14.5, -100.5)
DVec2(-15.5, -99.5)
DVec2(-15.5, -98.5)
DVec2(-15.5, -97.5)
DVec2(-15.5, -96.5)
DVec2(-14.5, -99.5)
DVec2(-14.5, -98.5)
DVec2(-14.5, -97.5)
DVec2(-14.5, -96.5)
DVec2(-15.5, -95.5)
DVec2(-15.5, -94.5)
DVec2(-15.5, -93.5)
DVec2(-15.5, -92.5)
DVec2(-14.5, -95.5)
DVec2(-14.5, -94.5)
DVec2(-14.5, -93.5)
DVec2(-14.5, -92.5)
DVec2(-15.5, -91.5)
DVec2(-15.5, -90.5)
DVec2(-15.5, -89.5)
DVec2(-15.5, -88.5)
DVec2(-14.5, -91.5)
DVec2(-14.5, -90.5)
DVec2(-14.5, -89.5)
DVec2(-14.5, -88.5)
DVec2(-15.5, -87.5)
DVec2(-15.5, -86.5)
DVec2(-15.5, -85.5)
DVec2(-15.5, -84.5)
DVec2(-14.5, -87.5)
DVec2(-14.5, -86.5)
DVec2(-14.5, -85.5)
DVec2(-14.5, -84.5)
DVec2(-15.5, -83.5)
DVec2(-15.5, -82.5)
DVec2(-15.5, -81.5)
DVec2(-15.5, -80.5)
DVec2(-14.5, -83.5)
DVec2(-14.5, -82.5)
DVec2(-14.5, -81.5)
DVec2(-14.5, -80.5)
DVec2(-15.5, -79.5)
DVec2(-15.5, -78.5)
DVec2(-15.5, -77.5)
DVec2(-15.5, -76.5)
DVec2(-14.5, -79.5)
DVec2(-14.5, -78.5)
DVec2(-14.5, -77.5)
DVec2(-14.5, -76.5)
DVec2(-15.5, -75.5)
DVec2(-15.5, -74.5)
DVec2(-15.5, -73.5)
DVec2(-15.5, -72.5)
DVec2(-14.5, -75.5)
DVec2(-14.5, -74.5)
DVec2(-14.5, -73.5)
DVec2(-14.5, -72.5)
DVec2(-15.5, -71.5)
DVec2(-15.5, -70.5)
DVec2(-15.5, -69.5)
DVec2(-15.5, -68.5)
DVec2(-14.5, -71.5)
DVec2(-14.5, -70.5)
DVec2(-14.5, -69.5)
DVec2(-14.5, -68.5)
DVec2(-15.5, -67.5)
DVec2(-15.5, -66.5)
DVec2(-15.5, -65.5)
DVec2(-15.5, -64.5)
DVec2(-14.5, -67.5)
DVec2(-14.5, -66.5)
DVec2(-14.5, -65.5)
DVec2(-14.5, -64.5)
DVec2(-15.5, -63.5)
DVec2(-15.5, -62.5)
DVec2(-15.5, -61.5)
DVec2(-15.5, -60.5)
DVec2(-14.5, -63.5)
DVec2(-14.5, -62.5)
DVec2(-14.5, -61.5)
DVec2(-14.5, -60.5)
DVec2(-15.5, -59.5)
DVec2(-15.5, -58.5)
DVec2(-15.5, -57.5)
DVec2(-15.5, -56.5)
DVec2(-14.5, -59.5)
DVec2(-14.5, -58.5)
DVec2(-14.5, -57.5)
DVec2(-14.5, -56.5)
DVec2(-15.5, -55.5)
DVec2(-15.5, -54.5)
DVec2(-15.5, -53.5)
DVec2(-15.5, -52.5)
DVec2(-14.5, -55.5)
DVec2(-14.5, -54.5)
DVec2(-14.5, -53.5)
DVec2(-14.5, -52.5)
DVec2(-15.5, -51.5)
DVec2(-15.5, -50.5)
DVec2(-15.5, -49.5)
DVec2(-15.5, -48.5)
DVec2(-14.5, -51.5)
DVec2(-14.5, -50.5)
DVec2(-14.5, -49.5)
DVec2(-14.5, -48.5)
DVec2(-15.5, -47.5)
DVec2(-15.5, -46.5)
DVec2(-15.5, -45.5)
DVec2(-15.5, -44.5)
DVec2(-14.5, -47.5)
DVec2(-14.5, -46.5)
DVec2(-14.5, -45.5)
DVec2(-14.5, -44.5)
DVec2(-15.5, -43.5)
DVec2(-15.5, -42.5)
DVec2(-15.5, -41.5)
DVec2(-15.5, -40.5)
DVec2(-14.5, -43.5)
DVec2(-14.5, -42.5)
DVec2(-14.5, -41.5)
DVec2(-14.5, -40.5)
DVec2(-15.5, -39.5)
DVec2(-15.5, -38.5)
DVec2(-15.5, -37.5)
DVec2(-15.5, -36.5)
DVec2(-14.5, -39.5)
DVec2(-14.5, -38.5)
DVec2(-14.5, -37.5)
DVec2(-14.5, -36.5)
DVec2(-15.5, -35.5)
DVec2(-15.5, -34.5)
DVec2(-15.5, -33.5)
DVec2(-15.5, -32.5)
DVec2(-14.5, -35.5)
DVec2(-14.5, -34.5)
DVec2(-14.5, -33.5)
DVec2(-14.5, -32.5)
DVec2(-15.5, -31.5)
DVec2(-15.5, -30.5)
DVec2(-15.5, -29.5)
DVec2(-15.5, -28.5)
DVec2(-14.5, -31.5)
DVec2(-14.5, -30.5)
DVec2(-14.5, -29.5)
DVec2(-14.5, -28.5)
DVec2(-15.5, -27.5)
DVec2(-15.5, -26.5)
DVec2(-15.5, -25.5)
DVec2(-15.5, -24.5)
DVec2(-14.5, -27.5)
DVec2(-14.5, -26.5)
DVec2(-14.5, -25.5)
DVec2(-14.5, -24.5)
DVec2(-15.5, -23.5)
DVec2(-15.5, -22.5)
DVec2(-15.5, -21.5)
DVec2(-15.5, -20.5)
DVec2(-14.5, -23.5)
DVec2(-14.5, -22.5)
DVec2(-14.5, -21.5)
DVec2(-14.5, -20.5)
DVec2(-15.5, -19.5)
DVec2(-15.5, -18.5)
DVec2(-15.5, -17.5)
DVec2(-15.5, -16.5)
DVec2(-14.5, -19.5)
DVec2(-14.5, -18.5)
DVec2(-14.5, -17.5)
DVec2(-14.5, -16.5)
DVec2(-15.5, -15.5)
DVec2(-15.5, -14.5)
DVec2(-15.5, -13.5)
DVec2(-15.5, -12.5)
DVec2(-14.5, -15.5)
DVec2(-14.5, -14.5)
DVec2(-14.5, -13.5)
DVec2(-14.5, -12.5)
DVec2(-15.5, -11.5)
DVec2(-15.5, -10.5)
DVec2(-15.5, -9.5)
DVec2(-15.5, -8.5)
DVec2(-14.5, -11.5)
DVec2(-14.5, -10.5)
DVec2(-14.5, -9.5)
DVec2(-14.5, -8.5)
DVec2(-15.5, -7.5)
DVec2(-15.5, -6.5)
DVec2(-15.5, -5.5)
DVec2(-15.5, -4.5)
DVec2(-14.5, -7.5)
DVec2(-14.5, -6.5)
DVec2(-14.5, -5.5)
DVec2(-14.5, -4.5)
DVec2(-15.5, -3.5)
DVec2(-15.5, -2.5)
DVec2(-15.5, -1.5)
DVec2(-15.5, -0.5)
DVec2(-14.5, -3.5)
DVec2(-14.5, -2.5)
DVec2(-14.5, -1.5)
DVec2(-14.5, -0.5)
DVec2(-15.5, 0.5)
DVec2(-15.5, 1.5)
DVec2(-15.5, 2.5)
DVec2(-15.5, 3.5)
DVec2(-14.5, 0.5)
DVec2(-14.5, 1.5)
DVec2(-14.5, 2.5)
DVec2(-14.5, 3.5)
DVec2(-15.5, 4.5)
DVec2(-15.5, 5.5)
DVec2(-15.5, 6.5)
DVec2(-15.5, 7.5)
DVec2(-14.5, 4.5)
DVec2(-14.5, 5.5)
DVec2(-14.5, 6.5)
DVec2(-14.5, 7.5)
DVec2(-15.5, 8.5)
DVec2(-15.5, 9.5)
DVec2(-15.5, 10.5)
DVec2(-15.5, 11.5)
DVec2(-14.5, 8.5)
DVec2(-14.5, 9.5)
DVec2(-14.5, 10.5)
DVec2(-14.5, 11.5)
DVec2(-15.5, 12.5)
DVec2(-15.5, 13.5)
DVec2(-15.5, 14.5)
DVec2(-15.5, 15.5)
DVec2(-14.5, 12.5)
DVec2(-14.5, 13.5)
DVec2(-14.5, 14.5)
DVec2(-14.5, 15.5)
DVec2(-15.5, 16.5)
DVec2(-15.5, 17.5)
DVec2(-15.5, 18.5)
DVec2(-15.5, 19.5)
DVec2(-14.5, 16.5)
DVec2(-14.5, 17.5)
DVec2(-14.5, 18.5)
DVec2(-14.5, 19.5)
DVec2(-15.5, 20.5)
DVec2(-15.5, 21.5)
DVec2(-15.5, 22.5)
DVec2(-15.5, 23.5)
DVec2(-14.5, 20.5)
DVec2(-14.5, 21.5)
DVec2(-14.5, 22.5)
DVec2(-14.5, 23.5)
DVec2(-15.5, 24.5)
DVec2(-15.5, 25.5)
DVec2(-15.5, 26.5)
DVec2(-15.5, 27.5)
DVec2(-14.5, 24.5)
DVec2(-14.5, 25.5)
DVec2(-14.5, 26.5)
DVec2(-14.5, 27.5)
DVec2(-15.5, 28.5)
DVec2(-15.5, 29.5)
DVec2(-15.5, 30.5)
DVec2(-15.5, 31.5)
DVec2(-14.5, 28.5)
DVec2(-14.5, 29.5)
DVec2(-14.5, 30.5)
DVec2(-14.5, 31.5)
DVec2(-15.5, 32.5)
DVec2(-15.5, 33.5)
DVec2(-15.5, 34.5)
DVec2(-15.5, 35.5)
DVec2(-14.5, 32.5)
DVec2(-14.5, 33.5)
DVec2(-14.5, 34.5)
DVec2(-14.5, 35.5)
DVec2(-15.5, 36.5)
DVec2(-15.5, 37.5)
DVec2(-15.5, 38.5)
DVec2(-15.5, 39.5)
DVec2(-14.5, 36.5)
DVec2(-14.5, 37.5)
DVec2(-14.5, 38.5)
DVec2(-14.5, 39.5)
DVec2(-15.5, 40.5)
DVec2(-15.5, 41.5)
DVec2(-15.5, 42.5)
DVec2(-15.5, 43.5)
DVec2(-14.5, 40.5)
DVec2(-14.5, 41.5)
DVec2(-14.5, 42.5)
DVec2(-14.5, 43.5)
DVec2(-15.5, 44.5)
DVec2(-15.5, 45.5)
DVec2(-15.5, 46.5)
DVec2(-15.5, 47.5)
DVec2(-14.5, 44.5)
DVec2(-14.5, 45.5)
DVec2(-14.5, 46.5)
DVec2(-14.5, 47.5)
DVec2(-15.5, 48.5)
DVec2(-15.5, 49.5)
DVec2(-15.5, 50.5)
DVec2(-15.5, 51.5)
DVec2(-14.5, 48.5)
DVec2(-14.5, 49.5)
DVec2(-14.5, 50.5)
DVec2(-14.5, 51.5)
DVec2(-15.5, 52.5)
DVec2(-15.5, 53.5)
DVec2(-15.5, 54.5)
DVec2(-15.5, 55.5)
DVec2(-14.5, 52.5)
DVec2(-14.5, 53.5)
DVec2(-14.5, 54.5)
DVec2(-14.5, 55.5)
DVec2(-15.5, 56.5)
DVec2(-15.5, 57.5)
DVec2(-15.5, 58.5)
DVec2(-15.5, 59.5)
DVec2(-14.5, 56.5)
DVec2(-14.5, 57.5)
DVec2(-14.5, 58.5)
DVec2(-14.5, 59.5)
DVec2(-15.5, 60.5)
DVec2(-15.5, 61.5)
DVec2(-15.5, 62.5)
DVec2(-15.5, 63.5)
DVec2(-14.5, 60.5)
DVec2(-14.5, 61.5)
DVec2(-14.5, 62.5)
DVec2(-14.5, 63.5)
DVec2(-15.5, 64.5)
DVec2(-15.5, 65.5)
DVec2(-15.5, 66.5)
DVec2(-15.5, 67.5)
DVec2(-14.5, 64.5)
DVec2(-14.5, 65.5)
DVec2(-14.5, 66.5)
DVec2(-14.5, 67.5)
DVec2(-15.5, 68.5)
DVec2(-15.5, 69.5)
DVec2(-15.5, 70.5)
DVec2(-15.5, 71.5)
DVec2(-14.5, 68.5)
DVec2(-14.5, 69.5)
DVec2(-14.5, 70.5)
DVec2(-14.5, 71.5)
DVec2(-15.5, 72.5)
DVec2(-15.5, 73.5)
DVec2(-15.5, 74.5)
DVec2(-15.5, 75.5)
DVec2(-14.5, 72.5)
DVec2(-14.5, 73.5)
DVec2(-14.5, 74.5)
DVec2(-14.5, 75.5)
DVec2(-15.5, 76.5)
DVec2(-15.5, 77.5)
DVec2(-15.5, 78.5)
DVec2(-15.5, 79.5)
DVec2(-14.5, 76.5)
DVec2(-14.5, 77.5)
DVec2(-14.5, 78.5)
DVec2(-14.5, 79.5)
DVec2(-15.5, 80.5)
DVec2(-15.5, 81.5)
DVec2(-15.5, 82.5)
DVec2(-15.5, 83.5)
DVec2(-14.5, 80.5)
DVec2(-14.5, 81.5)
DVec2(-14.5, 82.5)
DVec2(-14.5, 83.5)
DVec2(-15.5, 84.5)
DVec2(-15.5, 85.5)
DVec2(-15.5, 86.5)
DVec2(-15.5, 87.5)
DVec2(-14.5, 84.5)
DVec2(-14.5, 85.5)
DVec2(-14.5, 86.5)
DVec2(-14.5, 87.5)
DVec2(-15.5, 88.5)
DVec2(-15.5, 89.5)
DVec2(-15.5, 90.5)
DVec2(-15.5, 91.5)
DVec2(-14.5, 88.5)
DVec2(-14.5, 89.5)
DVec2(-14.5, 90.5)
DVec2(-14.5, 91.5)
DVec2(-15.5, 92.5)
DVec2(-15.5, 93.5)
DVec2(-15.5, 94.5)
DVec2(-15.5, 95.5)
DVec2(-14.5, 92.5)
DVec2(-14.5, 93.5)
DVec2(-14.5, 94.5)
DVec2(-14.5, 95.5)
DVec2(-15.5, 96.5)
DVec2(-15.5, 97.5)
DVec2(-15.5, 98.5)
DVec2(-15.5, 99.5)
DVec2(-14.5, 96.5)
DVec2(-14.5, 97.5)
DVec2(-14.5, 98.5)
DVec2(-14.5, 99.5)
DVec2(-15.5, 100.5)
DVec2(-15.5, 101.5)
DVec2(-15.5, 102.5)
DVec2(-15.5, 103.5)
DVec2(-14.5, 100.5)
DVec2(-14.5, 101.5)
DVec2(-14.5, 102.5)
DVec2(-14.5, 103.5)
DVec2(-15.5, 104.5)
DVec2(-15.5, 105.5)
DVec2(-15.5, 106.5)
DVec2(-15.5, 107.5)
DVec2(-14.5, 104.5)
DVec2(-14.5, 105.5)
DVec2(-14.5, 106.5)
DVec2(-14.5, 107.5)
DVec2(-15.5, 108.5)
DVec2(-15.5, 109.5)
DVec2(-15.5, 110.5)
DVec2(-15.5, 111.5)
DVec2(-14.5, 108.5)
DVec2(-14.5, 109.5)
DVec2(-14.5, 110.5)
DVec2(-14.5, 111.5)
DVec2(-15.5, 112.5)
DVec2(-15.5, 113.5)
DVec2(-15.5, 114.5)
DVec2(-15.5, 115.5)
DVec2(-14.5, 112.5)
DVec2(-14.5, 113.5)
DVec2(-14.5, 114.5)
DVec2(-14.5, 115.5)
DVec2(-15.5, 116.5)
DVec2(-15.5, 117.5)
DVec2(-15.5, 118.5)
DVec2(-15.5, 119.5)
DVec2(-14.5, 116.5)
DVec2(-14.5, 117.5)
DVec2(-14.5, 118.5)
DVec2(-14.5, 119.5)
DVec2(-13.5, -119.5)
DVec2(-13.5, -118.5)
DVec2(-13.5, -117.5)
DVec2(-13.5, -116.5)
DVec2(-12.5, -119.5)
DVec2(-12.5, -118.5)
DVec2(-12.5, -117.5)
DVec2(-12.5, -116.5)
DVec2(-13.5, -115.5)
DVec2(-13.5, -114.5)
DVec2(-13.5, -113.5)
DVec2(-13.5, -112.5)
DVec2(-12.5, -115.5)
DVec2(-12.5, -114.5)
DVec2(-12.5, -113.5)
DVec2(-12.5, -112.5)
DVec2(-13.5, -111.5)
DVec2(-13.5, -110.5)
DVec2(-13.5, -109.5)
DVec2(-13.5, -108.5)
DVec2(-12.5, -111.5)
DVec2(-12.5, -110.5)
DVec2(-12.5, -109.5)
DVec2(-12.5, -108.5)
DVec2(-13.5, -107.5)
DVec2(-13.5, -106.5)
DVec2(-13.5, -105.5)
DVec2(-13.5, -104.5)
DVec2(-12.5, -107.5)
DVec2(-12.5, -106.5)
DVec2(-12.5, -105.5)
DVec2(-12.5, -104.5)
DVec2(-13.5, -103.5)
DVec2(-13.5, -102.5)
DVec2(-13.5, -101.5)
DVec2(-13.5, -100.5)
DVec2(-12.5, -103.5)
DVec2(-12.5, -102.5)
DVec2(-12.5, -101.5)
DVec2(-12.5, -100.5)
DVec2(-13.5, -99.5)
DVec2(-13.5, -98.5)
DVec2(-13.5, -97.5)
DVec2(-13.5, -96.5)
DVec2(-12.5, -99.5)
DVec2(-12.5, -98.5)
DVec2(-12.5, -97.5)
DVec2(-12.5, -96.5)
DVec2(-13.5, -95.5)
DVec2(-13.5, -94.5)
DVec2(-13.5, -93.5)
DVec2(-13.5, -92.5)
DVec2(-12.5, -95.5)
DVec2(-12.5, -94.5)
DVec2(-12.5, -93.5)
DVec2(-12.5, -92.5)
DVec2(-13.5, -91.5)
DVec2(-13.5, -90.5)
DVec2(-13.5, -89.5)
DVec2(-13.5, -88.5)
DVec2(-12.5, -91.5)
DVec2(-12.5, -90.5)
DVec2(-12.5, -89.5)
DVec2(-12.5, -88.5)
DVec2(-13.5, -87.5)
DVec2(-13.5, -86.5)
DVec2(-13.5, -85.5)
DVec2(-13.5, -84.5)
DVec2(-12.5, -87.5)
DVec2(-12.5, -86.5)
DVec2(-12.5, -85.5)
DVec2(-12.5, -84.5)
DVec2(-13.5, -83.5)
DVec2(-13.5, -82.5)
DVec2(-13.5, -81.5)
DVec2(-13.5, -80.5)
DVec2(-12.5, -83.5)
DVec2(-12.5, -82.5)
DVec2(-12.5, -81.5)
DVec2(-12.5, -80.5)
DVec2(-13.5, -79.5)
DVec2(-13.5, -78.5)
DVec2(-13.5, -77.5)
DVec2(-13.5, -76.5)
DVec2(-12.5, -79.5)
DVec2(-12.5, -78.5)
DVec2(-12.5, -77.5)
DVec2(-12.5, -76.5)
DVec2(-13.5, -75.5)
DVec2(-13.5, -74.5)
DVec2(-13.5, -73.5)
DVec2(-13.5, -72.5)
DVec2(-12.5, -75.5)
DVec2(-12.5, -74.5)
DVec2(-12.5, -73.5)
DVec2(-12.5, -72.5)
DVec2(-13.5, -71.5)
DVec2(-13.5, -70.5)
DVec2(-13.5, -69.5)
DVec2(-13.5, -68.5)
DVec2(-12.5, -71.5)
DVec2(-12.5, -70.5)
DVec2(-12.5, -69.5)
DVec2(-12.5, -68.5)
DVec2(-13.5, -67.5)
DVec2(-13.5, -66.5)
DVec2(-13.5, -65.5)
DVec2(-13.5, -64.5)
DVec2(-12.5, -67.5)
DVec2(-12.5, -66.5)
DVec2(-12.5, -65.5)
DVec2(-12.5, -64.5)
DVec2(-13.5, -63.5)
DVec2(-13.5, -62.5)
DVec2(-13.5, -61.5)
DVec2(-13.5, -60.5)
DVec2(-12.5, -63.5)
DVec2(-12.5, -62.5)
DVec2(-12.5, -61.5)
DVec2(-12.5, -60.5)
DVec2(-13.5, -59.5)
DVec2(-13.5, -58.5)
DVec2(-13.5, -57.5)
DVec2(-13.5, -56.5)
DVec2(-12.5, -59.5)
DVec2(-12.5, -58.5)
DVec2(-12.5, -57.5)
DVec2(-12.5, -56.5)
DVec2(-13.5, -55.5)
DVec2(-13.5, -54.5)
DVec2(-13.5, -53.5)
DVec2(-13.5, -52.5)
DVec2(-12.5, -55.5)
DVec2(-12.5, -54.5)
DVec2(-12.5, -53.5)
DVec2(-12.5, -52.5)
DVec2(-13.5, -51.5)
DVec2(-13.5, -50.5)
DVec2(-13.5, -49.5)
DVec2(-13.5, -48.5)
DVec2(-12.5, -51.5)
DVec2(-12.5, -50.5)
DVec2(-12.5, -49.5)
DVec2(-12.5, -48.5)
DVec2(-13.5, -47.5)
DVec2(-13.5, -46.5)
DVec2(-13.5, -45.5)
DVec2(-13.5, -44.5)
DVec2(-12.5, -47.5)
DVec2(-12.5, -46.5)
DVec2(-12.5, -45.5)
DVec2(-12.5, -44.5)
DVec2(-13.5, -43.5)
DVec2(-13.5, -42.5)
DVec2(-13.5, -41.5)
DVec2(-13.5, -40.5)
DVec2(-12.5, -43.5)
DVec2(-12.5, -42.5)
DVec2(-12.5, -41.5)
DVec2(-12.5, -40.5)
DVec2(-13.5, -39.5)
DVec2(-13.5, -38.5)
DVec2(-13.5, -37.5)
DVec2(-13.5, -36.5)
DVec2(-12.5, -39.5)
DVec2(-12.5, -38.5)
DVec2(-12.5, -37.5)
DVec2(-12.5, -36.5)
DVec2(-13.5, -35.5)
DVec2(-13.5, -34.5)
DVec2(-13.5, -33.5)
DVec2(-13.5, -32.5)
DVec2(-12.5, -35.5)
DVec2(-12.5, -34.5)
DVec2(-12.5, -33.5)
DVec2(-12.5, -32.5)
DVec2(-13.5, -31.5)
DVec2(-13.5, -30.5)
DVec2(-13.5, -29.5)
DVec2(-13.5, -28.5)
DVec2(-12.5, -31.5)
DVec2(-12.5, -30.5)
DVec2(-12.5, -29.5)
DVec2(-12.5, -28.5)
DVec2(-13.5, -27.5)
DVec2(-13.5, -26.5)
DVec2(-13.5, -25.5)
DVec2(-13.5, -24.5)
DVec2(-12.5, -27.5)
DVec2(-12.5, -26.5)
DVec2(-12.5, -25.5)
DVec2(-12.5, -24.5)
DVec2(-13.5, -23.5)
DVec2(-13.5, -22.5)
DVec2(-13.5, -21.5)
DVec2(-13.5, -20.5)
DVec2(-12.5, -23.5)
DVec2(-12.5, -22.5)
DVec2(-12.5, -21.5)
DVec2(-12.5, -20.5)
DVec2(-13.5, -19.5)
DVec2(-13.5, -18.5)
DVec2(-13.5, -17.5)
DVec2(-13.5, -16.5)
DVec2(-12.5, -19.5)
DVec2(-12.5, -18.5)
DVec2(-12.5, -17.5)
DVec2(-12.5, -16.5)
DVec2(-13.5, -15.5)
DVec2(-13.5, -14.5)
DVec2(-13.5, -13.5)
DVec2(-13.5, -12.5)
DVec2(-12.5, -15.5)
DVec2(-12.5, -14.5)
DVec2(-12.5, -13.5)
DVec2(-12.5, -12.5)
DVec2(-13.5, -11.5)
DVec2(-13.5, -10.5)
DVec2(-13.5, -9.5)
DVec2(-13.5, -8.5)
DVec2(-12.5, -11.5)
DVec2(-12.5, -10.5)
DVec2(-12.5, -9.5)
DVec2(-12.5, -8.5)
DVec2(-13.5, -7.5)
DVec2(-13.5, -6.5)
DVec2(-13.5, -5.5)
DVec2(-13.5, -4.5)
DVec2(-12.5, -7.5)
DVec2(-12.5, -6.5)
DVec2(-12.5, -5.5)
DVec2(-12.5, -4.5)
DVec2(-13.5, -3.5)
DVec2(-13.5, -2.5)
DVec2(-13.5, -1.5)
DVec2(-13.5, -0.5)
DVec2(-12.5, -3.5)
DVec2(-12.5, -2.5)
DVec2(-12.5, -1.5)
DVec2(-12.5, -0.5)
DVec2(-13.5, 0.5)
DVec2(-13.5, 1.5)
DVec2(-13.5, 2.5)
DVec2(-13.5, 3.5)
DVec2(-12.5, 0.5)
DVec2(-12.5, 1.5)
DVec2(-12.5, 2.5)
DVec2(-12.5, 3.5)
DVec2(-13.5, 4.5)
DVec2(-13.5, 5.5)
DVec2(-13.5, 6.5)
DVec2(-13.5, 7.5)
DVec2(-12.5, 4.5)
DVec2(-12.5, 5.5)
DVec2(-12.5, 6.5)
DVec2(-12.5, 7.5)
DVec2(-13.5, 8.5)
DVec2(-13.5, 9.5)
DVec2(-13.5, 10.5)
DVec2(-13.5, 11.5)
DVec2(-12.5, 8.5)
DVec2(-12.5, 9.5)
DVec2(-12.5, 10.5)
DVec2(-12.5, 11.5)
DVec2(-13.5, 12.5)
DVec2(-13.5, 13.5)
DVec2(-13.5, 14.5)
DVec2(-13.5, 15.5)
DVec2(-12.5, 12.5)
DVec2(-12.5, 13.5)
DVec2(-12.5, 14.5)
DVec2(-12.5, 15.5)
DVec2(-13.5, 16.5)
DVec2(-13.5, 17.5)
DVec2(-13.5, 18.5)
DVec2(-13.5, 19.5)
DVec2(-12.5, 16.5)
DVec2(-12.5, 17.5)
DVec2(-12.5, 18.5)
DVec2(-12.5, 19.5)
DVec2(-13.5, 20.5)
DVec2(-13.5, 21.5)
DVec2(-13.5, 22.5)
DVec2(-13.5, 23.5)
DVec2(-12.5, 20.5)
DVec2(-12.5, 21.5)
DVec2(-12.5, 22.5)
DVec2(-12.5, 23.5)
DVec2(-13.5, 24.5)
DVec2(-13.5, 25.5)
DVec2(-13.5, 26.5)
DVec2(-13.5, 27.5)
DVec2(-12.5, 24.5)
DVec2(-12.5, 25.5)
DVec2(-12.5, 26.5)
DVec2(-12.5, 27.5)
DVec2(-13.5, 28.5)
DVec2(-13.5, 29.5)
DVec2(-13.5, 30.5)
DVec2(-13.5, 31.5)
DVec2(-12.5, 28.5)
DVec2(-12.5, 29.5)
DVec2(-12.5, 30.5)
DVec2(-12.5, 31.5)
DVec2(-13.5, 32.5)
DVec2(-13.5, 33.5)
DVec2(-13.5, 34.5)
DVec2(-13.5, 35.5)
DVec2(-12.5, 32.5)
DVec2(-12.5, 33.5)
DVec2(-12.5, 34.5)
DVec2(-12.5, 35.5)
DVec2(-13.5, 36.5)
DVec2(-13.5, 37.5)
DVec2(-13.5, 38.5)
DVec2(-13.5, 39.5)
DVec2(-12.5, 36.5)
DVec2(-12.5, 37.5)
DVec2(-12.5, 38.5)
DVec2(-12.5, 39.5)
DVec2(-13.5, 40.5)
DVec2(-13.5, 41.5)
DVec2(-13.5, 42.5)
DVec2(-13.5, 43.5)
DVec2(-12.5, 40.5)
DVec2(-12.5, 41.5)
DVec2(-12.5, 42.5)
DVec2(-12.5, 43.5)
DVec2(-13.5, 44.5)
DVec2(-13.5, 45.5)
DVec2(-13.5, 46.5)
DVec2(-13.5, 47.5)
DVec2(-12.5, 44.5)
DVec2(-12.5, 45.5)
DVec2(-12.5, 46.5)
DVec2(-12.5, 47.5)
DVec2(-13.5, 48.5)
DVec2(-13.5, 49.5)
DVec2(-13.5, 50.5)
DVec2(-13.5, 51.5)
DVec2(-12.5, 48.5)
DVec2(-12.5, 49.5)
DVec2(-12.5, 50.5)
DVec2(-12.5, 51.5)
DVec2(-13.5, 52.5)
DVec2(-13.5, 53.5)
DVec2(-13.5, 54.5)
DVec2(-13.5, 55.5)
DVec2(-12.5, 52.5)
DVec2(-12.5, 53.5)
DVec2(-12.5, 54.5)
DVec2(-12.5, 55.5)
DVec2(-13.5, 56.5)
DVec2(-13.5, 57.5)
DVec2(-13.5, 58.5)
DVec2(-13.5, 59.5)
DVec2(-12.5, 56.5)
DVec2(-12.5, 57.5)
DVec2(-12.5, 58.5)
DVec2(-12.5, 59.5)
DVec2(-13.5, 60.5)
DVec2(-13.5, 61.5)
DVec2(-13.5, 62.5)
DVec2(-13.5, 63.5)
DVec2(-12.5, 60.5)
DVec2(-12.5, 61.5)
DVec2(-12.5, 62.5)
DVec2(-12.5, 63.5)
DVec2(-13.5, 64.5)
DVec2(-13.5, 65.5)
DVec2(-13.5, 66.5)
DVec2(-13.5, 67.5)
DVec2(-12.5, 64.5)
DVec2(-12.5, 65.5)
DVec2(-12.5, 66.5)
DVec2(-12.5, 67.5)
DVec2(-13.5, 68.5)
DVec2(-13.5, 69.5)
DVec2(-13.5, 70.5)
DVec2(-13.5, 71.5)
DVec2(-12.5, 68.5)
DVec2(-12.5, 69.5)
DVec2(-12.5, 70.5)
DVec2(-12.5, 71.5)
DVec2(-13.5, 72.5)
DVec2(-13.5, 73.5)
DVec2(-13.5, 74.5)
DVec2(-13.5, 75.5)
DVec2(-12.5, 72.5)
DVec2(-12.5, 73.5)
DVec2(-12.5, 74.5)
DVec2(-12.5, 75.5)
DVec2(-13.5, 76.5)
DVec2(-13.5, 77.5)
DVec2(-13.5, 78.5)
DVec2(-13.5, 79.5)
DVec2(-12.5, 76.5)
DVec2(-12.5, 77.5)
DVec2(-12.5, 78.5)
DVec2(-12.5, 79.5)
DVec2(-13.5, 80.5)
DVec2(-13.5, 81.5)
DVec2(-13.5, 82.5)
DVec2(-13.5, 83.5)
DVec2(-12.5, 80.5)
DVec2(-12.5, 81.5)
DVec2(-12.5, 82.5)
DVec2(-12.5, 83.5)
DVec2(-13.5, 84.5)
DVec2(-13.5, 85.5)
DVec2(-13.5, 86.5)
DVec2(-13.5, 87.5)
DVec2(-12.5, 84.5)
DVec2(-12.5, 85.5)
DVec2(-12.5, 86.5)
DVec2(-12.5, 87.5)
DVec2(-13.5, 88.5)
DVec2(-13.5, 89.5)
DVec2(-13.5, 90.5)
DVec2(-13.5, 91.5)
DVec2(-12.5, 88.5)
DVec2(-12.5, 89.5)
DVec2(-12.5, 90.5)
DVec2(-12.5, 91.5)
DVec2(-13.5, 92.5)
DVec2(-13.5, 93.5)
DVec2(-13.5, 94.5)
DVec2(-13.5, 95.5)
DVec2(-12.5, 92.5)
DVec2(-12.5, 93.5)
DVec2(-12.5, 94.5)
DVec2(-12.5, 95.5)
DVec2(-13.5, 96.5)
DVec2(-13.5, 97.5)
DVec2(-13.5, 98.5)
DVec2(-13.5, 99.5)
DVec2(-12.5, 96.5)
DVec2(-12.5, 97.5)
DVec2(-12.5, 98.5)
DVec2(-12.5, 99.5)
DVec2(-13.5, 100.5)
DVec2(-13.5, 101.5)
DVec2(-13.5, 102.5)
DVec2(-13.5, 103.5)
DVec2(-12.5, 100.5)
DVec2(-12.5, 101.5)
DVec2(-12.5, 102.5)
DVec2(-12.5, 103.5)
DVec2(-13.5, 104.5)
DVec2(-13.5, 105.5)
DVec2(-13.5, 106.5)
DVec2(-13.5, 107.5)
DVec2(-12.5, 104.5)
DVec2(-12.5, 105.5)
DVec2(-12.5, 106.5)
DVec2(-12.5, 107.5)
DVec2(-13.5, 108.5)
DVec2(-13.5, 109.5)
DVec2(-13.5, 110.5)
DVec2(-13.5, 111.5)
DVec2(-12.5, 108.5)
DVec2(-12.5, 109.5)
DVec2(-12.5, 110.5)
DVec2(-12.5, 111.5)
DVec2(-13.5, 112.5)
DVec2(-13.5, 113.5)
DVec2(-13.5, 114.5)
DVec2(-13.5, 115.5)
DVec2(-12.5, 112.5)
DVec2(-12.5, 113.5)
DVec2(-12.5, 114.5)
DVec2(-12.5, 115.5)
DVec2(-13.5, 116.5)
DVec2(-13.5, 117.5)
DVec2(-13.5, 118.5)
DVec2(-13.5, 119.5)
DVec2(-12.5, 116.5)
DVec2(-12.5, 117.5)
DVec2(-12.5, 118.5)
DVec2(-12.5, 119.5)
DVec2(-11.5, -119.5)
DVec2(-11.5, -118.5)
DVec2(-11.5, -117.5)
DVec2(-11.5, -116.5)
DVec2(-10.5, -119.5)
DVec2(-10.5, -118.5)
DVec2(-10.5, -117.5)
DVec2(-10.5, -116.5)
DVec2(-11.5, -115.5)
DVec2(-11.5, -114.5)
DVec2(-11.5, -113.5)
DVec2(-11.5, -112.5)
DVec2(-10.5, -115.5)
DVec2(-10.5, -114.5)
DVec2(-10.5, -113.5)
DVec2(-10.5, -112.5)
DVec2(-11.5, -111.5)
DVec2(-11.5, -110.5)
DVec2(-11.5, -109.5)
DVec2(-11.5, -108.5)
DVec2(-10.5, -111.5)
DVec2(-10.5, -110.5)
DVec2(-10.5, -109.5)
DVec2(-10.5, -108.5)
DVec2(-11.5, -107.5)
DVec2(-11.5, -106.5)
DVec2(-11.5, -105.5)
DVec2(-11.5, -104.5)
DVec2(-10.5, -107.5)
DVec2(-10.5, -106.5)
DVec2(-10.5, -105.5)
DVec2(-10.5, -104.5)
DVec2(-11.5, -103.5)
DVec2(-11.5, -102.5)
DVec2(-11.5, -101.5)
DVec2(-11.5, -100.5)
DVec2(-10.5, -103.5)
DVec2(-10.5, -102.5)
DVec2(-10.5, -101.5)
DVec2(-10.5, -100.5)
DVec2(-11.5, -99.5)
DVec2(-11.5, -98.5)
DVec2(-11.5, -97.5)
DVec2(-11.5, -96.5)
DVec2(-10.5, -99.5)
DVec2(-10.5, -98.5)
DVec2(-10.5, -97.5)
DVec2(-10.5, -96.5)
DVec2(-11.5, -95.5)
DVec2(-11.5, -94.5)
DVec2(-11.5, -93.5)
DVec2(-11.5, -92.5)
DVec2(-10.5, -95.5)
DVec2(-10.5, -94.5)
DVec2(-10.5, -93.5)
DVec2(-10.5, -92.5)
DVec2(-11.5, -91.5)
DVec2(-11.5, -90.5)
DVec2(-11.5, -89.5)
DVec2(-11.5, -88.5)
DVec2(-10.5, -91.5)
DVec2(-10.5, -90.5)
DVec2(-10.5, -89.5)
DVec2(-10.5, -88.5)
DVec2(-11.5, -87.5)
DVec2(-11.5, -86.5)
DVec2(-11.5, -85.5)
DVec2(-11.5, -84.5)
DVec2(-10.5, -87.5)
DVec2(-10.5, -86.5)
DVec2(-10.5, -85.5)
DVec2(-10.5, -84.5)
DVec2(-11.5, -83.5)
DVec2(-11.5, -82.5)
DVec2(-11.5, -81.5)
DVec2(-11.5, -80.5)
DVec2(-10.5, -83.5)
DVec2(-10.5, -82.5)
DVec2(-10.5, -81.5)
DVec2(-10.5, -80.5)
DVec2(-11.5, -79.5)
DVec2(-11.5, -78.5)
DVec2(-11.5, -77.5)
DVec2(-11.5, -76.5)
DVec2(-10.5, -79.5)
DVec2(-10.5, -78.5)
DVec2(-10.5, -77.5)
DVec2(-10.5, -76.5)
DVec2(-11.5, -75.5)
DVec2(-11.5, -74.5)
DVec2(-11.5, -73.5)
DVec2(-11.5, -72.5)
DVec2(-10.5, -75.5)
DVec2(-10.5, -74.5)
DVec2(-10.5, -73.5)
DVec2(-10.5, -72.5)
DVec2(-11.5, -71.5)
DVec2(-11.5, -70.5)
DVec2(-11.5, -69.5)
DVec2(-11.5, -68.5)
DVec2(-10.5, -71.5)
DVec2(-10.5, -70.5)
DVec2(-10.5, -69.5)
DVec2(-10.5, -68.5)
DVec2(-11.5, -67.5)
DVec2(-11.5, -66.5)
DVec2(-11.5, -65.5)
DVec2(-11.5, -64.5)
DVec2(-10.5, -67.5)
DVec2(-10.5, -66.5)
DVec2(-10.5, -65.5)
DVec2(-10.5, -64.5)
DVec2(-11.5, -63.5)
DVec2(-11.5, -62.5)
DVec2(-11.5, -61.5)
DVec2(-11.5, -60.5)
DVec2(-10.5, -63.5)
DVec2(-10.5, -62.5)
DVec2(-10.5, -61.5)
DVec2(-10.5, -60.5)
DVec2(-11.5, -59.5)
DVec2(-11.5, -58.5)
DVec2(-11.5, -57.5)
DVec2(-11.5, -56.5)
DVec2(-10.5, -59.5)
DVec2(-10.5, -58.5)
DVec2(-10.5, -57.5)
DVec2(-10.5, -56.5)
DVec2(-11.5, -55.5)
DVec2(-11.5, -54.5)
DVec2(-11.5, -53.5)
DVec2(-11.5, -52.5)
DVec2(-10.5, -55.5)
DVec2(-10.5, -54.5)
DVec2(-10.5, -53.5)
DVec2(-10.5, -52.5)
DVec2(-11.5, -51.5)
DVec2(-11.5, -50.5)
DVec2(-11.5, -49.5)
DVec2(-11.5, -48.5)
DVec2(-10.5, -51.5)
DVec2(-10.5, -50.5)
DVec2(-10.5, -49.5)
DVec2(-10.5, -48.5)
DVec2(-11.5, -47.5)
DVec2(-11.5, -46.5)
DVec2(-11.5, -45.5)
DVec2(-11.5, -44.5)
DVec2(-10.5, -47.5)
DVec2(-10.5, -46.5)
DVec2(-10.5, -45.5)
DVec2(-10.5, -44.5)
DVec2(-11.5, -43.5)
DVec2(-11.5, -42.5)
DVec2(-11.5, -41.5)
DVec2(-11.5, -40.5)
DVec2(-10.5, -43.5)
DVec2(-10.5, -42.5)
DVec2(-10.5, -41.5)
DVec2(-10.5, -40.5)
DVec2(-11.5, -39.5)
DVec2(-11.5, -38.5)
DVec2(-11.5, -37.5)
DVec2(-11.5, -36.5)
DVec2(-10.5, -39.5)
DVec2(-10.5, -38.5)
DVec2(-10.5, -37.5)
DVec2(-10.5, -36.5)
DVec2(-11.5, -35.5)
DVec2(-11.5, -34.5)
DVec2(-11.5, -33.5)
DVec2(-11.5, -32.5)
DVec2(-10.5, -35.5)
DVec2(-10.5, -34.5)
DVec2(-10.5, -33.5)
DVec2(-10.5, -32.5)
DVec2(-11.5, -31.5)
DVec2(-11.5, -30.5)
DVec2(-11.5, -29.5)
DVec2(-11.5, -28.5)
DVec2(-10.5, -31.5)
DVec2(-10.5, -30.5)
DVec2(-10.5, -29.5)
DVec2(-10.5, -28.5)
DVec2(-11.5, -27.5)
DVec2(-11.5, -26.5)
DVec2(-11.5, -25.5)
DVec2(-11.5, -24.5)
DVec2(-10.5, -27.5)
DVec2(-10.5, -26.5)
DVec2(-10.5, -25.5)
DVec2(-10.5, -24.5)
DVec2(-11.5, -23.5)
DVec2(-11.5, -22.5)
DVec2(-11.5, -21.5)
DVec2(-11.5, -20.5)
DVec2(-10.5, -23.5)
DVec2(-10.5, -22.5)
DVec2(-10.5, -21.5)
DVec2(-10.5, -20.5)
DVec2(-11.5, -19.5)
DVec2(-11.5, -18.5)
DVec2(-11.5, -17.5)
DVec2(-11.5, -16.5)
DVec2(-10.5, -19.5)
DVec2(-10.5, -18.5)
DVec2(-10.5, -17.5)
DVec2(-10.5, -16.5)
DVec2(-11.5, -15.5)
DVec2(-11.5, -14.5)
DVec2(-11.5, -13.5)
DVec2(-11.5, -12.5)
DVec2(-10.5, -15.5)
DVec2(-10.5, -14.5)
DVec2(-10.5, -13.5)
DVec2(-10.5, -12.5)
DVec2(-11.5, -11.5)
DVec2(-11.5, -10.5)
DVec2(-11.5, -9.5)
DVec2(-11.5, -8.5)
DVec2(-10.5, -11.5)
DVec2(-10.5, -10.5)
DVec2(-10.5, -9.5)
DVec2(-10.5, -8.5)
DVec2(-11.5, -7.5)
DVec2(-11.5, -6.5)
DVec2(-11.5, -5.5)
DVec2(-11.5, -4.5)
DVec2(-10.5, -7.5)
DVec2(-10.5, -6.5)
DVec2(-10.5, -5.5)
DVec2(-10.5, -4.5)
DVec2(-11.5, -3.5)
DVec2(-11.5, -2.5)
DVec2(-11.5, -1.5)
DVec2(-11.5, -0.5)
DVec2(-10.5, -3.5)
DVec2(-10.5, -2.5)
DVec2(-10.5, -1.5)
DVec2(-10.5, -0.5)
DVec2(-11.5, 0.5)
DVec2(-11.5, 1.5)
DVec2(-11.5, 2.5)
DVec2(-11.5, 3.5)
DVec2(-10.5, 0.5)
DVec2(-10.5, 1.5)
DVec2(-10.5, 2.5)
DVec2(-10.5, 3.5)
DVec2(-11.5, 4.5)
DVec2(-11.5, 5.5)
DVec2(-11.5, 6.5)
DVec2(-11.5, 7.5)
DVec2(-10.5, 4.5)
DVec2(-10.5, 5.5)
DVec2(-10.5, 6.5)
DVec2(-10.5, 7.5)
DVec2(-11.5, 8.5)
DVec2(-11.5, 9.5)
DVec2(-11.5, 10.5)
DVec2(-11.5, 11.5)
DVec2(-10.5, 8.5)
DVec2(-10.5, 9.5)
DVec2(-10.5, 10.5)
DVec2(-10.5, 11.5)
DVec2(-11.5, 12.5)
DVec2(-11.5, 13.5)
DVec2(-11.5, 14.5)
DVec2(-11.5, 15.5)
DVec2(-10.5, 12.5)
DVec2(-10.5, 13.5)
DVec2(-10.5, 14.5)
DVec2(-10.5, 15.5)
DVec2(-11.5, 16.5)
DVec2(-11.5, 17.5)
DVec2(-11.5, 18.5)
DVec2(-11.5, 19.5)
DVec2(-10.5, 16.5)
DVec2(-10.5, 17.5)
DVec2(-10.5, 18.5)
DVec2(-10.5, 19.5)
DVec2(-11.5, 20.5)
DVec2(-11.5, 21.5)
DVec2(-11.5, 22.5)
DVec2(-11.5, 23.5)
DVec2(-10.5, 20.5)
DVec2(-10.5, 21.5)
DVec2(-10.5, 22.5)
DVec2(-10.5, 23.5)
DVec2(-11.5, 24.5)
DVec2(-11.5, 25.5)
DVec2(-11.5, 26.5)
DVec2(-11.5, 27.5)
DVec2(-10.5, 24.5)
DVec2(-10.5, 25.5)
DVec2(-10.5, 26.5)
DVec2(-10.5, 27.5)
DVec2(-11.5, 28.5)
DVec2(-11.5, 29.5)
DVec2(-11.5, 30.5)
DVec2(-11.5, 31.5)
DVec2(-10.5, 28.5)
DVec2(-10.5, 29.5)
DVec2(-10.5, 30.5)
DVec2(-10.5, 31.5)
DVec2(-11.5, 32.5)
DVec2(-11.5, 33.5)
DVec2(-11.5, 34.5)
DVec2(-11.5, 35.5)
DVec2(-10.5, 32.5)
DVec2(-10.5, 33.5)
DVec2(-10.5, 34.5)
DVec2(-10.5, 35.5)
DVec2(-11.5, 36.5)
DVec2(-11.5, 37.5)
DVec2(-11.5, 38.5)
DVec2(-11.5, 39.5)
DVec2(-10.5, 36.5)
DVec2(-10.5, 37.5)
DVec2(-10.5, 38.5)
DVec2(-10.5, 39.5)
DVec2(-11.5, 40.5)
DVec2(-11.5, 41.5)
DVec2(-11.5, 42.5)
DVec2(-11.5, 43.5)
DVec2(-10.5, 40.5)
DVec2(-10.5, 41.5)
DVec2(-10.5, 42.5)
DVec2(-10.5, 43.5)
DVec2(-11.5, 44.5)
DVec2(-11.5, 45.5)
DVec2(-11.5, 46.5)
DVec2(-11.5, 47.5)
DVec2(-10.5, 44.5)
DVec2(-10.5, 45.5)
DVec2(-10.5, 46.5)
DVec2(-10.5, 47.5)
DVec2(-11.5, 48.5)
DVec2(-11.5, 49.5)
DVec2(-11.5, 50.5)
DVec2(-11.5, 51.5)
DVec2(-10.5, 48.5)
DVec2(-10.5, 49.5)
DVec2(-10.5, 50.5)
DVec2(-10.5, 51.5)
DVec2(-11.5, 52.5)
DVec2(-11.5, 53.5)
DVec2(-11.5, 54.5)
DVec2(-11.5, 55.5)
DVec2(-10.5, 52.5)
DVec2(-10.5, 53.5)
DVec2(-10.5, 54.5)
DVec2(-10.5, 55.5)
DVec2(-11.5, 56.5)
DVec2(-11.5, 57.5)
DVec2(-11.5, 58.5)
DVec2(-11.5, 59.5)
DVec2(-10.5, 56.5)
DVec2(-10.5, 57.5)
DVec2(-10.5, 58.5)
DVec2(-10.5, 59.5)
DVec2(-11.5, 60.5)
DVec2(-11.5, 61.5)
DVec2(-11.5, 62.5)
DVec2(-11.5, 63.5)
DVec2(-10.5, 60.5)
DVec2(-10.5, 61.5)
DVec2(-10.5, 62.5)
DVec2(-10.5, 63.5)
DVec2(-11.5, 64.5)
DVec2(-11.5, 65.5)
DVec2(-11.5, 66.5)
DVec2(-11.5, 67.5)
DVec2(-10.5, 64.5)
DVec2(-10.5, 65.5)
DVec2(-10.5, 66.5)
DVec2(-10.5, 67.5)
DVec2(-11.5, 68.5)
DVec2(-11.5, 69.5)
DVec2(-11.5, 70.5)
DVec2(-11.5, 71.5)
DVec2(-10.5, 68.5)
DVec2(-10.5, 69.5)
DVec2(-10.5, 70.5)
DVec2(-10.5, 71.5)
DVec2(-11.5, 72.5)
DVec2(-11.5, 73.5)
DVec2(-11.5, 74.5)
DVec2(-11.5, 75.5)
DVec2(-10.5, 72.5)
DVec2(-10.5, 73.5)
DVec2(-10.5, 74.5)
DVec2(-10.5, 75.5)
DVec2(-11.5, 76.5)
DVec2(-11.5, 77.5)
DVec2(-11.5, 78.5)
DVec2(-11.5, 79.5)
DVec2(-10.5, 76.5)
DVec2(-10.5, 77.5)
DVec2(-10.5, 78.5)
DVec2(-10.5, 79.5)
DVec2(-11.5, 80.5)
DVec2(-11.5, 81.5)
DVec2(-11.5, 82.5)
DVec2(-11.5, 83.5)
DVec2(-10.5, 80.5)
DVec2(-10.5, 81.5)
DVec2(-10.5, 82.5)
DVec2(-10.5, 83.5)
DVec2(-11.5, 84.5)
DVec2(-11.5, 85.5)
DVec2(-11.5, 86.5)
DVec2(-11.5, 87.5)
DVec2(-10.5, 84.5)
DVec2(-10.5, 85.5)
DVec2(-10.5, 86.5)
DVec2(-10.5, 87.5)
DVec2(-11.5, 88.5)
DVec2(-11.5, 89.5)
DVec2(-11.5, 90.5)
DVec2(-11.5, 91.5)
DVec2(-10.5, 88.5)
DVec2(-10.5, 89.5)
DVec2(-10.5, 90.5)
DVec2(-10.5, 91.5)
DVec2(-11.5, 92.5)
DVec2(-11.5, 93.5)
DVec2(-11.5, 94.5)
DVec2(-11.5, 95.5)
DVec2(-10.5, 92.5)
DVec2(-10.5, 93.5)
DVec2(-10.5, 94.5)
DVec2(-10.5, 95.5)
DVec2(-11.5, 96.5)
DVec2(-11.5, 97.5)
DVec2(-11.5, 98.5)
DVec2(-11.5, 99.5)
DVec2(-10.5, 96.5)
DVec2(-10.5, 97.5)
DVec2(-10.5, 98.5)
DVec2(-10.5, 99.5)
DVec2(-11.5, 100.5)
DVec2(-11.5, 101.5)
DVec2(-11.5, 102.5)
DVec2(-11.5, 103.5)
DVec2(-10.5, 100.5)
DVec2(-10.5, 101.5)
DVec2(-10.5, 102.5)
DVec2(-10.5, 103.5)
DVec2(-11.5, 104.5)
DVec2(-11.5, 105.5)
DVec2(-11.5, 106.5)
DVec2(-11.5, 107.5)
DVec2(-10.5, 104.5)
DVec2(-10.5, 105.5)
DVec2(-10.5, 106.5)
DVec2(-10.5, 107.5)
DVec2(-11.5, 108.5)
DVec2(-11.5, 109.5)
DVec2(-11.5, 110.5)
DVec2(-11.5, 111.5)
DVec2(-10.5, 108.5)
DVec2(-10.5, 109.5)
DVec2(-10.5, 110.5)
DVec2(-10.5, 111.5)
DVec2(-11.5, 112.5)
DVec2(-11.5, 113.5)
DVec2(-11.5, 114.5)
DVec2(-11.5, 115.5)
DVec2(-10.5, 112.5)
DVec2(-10.5, 113.5)
DVec2(-10.5, 114.5)
DVec2(-10.5, 115.5)
DVec2(-11.5, 116.5)
DVec2(-11.5, 117.5)
DVec2(-11.5, 118.5)
DVec2(-11.5, 119.5)
DVec2(-10.5, 116.5)
DVec2(-10.5, 117.5)
DVec2(-10.5, 118.5)
DVec2(-10.5, 119.5)
DVec2(-9.5, -119.5)
DVec2(-9.5, -118.5)
DVec2(-9.5, -117.5)
DVec2(-9.5, -116.5)
DVec2(-8.5, -119.5)
DVec2(-8.5, -118.5)
DVec2(-8.5, -117.5)
DVec2(-8.5, -116.5)
DVec2(-9.5, -115.5)
DVec2(-9.5, -114.5)
DVec2(-9.5, -113.5)
DVec2(-9.5, -112.5)
DVec2(-8.5, -115.5)
DVec2(-8.5, -114.5)
DVec2(-8.5, -113.5)
DVec2(-8.5, -112.5)
DVec2(-9.5, -111.5)
DVec2(-9.5, -110.5)
DVec2(-9.5, -109.5)
DVec2(-9.5, -108.5)
DVec2(-8.5, -111.5)
DVec2(-8.5, -110.5)
DVec2(-8.5, -109.5)
DVec2(-8.5, -108.5)
DVec2(-9.5, -107.5)
DVec2(-9.5, -106.5)
DVec2(-9.5, -105.5)
DVec2(-9.5, -104.5)
DVec2(-8.5, -107.5)
DVec2(-8.5, -106.5)
DVec2(-8.5, -105.5)
DVec2(-8.5, -104.5)
DVec2(-9.5, -103.5)
DVec2(-9.5, -102.5)
DVec2(-9.5, -101.5)
DVec2(-9.5, -100.5)
DVec2(-8.5, -103.5)
DVec2(-8.5, -102.5)
DVec2(-8.5, -101.5)
DVec2(-8.5, -100.5)
DVec2(-9.5, -99.5)
DVec2(-9.5, -98.5)
DVec2(-9.5, -97.5)
DVec2(-9.5, -96.5)
DVec2(-8.5, -99.5)
DVec2(-8.5, -98.5)
DVec2(-8.5, -97.5)
DVec2(-8.5, -96.5)
DVec2(-9.5, -95.5)
DVec2(-9.5, -94.5)
DVec2(-9.5, -93.5)
DVec2(-9.5, -92.5)
DVec2(-8.5, -95.5)
DVec2(-8.5, -94.5)
DVec2(-8.5, -93.5)
DVec2(-8.5, -92.5)
DVec2(-9.5, -91.5)
DVec2(-9.5, -90.5)
DVec2(-9.5, -89.5)
DVec2(-9.5, -88.5)
DVec2(-8.5, -91.5)
DVec2(-8.5, -90.5)
DVec2(-8.5, -89.5)
DVec2(-8.5, -88.5)
DVec2(-9.5, -87.5)
DVec2(-9.5, -86.5)
DVec2(-9.5, -85.5)
DVec2(-9.5, -84.5)
DVec2(-8.5, -87.5)
DVec2(-8.5, -86.5)
DVec2(-8.5, -85.5)
DVec2(-8.5, -84.5)
DVec2(-9.5, -83.5)
DVec2(-9.5, -82.5)
DVec2(-9.5, -81.5)
DVec2(-9.5, -80.5)
DVec2(-8.5, -83.5)
DVec2(-8.5, -82.5)
DVec2(-8.5, -81.5)
DVec2(-8.5, -80.5)
DVec2(-9.5, -79.5)
DVec2(-9.5, -78.5)
DVec2(-9.5, -77.5)
DVec2(-9.5, -76.5)
DVec2(-8.5, -79.5)
DVec2(-8.5, -78.5)
DVec2(-8.5, -77.5)
DVec2(-8.5, -76.5)
DVec2(-9.5, -75.5)
DVec2(-9.5, -74.5)
DVec2(-9.5, -73.5)
DVec2(-9.5, -72.5)
DVec2(-8.5, -75.5)
DVec2(-8.5, -74.5)
DVec2(-8.5, -73.5)
DVec2(-8.5, -72.5)
DVec2(-9.5, -71.5)
DVec2(-9.5, -70.5)
DVec2(-9.5, -69.5)
DVec2(-9.5, -68.5)
DVec2(-8.5, -71.5)
DVec2(-8.5, -70.5)
DVec2(-8.5, -69.5)
DVec2(-8.5, -68.5)
DVec2(-9.5, -67.5)
DVec2(-9.5, -66.5)
DVec2(-9.5, -65.5)
DVec2(-9.5, -64.5)
DVec2(-8.5, -67.5)
DVec2(-8.5, -66.5)
DVec2(-8.5, -65.5)
DVec2(-8.5, -64.5)
DVec2(-9.5, -63.5)
DVec2(-9.5, -62.5)
DVec2(-9.5, -61.5)
DVec2(-9.5, -60.5)
DVec2(-8.5, -63.5)
DVec2(-8.5, -62.5)
DVec2(-8.5, -61.5)
DVec2(-8.5, -60.5)
DVec2(-9.5, -59.5)
DVec2(-9.5, -58.5)
DVec2(-9.5, -57.5)
DVec2(-9.5, -56.5)
DVec2(-8.5, -59.5)
DVec2(-8.5, -58.5)
DVec2(-8.5, -57.5)
DVec2(-8.5, -56.5)
DVec2(-9.5, -55.5)
DVec2(-9.5, -54.5)
DVec2(-9.5, -53.5)
DVec2(-9.5, -52.5)
DVec2(-8.5, -55.5)
DVec2(-8.5, -54.5)
DVec2(-8.5, -53.5)
DVec2(-8.5, -52.5)
DVec2(-9.5, -51.5)
DVec2(-9.5, -50.5)
DVec2(-9.5, -49.5)
DVec2(-9.5, -48.5)
DVec2(-8.5, -51.5)
DVec2(-8.5, -50.5)
DVec2(-8.5, -49.5)
DVec2(-8.5, -48.5)
DVec2(-9.5, -47.5)
DVec2(-9.5, -46.5)
DVec2(-9.5, -45.5)
DVec2(-9.5, -44.5)
DVec2(-8.5, -47.5)
DVec2(-8.5, -46.5)
DVec2(-8.5, -45.5)
DVec2(-8.5, -44.5)
DVec2(-9.5, -43.5)
DVec2(-9.5, -42.5)
DVec2(-9.5, -41.5)
DVec2(-9.5, -40.5)
DVec2(-8.5, -43.5)
DVec2(-8.5, -42.5)
DVec2(-8.5, -41.5)
DVec2(-8.5, -40.5)
DVec2(-9.5, -39.5)
DVec2(-9.5, -38.5)
DVec2(-9.5, -37.5)
DVec2(-9.5, -36.5)
DVec2(-8.5, -39.5)
DVec2(-8.5, -38.5)
DVec2(-8.5, -37.5)
DVec2(-8.5, -36.5)
DVec2(-9.5, -35.5)
DVec2(-9.5, -34.5)
DVec2(-9.5, -33.5)
DVec2(-9.5, -32.5)
DVec2(-8.5, -35.5)
DVec2(-8.5, -34.5)
DVec2(-8.5, -33.5)
DVec2(-8.5, -32.5)
DVec2(-9.5, -31.5)
DVec2(-9.5, -30.5)
DVec2(-9.5, -29.5)
DVec2(-9.5, -28.5)
DVec2(-8.5, -31.5)
DVec2(-8.5, -30.5)
DVec2(-8.5, -29.5)
DVec2(-8.5, -28.5)
DVec2(-9.5, -27.5)
DVec2(-9.5, -26.5)
DVec2(-9.5, -25.5)
DVec2(-9.5, -24.5)
DVec2(-8.5, -27.5)
DVec2(-8.5, -26.5)
DVec2(-8.5, -25.5)
DVec2(-8.5, -24.5)
DVec2(-9.5, -23.5)
DVec2(-9.5, -22.5)
DVec2(-9.5, -21.5)
DVec2(-9.5, -20.5)
DVec2(-8.5, -23.5)
DVec2(-8.5, -22.5)
DVec2(-8.5, -21.5)
DVec2(-8.5, -20.5)
DVec2(-9.5, -19.5)
DVec2(-9.5, -18.5)
DVec2(-9.5, -17.5)
DVec2(-9.5, -16.5)
DVec2(-8.5, -19.5)
DVec2(-8.5, -18.5)
DVec2(-8.5, -17.5)
DVec2(-8.5, -16.5)
DVec2(-9.5, -15.5)
DVec2(-9.5, -14.5)
DVec2(-9.5, -13.5)
DVec2(-9.5, -12.5)
DVec2(-8.5, -15.5)
DVec2(-8.5, -14.5)
DVec2(-8.5, -13.5)
DVec2(-8.5, -12.5)
DVec2(-9.5, -11.5)
DVec2(-9.5, -10.5)
DVec2(-9.5, -9.5)
DVec2(-9.5, -8.5)
DVec2(-8.5, -11.5)
DVec2(-8.5, -10.5)
DVec2(-8.5, -9.5)
DVec2(-8.5, -8.5)
DVec2(-9.5, -7.5)
DVec2(-9.5, -6.5)
DVec2(-9.5, -5.5)
DVec2(-9.5, -4.5)
DVec2(-8.5, -7.5)
DVec2(-8.5, -6.5)
DVec2(-8.5, -5.5)
DVec2(-8.5, -4.5)
DVec2(-9.5, -3.5)
DVec2(-9.5, -2.5)
DVec2(-9.5, -1.5)
DVec2(-9.5, -0.5)
DVec2(-8.5, -3.5)
DVec2(-8.5, -2.5)
DVec2(-8.5, -1.5)
DVec2(-8.5, -0.5)
DVec2(-9.5, 0.5)
DVec2(-9.5, 1.5)
DVec2(-9.5, 2.5)
DVec2(-9.5, 3.5)
DVec2(-8.5, 0.5)
DVec2(-8.5, 1.5)
DVec2(-8.5, 2.5)
DVec2(-8.5, 3.5)
DVec2(-9.5, 4.5)
DVec2(-9.5, 5.5)
DVec2(-9.5, 6.5)
DVec2(-9.5, 7.5)
DVec2(-8.5, 4.5)
DVec2(-8.5, 5.5)
DVec2(-8.5, 6.5)
DVec2(-8.5, 7.5)
DVec2(-9.5, 8.5)
DVec2(-9.5, 9.5)
DVec2(-9.5, 10.5)
DVec2(-9.5, 11.5)
DVec2(-8.5, 8.5)
DVec2(-8.5, 9.5)
DVec2(-8.5, 10.5)
DVec2(-8.5, 11.5)
DVec2(-9.5, 12.5)
DVec2(-9.5, 13.5)
DVec2(-9.5, 14.5)
DVec2(-9.5, 15.5)
DVec2(-8.5, 12.5)
DVec2(-8.5, 13.5)
DVec2(-8.5, 14.5)
DVec2(-8.5, 15.5)
DVec2(-9.5, 16.5)
DVec2(-9.5, 17.5)
DVec2(-9.5, 18.5)
DVec2(-9.5, 19.5)
DVec2(-8.5, 16.5)
DVec2(-8.5, 17.5)
DVec2(-8.5, 18.5)
DVec2(-8.5, 19.5)
DVec2(-9.5, 20.5)
DVec2(-9.5, 21.5)
DVec2(-9.5, 22.5)
DVec2(-9.5, 23.5)
DVec2(-8.5, 20.5)
DVec2(-8.5, 21.5)
DVec2(-8.5, 22.5)
DVec2(-8.5, 23.5)
DVec2(-9.5, 24.5)
DVec2(-9.5, 25.5)
DVec2(-9.5, 26.5)
DVec2(-9.5, 27.5)
DVec2(-8.5, 24.5)
DVec2(-8.5, 25.5)
DVec2(-8.5, 26.5)
DVec2(-8.5, 27.5)
DVec2(-9.5, 28.5)
DVec2(-9.5, 29.5)
DVec2(-9.5, 30.5)
DVec2(-9.5, 31.5)
DVec2(-8.5, 28.5)
DVec2(-8.5, 29.5)
DVec2(-8.5, 30.5)
DVec2(-8.5, 31.5)
DVec2(-9.5, 32.5)
DVec2(-9.5, 33.5)
DVec2(-9.5, 34.5)
DVec2(-9.5, 35.5)
DVec2(-8.5, 32.5)
DVec2(-8.5, 33.5)
DVec2(-8.5, 34.5)
DVec2(-8.5, 35.5)
DVec2(-9.5, 36.5)
DVec2(-9.5, 37.5)
DVec2(-9.5, 38.5)
DVec2(-9.5, 39.5)
DVec2(-8.5, 36.5)
DVec2(-8.5, 37.5)
DVec2(-8.5, 38.5)
DVec2(-8.5, 39.5)
DVec2(-9.5, 40.5)
DVec2(-9.5, 41.5)
DVec2(-9.5, 42.5)
DVec2(-9.5, 43.5)
DVec2(-8.5, 40.5)
DVec2(-8.5, 41.5)
DVec2(-8.5, 42.5)
DVec2(-8.5, 43.5)
DVec2(-9.5, 44.5)
DVec2(-9.5, 45.5)
DVec2(-9.5, 46.5)
DVec2(-9.5, 47.5)
DVec2(-8.5, 44.5)
DVec2(-8.5, 45.5)
DVec2(-8.5, 46.5)
DVec2(-8.5, 47.5)
DVec2(-9.5, 48.5)
DVec2(-9.5, 49.5)
DVec2(-9.5, 50.5)
DVec2(-9.5, 51.5)
DVec2(-8.5, 48.5)
DVec2(-8.5, 49.5)
DVec2(-8.5, 50.5)
DVec2(-8.5, 51.5)
DVec2(-9.5, 52.5)
DVec2(-9.5, 53.5)
DVec2(-9.5, 54.5)
DVec2(-9.5, 55.5)
DVec2(-8.5, 52.5)
DVec2(-8.5, 53.5)
DVec2(-8.5, 54.5)
DVec2(-8.5, 55.5)
DVec2(-9.5, 56.5)
DVec2(-9.5, 57.5)
DVec2(-9.5, 58.5)
DVec2(-9.5, 59.5)
DVec2(-8.5, 56.5)
DVec2(-8.5, 57.5)
DVec2(-8.5, 58.5)
DVec2(-8.5, 59.5)
DVec2(-9.5, 60.5)
DVec2(-9.5, 61.5)
DVec2(-9.5, 62.5)
DVec2(-9.5, 63.5)
DVec2(-8.5, 60.5)
DVec2(-8.5, 61.5)
DVec2(-8.5, 62.5)
DVec2(-8.5, 63.5)
DVec2(-9.5, 64.5)
DVec2(-9.5, 65.5)
DVec2(-9.5, 66.5)
DVec2(-9.5, 67.5)
DVec2(-8.5, 64.5)
DVec2(-8.5, 65.5)
DVec2(-8.5, 66.5)
DVec2(-8.5, 67.5)
DVec2(-9.5, 68.5)
DVec2(-9.5, 69.5)
DVec2(-9.5, 70.5)
DVec2(-9.5, 71.5)
DVec2(-8.5, 68.5)
DVec2(-8.5, 69.5)
DVec2(-8.5, 70.5)
DVec2(-8.5, 71.5)
DVec2(-9.5, 72.5)
DVec2(-9.5, 73.5)
DVec2(-9.5, 74.5)
DVec2(-9.5, 75.5)
DVec2(-8.5, 72.5)
DVec2(-8.5, 73.5)
DVec2(-8.5, 74.5)
DVec2(-8.5, 75.5)
DVec2(-9.5, 76.5)
DVec2(-9.5, 77.5)
DVec2(-9.5, 78.5)
DVec2(-9.5, 79.5)
DVec2(-8.5, 76.5)
DVec2(-8.5, 77.5)
DVec2(-8.5, 78.5)
DVec2(-8.5, 79.5)
DVec2(-9.5, 80.5)
DVec2(-9.5, 81.5)
DVec2(-9.5, 82.5)
DVec2(-9.5, 83.5)
DVec2(-8.5, 80.5)
DVec2(-8.5, 81.5)
DVec2(-8.5, 82.5)
DVec2(-8.5, 83.5)
DVec2(-9.5, 84.5)
DVec2(-9.5, 85.5)
DVec2(-9.5, 86.5)
DVec2(-9.5, 87.5)
DVec2(-8.5, 84.5)
DVec2(-8.5, 85.5)
DVec2(-8.5, 86.5)
DVec2(-8.5, 87.5)
DVec2(-9.5, 88.5)
DVec2(-9.5, 89.5)
DVec2(-9.5, 90.5)
DVec2(-9.5, 91.5)
DVec2(-8.5, 88.5)
DVec2(-8.5, 89.5)
DVec2(-8.5, 90.5)
DVec2(-8.5, 91.5)
DVec2(-9.5, 92.5)
DVec2(-9.5, 93.5)
DVec2(-9.5, 94.5)
DVec2(-9.5, 95.5)
DVec2(-8.5, 92.5)
DVec2(-8.5, 93.5)
DVec2(-8.5, 94.5)
DVec2(-8.5, 95.5)
DVec2(-9.5, 96.5)
DVec2(-9.5, 97.5)
DVec2(-9.5, 98.5)
DVec2(-9.5, 99.5)
DVec2(-8.5, 96.5)
DVec2(-8.5, 97.5)
DVec2(-8.5, 98.5)
DVec2(-8.5, 99.5)
DVec2(-9.5, 100.5)
DVec2(-9.5, 101.5)
DVec2(-9.5, 102.5)
DVec2(-9.5, 103.5)
DVec2(-8.5, 100.5)
DVec2(-8.5, 101.5)
DVec2(-8.5, 102.5)
DVec2(-8.5, 103.5)
DVec2(-9.5, 104.5)
DVec2(-9.5, 105.5)
DVec2(-9.5, 106.5)
DVec2(-9.5, 107.5)
DVec2(-8.5, 104.5)
DVec2(-8.5, 105.5)
DVec2(-8.5, 106.5)
DVec2(-8.5, 107.5)
DVec2(-9.5, 108.5)
DVec2(-9.5, 109.5)
DVec2(-9.5, 110.5)
DVec2(-9.5, 111.5)
DVec2(-8.5, 108.5)
DVec2(-8.5, 109.5)
DVec2(-8.5, 110.5)
DVec2(-8.5, 111.5)
DVec2(-9.5, 112.5)
DVec2(-9.5, 113.5)
DVec2(-9.5, 114.5)
DVec2(-9.5, 115.5)
DVec2(-8.5, 112.5)
DVec2(-8.5, 113.5)
DVec2(-8.5, 114.5)
DVec2(-8.5, 115.5)
DVec2(-9.5, 116.5)
DVec2(-9.5, 117.5)
DVec2(-9.5, 118.5)
DVec2(-9.5, 119.5)
DVec2(-8.5, 116.5)
DVec2(-8.5, 117.5)
DVec2(-8.5, 118.5)
DVec2(-8.5, 119.5)
DVec2(-7.5, -119.5)
DVec2(-7.5, -118.5)
DVec2(-7.5, -117.5)
DVec2(-7.5, -116.5)
DVec2(-6.5, -119.5)
DVec2(-6.5, -118.5)
DVec2(-6.5, -117.5)
DVec2(-6.5, -116.5)
DVec2(-7.5, -115.5)
DVec2(-7.5, -114.5)
DVec2(-7.5, -113.5)
DVec2(-7.5, -112.5)
DVec2(-6.5, -115.5)
DVec2(-6.5, -114.5)
DVec2(-6.5, -113.5)
DVec2(-6.5, -112.5)
DVec2(-7.5, -111.5)
DVec2(-7.5, -110.5)
DVec2(-7.5, -109.5)
DVec2(-7.5, -108.5)
DVec2(-6.5, -111.5)
DVec2(-6.5, -110.5)
DVec2(-6.5, -109.5)
DVec2(-6.5, -108.5)
DVec2(-7.5, -107.5)
DVec2(-7.5, -106.5)
DVec2(-7.5, -105.5)
DVec2(-7.5, -104.5)
DVec2(-6.5, -107.5)
DVec2(-6.5, -106.5)
DVec2(-6.5, -105.5)
DVec2(-6.5, -104.5)
DVec2(-7.5, -103.5)
DVec2(-7.5, -102.5)
DVec2(-7.5, -101.5)
DVec2(-7.5, -100.5)
DVec2(-6.5, -103.5)
DVec2(-6.5, -102.5)
DVec2(-6.5, -101.5)
DVec2(-6.5, -100.5)
DVec2(-7.5, -99.5)
DVec2(-7.5, -98.5)
DVec2(-7.5, -97.5)
DVec2(-7.5, -96.5)
DVec2(-6.5, -99.5)
DVec2(-6.5, -98.5)
DVec2(-6.5, -97.5)
DVec2(-6.5, -96.5)
DVec2(-7.5, -95.5)
DVec2(-7.5, -94.5)
DVec2(-7.5, -93.5)
DVec2(-7.5, -92.5)
DVec2(-6.5, -95.5)
DVec2(-6.5, -94.5)
DVec2(-6.5, -93.5)
DVec2(-6.5, -92.5)
DVec2(-7.5, -91.5)
DVec2(-7.5, -90.5)
DVec2(-7.5, -89.5)
DVec2(-7.5, -88.5)
DVec2(-6.5, -91.5)
DVec2(-6.5, -90.5)
DVec2(-6.5, -89.5)
DVec2(-6.5, -88.5)
DVec2(-7.5, -87.5)
DVec2(-7.5, -86.5)
DVec2(-7.5, -85.5)
DVec2(-7.5, -84.5)
DVec2(-6.5, -87.5)
DVec2(-6.5, -86.5)
DVec2(-6.5, -85.5)
DVec2(-6.5, -84.5)
DVec2(-7.5, -83.5)
DVec2(-7.5, -82.5)
DVec2(-7.5, -81.5)
DVec2(-7.5, -80.5)
DVec2(-6.5, -83.5)
DVec2(-6.5, -82.5)
DVec2(-6.5, -81.5)
DVec2(-6.5, -80.5)
DVec2(-7.5, -79.5)
DVec2(-7.5, -78.5)
DVec2(-7.5, -77.5)
DVec2(-7.5, -76.5)
DVec2(-6.5, -79.5)
DVec2(-6.5, -78.5)
DVec2(-6.5, -77.5)
DVec2(-6.5, -76.5)
DVec2(-7.5, -75.5)
DVec2(-7.5, -74.5)
DVec2(-7.5, -73.5)
DVec2(-7.5, -72.5)
DVec2(-6.5, -75.5)
DVec2(-6.5, -74.5)
DVec2(-6.5, -73.5)
DVec2(-6.5, -72.5)
DVec2(-7.5, -71.5)
DVec2(-7.5, -70.5)
DVec2(-7.5, -69.5)
DVec2(-7.5, -68.5)
DVec2(-6.5, -71.5)
DVec2(-6.5, -70.5)
DVec2(-6.5, -69.5)
DVec2(-6.5, -68.5)
DVec2(-7.5, -67.5)
DVec2(-7.5, -66.5)
DVec2(-7.5, -65.5)
DVec2(-7.5, -64.5)
DVec2(-6.5, -67.5)
DVec2(-6.5, -66.5)
DVec2(-6.5, -65.5)
DVec2(-6.5, -64.5)
DVec2(-7.5, -63.5)
DVec2(-7.5, -62.5)
DVec2(-7.5, -61.5)
DVec2(-7.5, -60.5)
DVec2(-6.5, -63.5)
DVec2(-6.5, -62.5)
DVec2(-6.5, -61.5)
DVec2(-6.5, -60.5)
DVec2(-7.5, -59.5)
DVec2(-7.5, -58.5)
DVec2(-7.5, -57.5)
DVec2(-7.5, -56.5)
DVec2(-6.5, -59.5)
DVec2(-6.5, -58.5)
DVec2(-6.5, -57.5)
DVec2(-6.5, -56.5)
DVec2(-7.5, -55.5)
DVec2(-7.5, -54.5)
DVec2(-7.5, -53.5)
DVec2(-7.5, -52.5)
DVec2(-6.5, -55.5)
DVec2(-6.5, -54.5)
DVec2(-6.5, -53.5)
DVec2(-6.5, -52.5)
DVec2(-7.5, -51.5)
DVec2(-7.5, -50.5)
DVec2(-7.5, -49.5)
DVec2(-7.5, -48.5)
DVec2(-6.5, -51.5)
DVec2(-6.5, -50.5)
DVec2(-6.5, -49.5)
DVec2(-6.5, -48.5)
DVec2(-7.5, -47.5)
DVec2(-7.5, -46.5)
DVec2(-7.5, -45.5)
DVec2(-7.5, -44.5)
DVec2(-6.5, -47.5)
DVec2(-6.5, -46.5)
DVec2(-6.5, -45.5)
DVec2(-6.5, -44.5)
DVec2(-7.5, -43.5)
DVec2(-7.5, -42.5)
DVec2(-7.5, -41.5)
DVec2(-7.5, -40.5)
DVec2(-6.5, -43.5)
DVec2(-6.5, -42.5)
DVec2(-6.5, -41.5)
DVec2(-6.5, -40.5)
DVec2(-7.5, -39.5)
DVec2(-7.5, -38.5)
DVec2(-7.5, -37.5)
DVec2(-7.5, -36.5)
DVec2(-6.5, -39.5)
DVec2(-6.5, -38.5)
DVec2(-6.5, -37.5)
DVec2(-6.5, -36.5)
DVec2(-7.5, -35.5)
DVec2(-7.5, -34.5)
DVec2(-7.5, -33.5)
DVec2(-7.5, -32.5)
DVec2(-6.5, -35.5)
DVec2(-6.5, -34.5)
DVec2(-6.5, -33.5)
DVec2(-6.5, -32.5)
DVec2(-7.5, -31.5)
DVec2(-7.5, -30.5)
DVec2(-7.5, -29.5)
DVec2(-7.5, -28.5)
DVec2(-6.5, -31.5)
DVec2(-6.5, -30.5)
DVec2(-6.5, -29.5)
DVec2(-6.5, -28.5)
DVec2(-7.5, -27.5)
DVec2(-7.5, -26.5)
DVec2(-7.5, -25.5)
DVec2(-7.5, -24.5)
DVec2(-6.5, -27.5)
DVec2(-6.5, -26.5)
DVec2(-6.5, -25.5)
DVec2(-6.5, -24.5)
DVec2(-7.5, -23.5)
DVec2(-7.5, -22.5)
DVec2(-7.5, -21.5)
DVec2(-7.5, -20.5)
DVec2(-6.5, -23.5)
DVec2(-6.5, -22.5)
DVec2(-6.5, -21.5)
DVec2(-6.5, -20.5)
DVec2(-7.5, -19.5)
DVec2(-7.5, -18.5)
DVec2(-7.5, -17.5)
DVec2(-7.5, -16.5)
DVec2(-6.5, -19.5)
DVec2(-6.5, -18.5)
DVec2(-6.5, -17.5)
DVec2(-6.5, -16.5)
DVec2(-7.5, -15.5)
DVec2(-7.5, -14.5)
DVec2(-7.5, -13.5)
DVec2(-7.5, -12.5)
DVec2(-6.5, -15.5)
DVec2(-6.5, -14.5)
DVec2(-6.5, -13.5)
DVec2(-6.5, -12.5)
DVec2(-7.5, -11.5)
DVec2(-7.5, -10.5)
DVec2(-7.5, -9.5)
DVec2(-7.5, -8.5)
DVec2(-6.5, -11.5)
DVec2(-6.5, -10.5)
DVec2(-6.5, -9.5)
DVec2(-6.5, -8.5)
DVec2(-7.5, -7.5)
DVec2(-7.5, -6.5)
DVec2(-7.5, -5.5)
DVec2(-7.5, -4.5)
DVec2(-6.5, -7.5)
DVec2(-6.5, -6.5)
DVec2(-6.5, -5.5)
DVec2(-6.5, -4.5)
DVec2(-7.5, -3.5)
DVec2(-7.5, -2.5)
DVec2(-7.5, -1.5)
DVec2(-7.5, -0.5)
DVec2(-6.5, -3.5)
DVec2(-6.5, -2.5)
DVec2(-6.5, -1.5)
DVec2(-6.5, -0.5)
DVec2(-7.5, 0.5)
DVec2(-7.5, 1.5)
DVec2(-7.5, 2.5)
DVec2(-7.5, 3.5)
DVec2(-6.5, 0.5)
DVec2(-6.5, 1.5)
DVec2(-6.5, 2.5)
DVec2(-6.5, 3.5)
DVec2(-7.5, 4.5)
DVec2(-7.5, 5.5)
DVec2(-7.5, 6.5)
DVec2(-7.5, 7.5)
DVec2(-6.5, 4.5)
DVec2(-6.5, 5.5)
DVec2(-6.5, 6.5)
DVec2(-6.5, 7.5)
DVec2(-7.5, 8.5)
DVec2(-7.5, 9.5)
DVec2(-7.5, 10.5)
DVec2(-7.5, 11.5)
DVec2(-6.5, 8.5)
DVec2(-6.5, 9.5)
DVec2(-6.5, 10.5)
DVec2(-6.5, 11.5)
DVec2(-7.5, 12.5)
DVec2(-7.5, 13.5)
DVec2(-7.5, 14.5)
DVec2(-7.5, 15.5)
DVec2(-6.5, 12.5)
DVec2(-6.5, 13.5)
DVec2(-6.5, 14.5)
DVec2(-6.5, 15.5)
DVec2(-7.5, 16.5)
DVec2(-7.5, 17.5)
DVec2(-7.5, 18.5)
DVec2(-7.5, 19.5)
DVec2(-6.5, 16.5)
DVec2(-6.5, 17.5)
DVec2(-6.5, 18.5)
DVec2(-6.5, 19.5)
DVec2(-7.5, 20.5)
DVec2(-7.5, 21.5)
DVec2(-7.5, 22.5)
DVec2(-7.5, 23.5)
DVec2(-6.5, 20.5)
DVec2(-6.5, 21.5)
DVec2(-6.5, 22.5)
DVec2(-6.5, 23.5)
DVec2(-7.5, 24.5)
DVec2(-7.5, 25.5)
DVec2(-7.5, 26.5)
DVec2(-7.5, 27.5)
DVec2(-6.5, 24.5)
DVec2(-6.5, 25.5)
DVec2(-6.5, 26.5)
DVec2(-6.5, 27.5)
DVec2(-7.5, 28.5)
DVec2(-7.5, 29.5)
DVec2(-7.5, 30.5)
DVec2(-7.5, 31.5)
DVec2(-6.5, 28.5)
DVec2(-6.5, 29.5)
DVec2(-6.5, 30.5)
DVec2(-6.5, 31.5)
DVec2(-7.5, 32.5)
DVec2(-7.5, 33.5)
DVec2(-7.5, 34.5)
DVec2(-7.5, 35.5)
DVec2(-6.5, 32.5)
DVec2(-6.5, 33.5)
DVec2(-6.5, 34.5)
DVec2(-6.5, 35.5)
DVec2(-7.5, 36.5)
DVec2(-7.5, 37.5)
DVec2(-7.5, 38.5)
DVec2(-7.5, 39.5)
DVec2(-6.5, 36.5)
DVec2(-6.5, 37.5)
DVec2(-6.5, 38.5)
DVec2(-6.5, 39.5)
DVec2(-7.5, 40.5)
DVec2(-7.5, 41.5)
DVec2(-7.5, 42.5)
DVec2(-7.5, 43.5)
DVec2(-6.5, 40.5)
DVec2(-6.5, 41.5)
DVec2(-6.5, 42.5)
DVec2(-6.5, 43.5)
DVec2(-7.5, 44.5)
DVec2(-7.5, 45.5)
DVec2(-7.5, 46.5)
DVec2(-7.5, 47.5)
DVec2(-6.5, 44.5)
DVec2(-6.5, 45.5)
DVec2(-6.5, 46.5)
DVec2(-6.5, 47.5)
DVec2(-7.5, 48.5)
DVec2(-7.5, 49.5)
DVec2(-7.5, 50.5)
DVec2(-7.5, 51.5)
DVec2(-6.5, 48.5)
DVec2(-6.5, 49.5)
DVec2(-6.5, 50.5)
DVec2(-6.5, 51.5)
DVec2(-7.5, 52.5)
DVec2(-7.5, 53.5)
DVec2(-7.5, 54.5)
DVec2(-7.5, 55.5)
DVec2(-6.5, 52.5)
DVec2(-6.5, 53.5)
DVec2(-6.5, 54.5)
DVec2(-6.5, 55.5)
DVec2(-7.5, 56.5)
DVec2(-7.5, 57.5)
DVec2(-7.5, 58.5)
DVec2(-7.5, 59.5)
DVec2(-6.5, 56.5)
DVec2(-6.5, 57.5)
DVec2(-6.5, 58.5)
DVec2(-6.5, 59.5)
DVec2(-7.5, 60.5)
DVec2(-7.5, 61.5)
DVec2(-7.5, 62.5)
DVec2(-7.5, 63.5)
DVec2(-6.5, 60.5)
DVec2(-6.5, 61.5)
DVec2(-6.5, 62.5)
DVec2(-6.5, 63.5)
DVec2(-7.5, 64.5)
DVec2(-7.5, 65.5)
DVec2(-7.5, 66.5)
DVec2(-7.5, 67.5)
DVec2(-6.5, 64.5)
DVec2(-6.5, 65.5)
DVec2(-6.5, 66.5)
DVec2(-6.5, 67.5)
DVec2(-7.5, 68.5)
DVec2(-7.5, 69.5)
DVec2(-7.5, 70.5)
DVec2(-7.5, 71.5)
DVec2(-6.5, 68.5)
DVec2(-6.5, 69.5)
DVec2(-6.5, 70.5)
DVec2(-6.5, 71.5)
DVec2(-7.5, 72.5)
DVec2(-7.5, 73.5)
DVec2(-7.5, 74.5)
DVec2(-7.5, 75.5)
DVec2(-6.5, 72.5)
DVec2(-6.5, 73.5)
DVec2(-6.5, 74.5)
DVec2(-6.5, 75.5)
DVec2(-7.5, 76.5)
DVec2(-7.5, 77.5)
DVec2(-7.5, 78.5)
DVec2(-7.5, 79.5)
DVec2(-6.5, 76.5)
DVec2(-6.5, 77.5)
DVec2(-6.5, 78.5)
DVec2(-6.5, 79.5)
DVec2(-7.5, 80.5)
DVec2(-7.5, 81.5)
DVec2(-7.5, 82.5)
DVec2(-7.5, 83.5)
DVec2(-6.5, 80.5)
DVec2(-6.5, 81.5)
DVec2(-6.5, 82.5)
DVec2(-6.5, 83.5)
DVec2(-7.5, 84.5)
DVec2(-7.5, 85.5)
DVec2(-7.5, 86.5)
DVec2(-7.5, 87.5)
DVec2(-6.5, 84.5)
DVec2(-6.5, 85.5)
DVec2(-6.5, 86.5)
DVec2(-6.5, 87.5)
DVec2(-7.5, 88.5)
DVec2(-7.5, 89.5)
DVec2(-7.5, 90.5)
DVec2(-7.5, 91.5)
DVec2(-6.5, 88.5)
DVec2(-6.5, 89.5)
DVec2(-6.5, 90.5)
DVec2(-6.5, 91.5)
DVec2(-7.5, 92.5)
DVec2(-7.5, 93.5)
DVec2(-7.5, 94.5)
DVec2(-7.5, 95.5)
DVec2(-6.5, 92.5)
DVec2(-6.5, 93.5)
DVec2(-6.5, 94.5)
DVec2(-6.5, 95.5)
DVec2(-7.5, 96.5)
DVec2(-7.5, 97.5)
DVec2(-7.5, 98.5)
DVec2(-7.5, 99.5)
DVec2(-6.5, 96.5)
DVec2(-6.5, 97.5)
DVec2(-6.5, 98.5)
DVec2(-6.5, 99.5)
DVec2(-7.5, 100.5)
DVec2(-7.5, 101.5)
DVec2(-7.5, 102.5)
DVec2(-7.5, 103.5)
DVec2(-6.5, 100.5)
DVec2(-6.5, 101.5)
DVec2(-6.5, 102.5)
DVec2(-6.5, 103.5)
DVec2(-7.5, 104.5)
DVec2(-7.5, 105.5)
DVec2(-7.5, 106.5)
DVec2(-7.5, 107.5)
DVec2(-6.5, 104.5)
DVec2(-6.5, 105.5)
DVec2(-6.5, 106.5)
DVec2(-6.5, 107.5)
DVec2(-7.5, 108.5)
DVec2(-7.5, 109.5)
DVec2(-7.5, 110.5)
DVec2(-7.5, 111.5)
DVec2(-6.5, 108.5)
DVec2(-6.5, 109.5)
DVec2(-6.5, 110.5)
DVec2(-6.5, 111.5)
DVec2(-7.5, 112.5)
DVec2(-7.5, 113.5)
DVec2(-7.5, 114.5)
DVec2(-7.5, 115.5)
DVec2(-6.5, 112.5)
DVec2(-6.5, 113.5)
DVec2(-6.5, 114.5)
DVec2(-6.5, 115.5)
DVec2(-7.5, 116.5)
DVec2(-7.5, 117.5)
DVec2(-7.5, 118.5)
DVec2(-7.5, 119.5)
DVec2(-6.5, 116.5)
DVec2(-6.5, 117.5)
DVec2(-6.5, 118.5)
DVec2(-6.5, 119.5)
DVec2(-5.5, -119.5)
DVec2(-5.5, -118.5)
DVec2(-5.5, -117.5)
DVec2(-5.5, -116.5)
DVec2(-4.5, -119.5)
DVec2(-4.5, -118.5)
DVec2(-4.5, -117.5)
DVec2(-4.5, -116.5)
DVec2(-5.5, -115.5)
DVec2(-5.5, -114.5)
DVec2(-5.5, -113.5)
DVec2(-5.5, -112.5)
DVec2(-4.5, -115.5)
DVec2(-4.5, -114.5)
DVec2(-4.5, -113.5)
DVec2(-4.5, -112.5)
DVec2(-5.5, -111.5)
DVec2(-5.5, -110.5)
DVec2(-5.5, -109.5)
DVec2(-5.5, -108.5)
DVec2(-4.5, -111.5)
DVec2(-4.5, -110.5)
DVec2(-4.5, -109.5)
DVec2(-4.5, -108.5)
DVec2(-5.5, -107.5)
DVec2(-5.5, -106.5)
DVec2(-5.5, -105.5)
DVec2(-5.5, -104.5)
DVec2(-4.5, -107.5)
DVec2(-4.5, -106.5)
DVec2(-4.5, -105.5)
DVec2(-4.5, -104.5)
DVec2(-5.5, -103.5)
DVec2(-5.5, -102.5)
DVec2(-5.5, -101.5)
DVec2(-5.5, -100.5)
DVec2(-4.5, -103.5)
DVec2(-4.5, -102.5)
DVec2(-4.5, -101.5)
DVec2(-4.5, -100.5)
DVec2(-5.5, -99.5)
DVec2(-5.5, -98.5)
DVec2(-5.5, -97.5)
DVec2(-5.5, -96.5)
DVec2(-4.5, -99.5)
DVec2(-4.5, -98.5)
DVec2(-4.5, -97.5)
DVec2(-4.5, -96.5)
DVec2(-5.5, -95.5)
DVec2(-5.5, -94.5)
DVec2(-5.5, -93.5)
DVec2(-5.5, -92.5)
DVec2(-4.5, -95.5)
DVec2(-4.5, -94.5)
DVec2(-4.5, -93.5)
DVec2(-4.5, -92.5)
DVec2(-5.5, -91.5)
DVec2(-5.5, -90.5)
DVec2(-5.5, -89.5)
DVec2(-5.5, -88.5)
DVec2(-4.5, -91.5)
DVec2(-4.5, -90.5)
DVec2(-4.5, -89.5)
DVec2(-4.5, -88.5)
DVec2(-5.5, -87.5)
DVec2(-5.5, -86.5)
DVec2(-5.5, -85.5)
DVec2(-5.5, -84.5)
DVec2(-4.5, -87.5)
DVec2(-4.5, -86.5)
DVec2(-4.5, -85.5)
DVec2(-4.5, -84.5)
DVec2(-5.5, -83.5)
DVec2(-5.5, -82.5)
DVec2(-5.5, -81.5)
DVec2(-5.5, -80.5)
DVec2(-4.5, -83.5)
DVec2(-4.5, -82.5)
DVec2(-4.5, -81.5)
DVec2(-4.5, -80.5)
DVec2(-5.5, -79.5)
DVec2(-5.5, -78.5)
DVec2(-5.5, -77.5)
DVec2(-5.5, -76.5)
DVec2(-4.5, -79.5)
DVec2(-4.5, -78.5)
DVec2(-4.5, -77.5)
DVec2(-4.5, -76.5)
DVec2(-5.5, -75.5)
DVec2(-5.5, -74.5)
DVec2(-5.5, -73.5)
DVec2(-5.5, -72.5)
DVec2(-4.5, -75.5)
DVec2(-4.5, -74.5)
DVec2(-4.5, -73.5)
DVec2(-4.5, -72.5)
DVec2(-5.5, -71.5)
DVec2(-5.5, -70.5)
DVec2(-5.5, -69.5)
DVec2(-5.5, -68.5)
DVec2(-4.5, -71.5)
DVec2(-4.5, -70.5)
DVec2(-4.5, -69.5)
DVec2(-4.5, -68.5)
DVec2(-5.5, -67.5)
DVec2(-5.5, -66.5)
DVec2(-5.5, -65.5)
DVec2(-5.5, -64.5)
DVec2(-4.5, -67.5)
DVec2(-4.5, -66.5)
DVec2(-4.5, -65.5)
DVec2(-4.5, -64.5)
DVec2(-5.5, -63.5)
DVec2(-5.5, -62.5)
DVec2(-5.5, -61.5)
DVec2(-5.5, -60.5)
DVec2(-4.5, -63.5)
DVec2(-4.5, -62.5)
DVec2(-4.5, -61.5)
DVec2(-4.5, -60.5)
DVec2(-5.5, -59.5)
DVec2(-5.5, -58.5)
DVec2(-5.5, -57.5)
DVec2(-5.5, -56.5)
DVec2(-4.5, -59.5)
DVec2(-4.5, -58.5)
DVec2(-4.5, -57.5)
DVec2(-4.5, -56.5)
DVec2(-5.5, -55.5)
DVec2(-5.5, -54.5)
DVec2(-5.5, -53.5)
DVec2(-5.5, -52.5)
DVec2(-4.5, -55.5)
DVec2(-4.5, -54.5)
DVec2(-4.5, -53.5)
DVec2(-4.5, -52.5)
DVec2(-5.5, -51.5)
DVec2(-5.5, -50.5)
DVec2(-5.5, -49.5)
DVec2(-5.5, -48.5)
DVec2(-4.5, -51.5)
DVec2(-4.5, -50.5)
DVec2(-4.5, -49.5)
DVec2(-4.5, -48.5)
DVec2(-5.5, -47.5)
DVec2(-5.5, -46.5)
DVec2(-5.5, -45.5)
DVec2(-5.5, -44.5)
DVec2(-4.5, -47.5)
DVec2(-4.5, -46.5)
DVec2(-4.5, -45.5)
DVec2(-4.5, -44.5)
DVec2(-5.5, -43.5)
DVec2(-5.5, -42.5)
DVec2(-5.5, -41.5)
DVec2(-5.5, -40.5)
DVec2(-4.5, -43.5)
DVec2(-4.5, -42.5)
DVec2(-4.5, -41.5)
DVec2(-4.5, -40.5)
DVec2(-5.5, -39.5)
DVec2(-5.5, -38.5)
DVec2(-5.5, -37.5)
DVec2(-5.5, -36.5)
DVec2(-4.5, -39.5)
DVec2(-4.5, -38.5)
DVec2(-4.5, -37.5)
DVec2(-4.5, -36.5)
DVec2(-5.5, -35.5)
DVec2(-5.5, -34.5)
DVec2(-5.5, -33.5)
DVec2(-5.5, -32.5)
DVec2(-4.5, -35.5)
DVec2(-4.5, -34.5)
DVec2(-4.5, -33.5)
DVec2(-4.5, -32.5)
DVec2(-5.5, -31.5)
DVec2(-5.5, -30.5)
DVec2(-5.5, -29.5)
DVec2(-5.5, -28.5)
DVec2(-4.5, -31.5)
DVec2(-4.5, -30.5)
DVec2(-4.5, -29.5)
DVec2(-4.5, -28.5)
DVec2(-5.5, -27.5)
DVec2(-5.5, -26.5)
DVec2(-5.5, -25.5)
DVec2(-5.5, -24.5)
DVec2(-4.5, -27.5)
DVec2(-4.5, -26.5)
DVec2(-4.5, -25.5)
DVec2(-4.5, -24.5)
DVec2(-5.5, -23.5)
DVec2(-5.5, -22.5)
DVec2(-5.5, -21.5)
DVec2(-5.5, -20.5)
DVec2(-4.5, -23.5)
DVec2(-4.5, -22.5)
DVec2(-4.5, -21.5)
DVec2(-4.5, -20.5)
DVec2(-5.5, -19.5)
DVec2(-5.5, -18.5)
DVec2(-5.5, -17.5)
DVec2(-5.5, -16.5)
DVec2(-4.5, -19.5)
DVec2(-4.5, -18.5)
DVec2(-4.5, -17.5)
DVec2(-4.5, -16.5)
DVec2(-5.5, -15.5)
DVec2(-5.5, -14.5)
DVec2(-5.5, -13.5)
DVec2(-5.5, -12.5)
DVec2(-4.5, -15.5)
DVec2(-4.5, -14.5)
DVec2(-4.5, -13.5)
DVec2(-4.5, -12.5)
DVec2(-5.5, -11.5)
DVec2(-5.5, -10.5)
DVec2(-5.5, -9.5)
DVec2(-5.5, -8.5)
DVec2(-4.5, -11.5)
DVec2(-4.5, -10.5)
DVec2(-4.5, -9.5)
DVec2(-4.5, -8.5)
DVec2(-5.5, -7.5)
DVec2(-5.5, -6.5)
DVec2(-5.5, -5.5)
DVec2(-5.5, -4.5)
DVec2(-4.5, -7.5)
DVec2(-4.5, -6.5)
DVec2(-4.5, -5.5)
DVec2(-4.5, -4.5)
DVec2(-5.5, -3.5)
DVec2(-5.5, -2.5)
DVec2(-5.5, -1.5)
DVec2(-5.5, -0.5)
DVec2(-4.5, -3.5)
DVec2(-4.5, -2.5)
DVec2(-4.5, -1.5)
DVec2(-4.5, -0.5)
DVec2(-5.5, 0.5)
DVec2(-5.5, 1.5)
DVec2(-5.5, 2.5)
DVec2(-5.5, 3.5)
DVec2(-4.5, 0.5)
DVec2(-4.5, 1.5)
DVec2(-4.5, 2.5)
DVec2(-4.5, 3.5)
DVec2(-5.5, 4.5)
DVec2(-5.5, 5.5)
DVec2(-5.5, 6.5)
DVec2(-5.5, 7.5)
DVec2(-4.5, 4.5)
DVec2(-4.5, 5.5)
DVec2(-4.5, 6.5)
DVec2(-4.5, 7.5)
DVec2(-5.5, 8.5)
DVec2(-5.5, 9.5)
DVec2(-5.5, 10.5)
DVec2(-5.5, 11.5)
DVec2(-4.5, 8.5)
DVec2(-4.5, 9.5)
DVec2(-4.5, 10.5)
DVec2(-4.5, 11.5)
DVec2(-5.5, 12.5)
DVec2(-5.5, 13.5)
DVec2(-5.5, 14.5)
DVec2(-5.5, 15.5)
DVec2(-4.5, 12.5)
DVec2(-4.5, 13.5)
DVec2(-4.5, 14.5)
DVec2(-4.5, 15.5)
DVec2(-5.5, 16.5)
DVec2(-5.5, 17.5)
DVec2(-5.5, 18.5)
DVec2(-5.5, 19.5)
DVec2(-4.5, 16.5)
DVec2(-4.5, 17.5)
DVec2(-4.5, 18.5)
DVec2(-4.5, 19.5)
DVec2(-5.5, 20.5)
DVec2(-5.5, 21.5)
DVec2(-5.5, 22.5)
DVec2(-5.5, 23.5)
DVec2(-4.5, 20.5)
DVec2(-4.5, 21.5)
DVec2(-4.5, 22.5)
DVec2(-4.5, 23.5)
DVec2(-5.5, 24.5)
DVec2(-5.5, 25.5)
DVec2(-5.5, 26.5)
DVec2(-5.5, 27.5)
DVec2(-4.5, 24.5)
DVec2(-4.5, 25.5)
DVec2(-4.5, 26.5)
DVec2(-4.5, 27.5)
DVec2(-5.5, 28.5)
DVec2(-5.5, 29.5)
DVec2(-5.5, 30.5)
DVec2(-5.5, 31.5)
DVec2(-4.5, 28.5)
DVec2(-4.5, 29.5)
DVec2(-4.5, 30.5)
DVec2(-4.5, 31.5)
DVec2(-5.5, 32.5)
DVec2(-5.5, 33.5)
DVec2(-5.5, 34.5)
DVec2(-5.5, 35.5)
DVec2(-4.5, 32.5)
DVec2(-4.5, 33.5)
DVec2(-4.5, 34.5)
DVec2(-4.5, 35.5)
DVec2(-5.5, 36.5)
DVec2(-5.5, 37.5)
DVec2(-5.5, 38.5)
DVec2(-5.5, 39.5)
DVec2(-4.5, 36.5)
DVec2(-4.5, 37.5)
DVec2(-4.5, 38.5)
DVec2(-4.5, 39.5)
DVec2(-5.5, 40.5)
DVec2(-5.5, 41.5)
DVec2(-5.5, 42.5)
DVec2(-5.5, 43.5)
DVec2(-4.5, 40.5)
DVec2(-4.5, 41.5)
DVec2(-4.5, 42.5)
DVec2(-4.5, 43.5)
DVec2(-5.5, 44.5)
DVec2(-5.5, 45.5)
DVec2(-5.5, 46.5)
DVec2(-5.5, 47.5)
DVec2(-4.5, 44.5)
DVec2(-4.5, 45.5)
DVec2(-4.5, 46.5)
DVec2(-4.5, 47.5)
DVec2(-5.5, 48.5)
DVec2(-5.5, 49.5)
DVec2(-5.5, 50.5)
DVec2(-5.5, 51.5)
DVec2(-4.5, 48.5)
DVec2(-4.5, 49.5)
DVec2(-4.5, 50.5)
DVec2(-4.5, 51.5)
DVec2(-5.5, 52.5)
DVec2(-5.5, 53.5)
DVec2(-5.5, 54.5)
DVec2(-5.5, 55.5)
DVec2(-4.5, 52.5)
DVec2(-4.5, 53.5)
DVec2(-4.5, 54.5)
DVec2(-4.5, 55.5)
DVec2(-5.5, 56.5)
DVec2(-5.5, 57.5)
DVec2(-5.5, 58.5)
DVec2(-5.5, 59.5)
DVec2(-4.5, 56.5)
DVec2(-4.5, 57.5)
DVec2(-4.5, 58.5)
DVec2(-4.5, 59.5)
DVec2(-5.5, 60.5)
DVec2(-5.5, 61.5)
DVec2(-5.5, 62.5)
DVec2(-5.5, 63.5)
DVec2(-4.5, 60.5)
DVec2(-4.5, 61.5)
DVec2(-4.5, 62.5)
DVec2(-4.5, 63.5)
DVec2(-5.5, 64.5)
DVec2(-5.5, 65.5)
DVec2(-5.5, 66.5)
DVec2(-5.5, 67.5)
DVec2(-4.5, 64.5)
DVec2(-4.5, 65.5)
DVec2(-4.5, 66.5)
DVec2(-4.5, 67.5)
DVec2(-5.5, 68.5)
DVec2(-5.5, 69.5)
DVec2(-5.5, 70.5)
DVec2(-5.5, 71.5)
DVec2(-4.5, 68.5)
DVec2(-4.5, 69.5)
DVec2(-4.5, 70.5)
DVec2(-4.5, 71.5)
DVec2(-5.5, 72.5)
DVec2(-5.5, 73.5)
DVec2(-5.5, 74.5)
DVec2(-5.5, 75.5)
DVec2(-4.5, 72.5)
DVec2(-4.5, 73.5)
DVec2(-4.5, 74.5)
DVec2(-4.5, 75.5)
DVec2(-5.5, 76.5)
DVec2(-5.5, 77.5)
DVec2(-5.5, 78.5)
DVec2(-5.5, 79.5)
DVec2(-4.5, 76.5)
DVec2(-4.5, 77.5)
DVec2(-4.5, 78.5)
DVec2(-4.5, 79.5)
DVec2(-5.5, 80.5)
DVec2(-5.5, 81.5)
DVec2(-5.5, 82.5)
DVec2(-5.5, 83.5)
DVec2(-4.5, 80.5)
DVec2(-4.5, 81.5)
DVec2(-4.5, 82.5)
DVec2(-4.5, 83.5)
DVec2(-5.5, 84.5)
DVec2(-5.5, 85.5)
DVec2(-5.5, 86.5)
DVec2(-5.5, 87.5)
DVec2(-4.5, 84.5)
DVec2(-4.5, 85.5)
DVec2(-4.5, 86.5)
DVec2(-4.5, 87.5)
DVec2(-5.5, 88.5)
DVec2(-5.5, 89.5)
DVec2(-5.5, 90.5)
DVec2(-5.5, 91.5)
DVec2(-4.5, 88.5)
DVec2(-4.5, 89.5)
DVec2(-4.5, 90.5)
DVec2(-4.5, 91.5)
DVec2(-5.5, 92.5)
DVec2(-5.5, 93.5)
DVec2(-5.5, 94.5)
DVec2(-5.5, 95.5)
DVec2(-4.5, 92.5)
DVec2(-4.5, 93.5)
DVec2(-4.5, 94.5)
DVec2(-4.5, 95.5)
DVec2(-5.5, 96.5)
DVec2(-5.5, 97.5)
DVec2(-5.5, 98.5)
DVec2(-5.5, 99.5)
DVec2(-4.5, 96.5)
DVec2(-4.5, 97.5)
DVec2(-4.5, 98.5)
DVec2(-4.5, 99.5)
DVec2(-5.5, 100.5)
DVec2(-5.5, 101.5)
DVec2(-5.5, 102.5)
DVec2(-5.5, 103.5)
DVec2(-4.5, 100.5)
DVec2(-4.5, 101.5)
DVec2(-4.5, 102.5)
DVec2(-4.5, 103.5)
DVec2(-5.5, 104.5)
DVec2(-5.5, 105.5)
DVec2(-5.5, 106.5)
DVec2(-5.5, 107.5)
DVec2(-4.5, 104.5)
DVec2(-4.5, 105.5)
DVec2(-4.5, 106.5)
DVec2(-4.5, 107.5)
DVec2(-5.5, 108.5)
DVec2(-5.5, 109.5)
DVec2(-5.5, 110.5)
DVec2(-5.5, 111.5)
DVec2(-4.5, 108.5)
DVec2(-4.5, 109.5)
DVec2(-4.5, 110.5)
DVec2(-4.5, 111.5)
DVec2(-5.5, 112.5)
DVec2(-5.5, 113.5)
DVec2(-5.5, 114.5)
DVec2(-5.5, 115.5)
DVec2(-4.5, 112.5)
DVec2(-4.5, 113.5)
DVec2(-4.5, 114.5)
DVec2(-4.5, 115.5)
DVec2(-5.5, 116.5)
DVec2(-5.5, 117.5)
DVec2(-5.5, 118.5)
DVec2(-5.5, 119.5)
DVec2(-4.5, 116.5)
DVec2(-4.5, 117.5)
DVec2(-4.5, 118.5)
DVec2(-4.5, 119.5)
DVec2(-3.5, -119.5)
DVec2(-3.5, -118.5)
DVec2(-3.5, -117.5)
DVec2(-3.5, -116.5)
DVec2(-2.5, -119.5)
DVec2(-2.5, -118.5)
DVec2(-2.5, -117.5)
DVec2(-2.5, -116.5)
DVec2(-3.5, -115.5)
DVec2(-3.5, -114.5)
DVec2(-3.5, -113.5)
DVec2(-3.5, -112.5)
DVec2(-2.5, -115.5)
DVec2(-2.5, -114.5)
DVec2(-2.5, -113.5)
DVec2(-2.5, -112.5)
DVec2(-3.5, -111.5)
DVec2(-3.5, -110.5)
DVec2(-3.5, -109.5)
DVec2(-3.5, -108.5)
DVec2(-2.5, -111.5)
DVec2(-2.5, -110.5)
DVec2(-2.5, -109.5)
DVec2(-2.5, -108.5)
DVec2(-3.5, -107.5)
DVec2(-3.5, -106.5)
DVec2(-3.5, -105.5)
DVec2(-3.5, -104.5)
DVec2(-2.5, -107.5)
DVec2(-2.5, -106.5)
DVec2(-2.5, -105.5)
DVec2(-2.5, -104.5)
DVec2(-3.5, -103.5)
DVec2(-3.5, -102.5)
DVec2(-3.5, -101.5)
DVec2(-3.5, -100.5)
DVec2(-2.5, -103.5)
DVec2(-2.5, -102.5)
DVec2(-2.5, -101.5)
DVec2(-2.5, -100.5)
DVec2(-3.5, -99.5)
DVec2(-3.5, -98.5)
DVec2(-3.5, -97.5)
DVec2(-3.5, -96.5)
DVec2(-2.5, -99.5)
DVec2(-2.5, -98.5)
DVec2(-2.5, -97.5)
DVec2(-2.5, -96.5)
DVec2(-3.5, -95.5)
DVec2(-3.5, -94.5)
DVec2(-3.5, -93.5)
DVec2(-3.5, -92.5)
DVec2(-2.5, -95.5)
DVec2(-2.5, -94.5)
DVec2(-2.5, -93.5)
DVec2(-2.5, -92.5)
DVec2(-3.5, -91.5)
DVec2(-3.5, -90.5)
DVec2(-3.5, -89.5)
DVec2(-3.5, -88.5)
DVec2(-2.5, -91.5)
DVec2(-2.5, -90.5)
DVec2(-2.5, -89.5)
DVec2(-2.5, -88.5)
DVec2(-3.5, -87.5)
DVec2(-3.5, -86.5)
DVec2(-3.5, -85.5)
DVec2(-3.5, -84.5)
DVec2(-2.5, -87.5)
DVec2(-2.5, -86.5)
DVec2(-2.5, -85.5)
DVec2(-2.5, -84.5)
DVec2(-3.5, -83.5)
DVec2(-3.5, -82.5)
DVec2(-3.5, -81.5)
DVec2(-3.5, -80.5)
DVec2(-2.5, -83.5)
DVec2(-2.5, -82.5)
DVec2(-2.5, -81.5)
DVec2(-2.5, -80.5)
DVec2(-3.5, -79.5)
DVec2(-3.5, -78.5)
DVec2(-3.5, -77.5)
DVec2(-3.5, -76.5)
DVec2(-2.5, -79.5)
DVec2(-2.5, -78.5)
DVec2(-2.5, -77.5)
DVec2(-2.5, -76.5)
DVec2(-3.5, -75.5)
DVec2(-3.5, -74.5)
DVec2(-3.5, -73.5)
DVec2(-3.5, -72.5)
DVec2(-2.5, -75.5)
DVec2(-2.5, -74.5)
DVec2(-2.5, -73.5)
DVec2(-2.5, -72.5)
DVec2(-3.5, -71.5)
DVec2(-3.5, -70.5)
DVec2(-3.5, -69.5)
DVec2(-3.5, -68.5)
DVec2(-2.5, -71.5)
DVec2(-2.5, -70.5)
DVec2(-2.5, -69.5)
DVec2(-2.5, -68.5)
DVec2(-3.5, -67.5)
DVec2(-3.5, -66.5)
DVec2(-3.5, -65.5)
DVec2(-3.5, -64.5)
DVec2(-2.5, -67.5)
DVec2(-2.5, -66.5)
DVec2(-2.5, -65.5)
DVec2(-2.5, -64.5)
DVec2(-3.5, -63.5)
DVec2(-3.5, -62.5)
DVec2(-3.5, -61.5)
DVec2(-3.5, -60.5)
DVec2(-2.5, -63.5)
DVec2(-2.5, -62.5)
DVec2(-2.5, -61.5)
DVec2(-2.5, -60.5)
DVec2(-3.5, -59.5)
DVec2(-3.5, -58.5)
DVec2(-3.5, -57.5)
DVec2(-3.5, -56.5)
DVec2(-2.5, -59.5)
DVec2(-2.5, -58.5)
DVec2(-2.5, -57.5)
DVec2(-2.5, -56.5)
DVec2(-3.5, -55.5)
DVec2(-3.5, -54.5)
DVec2(-3.5, -53.5)
DVec2(-3.5, -52.5)
DVec2(-2.5, -55.5)
DVec2(-2.5, -54.5)
DVec2(-2.5, -53.5)
DVec2(-2.5, -52.5)
DVec2(-3.5, -51.5)
DVec2(-3.5, -50.5)
DVec2(-3.5, -49.5)
DVec2(-3.5, -48.5)
DVec2(-2.5, -51.5)
DVec2(-2.5, -50.5)
DVec2(-2.5, -49.5)
DVec2(-2.5, -48.5)
DVec2(-3.5, -47.5)
DVec2(-3.5, -46.5)
DVec2(-3.5, -45.5)
DVec2(-3.5, -44.5)
DVec2(-2.5, -47.5)
DVec2(-2.5, -46.5)
DVec2(-2.5, -45.5)
DVec2(-2.5, -44.5)
DVec2(-3.5, -43.5)
DVec2(-3.5, -42.5)
DVec2(-3.5, -41.5)
DVec2(-3.5, -40.5)
DVec2(-2.5, -43.5)
DVec2(-2.5, -42.5)
DVec2(-2.5, -41.5)
DVec2(-2.5, -40.5)
DVec2(-3.5, -39.5)
DVec2(-3.5, -38.5)
DVec2(-3.5, -37.5)
DVec2(-3.5, -36.5)
DVec2(-2.5, -39.5)
DVec2(-2.5, -38.5)
DVec2(-2.5, -37.5)
DVec2(-2.5, -36.5)
DVec2(-3.5, -35.5)
DVec2(-3.5, -34.5)
DVec2(-3.5, -33.5)
DVec2(-3.5, -32.5)
DVec2(-2.5, -35.5)
DVec2(-2.5, -34.5)
DVec2(-2.5, -33.5)
DVec2(-2.5, -32.5)
DVec2(-3.5, -31.5)
DVec2(-3.5, -30.5)
DVec2(-3.5, -29.5)
DVec2(-3.5, -28.5)
DVec2(-2.5, -31.5)
DVec2(-2.5, -30.5)
DVec2(-2.5, -29.5)
DVec2(-2.5, -28.5)
DVec2(-3.5, -27.5)
DVec2(-3.5, -26.5)
DVec2(-3.5, -25.5)
DVec2(-3.5, -24.5)
DVec2(-2.5, -27.5)
DVec2(-2.5, -26.5)
DVec2(-2.5, -25.5)
DVec2(-2.5, -24.5)
DVec2(-3.5, -23.5)
DVec2(-3.5, -22.5)
DVec2(-3.5, -21.5)
DVec2(-3.5, -20.5)
DVec2(-2.5, -23.5)
DVec2(-2.5, -22.5)
DVec2(-2.5, -21.5)
DVec2(-2.5, -20.5)
DVec2(-3.5, -19.5)
DVec2(-3.5, -18.5)
DVec2(-3.5, -17.5)
DVec2(-3.5, -16.5)
DVec2(-2.5, -19.5)
DVec2(-2.5, -18.5)
DVec2(-2.5, -17.5)
DVec2(-2.5, -16.5)
DVec2(-3.5, -15.5)
DVec2(-3.5, -14.5)
DVec2(-3.5, -13.5)
DVec2(-3.5, -12.5)
DVec2(-2.5, -15.5)
DVec2(-2.5, -14.5)
DVec2(-2.5, -13.5)
DVec2(-2.5, -12.5)
DVec2(-3.5, -11.5)
DVec2(-3.5, -10.5)
DVec2(-3.5, -9.5)
DVec2(-3.5, -8.5)
DVec2(-2.5, -11.5)
DVec2(-2.5, -10.5)
DVec2(-2.5, -9.5)
DVec2(-2.5, -8.5)
DVec2(-3.5, -7.5)
DVec2(-3.5, -6.5)
DVec2(-3.5, -5.5)
DVec2(-3.5, -4.5)
DVec2(-2.5, -7.5)
DVec2(-2.5, -6.5)
DVec2(-2.5, -5.5)
DVec2(-2.5, -4.5)
DVec2(-3.5, -3.5)
DVec2(-3.5, -2.5)
DVec2(-3.5, -1.5)
DVec2(-3.5, -0.5)
DVec2(-2.5, -3.5)
DVec2(-2.5, -2.5)
DVec2(-2.5, -1.5)
DVec2(-2.5, -0.5)
DVec2(-3.5, 0.5)
DVec2(-3.5, 1.5)
DVec2(-3.5, 2.5)
DVec2(-3.5, 3.5)
DVec2(-2.5, 0.5)
DVec2(-2.5, 1.5)
DVec2(-2.5, 2.5)
DVec2(-2.5, 3.5)
DVec2(-3.5, 4.5)
DVec2(-3.5, 5.5)
DVec2(-3.5, 6.5)
DVec2(-3.5, 7.5)
DVec2(-2.5, 4.5)
DVec2(-2.5, 5.5)
DVec2(-2.5, 6.5)
DVec2(-2.5, 7.5)
DVec2(-3.5, 8.5)
DVec2(-3.5, 9.5)
DVec2(-3.5, 10.5)
DVec2(-3.5, 11.5)
DVec2(-2.5, 8.5)
DVec2(-2.5, 9.5)
DVec2(-2.5, 10.5)
DVec2(-2.5, 11.5)
DVec2(-3.5, 12.5)
DVec2(-3.5, 13.5)
DVec2(-3.5, 14.5)
DVec2(-3.5, 15.5)
DVec2(-2.5, 12.5)
DVec2(-2.5, 13.5)
DVec2(-2.5, 14.5)
DVec2(-2.5, 15.5)
DVec2(-3.5, 16.5)
DVec2(-3.5, 17.5)
DVec2(-3.5, 18.5)
DVec2(-3.5, 19.5)
DVec2(-2.5, 16.5)
DVec2(-2.5, 17.5)
DVec2(-2.5, 18.5)
DVec2(-2.5, 19.5)
DVec2(-3.5, 20.5)
DVec2(-3.5, 21.5)
DVec2(-3.5, 22.5)
DVec2(-3.5, 23.5)
DVec2(-2.5, 20.5)
DVec2(-2.5, 21.5)
DVec2(-2.5, 22.5)
DVec2(-2.5, 23.5)
DVec2(-3.5, 24.5)
DVec2(-3.5, 25.5)
DVec2(-3.5, 26.5)
DVec2(-3.5, 27.5)
DVec2(-2.5, 24.5)
DVec2(-2.5, 25.5)
DVec2(-2.5, 26.5)
DVec2(-2.5, 27.5)
DVec2(-3.5, 28.5)
DVec2(-3.5, 29.5)
DVec2(-3.5, 30.5)
DVec2(-3.5, 31.5)
DVec2(-2.5, 28.5)
DVec2(-2.5, 29.5)
DVec2(-2.5, 30.5)
DVec2(-2.5, 31.5)
DVec2(-3.5, 32.5)
DVec2(-3.5, 33.5)
DVec2(-3.5, 34.5)
DVec2(-3.5, 35.5)
DVec2(-2.5, 32.5)
DVec2(-2.5, 33.5)
DVec2(-2.5, 34.5)
DVec2(-2.5, 35.5)
DVec2(-3.5, 36.5)
DVec2(-3.5, 37.5)
DVec2(-3.5, 38.5)
DVec2(-3.5, 39.5)
DVec2(-2.5, 36.5)
DVec2(-2.5, 37.5)
DVec2(-2.5, 38.5)
DVec2(-2.5, 39.5)
DVec2(-3.5, 40.5)
DVec2(-3.5, 41.5)
DVec2(-3.5, 42.5)
DVec2(-3.5, 43.5)
DVec2(-2.5, 40.5)
DVec2(-2.5, 41.5)
DVec2(-2.5, 42.5)
DVec2(-2.5, 43.5)
DVec2(-3.5, 44.5)
DVec2(-3.5, 45.5)
DVec2(-3.5, 46.5)
DVec2(-3.5, 47.5)
DVec2(-2.5, 44.5)
DVec2(-2.5, 45.5)
DVec2(-2.5, 46.5)
DVec2(-2.5, 47.5)
DVec2(-3.5, 48.5)
DVec2(-3.5, 49.5)
DVec2(-3.5, 50.5)
DVec2(-3.5, 51.5)
DVec2(-2.5, 48.5)
DVec2(-2.5, 49.5)
DVec2(-2.5, 50.5)
DVec2(-2.5, 51.5)
DVec2(-3.5, 52.5)
DVec2(-3.5, 53.5)
DVec2(-3.5, 54.5)
DVec2(-3.5, 55.5)
DVec2(-2.5, 52.5)
DVec2(-2.5, 53.5)
DVec2(-2.5, 54.5)
DVec2(-2.5, 55.5)
DVec2(-3.5, 56.5)
DVec2(-3.5, 57.5)
DVec2(-3.5, 58.5)
DVec2(-3.5, 59.5)
DVec2(-2.5, 56.5)
DVec2(-2.5, 57.5)
DVec2(-2.5, 58.5)
DVec2(-2.5, 59.5)
DVec2(-3.5, 60.5)
DVec2(-3.5, 61.5)
DVec2(-3.5, 62.5)
DVec2(-3.5, 63.5)
DVec2(-2.5, 60.5)
DVec2(-2.5, 61.5)
DVec2(-2.5, 62.5)
DVec2(-2.5, 63.5)
DVec2(-3.5, 64.5)
DVec2(-3.5, 65.5)
DVec2(-3.5, 66.5)
DVec2(-3.5, 67.5)
DVec2(-2.5, 64.5)
DVec2(-2.5, 65.5)
DVec2(-2.5, 66.5)
DVec2(-2.5, 67.5)
DVec2(-3.5, 68.5)
DVec2(-3.5, 69.5)
DVec2(-3.5, 70.5)
DVec2(-3.5, 71.5)
DVec2(-2.5, 68.5)
DVec2(-2.5, 69.5)
DVec2(-2.5, 70.5)
DVec2(-2.5, 71.5)
DVec2(-3.5, 72.5)
DVec2(-3.5, 73.5)
DVec2(-3.5, 74.5)
DVec2(-3.5, 75.5)
DVec2(-2.5, 72.5)
DVec2(-2.5, 73.5)
DVec2(-2.5, 74.5)
DVec2(-2.5, 75.5)
DVec2(-3.5, 76.5)
DVec2(-3.5, 77.5)
DVec2(-3.5, 78.5)
DVec2(-3.5, 79.5)
DVec2(-2.5, 76.5)
DVec2(-2.5, 77.5)
DVec2(-2.5, 78.5)
DVec2(-2.5, 79.5)
DVec2(-3.5, 80.5)
DVec2(-3.5, 81.5)
DVec2(-3.5, 82.5)
DVec2(-3.5, 83.5)
DVec2(-2.5, 80.5)
DVec2(-2.5, 81.5)
DVec2(-2.5, 82.5)
DVec2(-2.5, 83.5)
DVec2(-3.5, 84.5)
DVec2(-3.5, 85.5)
DVec2(-3.5, 86.5)
DVec2(-3.5, 87.5)
DVec2(-2.5, 84.5)
DVec2(-2.5, 85.5)
DVec2(-2.5, 86.5)
DVec2(-2.5, 87.5)
DVec2(-3.5, 88.5)
DVec2(-3.5, 89.5)
DVec2(-3.5, 90.5)
DVec2(-3.5, 91.5)
DVec2(-2.5, 88.5)
DVec2(-2.5, 89.5)
DVec2(-2.5, 90.5)
DVec2(-2.5, 91.5)
DVec2(-3.5, 92.5)
DVec2(-3.5, 93.5)
DVec2(-3.5, 94.5)
DVec2(-3.5, 95.5)
DVec2(-2.5, 92.5)
DVec2(-2.5, 93.5)
DVec2(-2.5, 94.5)
DVec2(-2.5, 95.5)
DVec2(-3.5, 96.5)
DVec2(-3.5, 97.5)
DVec2(-3.5, 98.5)
DVec2(-3.5, 99.5)
DVec2(-2.5, 96.5)
DVec2(-2.5, 97.5)
DVec2(-2.5, 98.5)
DVec2(-2.5, 99.5)
DVec2(-3.5, 100.5)
DVec2(-3.5, 101.5)
DVec2(-3.5, 102.5)
DVec2(-3.5, 103.5)
DVec2(-2.5, 100.5)
DVec2(-2.5, 101.5)
DVec2(-2.5, 102.5)
DVec2(-2.5, 103.5)
DVec2(-3.5, 104.5)
DVec2(-3.5, 105.5)
DVec2(-3.5, 106.5)
DVec2(-3.5, 107.5)
DVec2(-2.5, 104.5)
DVec2(-2.5, 105.5)
DVec2(-2.5, 106.5)
DVec2(-2.5, 107.5)
DVec2(-3.5, 108.5)
DVec2(-3.5, 109.5)
DVec2(-3.5, 110.5)
DVec2(-3.5, 111.5)
DVec2(-2.5, 108.5)
DVec2(-2.5, 109.5)
DVec2(-2.5, 110.5)
DVec2(-2.5, 111.5)
DVec2(-3.5, 112.5)
DVec2(-3.5, 113.5)
DVec2(-3.5, 114.5)
DVec2(-3.5, 115.5)
DVec2(-2.5, 112.5)
DVec2(-2.5, 113.5)
DVec2(-2.5, 114.5)
DVec2(-2.5, 115.5)
DVec2(-3.5, 116.5)
DVec2(-3.5, 117.5)
DVec2(-3.5, 118.5)
DVec2(-3.5, 119.5)
DVec2(-2.5, 116.5)
DVec2(-2.5, 117.5)
DVec2(-2.5, 118.5)
DVec2(-2.5, 119.5)
DVec2(-1.5, -119.5)
DVec2(-1.5, -118.5)
DVec2(-1.5, -117.5)
DVec2(-1.5, -116.5)
DVec2(-0.5, -119.5)
DVec2(-0.5, -118.5)
DVec2(-0.5, -117.5)
DVec2(-0.5, -116.5)
DVec2(-1.5, -115.5)
DVec2(-1.5, -114.5)
DVec2(-1.5, -113.5)
DVec2(-1.5, -112.5)
DVec2(-0.5, -115.5)
DVec2(-0.5, -114.5)
DVec2(-0.5, -113.5)
DVec2(-0.5, -112.5)
DVec2(-1.5, -111.5)
DVec2(-1.5, -110.5)
DVec2(-1.5, -109.5)
DVec2(-1.5, -108.5)
DVec2(-0.5, -111.5)
DVec2(-0.5, -110.5)
DVec2(-0.5, -109.5)
DVec2(-0.5, -108.5)
DVec2(-1.5, -107.5)
DVec2(-1.5, -106.5)
DVec2(-1.5, -105.5)
DVec2(-1.5, -104.5)
DVec2(-0.5, -107.5)
DVec2(-0.5, -106.5)
DVec2(-0.5, -105.5)
DVec2(-0.5, -104.5)
DVec2(-1.5, -103.5)
DVec2(-1.5, -102.5)
DVec2(-1.5, -101.5)
DVec2(-1.5, -100.5)
DVec2(-0.5, -103.5)
DVec2(-0.5, -102.5)
DVec2(-0.5, -101.5)
DVec2(-0.5, -100.5)
DVec2(-1.5, -99.5)
DVec2(-1.5, -98.5)
DVec2(-1.5, -97.5)
DVec2(-1.5, -96.5)
DVec2(-0.5, -99.5)
DVec2(-0.5, -98.5)
DVec2(-0.5, -97.5)
DVec2(-0.5, -96.5)
DVec2(-1.5, -95.5)
DVec2(-1.5, -94.5)
DVec2(-1.5, -93.5)
DVec2(-1.5, -92.5)
DVec2(-0.5, -95.5)
DVec2(-0.5, -94.5)
DVec2(-0.5, -93.5)
DVec2(-0.5, -92.5)
DVec2(-1.5, -91.5)
DVec2(-1.5, -90.5)
DVec2(-1.5, -89.5)
DVec2(-1.5, -88.5)
DVec2(-0.5, -91.5)
DVec2(-0.5, -90.5)
DVec2(-0.5, -89.5)
DVec2(-0.5, -88.5)
DVec2(-1.5, -87.5)
DVec2(-1.5, -86.5)
DVec2(-1.5, -85.5)
DVec2(-1.5, -84.5)
DVec2(-0.5, -87.5)
DVec2(-0.5, -86.5)
DVec2(-0.5, -85.5)
DVec2(-0.5, -84.5)
DVec2(-1.5, -83.5)
DVec2(-1.5, -82.5)
DVec2(-1.5, -81.5)
DVec2(-1.5, -80.5)
DVec2(-0.5, -83.5)
DVec2(-0.5, -82.5)
DVec2(-0.5, -81.5)
DVec2(-0.5, -80.5)
DVec2(-1.5, -79.5)
DVec2(-1.5, -78.5)
DVec2(-1.5, -77.5)
DVec2(-1.5, -76.5)
DVec2(-0.5, -79.5)
DVec2(-0.5, -78.5)
DVec2(-0.5, -77.5)
DVec2(-0.5, -76.5)
DVec2(-1.5, -75.5)
DVec2(-1.5, -74.5)
DVec2(-1.5, -73.5)
DVec2(-1.5, -72.5)
DVec2(-0.5, -75.5)
DVec2(-0.5, -74.5)
DVec2(-0.5, -73.5)
DVec2(-0.5, -72.5)
DVec2(-1.5, -71.5)
DVec2(-1.5, -70.5)
DVec2(-1.5, -69.5)
DVec2(-1.5, -68.5)
DVec2(-0.5, -71.5)
DVec2(-0.5, -70.5)
DVec2(-0.5, -69.5)
DVec2(-0.5, -68.5)
DVec2(-1.5, -67.5)
DVec2(-1.5, -66.5)
DVec2(-1.5, -65.5)
DVec2(-1.5, -64.5)
DVec2(-0.5, -67.5)
DVec2(-0.5, -66.5)
DVec2(-0.5, -65.5)
DVec2(-0.5, -64.5)
DVec2(-1.5, -63.5)
DVec2(-1.5, -62.5)
DVec2(-1.5, -61.5)
DVec2(-1.5, -60.5)
DVec2(-0.5, -63.5)
DVec2(-0.5, -62.5)
DVec2(-0.5, -61.5)
DVec2(-0.5, -60.5)
DVec2(-1.5, -59.5)
DVec2(-1.5, -58.5)
DVec2(-1.5, -57.5)
DVec2(-1.5, -56.5)
DVec2(-0.5, -59.5)
DVec2(-0.5, -58.5)
DVec2(-0.5, -57.5)
DVec2(-0.5, -56.5)
DVec2(-1.5, -55.5)
DVec2(-1.5, -54.5)
DVec2(-1.5, -53.5)
DVec2(-1.5, -52.5)
DVec2(-0.5, -55.5)
DVec2(-0.5, -54.5)
DVec2(-0.5, -53.5)
DVec2(-0.5, -52.5)
DVec2(-1.5, -51.5)
DVec2(-1.5, -50.5)
DVec2(-1.5, -49.5)
DVec2(-1.5, -48.5)
DVec2(-0.5, -51.5)
DVec2(-0.5, -50.5)
DVec2(-0.5, -49.5)
DVec2(-0.5, -48.5)
DVec2(-1.5, -47.5)
DVec2(-1.5, -46.5)
DVec2(-1.5, -45.5)
DVec2(-1.5, -44.5)
DVec2(-0.5, -47.5)
DVec2(-0.5, -46.5)
DVec2(-0.5, -45.5)
DVec2(-0.5, -44.5)
DVec2(-1.5, -43.5)
DVec2(-1.5, -42.5)
DVec2(-1.5, -41.5)
DVec2(-1.5, -40.5)
DVec2(-0.5, -43.5)
DVec2(-0.5, -42.5)
DVec2(-0.5, -41.5)
DVec2(-0.5, -40.5)
DVec2(-1.5, -39.5)
DVec2(-1.5, -38.5)
DVec2(-1.5, -37.5)
DVec2(-1.5, -36.5)
DVec2(-0.5, -39.5)
DVec2(-0.5, -38.5)
DVec2(-0.5, -37.5)
DVec2(-0.5, -36.5)
DVec2(-1.5, -35.5)
DVec2(-1.5, -34.5)
DVec2(-1.5, -33.5)
DVec2(-1.5, -32.5)
DVec2(-0.5, -35.5)
DVec2(-0.5, -34.5)
DVec2(-0.5, -33.5)
DVec2(-0.5, -32.5)
DVec2(-1.5, -31.5)
DVec2(-1.5, -30.5)
DVec2(-1.5, -29.5)
DVec2(-1.5, -28.5)
DVec2(-0.5, -31.5)
DVec2(-0.5, -30.5)
DVec2(-0.5, -29.5)
DVec2(-0.5, -28.5)
DVec2(-1.5, -27.5)
DVec2(-1.5, -26.5)
DVec2(-1.5, -25.5)
DVec2(-1.5, -24.5)
DVec2(-0.5, -27.5)
DVec2(-0.5, -26.5)
DVec2(-0.5, -25.5)
DVec2(-0.5, -24.5)
DVec2(-1.5, -23.5)
DVec2(-1.5, -22.5)
DVec2(-1.5, -21.5)
DVec2(-1.5, -20.5)
DVec2(-0.5, -23.5)
DVec2(-0.5, -22.5)
DVec2(-0.5, -21.5)
DVec2(-0.5, -20.5)
DVec2(-1.5, -19.5)
DVec2(-1.5, -18.5)
DVec2(-1.5, -17.5)
DVec2(-1.5, -16.5)
DVec2(-0.5, -19.5)
DVec2(-0.5, -18.5)
DVec2(-0.5, -17.5)
DVec2(-0.5, -16.5)
DVec2(-1.5, -15.5)
DVec2(-1.5, -14.5)
DVec2(-1.5, -13.5)
DVec2(-1.5, -12.5)
DVec2(-0.5, -15.5)
DVec2(-0.5, -14.5)
DVec2(-0.5, -13.5)
DVec2(-0.5, -12.5)
DVec2(-1.5, -11.5)
DVec2(-1.5, -10.5)
DVec2(-1.5, -9.5)
DVec2(-1.5, -8.5)
DVec2(-0.5, -11.5)
DVec2(-0.5, -10.5)
DVec2(-0.5, -9.5)
DVec2(-0.5, -8.5)
DVec2(-1.5, -7.5)
DVec2(-1.5, -6.5)
DVec2(-1.5, -5.5)
DVec2(-1.5, -4.5)
DVec2(-0.5, -7.5)
DVec2(-0.5, -6.5)
DVec2(-0.5, -5.5)
DVec2(-0.5, -4.5)
DVec2(-1.5, -3.5)
DVec2(-1.5, -2.5)
DVec2(-1.5, -1.5)
DVec2(-1.5, -0.5)
DVec2(-0.5, -3.5)
DVec2(-0.5, -2.5)
DVec2(-0.5, -1.5)
DVec2(-0.5, -0.5)
DVec2(-1.5, 0.5)
DVec2(-1.5, 1.5)
DVec2(-1.5, 2.5)
DVec2(-1.5, 3.5)
DVec2(-0.5, 0.5)
DVec2(-0.5, 1.5)
DVec2(-0.5, 2.5)
DVec2(-0.5, 3.5)
DVec2(-1.5, 4.5)
DVec2(-1.5, 5.5)
DVec2(-1.5, 6.5)
DVec2(-1.5, 7.5)
DVec2(-0.5, 4.5)
DVec2(-0.5, 5.5)
DVec2(-0.5, 6.5)
DVec2(-0.5, 7.5)
DVec2(-1.5, 8.5)
DVec2(-1.5, 9.5)
DVec2(-1.5, 10.5)
DVec2(-1.5, 11.5)
DVec2(-0.5, 8.5)
DVec2(-0.5, 9.5)
DVec2(-0.5, 10.5)
DVec2(-0.5, 11.5)
DVec2(-1.5, 12.5)
DVec2(-1.5, 13.5)
DVec2(-1.5, 14.5)
DVec2(-1.5, 15.5)
DVec2(-0.5, 12.5)
DVec2(-0.5, 13.5)
DVec2(-0.5, 14.5)
DVec2(-0.5, 15.5)
DVec2(-1.5, 16.5)
DVec2(-1.5, 17.5)
DVec2(-1.5, 18.5)
DVec2(-1.5, 19.5)
DVec2(-0.5, 16.5)
DVec2(-0.5, 17.5)
DVec2(-0.5, 18.5)
DVec2(-0.5, 19.5)
DVec2(-1.5, 20.5)
DVec2(-1.5, 21.5)
DVec2(-1.5, 22.5)
DVec2(-1.5, 23.5)
DVec2(-0.5, 20.5)
DVec2(-0.5, 21.5)
DVec2(-0.5, 22.5)
DVec2(-0.5, 23.5)
DVec2(-1.5, 24.5)
DVec2(-1.5, 25.5)
DVec2(-1.5, 26.5)
DVec2(-1.5, 27.5)
DVec2(-0.5, 24.5)
DVec2(-0.5, 25.5)
DVec2(-0.5, 26.5)
DVec2(-0.5, 27.5)
DVec2(-1.5, 28.5)
DVec2(-1.5, 29.5)
DVec2(-1.5, 30.5)
DVec2(-1.5, 31.5)
DVec2(-0.5, 28.5)
DVec2(-0.5, 29.5)
DVec2(-0.5, 30.5)
DVec2(-0.5, 31.5)
DVec2(-1.5, 32.5)
DVec2(-1.5, 33.5)
DVec2(-1.5, 34.5)
DVec2(-1.5, 35.5)
DVec2(-0.5, 32.5)
DVec2(-0.5, 33.5)
DVec2(-0.5, 34.5)
DVec2(-0.5, 35.5)
DVec2(-1.5, 36.5)
DVec2(-1.5, 37.5)
DVec2(-1.5, 38.5)
DVec2(-1.5, 39.5)
DVec2(-0.5, 36.5)
DVec2(-0.5, 37.5)
DVec2(-0.5, 38.5)
DVec2(-0.5, 39.5)
DVec2(-1.5, 40.5)
DVec2(-1.5, 41.5)
DVec2(-1.5, 42.5)
DVec2(-1.5, 43.5)
DVec2(-0.5, 40.5)
DVec2(-0.5, 41.5)
DVec2(-0.5, 42.5)
DVec2(-0.5, 43.5)
DVec2(-1.5, 44.5)
DVec2(-1.5, 45.5)
DVec2(-1.5, 46.5)
DVec2(-1.5, 47.5)
DVec2(-0.5, 44.5)
DVec2(-0.5, 45.5)
DVec2(-0.5, 46.5)
DVec2(-0.5, 47.5)
DVec2(-1.5, 48.5)
DVec2(-1.5, 49.5)
DVec2(-1.5, 50.5)
DVec2(-1.5, 51.5)
DVec2(-0.5, 48.5)
DVec2(-0.5, 49.5)
DVec2(-0.5, 50.5)
DVec2(-0.5, 51.5)
DVec2(-1.5, 52.5)
DVec2(-1.5, 53.5)
DVec2(-1.5, 54.5)
DVec2(-1.5, 55.5)
DVec2(-0.5, 52.5)
DVec2(-0.5, 53.5)
DVec2(-0.5, 54.5)
DVec2(-0.5, 55.5)
DVec2(-1.5, 56.5)
DVec2(-1.5, 57.5)
DVec2(-1.5, 58.5)
DVec2(-1.5, 59.5)
DVec2(-0.5, 56.5)
DVec2(-0.5, 57.5)
DVec2(-0.5, 58.5)
DVec2(-0.5, 59.5)
DVec2(-1.5, 60.5)
DVec2(-1.5, 61.5)
DVec2(-1.5, 62.5)
DVec2(-1.5, 63.5)
DVec2(-0.5, 60.5)
DVec2(-0.5, 61.5)
DVec2(-0.5, 62.5)
DVec2(-0.5, 63.5)
DVec2(-1.5, 64.5)
DVec2(-1.5, 65.5)
DVec2(-1.5, 66.5)
DVec2(-1.5, 67.5)
DVec2(-0.5, 64.5)
DVec2(-0.5, 65.5)
DVec2(-0.5, 66.5)
DVec2(-0.5, 67.5)
DVec2(-1.5, 68.5)
DVec2(-1.5, 69.5)
DVec2(-1.5, 70.5)
DVec2(-1.5, 71.5)
DVec2(-0.5, 68.5)
DVec2(-0.5, 69.5)
DVec2(-0.5, 70.5)
DVec2(-0.5, 71.5)
DVec2(-1.5, 72.5)
DVec2(-1.5, 73.5)
DVec2(-1.5, 74.5)
DVec2(-1.5, 75.5)
DVec2(-0.5, 72.5)
DVec2(-0.5, 73.5)
DVec2(-0.5, 74.5)
DVec2(-0.5, 75.5)
DVec2(-1.5, 76.5)
DVec2(-1.5, 77.5)
DVec2(-1.5, 78.5)
DVec2(-1.5, 79.5)
DVec2(-0.5, 76.5)
DVec2(-0.5, 77.5)
DVec2(-0.5, 78.5)
DVec2(-0.5, 79.5)
DVec2(-1.5, 80.5)
DVec2(-1.5, 81.5)
DVec2(-1.5, 82.5)
DVec2(-1.5, 83.5)
DVec2(-0.5, 80.5)
DVec2(-0.5, 81.5)
DVec2(-0.5, 82.5)
DVec2(-0.5, 83.5)
DVec2(-1.5, 84.5)
DVec2(-1.5, 85.5)
DVec2(-1.5, 86.5)
DVec2(-1.5, 87.5)
DVec2(-0.5, 84.5)
DVec2(-0.5, 85.5)
DVec2(-0.5, 86.5)
DVec2(-0.5, 87.5)
DVec2(-1.5, 88.5)
DVec2(-1.5, 89.5)
DVec2(-1.5, 90.5)
DVec2(-1.5, 91.5)
DVec2(-0.5, 88.5)
DVec2(-0.5, 89.5)
DVec2(-0.5, 90.5)
DVec2(-0.5, 91.5)
DVec2(-1.5, 92.5)
DVec2(-1.5, 93.5)
DVec2(-1.5, 94.5)
DVec2(-1.5, 95.5)
DVec2(-0.5, 92.5)
DVec2(-0.5, 93.5)
DVec2(-0.5, 94.5)
DVec2(-0.5, 95.5)
DVec2(-1.5, 96.5)
DVec2(-1.5, 97.5)
DVec2(-1.5, 98.5)
DVec2(-1.5, 99.5)
DVec2(-0.5, 96.5)
DVec2(-0.5, 97.5)
DVec2(-0.5, 98.5)
DVec2(-0.5, 99.5)
DVec2(-1.5, 100.5)
DVec2(-1.5, 101.5)
DVec2(-1.5, 102.5)
DVec2(-1.5, 103.5)
DVec2(-0.5, 100.5)
DVec2(-0.5, 101.5)
DVec2(-0.5, 102.5)
DVec2(-0.5, 103.5)
DVec2(-1.5, 104.5)
DVec2(-1.5, 105.5)
DVec2(-1.5, 106.5)
DVec2(-1.5, 107.5)
DVec2(-0.5, 104.5)
DVec2(-0.5, 105.5)
DVec2(-0.5, 106.5)
DVec2(-0.5, 107.5)
DVec2(-1.5, 108.5)
DVec2(-1.5, 109.5)
DVec2(-1.5, 110.5)
DVec2(-1.5, 111.5)
DVec2(-0.5, 108.5)
DVec2(-0.5, 109.5)
DVec2(-0.5, 110.5)
DVec2(-0.5, 111.5)
DVec2(-1.5, 112.5)
DVec2(-1.5, 113.5)
DVec2(-1.5, 114.5)
DVec2(-1.5, 115.5)
DVec2(-0.5, 112.5)
DVec2(-0.5, 113.5)
DVec2(-0.5, 114.5)
DVec2(-0.5, 115.5)
DVec2(-1.5, 116.5)
DVec2(-1.5, 117.5)
DVec2(-1.5, 118.5)
DVec2(-1.5, 119.5)
DVec2(-0.5, 116.5)
DVec2(-0.5, 117.5)
DVec2(-0.5, 118.5)
DVec2(-0.5, 119.5)
DVec2(0.5, -119.5)
DVec2(0.5, -118.5)
DVec2(0.5, -117.5)
DVec2(0.5, -116.5)
DVec2(1.5, -119.5)
DVec2(1.5, -118.5)
DVec2(1.5, -117.5)
DVec2(1.5, -116.5)
DVec2(0.5, -115.5)
DVec2(0.5, -114.5)
DVec2(0.5, -113.5)
DVec2(0.5, -112.5)
DVec2(1.5, -115.5)
DVec2(1.5, -114.5)
DVec2(1.5, -113.5)
DVec2(1.5, -112.5)
DVec2(0.5, -111.5)
DVec2(0.5, -110.5)
DVec2(0.5, -109.5)
DVec2(0.5, -108.5)
DVec2(1.5, -111.5)
DVec2(1.5, -110.5)
DVec2(1.5, -109.5)
DVec2(1.5, -108.5)
DVec2(0.5, -107.5)
DVec2(0.5, -106.5)
DVec2(0.5, -105.5)
DVec2(0.5, -104.5)
DVec2(1.5, -107.5)
DVec2(1.5, -106.5)
DVec2(1.5, -105.5)
DVec2(1.5, -104.5)
DVec2(0.5, -103.5)
DVec2(0.5, -102.5)
DVec2(0.5, -101.5)
DVec2(0.5, -100.5)
DVec2(1.5, -103.5)
DVec2(1.5, -102.5)
DVec2(1.5, -101.5)
DVec2(1.5, -100.5)
DVec2(0.5, -99.5)
DVec2(0.5, -98.5)
DVec2(0.5, -97.5)
DVec2(0.5, -96.5)
DVec2(1.5, -99.5)
DVec2(1.5, -98.5)
DVec2(1.5, -97.5)
DVec2(1.5, -96.5)
DVec2(0.5, -95.5)
DVec2(0.5, -94.5)
DVec2(0.5, -93.5)
DVec2(0.5, -92.5)
DVec2(1.5, -95.5)
DVec2(1.5, -94.5)
DVec2(1.5, -93.5)
DVec2(1.5, -92.5)
DVec2(0.5, -91.5)
DVec2(0.5, -90.5)
DVec2(0.5, -89.5)
DVec2(0.5, -88.5)
DVec2(1.5, -91.5)
DVec2(1.5, -90.5)
DVec2(1.5, -89.5)
DVec2(1.5, -88.5)
DVec2(0.5, -87.5)
DVec2(0.5, -86.5)
DVec2(0.5, -85.5)
DVec2(0.5, -84.5)
DVec2(1.5, -87.5)
DVec2(1.5, -86.5)
DVec2(1.5, -85.5)
DVec2(1.5, -84.5)
DVec2(0.5, -83.5)
DVec2(0.5, -82.5)
DVec2(0.5, -81.5)
DVec2(0.5, -80.5)
DVec2(1.5, -83.5)
DVec2(1.5, -82.5)
DVec2(1.5, -81.5)
DVec2(1.5, -80.5)
DVec2(0.5, -79.5)
DVec2(0.5, -78.5)
DVec2(0.5, -77.5)
DVec2(0.5, -76.5)
DVec2(1.5, -79.5)
DVec2(1.5, -78.5)
DVec2(1.5, -77.5)
DVec2(1.5, -76.5)
DVec2(0.5, -75.5)
DVec2(0.5, -74.5)
DVec2(0.5, -73.5)
DVec2(0.5, -72.5)
DVec2(1.5, -75.5)
DVec2(1.5, -74.5)
DVec2(1.5, -73.5)
DVec2(1.5, -72.5)
DVec2(0.5, -71.5)
DVec2(0.5, -70.5)
DVec2(0.5, -69.5)
DVec2(0.5, -68.5)
DVec2(1.5, -71.5)
DVec2(1.5, -70.5)
DVec2(1.5, -69.5)
DVec2(1.5, -68.5)
DVec2(0.5, -67.5)
DVec2(0.5, -66.5)
DVec2(0.5, -65.5)
DVec2(0.5, -64.5)
DVec2(1.5, -67.5)
DVec2(1.5, -66.5)
DVec2(1.5, -65.5)
DVec2(1.5, -64.5)
DVec2(0.5, -63.5)
DVec2(0.5, -62.5)
DVec2(0.5, -61.5)
DVec2(0.5, -60.5)
DVec2(1.5, -63.5)
DVec2(1.5, -62.5)
DVec2(1.5, -61.5)
DVec2(1.5, -60.5)
DVec2(0.5, -59.5)
DVec2(0.5, -58.5)
DVec2(0.5, -57.5)
DVec2(0.5, -56.5)
DVec2(1.5, -59.5)
DVec2(1.5, -58.5)
DVec2(1.5, -57.5)
DVec2(1.5, -56.5)
DVec2(0.5, -55.5)
DVec2(0.5, -54.5)
DVec2(0.5, -53.5)
DVec2(0.5, -52.5)
DVec2(1.5, -55.5)
DVec2(1.5, -54.5)
DVec2(1.5, -53.5)
DVec2(1.5, -52.5)
DVec2(0.5, -51.5)
DVec2(0.5, -50.5)
DVec2(0.5, -49.5)
DVec2(0.5, -48.5)
DVec2(1.5, -51.5)
DVec2(1.5, -50.5)
DVec2(1.5, -49.5)
DVec2(1.5, -48.5)
DVec2(0.5, -47.5)
DVec2(0.5, -46.5)
DVec2(0.5, -45.5)
DVec2(0.5, -44.5)
DVec2(1.5, -47.5)
DVec2(1.5, -46.5)
DVec2(1.5, -45.5)
DVec2(1.5, -44.5)
DVec2(0.5, -43.5)
DVec2(0.5, -42.5)
DVec2(0.5, -41.5)
DVec2(0.5, -40.5)
DVec2(1.5, -43.5)
DVec2(1.5, -42.5)
DVec2(1.5, -41.5)
DVec2(1.5, -40.5)
DVec2(0.5, -39.5)
DVec2(0.5, -38.5)
DVec2(0.5, -37.5)
DVec2(0.5, -36.5)
DVec2(1.5, -39.5)
DVec2(1.5, -38.5)
DVec2(1.5, -37.5)
DVec2(1.5, -36.5)
DVec2(0.5, -35.5)
DVec2(0.5, -34.5)
DVec2(0.5, -33.5)
DVec2(0.5, -32.5)
DVec2(1.5, -35.5)
DVec2(1.5, -34.5)
DVec2(1.5, -33.5)
DVec2(1.5, -32.5)
DVec2(0.5, -31.5)
DVec2(0.5, -30.5)
DVec2(0.5, -29.5)
DVec2(0.5, -28.5)
DVec2(1.5, -31.5)
DVec2(1.5, -30.5)
DVec2(1.5, -29.5)
DVec2(1.5, -28.5)
DVec2(0.5, -27.5)
DVec2(0.5, -26.5)
DVec2(0.5, -25.5)
DVec2(0.5, -24.5)
DVec2(1.5, -27.5)
DVec2(1.5, -26.5)
DVec2(1.5, -25.5)
DVec2(1.5, -24.5)
DVec2(0.5, -23.5)
DVec2(0.5, -22.5)
DVec2(0.5, -21.5)
DVec2(0.5, -20.5)
DVec2(1.5, -23.5)
DVec2(1.5, -22.5)
DVec2(1.5, -21.5)
DVec2(1.5, -20.5)
DVec2(0.5, -19.5)
DVec2(0.5, -18.5)
DVec2(0.5, -17.5)
DVec2(0.5, -16.5)
DVec2(1.5, -19.5)
DVec2(1.5, -18.5)
DVec2(1.5, -17.5)
DVec2(1.5, -16.5)
DVec2(0.5, -15.5)
DVec2(0.5, -14.5)
DVec2(0.5, -13.5)
DVec2(0.5, -12.5)
DVec2(1.5, -15.5)
DVec2(1.5, -14.5)
DVec2(1.5, -13.5)
DVec2(1.5, -12.5)
DVec2(0.5, -11.5)
DVec2(0.5, -10.5)
DVec2(0.5, -9.5)
DVec2(0.5, -8.5)
DVec2(1.5, -11.5)
DVec2(1.5, -10.5)
DVec2(1.5, -9.5)
DVec2(1.5, -8.5)
DVec2(0.5, -7.5)
DVec2(0.5, -6.5)
DVec2(0.5, -5.5)
DVec2(0.5, -4.5)
DVec2(1.5, -7.5)
DVec2(1.5, -6.5)
DVec2(1.5, -5.5)
DVec2(1.5, -4.5)
DVec2(0.5, -3.5)
DVec2(0.5, -2.5)
DVec2(0.5, -1.5)
DVec2(0.5, -0.5)
DVec2(1.5, -3.5)
DVec2(1.5, -2.5)
DVec2(1.5, -1.5)
DVec2(1.5, -0.5)
DVec2(0.5, 0.5)
DVec2(0.5, 1.5)
DVec2(0.5, 2.5)
DVec2(0.5, 3.5)
DVec2(1.5, 0.5)
DVec2(1.5, 1.5)
DVec2(1.5, 2.5)
DVec2(1.5, 3.5)
DVec2(0.5, 4.5)
DVec2(0.5, 5.5)
DVec2(0.5, 6.5)
DVec2(0.5, 7.5)
DVec2(1.5, 4.5)
DVec2(1.5, 5.5)
DVec2(1.5, 6.5)
DVec2(1.5, 7.5)
DVec2(0.5, 8.5)
DVec2(0.5, 9.5)
DVec2(0.5, 10.5)
DVec2(0.5, 11.5)
DVec2(1.5, 8.5)
DVec2(1.5, 9.5)
DVec2(1.5, 10.5)
DVec2(1.5, 11.5)
DVec2(0.5, 12.5)
DVec2(0.5, 13.5)
DVec2(0.5, 14.5)
DVec2(0.5, 15.5)
DVec2(1.5, 12.5)
DVec2(1.5, 13.5)
DVec2(1.5, 14.5)
DVec2(1.5, 15.5)
DVec2(0.5, 16.5)
DVec2(0.5, 17.5)
DVec2(0.5, 18.5)
DVec2(0.5, 19.5)
DVec2(1.5, 16.5)
DVec2(1.5, 17.5)
DVec2(1.5, 18.5)
DVec2(1.5, 19.5)
DVec2(0.5, 20.5)
DVec2(0.5, 21.5)
DVec2(0.5, 22.5)
DVec2(0.5, 23.5)
DVec2(1.5, 20.5)
DVec2(1.5, 21.5)
DVec2(1.5, 22.5)
DVec2(1.5, 23.5)
DVec2(0.5, 24.5)
DVec2(0.5, 25.5)
DVec2(0.5, 26.5)
DVec2(0.5, 27.5)
DVec2(1.5, 24.5)
DVec2(1.5, 25.5)
DVec2(1.5, 26.5)
DVec2(1.5, 27.5)
DVec2(0.5, 28.5)
DVec2(0.5, 29.5)
DVec2(0.5, 30.5)
DVec2(0.5, 31.5)
DVec2(1.5, 28.5)
DVec2(1.5, 29.5)
DVec2(1.5, 30.5)
DVec2(1.5, 31.5)
DVec2(0.5, 32.5)
DVec2(0.5, 33.5)
DVec2(0.5, 34.5)
DVec2(0.5, 35.5)
DVec2(1.5, 32.5)
DVec2(1.5, 33.5)
DVec2(1.5, 34.5)
DVec2(1.5, 35.5)
DVec2(0.5, 36.5)
DVec2(0.5, 37.5)
DVec2(0.5, 38.5)
DVec2(0.5, 39.5)
DVec2(1.5, 36.5)
DVec2(1.5, 37.5)
DVec2(1.5, 38.5)
DVec2(1.5, 39.5)
DVec2(0.5, 40.5)
DVec2(0.5, 41.5)
DVec2(0.5, 42.5)
DVec2(0.5, 43.5)
DVec2(1.5, 40.5)
DVec2(1.5, 41.5)
DVec2(1.5, 42.5)
DVec2(1.5, 43.5)
DVec2(0.5, 44.5)
DVec2(0.5, 45.5)
DVec2(0.5, 46.5)
DVec2(0.5, 47.5)
DVec2(1.5, 44.5)
DVec2(1.5, 45.5)
DVec2(1.5, 46.5)
DVec2(1.5, 47.5)
DVec2(0.5, 48.5)
DVec2(0.5, 49.5)
DVec2(0.5, 50.5)
DVec2(0.5, 51.5)
DVec2(1.5, 48.5)
DVec2(1.5, 49.5)
DVec2(1.5, 50.5)
DVec2(1.5, 51.5)
DVec2(0.5, 52.5)
DVec2(0.5, 53.5)
DVec2(0.5, 54.5)
DVec2(0.5, 55.5)
DVec2(1.5, 52.5)
DVec2(1.5, 53.5)
DVec2(1.5, 54.5)
DVec2(1.5, 55.5)
DVec2(0.5, 56.5)
DVec2(0.5, 57.5)
DVec2(0.5, 58.5)
DVec2(0.5, 59.5)
DVec2(1.5, 56.5)
DVec2(1.5, 57.5)
DVec2(1.5, 58.5)
DVec2(1.5, 59.5)
DVec2(0.5, 60.5)
DVec2(0.5, 61.5)
DVec2(0.5, 62.5)
DVec2(0.5, 63.5)
DVec2(1.5, 60.5)
DVec2(1.5, 61.5)
DVec2(1.5, 62.5)
DVec2(1.5, 63.5)
DVec2(0.5, 64.5)
DVec2(0.5, 65.5)
DVec2(0.5, 66.5)
DVec2(0.5, 67.5)
DVec2(1.5, 64.5)
DVec2(1.5, 65.5)
DVec2(1.5, 66.5)
DVec2(1.5, 67.5)
DVec2(0.5, 68.5)
DVec2(0.5, 69.5)
DVec2(0.5, 70.5)
DVec2(0.5, 71.5)
DVec2(1.5, 68.5)
DVec2(1.5, 69.5)
DVec2(1.5, 70.5)
DVec2(1.5, 71.5)
DVec2(0.5, 72.5)
DVec2(0.5, 73.5)
DVec2(0.5, 74.5)
DVec2(0.5, 75.5)
DVec2(1.5, 72.5)
DVec2(1.5, 73.5)
DVec2(1.5, 74.5)
DVec2(1.5, 75.5)
DVec2(0.5, 76.5)
DVec2(0.5, 77.5)
DVec2(0.5, 78.5)
DVec2(0.5, 79.5)
DVec2(1.5, 76.5)
DVec2(1.5, 77.5)
DVec2(1.5, 78.5)
DVec2(1.5, 79.5)
DVec2(0.5, 80.5)
DVec2(0.5, 81.5)
DVec2(0.5, 82.5)
DVec2(0.5, 83.5)
DVec2(1.5, 80.5)
DVec2(1.5, 81.5)
DVec2(1.5, 82.5)
DVec2(1.5, 83.5)
DVec2(0.5, 84.5)
DVec2(0.5, 85.5)
DVec2(0.5, 86.5)
DVec2(0.5, 87.5)
DVec2(1.5, 84.5)
DVec2(1.5, 85.5)
DVec2(1.5, 86.5)
DVec2(1.5, 87.5)
DVec2(0.5, 88.5)
DVec2(0.5, 89.5)
DVec2(0.5, 90.5)
DVec2(0.5, 91.5)
DVec2(1.5, 88.5)
DVec2(1.5, 89.5)
DVec2(1.5, 90.5)
DVec2(1.5, 91.5)
DVec2(0.5, 92.5)
DVec2(0.5, 93.5)
DVec2(0.5, 94.5)
DVec2(0.5, 95.5)
DVec2(1.5, 92.5)
DVec2(1.5, 93.5)
DVec2(1.5, 94.5)
DVec2(1.5, 95.5)
DVec2(0.5, 96.5)
DVec2(0.5, 97.5)
DVec2(0.5, 98.5)
DVec2(0.5, 99.5)
DVec2(1.5, 96.5)
DVec2(1.5, 97.5)
DVec2(1.5, 98.5)
DVec2(1.5, 99.5)
DVec2(0.5, 100.5)
DVec2(0.5, 101.5)
DVec2(0.5, 102.5)
DVec2(0.5, 103.5)
DVec2(1.5, 100.5)
DVec2(1.5, 101.5)
DVec2(1.5, 102.5)
DVec2(1.5, 103.5)
DVec2(0.5, 104.5)
DVec2(0.5, 105.5)
DVec2(0.5, 106.5)
DVec2(0.5, 107.5)
DVec2(1.5, 104.5)
DVec2(1.5, 105.5)
DVec2(1.5, 106.5)
DVec2(1.5, 107.5)
DVec2(0.5, 108.5)
DVec2(0.5, 109.5)
DVec2(0.5, 110.5)
DVec2(0.5, 111.5)
DVec2(1.5, 108.5)
DVec2(1.5, 109.5)
DVec2(1.5, 110.5)
DVec2(1.5, 111.5)
DVec2(0.5, 112.5)
DVec2(0.5, 113.5)
DVec2(0.5, 114.5)
DVec2(0.5, 115.5)
DVec2(1.5, 112.5)
DVec2(1.5, 113.5)
DVec2(1.5, 114.5)
DVec2(1.5, 115.5)
DVec2(0.5, 116.5)
DVec2(0.5, 117.5)
DVec2(0.5, 118.5)
DVec2(0.5, 119.5)
DVec2(1.5, 116.5)
DVec2(1.5, 117.5)
DVec2(1.5, 118.5)
DVec2(1.5, 119.5)
DVec2(2.5, -119.5)
DVec2(2.5, -118.5)
DVec2(2.5, -117.5)
DVec2(2.5, -116.5)
DVec2(3.5, -119.5)
DVec2(3.5, -118.5)
DVec2(3.5, -117.5)
DVec2(3.5, -116.5)
DVec2(2.5, -115.5)
DVec2(2.5, -114.5)
DVec2(2.5, -113.5)
DVec2(2.5, -112.5)
DVec2(3.5, -115.5)
DVec2(3.5, -114.5)
DVec2(3.5, -113.5)
DVec2(3.5, -112.5)
DVec2(2.5, -111.5)
DVec2(2.5, -110.5)
DVec2(2.5, -109.5)
DVec2(2.5, -108.5)
DVec2(3.5, -111.5)
DVec2(3.5, -110.5)
DVec2(3.5, -109.5)
DVec2(3.5, -108.5)
DVec2(2.5, -107.5)
DVec2(2.5, -106.5)
DVec2(2.5, -105.5)
DVec2(2.5, -104.5)
DVec2(3.5, -107.5)
DVec2(3.5, -106.5)
DVec2(3.5, -105.5)
DVec2(3.5, -104.5)
DVec2(2.5, -103.5)
DVec2(2.5, -102.5)
DVec2(2.5, -101.5)
DVec2(2.5, -100.5)
DVec2(3.5, -103.5)
DVec2(3.5, -102.5)
DVec2(3.5, -101.5)
DVec2(3.5, -100.5)
DVec2(2.5, -99.5)
DVec2(2.5, -98.5)
DVec2(2.5, -97.5)
DVec2(2.5, -96.5)
DVec2(3.5, -99.5)
DVec2(3.5, -98.5)
DVec2(3.5, -97.5)
DVec2(3.5, -96.5)
DVec2(2.5, -95.5)
DVec2(2.5, -94.5)
DVec2(2.5, -93.5)
DVec2(2.5, -92.5)
DVec2(3.5, -95.5)
DVec2(3.5, -94.5)
DVec2(3.5, -93.5)
DVec2(3.5, -92.5)
DVec2(2.5, -91.5)
DVec2(2.5, -90.5)
DVec2(2.5, -89.5)
DVec2(2.5, -88.5)
DVec2(3.5, -91.5)
DVec2(3.5, -90.5)
DVec2(3.5, -89.5)
DVec2(3.5, -88.5)
DVec2(2.5, -87.5)
DVec2(2.5, -86.5)
DVec2(2.5, -85.5)
DVec2(2.5, -84.5)
DVec2(3.5, -87.5)
DVec2(3.5, -86.5)
DVec2(3.5, -85.5)
DVec2(3.5, -84.5)
DVec2(2.5, -83.5)
DVec2(2.5, -82.5)
DVec2(2.5, -81.5)
DVec2(2.5, -80.5)
DVec2(3.5, -83.5)
DVec2(3.5, -82.5)
DVec2(3.5, -81.5)
DVec2(3.5, -80.5)
DVec2(2.5, -79.5)
DVec2(2.5, -78.5)
DVec2(2.5, -77.5)
DVec2(2.5, -76.5)
DVec2(3.5, -79.5)
DVec2(3.5, -78.5)
DVec2(3.5, -77.5)
DVec2(3.5, -76.5)
DVec2(2.5, -75.5)
DVec2(2.5, -74.5)
DVec2(2.5, -73.5)
DVec2(2.5, -72.5)
DVec2(3.5, -75.5)
DVec2(3.5, -74.5)
DVec2(3.5, -73.5)
DVec2(3.5, -72.5)
DVec2(2.5, -71.5)
DVec2(2.5, -70.5)
DVec2(2.5, -69.5)
DVec2(2.5, -68.5)
DVec2(3.5, -71.5)
DVec2(3.5, -70.5)
DVec2(3.5, -69.5)
DVec2(3.5, -68.5)
DVec2(2.5, -67.5)
DVec2(2.5, -66.5)
DVec2(2.5, -65.5)
DVec2(2.5, -64.5)
DVec2(3.5, -67.5)
DVec2(3.5, -66.5)
DVec2(3.5, -65.5)
DVec2(3.5, -64.5)
DVec2(2.5, -63.5)
DVec2(2.5, -62.5)
DVec2(2.5, -61.5)
DVec2(2.5, -60.5)
DVec2(3.5, -63.5)
DVec2(3.5, -62.5)
DVec2(3.5, -61.5)
DVec2(3.5, -60.5)
DVec2(2.5, -59.5)
DVec2(2.5, -58.5)
DVec2(2.5, -57.5)
DVec2(2.5, -56.5)
DVec2(3.5, -59.5)
DVec2(3.5, -58.5)
DVec2(3.5, -57.5)
DVec2(3.5, -56.5)
DVec2(2.5, -55.5)
DVec2(2.5, -54.5)
DVec2(2.5, -53.5)
DVec2(2.5, -52.5)
DVec2(3.5, -55.5)
DVec2(3.5, -54.5)
DVec2(3.5, -53.5)
DVec2(3.5, -52.5)
DVec2(2.5, -51.5)
DVec2(2.5, -50.5)
DVec2(2.5, -49.5)
DVec2(2.5, -48.5)
DVec2(3.5, -51.5)
DVec2(3.5, -50.5)
DVec2(3.5, -49.5)
DVec2(3.5, -48.5)
DVec2(2.5, -47.5)
DVec2(2.5, -46.5)
DVec2(2.5, -45.5)
DVec2(2.5, -44.5)
DVec2(3.5, -47.5)
DVec2(3.5, -46.5)
DVec2(3.5, -45.5)
DVec2(3.5, -44.5)
DVec2(2.5, -43.5)
DVec2(2.5, -42.5)
DVec2(2.5, -41.5)
DVec2(2.5, -40.5)
DVec2(3.5, -43.5)
DVec2(3.5, -42.5)
DVec2(3.5, -41.5)
DVec2(3.5, -40.5)
DVec2(2.5, -39.5)
DVec2(2.5, -38.5)
DVec2(2.5, -37.5)
DVec2(2.5, -36.5)
DVec2(3.5, -39.5)
DVec2(3.5, -38.5)
DVec2(3.5, -37.5)
DVec2(3.5, -36.5)
DVec2(2.5, -35.5)
DVec2(2.5, -34.5)
DVec2(2.5, -33.5)
DVec2(2.5, -32.5)
DVec2(3.5, -35.5)
DVec2(3.5, -34.5)
DVec2(3.5, -33.5)
DVec2(3.5, -32.5)
DVec2(2.5, -31.5)
DVec2(2.5, -30.5)
DVec2(2.5, -29.5)
DVec2(2.5, -28.5)
DVec2(3.5, -31.5)
DVec2(3.5, -30.5)
DVec2(3.5, -29.5)
DVec2(3.5, -28.5)
DVec2(2.5, -27.5)
DVec2(2.5, -26.5)
DVec2(2.5, -25.5)
DVec2(2.5, -24.5)
DVec2(3.5, -27.5)
DVec2(3.5, -26.5)
DVec2(3.5, -25.5)
DVec2(3.5, -24.5)
DVec2(2.5, -23.5)
DVec2(2.5, -22.5)
DVec2(2.5, -21.5)
DVec2(2.5, -20.5)
DVec2(3.5, -23.5)
DVec2(3.5, -22.5)
DVec2(3.5, -21.5)
DVec2(3.5, -20.5)
DVec2(2.5, -19.5)
DVec2(2.5, -18.5)
DVec2(2.5, -17.5)
DVec2(2.5, -16.5)
DVec2(3.5, -19.5)
DVec2(3.5, -18.5)
DVec2(3.5, -17.5)
DVec2(3.5, -16.5)
DVec2(2.5, -15.5)
DVec2(2.5, -14.5)
DVec2(2.5, -13.5)
DVec2(2.5, -12.5)
DVec2(3.5, -15.5)
DVec2(3.5, -14.5)
DVec2(3.5, -13.5)
DVec2(3.5, -12.5)
DVec2(2.5, -11.5)
DVec2(2.5, -10.5)
DVec2(2.5, -9.5)
DVec2(2.5, -8.5)
DVec2(3.5, -11.5)
DVec2(3.5, -10.5)
DVec2(3.5, -9.5)
DVec2(3.5, -8.5)
DVec2(2.5, -7.5)
DVec2(2.5, -6.5)
DVec2(2.5, -5.5)
DVec2(2.5, -4.5)
DVec2(3.5, -7.5)
DVec2(3.5, -6.5)
DVec2(3.5, -5.5)
DVec2(3.5, -4.5)
DVec2(2.5, -3.5)
DVec2(2.5, -2.5)
DVec2(2.5, -1.5)
DVec2(2.5, -0.5)
DVec2(3.5, -3.5)
DVec2(3.5, -2.5)
DVec2(3.5, -1.5)
DVec2(3.5, -0.5)
DVec2(2.5, 0.5)
DVec2(2.5, 1.5)
DVec2(2.5, 2.5)
DVec2(2.5, 3.5)
DVec2(3.5, 0.5)
DVec2(3.5, 1.5)
DVec2(3.5, 2.5)
DVec2(3.5, 3.5)
DVec2(2.5, 4.5)
DVec2(2.5, 5.5)
DVec2(2.5, 6.5)
DVec2(2.5, 7.5)
DVec2(3.5, 4.5)
DVec2(3.5, 5.5)
DVec2(3.5, 6.5)
DVec2(3.5, 7.5)
DVec2(2.5, 8.5)
DVec2(2.5, 9.5)
DVec2(2.5, 10.5)
DVec2(2.5, 11.5)
DVec2(3.5, 8.5)
DVec2(3.5, 9.5)
DVec2(3.5, 10.5)
DVec2(3.5, 11.5)
DVec2(2.5, 12.5)
DVec2(2.5, 13.5)
DVec2(2.5, 14.5)
DVec2(2.5, 15.5)
DVec2(3.5, 12.5)
DVec2(3.5, 13.5)
DVec2(3.5, 14.5)
DVec2(3.5, 15.5)
DVec2(2.5, 16.5)
DVec2(2.5, 17.5)
DVec2(2.5, 18.5)
DVec2(2.5, 19.5)
DVec2(3.5, 16.5)
DVec2(3.5, 17.5)
DVec2(3.5, 18.5)
DVec2(3.5, 19.5)
DVec2(2.5, 20.5)
DVec2(2.5, 21.5)
DVec2(2.5, 22.5)
DVec2(2.5, 23.5)
DVec2(3.5, 20.5)
DVec2(3.5, 21.5)
DVec2(3.5, 22.5)
DVec2(3.5, 23.5)
DVec2(2.5, 24.5)
DVec2(2.5, 25.5)
DVec2(2.5, 26.5)
DVec2(2.5, 27.5)
DVec2(3.5, 24.5)
DVec2(3.5, 25.5)
DVec2(3.5, 26.5)
DVec2(3.5, 27.5)
DVec2(2.5, 28.5)
DVec2(2.5, 29.5)
DVec2(2.5, 30.5)
DVec2(2.5, 31.5)
DVec2(3.5, 28.5)
DVec2(3.5, 29.5)
DVec2(3.5, 30.5)
DVec2(3.5, 31.5)
DVec2(2.5, 32.5)
DVec2(2.5, 33.5)
DVec2(2.5, 34.5)
DVec2(2.5, 35.5)
DVec2(3.5, 32.5)
DVec2(3.5, 33.5)
DVec2(3.5, 34.5)
DVec2(3.5, 35.5)
DVec2(2.5, 36.5)
DVec2(2.5, 37.5)
DVec2(2.5, 38.5)
DVec2(2.5, 39.5)
DVec2(3.5, 36.5)
DVec2(3.5, 37.5)
DVec2(3.5, 38.5)
DVec2(3.5, 39.5)
DVec2(2.5, 40.5)
DVec2(2.5, 41.5)
DVec2(2.5, 42.5)
DVec2(2.5, 43.5)
DVec2(3.5, 40.5)
DVec2(3.5, 41.5)
DVec2(3.5, 42.5)
DVec2(3.5, 43.5)
DVec2(2.5, 44.5)
DVec2(2.5, 45.5)
DVec2(2.5, 46.5)
DVec2(2.5, 47.5)
DVec2(3.5, 44.5)
DVec2(3.5, 45.5)
DVec2(3.5, 46.5)
DVec2(3.5, 47.5)
DVec2(2.5, 48.5)
DVec2(2.5, 49.5)
DVec2(2.5, 50.5)
DVec2(2.5, 51.5)
DVec2(3.5, 48.5)
DVec2(3.5, 49.5)
DVec2(3.5, 50.5)
DVec2(3.5, 51.5)
DVec2(2.5, 52.5)
DVec2(2.5, 53.5)
DVec2(2.5, 54.5)
DVec2(2.5, 55.5)
DVec2(3.5, 52.5)
DVec2(3.5, 53.5)
DVec2(3.5, 54.5)
DVec2(3.5, 55.5)
DVec2(2.5, 56.5)
DVec2(2.5, 57.5)
DVec2(2.5, 58.5)
DVec2(2.5, 59.5)
DVec2(3.5, 56.5)
DVec2(3.5, 57.5)
DVec2(3.5, 58.5)
DVec2(3.5, 59.5)
DVec2(2.5, 60.5)
DVec2(2.5, 61.5)
DVec2(2.5, 62.5)
DVec2(2.5, 63.5)
DVec2(3.5, 60.5)
DVec2(3.5, 61.5)
DVec2(3.5, 62.5)
DVec2(3.5, 63.5)
DVec2(2.5, 64.5)
DVec2(2.5, 65.5)
DVec2(2.5, 66.5)
DVec2(2.5, 67.5)
DVec2(3.5, 64.5)
DVec2(3.5, 65.5)
DVec2(3.5, 66.5)
DVec2(3.5, 67.5)
DVec2(2.5, 68.5)
DVec2(2.5, 69.5)
DVec2(2.5, 70.5)
DVec2(2.5, 71.5)
DVec2(3.5, 68.5)
DVec2(3.5, 69.5)
DVec2(3.5, 70.5)
DVec2(3.5, 71.5)
DVec2(2.5, 72.5)
DVec2(2.5, 73.5)
DVec2(2.5, 74.5)
DVec2(2.5, 75.5)
DVec2(3.5, 72.5)
DVec2(3.5, 73.5)
DVec2(3.5, 74.5)
DVec2(3.5, 75.5)
DVec2(2.5, 76.5)
DVec2(2.5, 77.5)
DVec2(2.5, 78.5)
DVec2(2.5, 79.5)
DVec2(3.5, 76.5)
DVec2(3.5, 77.5)
DVec2(3.5, 78.5)
DVec2(3.5, 79.5)
DVec2(2.5, 80.5)
DVec2(2.5, 81.5)
DVec2(2.5, 82.5)
DVec2(2.5, 83.5)
DVec2(3.5, 80.5)
DVec2(3.5, 81.5)
DVec2(3.5, 82.5)
DVec2(3.5, 83.5)
DVec2(2.5, 84.5)
DVec2(2.5, 85.5)
DVec2(2.5, 86.5)
DVec2(2.5, 87.5)
DVec2(3.5, 84.5)
DVec2(3.5, 85.5)
DVec2(3.5, 86.5)
DVec2(3.5, 87.5)
DVec2(2.5, 88.5)
DVec2(2.5, 89.5)
DVec2(2.5, 90.5)
DVec2(2.5, 91.5)
DVec2(3.5, 88.5)
DVec2(3.5, 89.5)
DVec2(3.5, 90.5)
DVec2(3.5, 91.5)
DVec2(2.5, 92.5)
DVec2(2.5, 93.5)
DVec2(2.5, 94.5)
DVec2(2.5, 95.5)
DVec2(3.5, 92.5)
DVec2(3.5, 93.5)
DVec2(3.5, 94.5)
DVec2(3.5, 95.5)
DVec2(2.5, 96.5)
DVec2(2.5, 97.5)
DVec2(2.5, 98.5)
DVec2(2.5, 99.5)
DVec2(3.5, 96.5)
DVec2(3.5, 97.5)
DVec2(3.5, 98.5)
DVec2(3.5, 99.5)
DVec2(2.5, 100.5)
DVec2(2.5, 101.5)
DVec2(2.5, 102.5)
DVec2(2.5, 103.5)
DVec2(3.5, 100.5)
DVec2(3.5, 101.5)
DVec2(3.5, 102.5)
DVec2(3.5, 103.5)
DVec2(2.5, 104.5)
DVec2(2.5, 105.5)
DVec2(2.5, 106.5)
DVec2(2.5, 107.5)
DVec2(3.5, 104.5)
DVec2(3.5, 105.5)
DVec2(3.5, 106.5)
DVec2(3.5, 107.5)
DVec2(2.5, 108.5)
DVec2(2.5, 109.5)
DVec2(2.5, 110.5)
DVec2(2.5, 111.5)
DVec2(3.5, 108.5)
DVec2(3.5, 109.5)
DVec2(3.5, 110.5)
DVec2(3.5, 111.5)
DVec2(2.5, 112.5)
DVec2(2.5, 113.5)
DVec2(2.5, 114.5)
DVec2(2.5, 115.5)
DVec2(3.5, 112.5)
DVec2(3.5, 113.5)
DVec2(3.5, 114.5)
DVec2(3.5, 115.5)
DVec2(2.5, 116.5)
DVec2(2.5, 117.5)
DVec2(2.5, 118.5)
DVec2(2.5, 119.5)
DVec2(3.5, 116.5)
DVec2(3.5, 117.5)
DVec2(3.5, 118.5)
DVec2(3.5, 119.5)
DVec2(4.5, -119.5)
DVec2(4.5, -118.5)
DVec2(4.5, -117.5)
DVec2(4.5, -116.5)
DVec2(5.5, -119.5)
DVec2(5.5, -118.5)
DVec2(5.5, -117.5)
DVec2(5.5, -116.5)
DVec2(4.5, -115.5)
DVec2(4.5, -114.5)
DVec2(4.5, -113.5)
DVec2(4.5, -112.5)
DVec2(5.5, -115.5)
DVec2(5.5, -114.5)
DVec2(5.5, -113.5)
DVec2(5.5, -112.5)
DVec2(4.5, -111.5)
DVec2(4.5, -110.5)
DVec2(4.5, -109.5)
DVec2(4.5, -108.5)
DVec2(5.5, -111.5)
DVec2(5.5, -110.5)
DVec2(5.5, -109.5)
DVec2(5.5, -108.5)
DVec2(4.5, -107.5)
DVec2(4.5, -106.5)
DVec2(4.5, -105.5)
DVec2(4.5, -104.5)
DVec2(5.5, -107.5)
DVec2(5.5, -106.5)
DVec2(5.5, -105.5)
DVec2(5.5, -104.5)
DVec2(4.5, -103.5)
DVec2(4.5, -102.5)
DVec2(4.5, -101.5)
DVec2(4.5, -100.5)
DVec2(5.5, -103.5)
DVec2(5.5, -102.5)
DVec2(5.5, -101.5)
DVec2(5.5, -100.5)
DVec2(4.5, -99.5)
DVec2(4.5, -98.5)
DVec2(4.5, -97.5)
DVec2(4.5, -96.5)
DVec2(5.5, -99.5)
DVec2(5.5, -98.5)
DVec2(5.5, -97.5)
DVec2(5.5, -96.5)
DVec2(4.5, -95.5)
DVec2(4.5, -94.5)
DVec2(4.5, -93.5)
DVec2(4.5, -92.5)
DVec2(5.5, -95.5)
DVec2(5.5, -94.5)
DVec2(5.5, -93.5)
DVec2(5.5, -92.5)
DVec2(4.5, -91.5)
DVec2(4.5, -90.5)
DVec2(4.5, -89.5)
DVec2(4.5, -88.5)
DVec2(5.5, -91.5)
DVec2(5.5, -90.5)
DVec2(5.5, -89.5)
DVec2(5.5, -88.5)
DVec2(4.5, -87.5)
DVec2(4.5, -86.5)
DVec2(4.5, -85.5)
DVec2(4.5, -84.5)
DVec2(5.5, -87.5)
DVec2(5.5, -86.5)
DVec2(5.5, -85.5)
DVec2(5.5, -84.5)
DVec2(4.5, -83.5)
DVec2(4.5, -82.5)
DVec2(4.5, -81.5)
DVec2(4.5, -80.5)
DVec2(5.5, -83.5)
DVec2(5.5, -82.5)
DVec2(5.5, -81.5)
DVec2(5.5, -80.5)
DVec2(4.5, -79.5)
DVec2(4.5, -78.5)
DVec2(4.5, -77.5)
DVec2(4.5, -76.5)
DVec2(5.5, -79.5)
DVec2(5.5, -78.5)
DVec2(5.5, -77.5)
DVec2(5.5, -76.5)
DVec2(4.5, -75.5)
DVec2(4.5, -74.5)
DVec2(4.5, -73.5)
DVec2(4.5, -72.5)
DVec2(5.5, -75.5)
DVec2(5.5, -74.5)
DVec2(5.5, -73.5)
DVec2(5.5, -72.5)
DVec2(4.5, -71.5)
DVec2(4.5, -70.5)
DVec2(4.5, -69.5)
DVec2(4.5, -68.5)
DVec2(5.5, -71.5)
DVec2(5.5, -70.5)
DVec2(5.5, -69.5)
DVec2(5.5, -68.5)
DVec2(4.5, -67.5)
DVec2(4.5, -66.5)
DVec2(4.5, -65.5)
DVec2(4.5, -64.5)
DVec2(5.5, -67.5)
DVec2(5.5, -66.5)
DVec2(5.5, -65.5)
DVec2(5.5, -64.5)
DVec2(4.5, -63.5)
DVec2(4.5, -62.5)
DVec2(4.5, -61.5)
DVec2(4.5, -60.5)
DVec2(5.5, -63.5)
DVec2(5.5, -62.5)
DVec2(5.5, -61.5)
DVec2(5.5, -60.5)
DVec2(4.5, -59.5)
DVec2(4.5, -58.5)
DVec2(4.5, -57.5)
DVec2(4.5, -56.5)
DVec2(5.5, -59.5)
DVec2(5.5, -58.5)
DVec2(5.5, -57.5)
DVec2(5.5, -56.5)
DVec2(4.5, -55.5)
DVec2(4.5, -54.5)
DVec2(4.5, -53.5)
DVec2(4.5, -52.5)
DVec2(5.5, -55.5)
DVec2(5.5, -54.5)
DVec2(5.5, -53.5)
DVec2(5.5, -52.5)
DVec2(4.5, -51.5)
DVec2(4.5, -50.5)
DVec2(4.5, -49.5)
DVec2(4.5, -48.5)
DVec2(5.5, -51.5)
DVec2(5.5, -50.5)
DVec2(5.5, -49.5)
DVec2(5.5, -48.5)
DVec2(4.5, -47.5)
DVec2(4.5, -46.5)
DVec2(4.5, -45.5)
DVec2(4.5, -44.5)
DVec2(5.5, -47.5)
DVec2(5.5, -46.5)
DVec2(5.5, -45.5)
DVec2(5.5, -44.5)
DVec2(4.5, -43.5)
DVec2(4.5, -42.5)
DVec2(4.5, -41.5)
DVec2(4.5, -40.5)
DVec2(5.5, -43.5)
DVec2(5.5, -42.5)
DVec2(5.5, -41.5)
DVec2(5.5, -40.5)
DVec2(4.5, -39.5)
DVec2(4.5, -38.5)
DVec2(4.5, -37.5)
DVec2(4.5, -36.5)
DVec2(5.5, -39.5)
DVec2(5.5, -38.5)
DVec2(5.5, -37.5)
DVec2(5.5, -36.5)
DVec2(4.5, -35.5)
DVec2(4.5, -34.5)
DVec2(4.5, -33.5)
DVec2(4.5, -32.5)
DVec2(5.5, -35.5)
DVec2(5.5, -34.5)
DVec2(5.5, -33.5)
DVec2(5.5, -32.5)
DVec2(4.5, -31.5)
DVec2(4.5, -30.5)
DVec2(4.5, -29.5)
DVec2(4.5, -28.5)
DVec2(5.5, -31.5)
DVec2(5.5, -30.5)
DVec2(5.5, -29.5)
DVec2(5.5, -28.5)
DVec2(4.5, -27.5)
DVec2(4.5, -26.5)
DVec2(4.5, -25.5)
DVec2(4.5, -24.5)
DVec2(5.5, -27.5)
DVec2(5.5, -26.5)
DVec2(5.5, -25.5)
DVec2(5.5, -24.5)
DVec2(4.5, -23.5)
DVec2(4.5, -22.5)
DVec2(4.5, -21.5)
DVec2(4.5, -20.5)
DVec2(5.5, -23.5)
DVec2(5.5, -22.5)
DVec2(5.5, -21.5)
DVec2(5.5, -20.5)
DVec2(4.5, -19.5)
DVec2(4.5, -18.5)
DVec2(4.5, -17.5)
DVec2(4.5, -16.5)
DVec2(5.5, -19.5)
DVec2(5.5, -18.5)
DVec2(5.5, -17.5)
DVec2(5.5, -16.5)
DVec2(4.5, -15.5)
DVec2(4.5, -14.5)
DVec2(4.5, -13.5)
DVec2(4.5, -12.5)
DVec2(5.5, -15.5)
DVec2(5.5, -14.5)
DVec2(5.5, -13.5)
DVec2(5.5, -12.5)
DVec2(4.5, -11.5)
DVec2(4.5, -10.5)
DVec2(4.5, -9.5)
DVec2(4.5, -8.5)
DVec2(5.5, -11.5)
DVec2(5.5, -10.5)
DVec2(5.5, -9.5)
DVec2(5.5, -8.5)
DVec2(4.5, -7.5)
DVec2(4.5, -6.5)
DVec2(4.5, -5.5)
DVec2(4.5, -4.5)
DVec2(5.5, -7.5)
DVec2(5.5, -6.5)
DVec2(5.5, -5.5)
DVec2(5.5, -4.5)
DVec2(4.5, -3.5)
DVec2(4.5, -2.5)
DVec2(4.5, -1.5)
DVec2(4.5, -0.5)
DVec2(5.5, -3.5)
DVec2(5.5, -2.5)
DVec2(5.5, -1.5)
DVec2(5.5, -0.5)
DVec2(4.5, 0.5)
DVec2(4.5, 1.5)
DVec2(4.5, 2.5)
DVec2(4.5, 3.5)
DVec2(5.5, 0.5)
DVec2(5.5, 1.5)
DVec2(5.5, 2.5)
DVec2(5.5, 3.5)
DVec2(4.5, 4.5)
DVec2(4.5, 5.5)
DVec2(4.5, 6.5)
DVec2(4.5, 7.5)
DVec2(5.5, 4.5)
DVec2(5.5, 5.5)
DVec2(5.5, 6.5)
DVec2(5.5, 7.5)
DVec2(4.5, 8.5)
DVec2(4.5, 9.5)
DVec2(4.5, 10.5)
DVec2(4.5, 11.5)
DVec2(5.5, 8.5)
DVec2(5.5, 9.5)
DVec2(5.5, 10.5)
DVec2(5.5, 11.5)
DVec2(4.5, 12.5)
DVec2(4.5, 13.5)
DVec2(4.5, 14.5)
DVec2(4.5, 15.5)
DVec2(5.5, 12.5)
DVec2(5.5, 13.5)
DVec2(5.5, 14.5)
DVec2(5.5, 15.5)
DVec2(4.5, 16.5)
DVec2(4.5, 17.5)
DVec2(4.5, 18.5)
DVec2(4.5, 19.5)
DVec2(5.5, 16.5)
DVec2(5.5, 17.5)
DVec2(5.5, 18.5)
DVec2(5.5, 19.5)
DVec2(4.5, 20.5)
DVec2(4.5, 21.5)
DVec2(4.5, 22.5)
DVec2(4.5, 23.5)
DVec2(5.5, 20.5)
DVec2(5.5, 21.5)
DVec2(5.5, 22.5)
DVec2(5.5, 23.5)
DVec2(4.5, 24.5)
DVec2(4.5, 25.5)
DVec2(4.5, 26.5)
DVec2(4.5, 27.5)
DVec2(5.5, 24.5)
DVec2(5.5, 25.5)
DVec2(5.5, 26.5)
DVec2(5.5, 27.5)
DVec2(4.5, 28.5)
DVec2(4.5, 29.5)
DVec2(4.5, 30.5)
DVec2(4.5, 31.5)
DVec2(5.5, 28.5)
DVec2(5.5, 29.5)
DVec2(5.5, 30.5)
DVec2(5.5, 31.5)
DVec2(4.5, 32.5)
DVec2(4.5, 33.5)
DVec2(4.5, 34.5)
DVec2(4.5, 35.5)
DVec2(5.5, 32.5)
DVec2(5.5, 33.5)
DVec2(5.5, 34.5)
DVec2(5.5, 35.5)
DVec2(4.5, 36.5)
DVec2(4.5, 37.5)
DVec2(4.5, 38.5)
DVec2(4.5, 39.5)
DVec2(5.5, 36.5)
DVec2(5.5, 37.5)
DVec2(5.5, 38.5)
DVec2(5.5, 39.5)
DVec2(4.5, 40.5)
DVec2(4.5, 41.5)
DVec2(4.5, 42.5)
DVec2(4.5, 43.5)
DVec2(5.5, 40.5)
DVec2(5.5, 41.5)
DVec2(5.5, 42.5)
DVec2(5.5, 43.5)
DVec2(4.5, 44.5)
DVec2(4.5, 45.5)
DVec2(4.5, 46.5)
DVec2(4.5, 47.5)
DVec2(5.5, 44.5)
DVec2(5.5, 45.5)
DVec2(5.5, 46.5)
DVec2(5.5, 47.5)
DVec2(4.5, 48.5)
DVec2(4.5, 49.5)
DVec2(4.5, 50.5)
DVec2(4.5, 51.5)
DVec2(5.5, 48.5)
DVec2(5.5, 49.5)
DVec2(5.5, 50.5)
DVec2(5.5, 51.5)
DVec2(4.5, 52.5)
DVec2(4.5, 53.5)
DVec2(4.5, 54.5)
DVec2(4.5, 55.5)
DVec2(5.5, 52.5)
DVec2(5.5, 53.5)
DVec2(5.5, 54.5)
DVec2(5.5, 55.5)
DVec2(4.5, 56.5)
DVec2(4.5, 57.5)
DVec2(4.5, 58.5)
DVec2(4.5, 59.5)
DVec2(5.5, 56.5)
DVec2(5.5, 57.5)
DVec2(5.5, 58.5)
DVec2(5.5, 59.5)
DVec2(4.5, 60.5)
DVec2(4.5, 61.5)
DVec2(4.5, 62.5)
DVec2(4.5, 63.5)
DVec2(5.5, 60.5)
DVec2(5.5, 61.5)
DVec2(5.5, 62.5)
DVec2(5.5, 63.5)
DVec2(4.5, 64.5)
DVec2(4.5, 65.5)
DVec2(4.5, 66.5)
DVec2(4.5, 67.5)
DVec2(5.5, 64.5)
DVec2(5.5, 65.5)
DVec2(5.5, 66.5)
DVec2(5.5, 67.5)
DVec2(4.5, 68.5)
DVec2(4.5, 69.5)
DVec2(4.5, 70.5)
DVec2(4.5, 71.5)
DVec2(5.5, 68.5)
DVec2(5.5, 69.5)
DVec2(5.5, 70.5)
DVec2(5.5, 71.5)
DVec2(4.5, 72.5)
DVec2(4.5, 73.5)
DVec2(4.5, 74.5)
DVec2(4.5, 75.5)
DVec2(5.5, 72.5)
DVec2(5.5, 73.5)
DVec2(5.5, 74.5)
DVec2(5.5, 75.5)
DVec2(4.5, 76.5)
DVec2(4.5, 77.5)
DVec2(4.5, 78.5)
DVec2(4.5, 79.5)
DVec2(5.5, 76.5)
DVec2(5.5, 77.5)
DVec2(5.5, 78.5)
DVec2(5.5, 79.5)
DVec2(4.5, 80.5)
DVec2(4.5, 81.5)
DVec2(4.5, 82.5)
DVec2(4.5, 83.5)
DVec2(5.5, 80.5)
DVec2(5.5, 81.5)
DVec2(5.5, 82.5)
DVec2(5.5, 83.5)
DVec2(4.5, 84.5)
DVec2(4.5, 85.5)
DVec2(4.5, 86.5)
DVec2(4.5, 87.5)
DVec2(5.5, 84.5)
DVec2(5.5, 85.5)
DVec2(5.5, 86.5)
DVec2(5.5, 87.5)
DVec2(4.5, 88.5)
DVec2(4.5, 89.5)
DVec2(4.5, 90.5)
DVec2(4.5, 91.5)
DVec2(5.5, 88.5)
DVec2(5.5, 89.5)
DVec2(5.5, 90.5)
DVec2(5.5, 91.5)
DVec2(4.5, 92.5)
DVec2(4.5, 93.5)
DVec2(4.5, 94.5)
DVec2(4.5, 95.5)
DVec2(5.5, 92.5)
DVec2(5.5, 93.5)
DVec2(5.5, 94.5)
DVec2(5.5, 95.5)
DVec2(4.5, 96.5)
DVec2(4.5, 97.5)
DVec2(4.5, 98.5)
DVec2(4.5, 99.5)
DVec2(5.5, 96.5)
DVec2(5.5, 97.5)
DVec2(5.5, 98.5)
DVec2(5.5, 99.5)
DVec2(4.5, 100.5)
DVec2(4.5, 101.5)
DVec2(4.5, 102.5)
DVec2(4.5, 103.5)
DVec2(5.5, 100.5)
DVec2(5.5, 101.5)
DVec2(5.5, 102.5)
DVec2(5.5, 103.5)
DVec2(4.5, 104.5)
DVec2(4.5, 105.5)
DVec2(4.5, 106.5)
DVec2(4.5, 107.5)
DVec2(5.5, 104.5)
DVec2(5.5, 105.5)
DVec2(5.5, 106.5)
DVec2(5.5, 107.5)
DVec2(4.5, 108.5)
DVec2(4.5, 109.5)
DVec2(4.5, 110.5)
DVec2(4.5, 111.5)
DVec2(5.5, 108.5)
DVec2(5.5, 109.5)
DVec2(5.5, 110.5)
DVec2(5.5, 111.5)
DVec2(4.5, 112.5)
DVec2(4.5, 113.5)
DVec2(4.5, 114.5)
DVec2(4.5, 115.5)
DVec2(5.5, 112.5)
DVec2(5.5, 113.5)
DVec2(5.5, 114.5)
DVec2(5.5, 115.5)
DVec2(4.5, 116.5)
DVec2(4.5, 117.5)
DVec2(4.5, 118.5)
DVec2(4.5, 119.5)
DVec2(5.5, 116.5)
DVec2(5.5, 117.5)
DVec2(5.5, 118.5)
DVec2(5.5, 119.5)
DVec2(6.5, -119.5)
DVec2(6.5, -118.5)
DVec2(6.5, -117.5)
DVec2(6.5, -116.5)
DVec2(7.5, -119.5)
DVec2(7.5, -118.5)
DVec2(7.5, -117.5)
DVec2(7.5, -116.5)
DVec2(6.5, -115.5)
DVec2(6.5, -114.5)
DVec2(6.5, -113.5)
DVec2(6.5, -112.5)
DVec2(7.5, -115.5)
DVec2(7.5, -114.5)
DVec2(7.5, -113.5)
DVec2(7.5, -112.5)
DVec2(6.5, -111.5)
DVec2(6.5, -110.5)
DVec2(6.5, -109.5)
DVec2(6.5, -108.5)
DVec2(7.5, -111.5)
DVec2(7.5, -110.5)
DVec2(7.5, -109.5)
DVec2(7.5, -108.5)
DVec2(6.5, -107.5)
DVec2(6.5, -106.5)
DVec2(6.5, -105.5)
DVec2(6.5, -104.5)
DVec2(7.5, -107.5)
DVec2(7.5, -106.5)
DVec2(7.5, -105.5)
DVec2(7.5, -104.5)
DVec2(6.5, -103.5)
DVec2(6.5, -102.5)
DVec2(6.5, -101.5)
DVec2(6.5, -100.5)
DVec2(7.5, -103.5)
DVec2(7.5, -102.5)
DVec2(7.5, -101.5)
DVec2(7.5, -100.5)
DVec2(6.5, -99.5)
DVec2(6.5, -98.5)
DVec2(6.5, -97.5)
DVec2(6.5, -96.5)
DVec2(7.5, -99.5)
DVec2(7.5, -98.5)
DVec2(7.5, -97.5)
DVec2(7.5, -96.5)
DVec2(6.5, -95.5)
DVec2(6.5, -94.5)
DVec2(6.5, -93.5)
DVec2(6.5, -92.5)
DVec2(7.5, -95.5)
DVec2(7.5, -94.5)
DVec2(7.5, -93.5)
DVec2(7.5, -92.5)
DVec2(6.5, -91.5)
DVec2(6.5, -90.5)
DVec2(6.5, -89.5)
DVec2(6.5, -88.5)
DVec2(7.5, -91.5)
DVec2(7.5, -90.5)
DVec2(7.5, -89.5)
DVec2(7.5, -88.5)
DVec2(6.5, -87.5)
DVec2(6.5, -86.5)
DVec2(6.5, -85.5)
DVec2(6.5, -84.5)
DVec2(7.5, -87.5)
DVec2(7.5, -86.5)
DVec2(7.5, -85.5)
DVec2(7.5, -84.5)
DVec2(6.5, -83.5)
DVec2(6.5, -82.5)
DVec2(6.5, -81.5)
DVec2(6.5, -80.5)
DVec2(7.5, -83.5)
DVec2(7.5, -82.5)
DVec2(7.5, -81.5)
DVec2(7.5, -80.5)
DVec2(6.5, -79.5)
DVec2(6.5, -78.5)
DVec2(6.5, -77.5)
DVec2(6.5, -76.5)
DVec2(7.5, -79.5)
DVec2(7.5, -78.5)
DVec2(7.5, -77.5)
DVec2(7.5, -76.5)
DVec2(6.5, -75.5)
DVec2(6.5, -74.5)
DVec2(6.5, -73.5)
DVec2(6.5, -72.5)
DVec2(7.5, -75.5)
DVec2(7.5, -74.5)
DVec2(7.5, -73.5)
DVec2(7.5, -72.5)
DVec2(6.5, -71.5)
DVec2(6.5, -70.5)
DVec2(6.5, -69.5)
DVec2(6.5, -68.5)
DVec2(7.5, -71.5)
DVec2(7.5, -70.5)
DVec2(7.5, -69.5)
DVec2(7.5, -68.5)
DVec2(6.5, -67.5)
DVec2(6.5, -66.5)
DVec2(6.5, -65.5)
DVec2(6.5, -64.5)
DVec2(7.5, -67.5)
DVec2(7.5, -66.5)
DVec2(7.5, -65.5)
DVec2(7.5, -64.5)
DVec2(6.5, -63.5)
DVec2(6.5, -62.5)
DVec2(6.5, -61.5)
DVec2(6.5, -60.5)
DVec2(7.5, -63.5)
DVec2(7.5, -62.5)
DVec2(7.5, -61.5)
DVec2(7.5, -60.5)
DVec2(6.5, -59.5)
DVec2(6.5, -58.5)
DVec2(6.5, -57.5)
DVec2(6.5, -56.5)
DVec2(7.5, -59.5)
DVec2(7.5, -58.5)
DVec2(7.5, -57.5)
DVec2(7.5, -56.5)
DVec2(6.5, -55.5)
DVec2(6.5, -54.5)
DVec2(6.5, -53.5)
DVec2(6.5, -52.5)
DVec2(7.5, -55.5)
DVec2(7.5, -54.5)
DVec2(7.5, -53.5)
DVec2(7.5, -52.5)
DVec2(6.5, -51.5)
DVec2(6.5, -50.5)
DVec2(6.5, -49.5)
DVec2(6.5, -48.5)
DVec2(7.5, -51.5)
DVec2(7.5, -50.5)
DVec2(7.5, -49.5)
DVec2(7.5, -48.5)
DVec2(6.5, -47.5)
DVec2(6.5, -46.5)
DVec2(6.5, -45.5)
DVec2(6.5, -44.5)
DVec2(7.5, -47.5)
DVec2(7.5, -46.5)
DVec2(7.5, -45.5)
DVec2(7.5, -44.5)
DVec2(6.5, -43.5)
DVec2(6.5, -42.5)
DVec2(6.5, -41.5)
DVec2(6.5, -40.5)
DVec2(7.5, -43.5)
DVec2(7.5, -42.5)
DVec2(7.5, -41.5)
DVec2(7.5, -40.5)
DVec2(6.5, -39.5)
DVec2(6.5, -38.5)
DVec2(6.5, -37.5)
DVec2(6.5, -36.5)
DVec2(7.5, -39.5)
DVec2(7.5, -38.5)
DVec2(7.5, -37.5)
DVec2(7.5, -36.5)
DVec2(6.5, -35.5)
DVec2(6.5, -34.5)
DVec2(6.5, -33.5)
DVec2(6.5, -32.5)
DVec2(7.5, -35.5)
DVec2(7.5, -34.5)
DVec2(7.5, -33.5)
DVec2(7.5, -32.5)
DVec2(6.5, -31.5)
DVec2(6.5, -30.5)
DVec2(6.5, -29.5)
DVec2(6.5, -28.5)
DVec2(7.5, -31.5)
DVec2(7.5, -30.5)
DVec2(7.5, -29.5)
DVec2(7.5, -28.5)
DVec2(6.5, -27.5)
DVec2(6.5, -26.5)
DVec2(6.5, -25.5)
DVec2(6.5, -24.5)
DVec2(7.5, -27.5)
DVec2(7.5, -26.5)
DVec2(7.5, -25.5)
DVec2(7.5, -24.5)
DVec2(6.5, -23.5)
DVec2(6.5, -22.5)
DVec2(6.5, -21.5)
DVec2(6.5, -20.5)
DVec2(7.5, -23.5)
DVec2(7.5, -22.5)
DVec2(7.5, -21.5)
DVec2(7.5, -20.5)
DVec2(6.5, -19.5)
DVec2(6.5, -18.5)
DVec2(6.5, -17.5)
DVec2(6.5, -16.5)
DVec2(7.5, -19.5)
DVec2(7.5, -18.5)
DVec2(7.5, -17.5)
DVec2(7.5, -16.5)
DVec2(6.5, -15.5)
DVec2(6.5, -14.5)
DVec2(6.5, -13.5)
DVec2(6.5, -12.5)
DVec2(7.5, -15.5)
DVec2(7.5, -14.5)
DVec2(7.5, -13.5)
DVec2(7.5, -12.5)
DVec2(6.5, -11.5)
DVec2(6.5, -10.5)
DVec2(6.5, -9.5)
DVec2(6.5, -8.5)
DVec2(7.5, -11.5)
DVec2(7.5, -10.5)
DVec2(7.5, -9.5)
DVec2(7.5, -8.5)
DVec2(6.5, -7.5)
DVec2(6.5, -6.5)
DVec2(6.5, -5.5)
DVec2(6.5, -4.5)
DVec2(7.5, -7.5)
DVec2(7.5, -6.5)
DVec2(7.5, -5.5)
DVec2(7.5, -4.5)
DVec2(6.5, -3.5)
DVec2(6.5, -2.5)
DVec2(6.5, -1.5)
DVec2(6.5, -0.5)
DVec2(7.5, -3.5)
DVec2(7.5, -2.5)
DVec2(7.5, -1.5)
DVec2(7.5, -0.5)
DVec2(6.5, 0.5)
DVec2(6.5, 1.5)
DVec2(6.5, 2.5)
DVec2(6.5, 3.5)
DVec2(7.5, 0.5)
DVec2(7.5, 1.5)
DVec2(7.5, 2.5)
DVec2(7.5, 3.5)
DVec2(6.5, 4.5)
DVec2(6.5, 5.5)
DVec2(6.5, 6.5)
DVec2(6.5, 7.5)
DVec2(7.5, 4.5)
DVec2(7.5, 5.5)
DVec2(7.5, 6.5)
DVec2(7.5, 7.5)
DVec2(6.5, 8.5)
DVec2(6.5, 9.5)
DVec2(6.5, 10.5)
DVec2(6.5, 11.5)
DVec2(7.5, 8.5)
DVec2(7.5, 9.5)
DVec2(7.5, 10.5)
DVec2(7.5, 11.5)
DVec2(6.5, 12.5)
DVec2(6.5, 13.5)
DVec2(6.5, 14.5)
DVec2(6.5, 15.5)
DVec2(7.5, 12.5)
DVec2(7.5, 13.5)
DVec2(7.5, 14.5)
DVec2(7.5, 15.5)
DVec2(6.5, 16.5)
DVec2(6.5, 17.5)
DVec2(6.5, 18.5)
DVec2(6.5, 19.5)
DVec2(7.5, 16.5)
DVec2(7.5, 17.5)
DVec2(7.5, 18.5)
DVec2(7.5, 19.5)
DVec2(6.5, 20.5)
DVec2(6.5, 21.5)
DVec2(6.5, 22.5)
DVec2(6.5, 23.5)
DVec2(7.5, 20.5)
DVec2(7.5, 21.5)
DVec2(7.5, 22.5)
DVec2(7.5, 23.5)
DVec2(6.5, 24.5)
DVec2(6.5, 25.5)
DVec2(6.5, 26.5)
DVec2(6.5, 27.5)
DVec2(7.5, 24.5)
DVec2(7.5, 25.5)
DVec2(7.5, 26.5)
DVec2(7.5, 27.5)
DVec2(6.5, 28.5)
DVec2(6.5, 29.5)
DVec2(6.5, 30.5)
DVec2(6.5, 31.5)
DVec2(7.5, 28.5)
DVec2(7.5, 29.5)
DVec2(7.5, 30.5)
DVec2(7.5, 31.5)
DVec2(6.5, 32.5)
DVec2(6.5, 33.5)
DVec2(6.5, 34.5)
DVec2(6.5, 35.5)
DVec2(7.5, 32.5)
DVec2(7.5, 33.5)
DVec2(7.5, 34.5)
DVec2(7.5, 35.5)
DVec2(6.5, 36.5)
DVec2(6.5, 37.5)
DVec2(6.5, 38.5)
DVec2(6.5, 39.5)
DVec2(7.5, 36.5)
DVec2(7.5, 37.5)
DVec2(7.5, 38.5)
DVec2(7.5, 39.5)
DVec2(6.5, 40.5)
DVec2(6.5, 41.5)
DVec2(6.5, 42.5)
DVec2(6.5, 43.5)
DVec2(7.5, 40.5)
DVec2(7.5, 41.5)
DVec2(7.5, 42.5)
DVec2(7.5, 43.5)
DVec2(6.5, 44.5)
DVec2(6.5, 45.5)
DVec2(6.5, 46.5)
DVec2(6.5, 47.5)
DVec2(7.5, 44.5)
DVec2(7.5, 45.5)
DVec2(7.5, 46.5)
DVec2(7.5, 47.5)
DVec2(6.5, 48.5)
DVec2(6.5, 49.5)
DVec2(6.5, 50.5)
DVec2(6.5, 51.5)
DVec2(7.5, 48.5)
DVec2(7.5, 49.5)
DVec2(7.5, 50.5)
DVec2(7.5, 51.5)
DVec2(6.5, 52.5)
DVec2(6.5, 53.5)
DVec2(6.5, 54.5)
DVec2(6.5, 55.5)
DVec2(7.5, 52.5)
DVec2(7.5, 53.5)
DVec2(7.5, 54.5)
DVec2(7.5, 55.5)
DVec2(6.5, 56.5)
DVec2(6.5, 57.5)
DVec2(6.5, 58.5)
DVec2(6.5, 59.5)
DVec2(7.5, 56.5)
DVec2(7.5, 57.5)
DVec2(7.5, 58.5)
DVec2(7.5, 59.5)
DVec2(6.5, 60.5)
DVec2(6.5, 61.5)
DVec2(6.5, 62.5)
DVec2(6.5, 63.5)
DVec2(7.5, 60.5)
DVec2(7.5, 61.5)
DVec2(7.5, 62.5)
DVec2(7.5, 63.5)
DVec2(6.5, 64.5)
DVec2(6.5, 65.5)
DVec2(6.5, 66.5)
DVec2(6.5, 67.5)
DVec2(7.5, 64.5)
DVec2(7.5, 65.5)
DVec2(7.5, 66.5)
DVec2(7.5, 67.5)
DVec2(6.5, 68.5)
DVec2(6.5, 69.5)
DVec2(6.5, 70.5)
DVec2(6.5, 71.5)
DVec2(7.5, 68.5)
DVec2(7.5, 69.5)
DVec2(7.5, 70.5)
DVec2(7.5, 71.5)
DVec2(6.5, 72.5)
DVec2(6.5, 73.5)
DVec2(6.5, 74.5)
DVec2(6.5, 75.5)
DVec2(7.5, 72.5)
DVec2(7.5, 73.5)
DVec2(7.5, 74.5)
DVec2(7.5, 75.5)
DVec2(6.5, 76.5)
DVec2(6.5, 77.5)
DVec2(6.5, 78.5)
DVec2(6.5, 79.5)
DVec2(7.5, 76.5)
DVec2(7.5, 77.5)
DVec2(7.5, 78.5)
DVec2(7.5, 79.5)
DVec2(6.5, 80.5)
DVec2(6.5, 81.5)
DVec2(6.5, 82.5)
DVec2(6.5, 83.5)
DVec2(7.5, 80.5)
DVec2(7.5, 81.5)
DVec2(7.5, 82.5)
DVec2(7.5, 83.5)
DVec2(6.5, 84.5)
DVec2(6.5, 85.5)
DVec2(6.5, 86.5)
DVec2(6.5, 87.5)
DVec2(7.5, 84.5)
DVec2(7.5, 85.5)
DVec2(7.5, 86.5)
DVec2(7.5, 87.5)
DVec2(6.5, 88.5)
DVec2(6.5, 89.5)
DVec2(6.5, 90.5)
DVec2(6.5, 91.5)
DVec2(7.5, 88.5)
DVec2(7.5, 89.5)
DVec2(7.5, 90.5)
DVec2(7.5, 91.5)
DVec2(6.5, 92.5)
DVec2(6.5, 93.5)
DVec2(6.5, 94.5)
DVec2(6.5, 95.5)
DVec2(7.5, 92.5)
DVec2(7.5, 93.5)
DVec2(7.5, 94.5)
DVec2(7.5, 95.5)
DVec2(6.5, 96.5)
DVec2(6.5, 97.5)
DVec2(6.5, 98.5)
DVec2(6.5, 99.5)
DVec2(7.5, 96.5)
DVec2(7.5, 97.5)
DVec2(7.5, 98.5)
DVec2(7.5, 99.5)
DVec2(6.5, 100.5)
DVec2(6.5, 101.5)
DVec2(6.5, 102.5)
DVec2(6.5, 103.5)
DVec2(7.5, 100.5)
DVec2(7.5, 101.5)
DVec2(7.5, 102.5)
DVec2(7.5, 103.5)
DVec2(6.5, 104.5)
DVec2(6.5, 105.5)
DVec2(6.5, 106.5)
DVec2(6.5, 107.5)
DVec2(7.5, 104.5)
DVec2(7.5, 105.5)
DVec2(7.5, 106.5)
DVec2(7.5, 107.5)
DVec2(6.5, 108.5)
DVec2(6.5, 109.5)
DVec2(6.5, 110.5)
DVec2(6.5, 111.5)
DVec2(7.5, 108.5)
DVec2(7.5, 109.5)
DVec2(7.5, 110.5)
DVec2(7.5, 111.5)
DVec2(6.5, 112.5)
DVec2(6.5, 113.5)
DVec2(6.5, 114.5)
DVec2(6.5, 115.5)
DVec2(7.5, 112.5)
DVec2(7.5, 113.5)
DVec2(7.5, 114.5)
DVec2(7.5, 115.5)
DVec2(6.5, 116.5)
DVec2(6.5, 117.5)
DVec2(6.5, 118.5)
DVec2(6.5, 119.5)
DVec2(7.5, 116.5)
DVec2(7.5, 117.5)
DVec2(7.5, 118.5)
DVec2(7.5, 119.5)
DVec2(8.5, -119.5)
DVec2(8.5, -118.5)
DVec2(8.5, -117.5)
DVec2(8.5, -116.5)
DVec2(9.5, -119.5)
DVec2(9.5, -118.5)
DVec2(9.5, -117.5)
DVec2(9.5, -116.5)
DVec2(8.5, -115.5)
DVec2(8.5, -114.5)
DVec2(8.5, -113.5)
DVec2(8.5, -112.5)
DVec2(9.5, -115.5)
DVec2(9.5, -114.5)
DVec2(9.5, -113.5)
DVec2(9.5, -112.5)
DVec2(8.5, -111.5)
DVec2(8.5, -110.5)
DVec2(8.5, -109.5)
DVec2(8.5, -108.5)
DVec2(9.5, -111.5)
DVec2(9.5, -110.5)
DVec2(9.5, -109.5)
DVec2(9.5, -108.5)
DVec2(8.5, -107.5)
DVec2(8.5, -106.5)
DVec2(8.5, -105.5)
DVec2(8.5, -104.5)
DVec2(9.5, -107.5)
DVec2(9.5, -106.5)
DVec2(9.5, -105.5)
DVec2(9.5, -104.5)
DVec2(8.5, -103.5)
DVec2(8.5, -102.5)
DVec2(8.5, -101.5)
DVec2(8.5, -100.5)
DVec2(9.5, -103.5)
DVec2(9.5, -102.5)
DVec2(9.5, -101.5)
DVec2(9.5, -100.5)
DVec2(8.5, -99.5)
DVec2(8.5, -98.5)
DVec2(8.5, -97.5)
DVec2(8.5, -96.5)
DVec2(9.5, -99.5)
DVec2(9.5, -98.5)
DVec2(9.5, -97.5)
DVec2(9.5, -96.5)
DVec2(8.5, -95.5)
DVec2(8.5, -94.5)
DVec2(8.5, -93.5)
DVec2(8.5, -92.5)
DVec2(9.5, -95.5)
DVec2(9.5, -94.5)
DVec2(9.5, -93.5)
DVec2(9.5, -92.5)
DVec2(8.5, -91.5)
DVec2(8.5, -90.5)
DVec2(8.5, -89.5)
DVec2(8.5, -88.5)
DVec2(9.5, -91.5)
DVec2(9.5, -90.5)
DVec2(9.5, -89.5)
DVec2(9.5, -88.5)
DVec2(8.5, -87.5)
DVec2(8.5, -86.5)
DVec2(8.5, -85.5)
DVec2(8.5, -84.5)
DVec2(9.5, -87.5)
DVec2(9.5, -86.5)
DVec2(9.5, -85.5)
DVec2(9.5, -84.5)
DVec2(8.5, -83.5)
DVec2(8.5, -82.5)
DVec2(8.5, -81.5)
DVec2(8.5, -80.5)
DVec2(9.5, -83.5)
DVec2(9.5, -82.5)
DVec2(9.5, -81.5)
DVec2(9.5, -80.5)
DVec2(8.5, -79.5)
DVec2(8.5, -78.5)
DVec2(8.5, -77.5)
DVec2(8.5, -76.5)
DVec2(9.5, -79.5)
DVec2(9.5, -78.5)
DVec2(9.5, -77.5)
DVec2(9.5, -76.5)
DVec2(8.5, -75.5)
DVec2(8.5, -74.5)
DVec2(8.5, -73.5)
DVec2(8.5, -72.5)
DVec2(9.5, -75.5)
DVec2(9.5, -74.5)
DVec2(9.5, -73.5)
DVec2(9.5, -72.5)
DVec2(8.5, -71.5)
DVec2(8.5, -70.5)
DVec2(8.5, -69.5)
DVec2(8.5, -68.5)
DVec2(9.5, -71.5)
DVec2(9.5, -70.5)
DVec2(9.5, -69.5)
DVec2(9.5, -68.5)
DVec2(8.5, -67.5)
DVec2(8.5, -66.5)
DVec2(8.5, -65.5)
DVec2(8.5, -64.5)
DVec2(9.5, -67.5)
DVec2(9.5, -66.5)
DVec2(9.5, -65.5)
DVec2(9.5, -64.5)
DVec2(8.5, -63.5)
DVec2(8.5, -62.5)
DVec2(8.5, -61.5)
DVec2(8.5, -60.5)
DVec2(9.5, -63.5)
DVec2(9.5, -62.5)
DVec2(9.5, -61.5)
DVec2(9.5, -60.5)
DVec2(8.5, -59.5)
DVec2(8.5, -58.5)
DVec2(8.5, -57.5)
DVec2(8.5, -56.5)
DVec2(9.5, -59.5)
DVec2(9.5, -58.5)
DVec2(9.5, -57.5)
DVec2(9.5, -56.5)
DVec2(8.5, -55.5)
DVec2(8.5, -54.5)
DVec2(8.5, -53.5)
DVec2(8.5, -52.5)
DVec2(9.5, -55.5)
DVec2(9.5, -54.5)
DVec2(9.5, -53.5)
DVec2(9.5, -52.5)
DVec2(8.5, -51.5)
DVec2(8.5, -50.5)
DVec2(8.5, -49.5)
DVec2(8.5, -48.5)
DVec2(9.5, -51.5)
DVec2(9.5, -50.5)
DVec2(9.5, -49.5)
DVec2(9.5, -48.5)
DVec2(8.5, -47.5)
DVec2(8.5, -46.5)
DVec2(8.5, -45.5)
DVec2(8.5, -44.5)
DVec2(9.5, -47.5)
DVec2(9.5, -46.5)
DVec2(9.5, -45.5)
DVec2(9.5, -44.5)
DVec2(8.5, -43.5)
DVec2(8.5, -42.5)
DVec2(8.5, -41.5)
DVec2(8.5, -40.5)
DVec2(9.5, -43.5)
DVec2(9.5, -42.5)
DVec2(9.5, -41.5)
DVec2(9.5, -40.5)
DVec2(8.5, -39.5)
DVec2(8.5, -38.5)
DVec2(8.5, -37.5)
DVec2(8.5, -36.5)
DVec2(9.5, -39.5)
DVec2(9.5, -38.5)
DVec2(9.5, -37.5)
DVec2(9.5, -36.5)
DVec2(8.5, -35.5)
DVec2(8.5, -34.5)
DVec2(8.5, -33.5)
DVec2(8.5, -32.5)
DVec2(9.5, -35.5)
DVec2(9.5, -34.5)
DVec2(9.5, -33.5)
DVec2(9.5, -32.5)
DVec2(8.5, -31.5)
DVec2(8.5, -30.5)
DVec2(8.5, -29.5)
DVec2(8.5, -28.5)
DVec2(9.5, -31.5)
DVec2(9.5, -30.5)
DVec2(9.5, -29.5)
DVec2(9.5, -28.5)
DVec2(8.5, -27.5)
DVec2(8.5, -26.5)
DVec2(8.5, -25.5)
DVec2(8.5, -24.5)
DVec2(9.5, -27.5)
DVec2(9.5, -26.5)
DVec2(9.5, -25.5)
DVec2(9.5, -24.5)
DVec2(8.5, -23.5)
DVec2(8.5, -22.5)
DVec2(8.5, -21.5)
DVec2(8.5, -20.5)
DVec2(9.5, -23.5)
DVec2(9.5, -22.5)
DVec2(9.5, -21.5)
DVec2(9.5, -20.5)
DVec2(8.5, -19.5)
DVec2(8.5, -18.5)
DVec2(8.5, -17.5)
DVec2(8.5, -16.5)
DVec2(9.5, -19.5)
DVec2(9.5, -18.5)
DVec2(9.5, -17.5)
DVec2(9.5, -16.5)
DVec2(8.5, -15.5)
DVec2(8.5, -14.5)
DVec2(8.5, -13.5)
DVec2(8.5, -12.5)
DVec2(9.5, -15.5)
DVec2(9.5, -14.5)
DVec2(9.5, -13.5)
DVec2(9.5, -12.5)
DVec2(8.5, -11.5)
DVec2(8.5, -10.5)
DVec2(8.5, -9.5)
DVec2(8.5, -8.5)
DVec2(9.5, -11.5)
DVec2(9.5, -10.5)
DVec2(9.5, -9.5)
DVec2(9.5, -8.5)
DVec2(8.5, -7.5)
DVec2(8.5, -6.5)
DVec2(8.5, -5.5)
DVec2(8.5, -4.5)
DVec2(9.5, -7.5)
DVec2(9.5, -6.5)
DVec2(9.5, -5.5)
DVec2(9.5, -4.5)
DVec2(8.5, -3.5)
DVec2(8.5, -2.5)
DVec2(8.5, -1.5)
DVec2(8.5, -0.5)
DVec2(9.5, -3.5)
DVec2(9.5, -2.5)
DVec2(9.5, -1.5)
DVec2(9.5, -0.5)
DVec2(8.5, 0.5)
DVec2(8.5, 1.5)
DVec2(8.5, 2.5)
DVec2(8.5, 3.5)
DVec2(9.5, 0.5)
DVec2(9.5, 1.5)
DVec2(9.5, 2.5)
DVec2(9.5, 3.5)
DVec2(8.5, 4.5)
DVec2(8.5, 5.5)
DVec2(8.5, 6.5)
DVec2(8.5, 7.5)
DVec2(9.5, 4.5)
DVec2(9.5, 5.5)
DVec2(9.5, 6.5)
DVec2(9.5, 7.5)
DVec2(8.5, 8.5)
DVec2(8.5, 9.5)
DVec2(8.5, 10.5)
DVec2(8.5, 11.5)
DVec2(9.5, 8.5)
DVec2(9.5, 9.5)
DVec2(9.5, 10.5)
DVec2(9.5, 11.5)
DVec2(8.5, 12.5)
DVec2(8.5, 13.5)
DVec2(8.5, 14.5)
DVec2(8.5, 15.5)
DVec2(9.5, 12.5)
DVec2(9.5, 13.5)
DVec2(9.5, 14.5)
DVec2(9.5, 15.5)
DVec2(8.5, 16.5)
DVec2(8.5, 17.5)
DVec2(8.5, 18.5)
DVec2(8.5, 19.5)
DVec2(9.5, 16.5)
DVec2(9.5, 17.5)
DVec2(9.5, 18.5)
DVec2(9.5, 19.5)
DVec2(8.5, 20.5)
DVec2(8.5, 21.5)
DVec2(8.5, 22.5)
DVec2(8.5, 23.5)
DVec2(9.5, 20.5)
DVec2(9.5, 21.5)
DVec2(9.5, 22.5)
DVec2(9.5, 23.5)
DVec2(8.5, 24.5)
DVec2(8.5, 25.5)
DVec2(8.5, 26.5)
DVec2(8.5, 27.5)
DVec2(9.5, 24.5)
DVec2(9.5, 25.5)
DVec2(9.5, 26.5)
DVec2(9.5, 27.5)
DVec2(8.5, 28.5)
DVec2(8.5, 29.5)
DVec2(8.5, 30.5)
DVec2(8.5, 31.5)
DVec2(9.5, 28.5)
DVec2(9.5, 29.5)
DVec2(9.5, 30.5)
DVec2(9.5, 31.5)
DVec2(8.5, 32.5)
DVec2(8.5, 33.5)
DVec2(8.5, 34.5)
DVec2(8.5, 35.5)
DVec2(9.5, 32.5)
DVec2(9.5, 33.5)
DVec2(9.5, 34.5)
DVec2(9.5, 35.5)
DVec2(8.5, 36.5)
DVec2(8.5, 37.5)
DVec2(8.5, 38.5)
DVec2(8.5, 39.5)
DVec2(9.5, 36.5)
DVec2(9.5, 37.5)
DVec2(9.5, 38.5)
DVec2(9.5, 39.5)
DVec2(8.5, 40.5)
DVec2(8.5, 41.5)
DVec2(8.5, 42.5)
DVec2(8.5, 43.5)
DVec2(9.5, 40.5)
DVec2(9.5, 41.5)
DVec2(9.5, 42.5)
DVec2(9.5, 43.5)
DVec2(8.5, 44.5)
DVec2(8.5, 45.5)
DVec2(8.5, 46.5)
DVec2(8.5, 47.5)
DVec2(9.5, 44.5)
DVec2(9.5, 45.5)
DVec2(9.5, 46.5)
DVec2(9.5, 47.5)
DVec2(8.5, 48.5)
DVec2(8.5, 49.5)
DVec2(8.5, 50.5)
DVec2(8.5, 51.5)
DVec2(9.5, 48.5)
DVec2(9.5, 49.5)
DVec2(9.5, 50.5)
DVec2(9.5, 51.5)
DVec2(8.5, 52.5)
DVec2(8.5, 53.5)
DVec2(8.5, 54.5)
DVec2(8.5, 55.5)
DVec2(9.5, 52.5)
DVec2(9.5, 53.5)
DVec2(9.5, 54.5)
DVec2(9.5, 55.5)
DVec2(8.5, 56.5)
DVec2(8.5, 57.5)
DVec2(8.5, 58.5)
DVec2(8.5, 59.5)
DVec2(9.5, 56.5)
DVec2(9.5, 57.5)
DVec2(9.5, 58.5)
DVec2(9.5, 59.5)
DVec2(8.5, 60.5)
DVec2(8.5, 61.5)
DVec2(8.5, 62.5)
DVec2(8.5, 63.5)
DVec2(9.5, 60.5)
DVec2(9.5, 61.5)
DVec2(9.5, 62.5)
DVec2(9.5, 63.5)
DVec2(8.5, 64.5)
DVec2(8.5, 65.5)
DVec2(8.5, 66.5)
DVec2(8.5, 67.5)
DVec2(9.5, 64.5)
DVec2(9.5, 65.5)
DVec2(9.5, 66.5)
DVec2(9.5, 67.5)
DVec2(8.5, 68.5)
DVec2(8.5, 69.5)
DVec2(8.5, 70.5)
DVec2(8.5, 71.5)
DVec2(9.5, 68.5)
DVec2(9.5, 69.5)
DVec2(9.5, 70.5)
DVec2(9.5, 71.5)
DVec2(8.5, 72.5)
DVec2(8.5, 73.5)
DVec2(8.5, 74.5)
DVec2(8.5, 75.5)
DVec2(9.5, 72.5)
DVec2(9.5, 73.5)
DVec2(9.5, 74.5)
DVec2(9.5, 75.5)
DVec2(8.5, 76.5)
DVec2(8.5, 77.5)
DVec2(8.5, 78.5)
DVec2(8.5, 79.5)
DVec2(9.5, 76.5)
DVec2(9.5, 77.5)
DVec2(9.5, 78.5)
DVec2(9.5, 79.5)
DVec2(8.5, 80.5)
DVec2(8.5, 81.5)
DVec2(8.5, 82.5)
DVec2(8.5, 83.5)
DVec2(9.5, 80.5)
DVec2(9.5, 81.5)
DVec2(9.5, 82.5)
DVec2(9.5, 83.5)
DVec2(8.5, 84.5)
DVec2(8.5, 85.5)
DVec2(8.5, 86.5)
DVec2(8.5, 87.5)
DVec2(9.5, 84.5)
DVec2(9.5, 85.5)
DVec2(9.5, 86.5)
DVec2(9.5, 87.5)
DVec2(8.5, 88.5)
DVec2(8.5, 89.5)
DVec2(8.5, 90.5)
DVec2(8.5, 91.5)
DVec2(9.5, 88.5)
DVec2(9.5, 89.5)
DVec2(9.5, 90.5)
DVec2(9.5, 91.5)
DVec2(8.5, 92.5)
DVec2(8.5, 93.5)
DVec2(8.5, 94.5)
DVec2(8.5, 95.5)
DVec2(9.5, 92.5)
DVec2(9.5, 93.5)
DVec2(9.5, 94.5)
DVec2(9.5, 95.5)
DVec2(8.5, 96.5)
DVec2(8.5, 97.5)
DVec2(8.5, 98.5)
DVec2(8.5, 99.5)
DVec2(9.5, 96.5)
DVec2(9.5, 97.5)
DVec2(9.5, 98.5)
DVec2(9.5, 99.5)
DVec2(8.5, 100.5)
DVec2(8.5, 101.5)
DVec2(8.5, 102.5)
DVec2(8.5, 103.5)
DVec2(9.5, 100.5)
DVec2(9.5, 101.5)
DVec2(9.5, 102.5)
DVec2(9.5, 103.5)
DVec2(8.5, 104.5)
DVec2(8.5, 105.5)
DVec2(8.5, 106.5)
DVec2(8.5, 107.5)
DVec2(9.5, 104.5)
DVec2(9.5, 105.5)
DVec2(9.5, 106.5)
DVec2(9.5, 107.5)
DVec2(8.5, 108.5)
DVec2(8.5, 109.5)
DVec2(8.5, 110.5)
DVec2(8.5, 111.5)
DVec2(9.5, 108.5)
DVec2(9.5, 109.5)
DVec2(9.5, 110.5)
DVec2(9.5, 111.5)
DVec2(8.5, 112.5)
DVec2(8.5, 113.5)
DVec2(8.5, 114.5)
DVec2(8.5, 115.5)
DVec2(9.5, 112.5)
DVec2(9.5, 113.5)
DVec2(9.5, 114.5)
DVec2(9.5, 115.5)
DVec2(8.5, 116.5)
DVec2(8.5, 117.5)
DVec2(8.5, 118.5)
DVec2(8.5, 119.5)
DVec2(9.5, 116.5)
DVec2(9.5, 117.5)
DVec2(9.5, 118.5)
DVec2(9.5, 119.5)
DVec2(10.5, -119.5)
DVec2(10.5, -118.5)
DVec2(10.5, -117.5)
DVec2(10.5, -116.5)
DVec2(11.5, -119.5)
DVec2(11.5, -118.5)
DVec2(11.5, -117.5)
DVec2(11.5, -116.5)
DVec2(10.5, -115.5)
DVec2(10.5, -114.5)
DVec2(10.5, -113.5)
DVec2(10.5, -112.5)
DVec2(11.5, -115.5)
DVec2(11.5, -114.5)
DVec2(11.5, -113.5)
DVec2(11.5, -112.5)
DVec2(10.5, -111.5)
DVec2(10.5, -110.5)
DVec2(10.5, -109.5)
DVec2(10.5, -108.5)
DVec2(11.5, -111.5)
DVec2(11.5, -110.5)
DVec2(11.5, -109.5)
DVec2(11.5, -108.5)
DVec2(10.5, -107.5)
DVec2(10.5, -106.5)
DVec2(10.5, -105.5)
DVec2(10.5, -104.5)
DVec2(11.5, -107.5)
DVec2(11.5, -106.5)
DVec2(11.5, -105.5)
DVec2(11.5, -104.5)
DVec2(10.5, -103.5)
DVec2(10.5, -102.5)
DVec2(10.5, -101.5)
DVec2(10.5, -100.5)
DVec2(11.5, -103.5)
DVec2(11.5, -102.5)
DVec2(11.5, -101.5)
DVec2(11.5, -100.5)
DVec2(10.5, -99.5)
DVec2(10.5, -98.5)
DVec2(10.5, -97.5)
DVec2(10.5, -96.5)
DVec2(11.5, -99.5)
DVec2(11.5, -98.5)
DVec2(11.5, -97.5)
DVec2(11.5, -96.5)
DVec2(10.5, -95.5)
DVec2(10.5, -94.5)
DVec2(10.5, -93.5)
DVec2(10.5, -92.5)
DVec2(11.5, -95.5)
DVec2(11.5, -94.5)
DVec2(11.5, -93.5)
DVec2(11.5, -92.5)
DVec2(10.5, -91.5)
DVec2(10.5, -90.5)
DVec2(10.5, -89.5)
DVec2(10.5, -88.5)
DVec2(11.5, -91.5)
DVec2(11.5, -90.5)
DVec2(11.5, -89.5)
DVec2(11.5, -88.5)
DVec2(10.5, -87.5)
DVec2(10.5, -86.5)
DVec2(10.5, -85.5)
DVec2(10.5, -84.5)
DVec2(11.5, -87.5)
DVec2(11.5, -86.5)
DVec2(11.5, -85.5)
DVec2(11.5, -84.5)
DVec2(10.5, -83.5)
DVec2(10.5, -82.5)
DVec2(10.5, -81.5)
DVec2(10.5, -80.5)
DVec2(11.5, -83.5)
DVec2(11.5, -82.5)
DVec2(11.5, -81.5)
DVec2(11.5, -80.5)
DVec2(10.5, -79.5)
DVec2(10.5, -78.5)
DVec2(10.5, -77.5)
DVec2(10.5, -76.5)
DVec2(11.5, -79.5)
DVec2(11.5, -78.5)
DVec2(11.5, -77.5)
DVec2(11.5, -76.5)
DVec2(10.5, -75.5)
DVec2(10.5, -74.5)
DVec2(10.5, -73.5)
DVec2(10.5, -72.5)
DVec2(11.5, -75.5)
DVec2(11.5, -74.5)
DVec2(11.5, -73.5)
DVec2(11.5, -72.5)
DVec2(10.5, -71.5)
DVec2(10.5, -70.5)
DVec2(10.5, -69.5)
DVec2(10.5, -68.5)
DVec2(11.5, -71.5)
DVec2(11.5, -70.5)
DVec2(11.5, -69.5)
DVec2(11.5, -68.5)
DVec2(10.5, -67.5)
DVec2(10.5, -66.5)
DVec2(10.5, -65.5)
DVec2(10.5, -64.5)
DVec2(11.5, -67.5)
DVec2(11.5, -66.5)
DVec2(11.5, -65.5)
DVec2(11.5, -64.5)
DVec2(10.5, -63.5)
DVec2(10.5, -62.5)
DVec2(10.5, -61.5)
DVec2(10.5, -60.5)
DVec2(11.5, -63.5)
DVec2(11.5, -62.5)
DVec2(11.5, -61.5)
DVec2(11.5, -60.5)
DVec2(10.5, -59.5)
DVec2(10.5, -58.5)
DVec2(10.5, -57.5)
DVec2(10.5, -56.5)
DVec2(11.5, -59.5)
DVec2(11.5, -58.5)
DVec2(11.5, -57.5)
DVec2(11.5, -56.5)
DVec2(10.5, -55.5)
DVec2(10.5, -54.5)
DVec2(10.5, -53.5)
DVec2(10.5, -52.5)
DVec2(11.5, -55.5)
DVec2(11.5, -54.5)
DVec2(11.5, -53.5)
DVec2(11.5, -52.5)
DVec2(10.5, -51.5)
DVec2(10.5, -50.5)
DVec2(10.5, -49.5)
DVec2(10.5, -48.5)
DVec2(11.5, -51.5)
DVec2(11.5, -50.5)
DVec2(11.5, -49.5)
DVec2(11.5, -48.5)
DVec2(10.5, -47.5)
DVec2(10.5, -46.5)
DVec2(10.5, -45.5)
DVec2(10.5, -44.5)
DVec2(11.5, -47.5)
DVec2(11.5, -46.5)
DVec2(11.5, -45.5)
DVec2(11.5, -44.5)
DVec2(10.5, -43.5)
DVec2(10.5, -42.5)
DVec2(10.5, -41.5)
DVec2(10.5, -40.5)
DVec2(11.5, -43.5)
DVec2(11.5, -42.5)
DVec2(11.5, -41.5)
DVec2(11.5, -40.5)
DVec2(10.5, -39.5)
DVec2(10.5, -38.5)
DVec2(10.5, -37.5)
DVec2(10.5, -36.5)
DVec2(11.5, -39.5)
DVec2(11.5, -38.5)
DVec2(11.5, -37.5)
DVec2(11.5, -36.5)
DVec2(10.5, -35.5)
DVec2(10.5, -34.5)
DVec2(10.5, -33.5)
DVec2(10.5, -32.5)
DVec2(11.5, -35.5)
DVec2(11.5, -34.5)
DVec2(11.5, -33.5)
DVec2(11.5, -32.5)
DVec2(10.5, -31.5)
DVec2(10.5, -30.5)
DVec2(10.5, -29.5)
DVec2(10.5, -28.5)
DVec2(11.5, -31.5)
DVec2(11.5, -30.5)
DVec2(11.5, -29.5)
DVec2(11.5, -28.5)
DVec2(10.5, -27.5)
DVec2(10.5, -26.5)
DVec2(10.5, -25.5)
DVec2(10.5, -24.5)
DVec2(11.5, -27.5)
DVec2(11.5, -26.5)
DVec2(11.5, -25.5)
DVec2(11.5, -24.5)
DVec2(10.5, -23.5)
DVec2(10.5, -22.5)
DVec2(10.5, -21.5)
DVec2(10.5, -20.5)
DVec2(11.5, -23.5)
DVec2(11.5, -22.5)
DVec2(11.5, -21.5)
DVec2(11.5, -20.5)
DVec2(10.5, -19.5)
DVec2(10.5, -18.5)
DVec2(10.5, -17.5)
DVec2(10.5, -16.5)
DVec2(11.5, -19.5)
DVec2(11.5, -18.5)
DVec2(11.5, -17.5)
DVec2(11.5, -16.5)
DVec2(10.5, -15.5)
DVec2(10.5, -14.5)
DVec2(10.5, -13.5)
DVec2(10.5, -12.5)
DVec2(11.5, -15.5)
DVec2(11.5, -14.5)
DVec2(11.5, -13.5)
DVec2(11.5, -12.5)
DVec2(10.5, -11.5)
DVec2(10.5, -10.5)
DVec2(10.5, -9.5)
DVec2(10.5, -8.5)
DVec2(11.5, -11.5)
DVec2(11.5, -10.5)
DVec2(11.5, -9.5)
DVec2(11.5, -8.5)
DVec2(10.5, -7.5)
DVec2(10.5, -6.5)
DVec2(10.5, -5.5)
DVec2(10.5, -4.5)
DVec2(11.5, -7.5)
DVec2(11.5, -6.5)
DVec2(11.5, -5.5)
DVec2(11.5, -4.5)
DVec2(10.5, -3.5)
DVec2(10.5, -2.5)
DVec2(10.5, -1.5)
DVec2(10.5, -0.5)
DVec2(11.5, -3.5)
DVec2(11.5, -2.5)
DVec2(11.5, -1.5)
DVec2(11.5, -0.5)
DVec2(10.5, 0.5)
DVec2(10.5, 1.5)
DVec2(10.5, 2.5)
DVec2(10.5, 3.5)
DVec2(11.5, 0.5)
DVec2(11.5, 1.5)
DVec2(11.5, 2.5)
DVec2(11.5, 3.5)
DVec2(10.5, 4.5)
DVec2(10.5, 5.5)
DVec2(10.5, 6.5)
DVec2(10.5, 7.5)
DVec2(11.5, 4.5)
DVec2(11.5, 5.5)
DVec2(11.5, 6.5)
DVec2(11.5, 7.5)
DVec2(10.5, 8.5)
DVec2(10.5, 9.5)
DVec2(10.5, 10.5)
DVec2(10.5, 11.5)
DVec2(11.5, 8.5)
DVec2(11.5, 9.5)
DVec2(11.5, 10.5)
DVec2(11.5, 11.5)
DVec2(10.5, 12.5)
DVec2(10.5, 13.5)
DVec2(10.5, 14.5)
DVec2(10.5, 15.5)
DVec2(11.5, 12.5)
DVec2(11.5, 13.5)
DVec2(11.5, 14.5)
DVec2(11.5, 15.5)
DVec2(10.5, 16.5)
DVec2(10.5, 17.5)
DVec2(10.5, 18.5)
DVec2(10.5, 19.5)
DVec2(11.5, 16.5)
DVec2(11.5, 17.5)
DVec2(11.5, 18.5)
DVec2(11.5, 19.5)
DVec2(10.5, 20.5)
DVec2(10.5, 21.5)
DVec2(10.5, 22.5)
DVec2(10.5, 23.5)
DVec2(11.5, 20.5)
DVec2(11.5, 21.5)
DVec2(11.5, 22.5)
DVec2(11.5, 23.5)
DVec2(10.5, 24.5)
DVec2(10.5, 25.5)
DVec2(10.5, 26.5)
DVec2(10.5, 27.5)
DVec2(11.5, 24.5)
DVec2(11.5, 25.5)
DVec2(11.5, 26.5)
DVec2(11.5, 27.5)
DVec2(10.5, 28.5)
DVec2(10.5, 29.5)
DVec2(10.5, 30.5)
DVec2(10.5, 31.5)
DVec2(11.5, 28.5)
DVec2(11.5, 29.5)
DVec2(11.5, 30.5)
DVec2(11.5, 31.5)
DVec2(10.5, 32.5)
DVec2(10.5, 33.5)
DVec2(10.5, 34.5)
DVec2(10.5, 35.5)
DVec2(11.5, 32.5)
DVec2(11.5, 33.5)
DVec2(11.5, 34.5)
DVec2(11.5, 35.5)
DVec2(10.5, 36.5)
DVec2(10.5, 37.5)
DVec2(10.5, 38.5)
DVec2(10.5, 39.5)
DVec2(11.5, 36.5)
DVec2(11.5, 37.5)
DVec2(11.5, 38.5)
DVec2(11.5, 39.5)
DVec2(10.5, 40.5)
DVec2(10.5, 41.5)
DVec2(10.5, 42.5)
DVec2(10.5, 43.5)
DVec2(11.5, 40.5)
DVec2(11.5, 41.5)
DVec2(11.5, 42.5)
DVec2(11.5, 43.5)
DVec2(10.5, 44.5)
DVec2(10.5, 45.5)
DVec2(10.5, 46.5)
DVec2(10.5, 47.5)
DVec2(11.5, 44.5)
DVec2(11.5, 45.5)
DVec2(11.5, 46.5)
DVec2(11.5, 47.5)
DVec2(10.5, 48.5)
DVec2(10.5, 49.5)
DVec2(10.5, 50.5)
DVec2(10.5, 51.5)
DVec2(11.5, 48.5)
DVec2(11.5, 49.5)
DVec2(11.5, 50.5)
DVec2(11.5, 51.5)
DVec2(10.5, 52.5)
DVec2(10.5, 53.5)
DVec2(10.5, 54.5)
DVec2(10.5, 55.5)
DVec2(11.5, 52.5)
DVec2(11.5, 53.5)
DVec2(11.5, 54.5)
DVec2(11.5, 55.5)
DVec2(10.5, 56.5)
DVec2(10.5, 57.5)
DVec2(10.5, 58.5)
DVec2(10.5, 59.5)
DVec2(11.5, 56.5)
DVec2(11.5, 57.5)
DVec2(11.5, 58.5)
DVec2(11.5, 59.5)
DVec2(10.5, 60.5)
DVec2(10.5, 61.5)
DVec2(10.5, 62.5)
DVec2(10.5, 63.5)
DVec2(11.5, 60.5)
DVec2(11.5, 61.5)
DVec2(11.5, 62.5)
DVec2(11.5, 63.5)
DVec2(10.5, 64.5)
DVec2(10.5, 65.5)
DVec2(10.5, 66.5)
DVec2(10.5, 67.5)
DVec2(11.5, 64.5)
DVec2(11.5, 65.5)
DVec2(11.5, 66.5)
DVec2(11.5, 67.5)
DVec2(10.5, 68.5)
DVec2(10.5, 69.5)
DVec2(10.5, 70.5)
DVec2(10.5, 71.5)
DVec2(11.5, 68.5)
DVec2(11.5, 69.5)
DVec2(11.5, 70.5)
DVec2(11.5, 71.5)
DVec2(10.5, 72.5)
DVec2(10.5, 73.5)
DVec2(10.5, 74.5)
DVec2(10.5, 75.5)
DVec2(11.5, 72.5)
DVec2(11.5, 73.5)
DVec2(11.5, 74.5)
DVec2(11.5, 75.5)
DVec2(10.5, 76.5)
DVec2(10.5, 77.5)
DVec2(10.5, 78.5)
DVec2(10.5, 79.5)
DVec2(11.5, 76.5)
DVec2(11.5, 77.5)
DVec2(11.5, 78.5)
DVec2(11.5, 79.5)
DVec2(10.5, 80.5)
DVec2(10.5, 81.5)
DVec2(10.5, 82.5)
DVec2(10.5, 83.5)
DVec2(11.5, 80.5)
DVec2(11.5, 81.5)
DVec2(11.5, 82.5)
DVec2(11.5, 83.5)
DVec2(10.5, 84.5)
DVec2(10.5, 85.5)
DVec2(10.5, 86.5)
DVec2(10.5, 87.5)
DVec2(11.5, 84.5)
DVec2(11.5, 85.5)
DVec2(11.5, 86.5)
DVec2(11.5, 87.5)
DVec2(10.5, 88.5)
DVec2(10.5, 89.5)
DVec2(10.5, 90.5)
DVec2(10.5, 91.5)
DVec2(11.5, 88.5)
DVec2(11.5, 89.5)
DVec2(11.5, 90.5)
DVec2(11.5, 91.5)
DVec2(10.5, 92.5)
DVec2(10.5, 93.5)
DVec2(10.5, 94.5)
DVec2(10.5, 95.5)
DVec2(11.5, 92.5)
DVec2(11.5, 93.5)
DVec2(11.5, 94.5)
DVec2(11.5, 95.5)
DVec2(10.5, 96.5)
DVec2(10.5, 97.5)
DVec2(10.5, 98.5)
DVec2(10.5, 99.5)
DVec2(11.5, 96.5)
DVec2(11.5, 97.5)
DVec2(11.5, 98.5)
DVec2(11.5, 99.5)
DVec2(10.5, 100.5)
DVec2(10.5, 101.5)
DVec2(10.5, 102.5)
DVec2(10.5, 103.5)
DVec2(11.5, 100.5)
DVec2(11.5, 101.5)
DVec2(11.5, 102.5)
DVec2(11.5, 103.5)
DVec2(10.5, 104.5)
DVec2(10.5, 105.5)
DVec2(10.5, 106.5)
DVec2(10.5, 107.5)
DVec2(11.5, 104.5)
DVec2(11.5, 105.5)
DVec2(11.5, 106.5)
DVec2(11.5, 107.5)
DVec2(10.5, 108.5)
DVec2(10.5, 109.5)
DVec2(10.5, 110.5)
DVec2(10.5, 111.5)
DVec2(11.5, 108.5)
DVec2(11.5, 109.5)
DVec2(11.5, 110.5)
DVec2(11.5, 111.5)
DVec2(10.5, 112.5)
DVec2(10.5, 113.5)
DVec2(10.5, 114.5)
DVec2(10.5, 115.5)
DVec2(11.5, 112.5)
DVec2(11.5, 113.5)
DVec2(11.5, 114.5)
DVec2(11.5, 115.5)
DVec2(10.5, 116.5)
DVec2(10.5, 117.5)
DVec2(10.5, 118.5)
DVec2(10.5, 119.5)
DVec2(11.5, 116.5)
DVec2(11.5, 117.5)
DVec2(11.5, 118.5)
DVec2(11.5, 119.5)
DVec2(12.5, -119.5)
DVec2(12.5, -118.5)
DVec2(12.5, -117.5)
DVec2(12.5, -116.5)
DVec2(13.5, -119.5)
DVec2(13.5, -118.5)
DVec2(13.5, -117.5)
DVec2(13.5, -116.5)
DVec2(12.5, -115.5)
DVec2(12.5, -114.5)
DVec2(12.5, -113.5)
DVec2(12.5, -112.5)
DVec2(13.5, -115.5)
DVec2(13.5, -114.5)
DVec2(13.5, -113.5)
DVec2(13.5, -112.5)
DVec2(12.5, -111.5)
DVec2(12.5, -110.5)
DVec2(12.5, -109.5)
DVec2(12.5, -108.5)
DVec2(13.5, -111.5)
DVec2(13.5, -110.5)
DVec2(13.5, -109.5)
DVec2(13.5, -108.5)
DVec2(12.5, -107.5)
DVec2(12.5, -106.5)
DVec2(12.5, -105.5)
DVec2(12.5, -104.5)
DVec2(13.5, -107.5)
DVec2(13.5, -106.5)
DVec2(13.5, -105.5)
DVec2(13.5, -104.5)
DVec2(12.5, -103.5)
DVec2(12.5, -102.5)
DVec2(12.5, -101.5)
DVec2(12.5, -100.5)
DVec2(13.5, -103.5)
DVec2(13.5, -102.5)
DVec2(13.5, -101.5)
DVec2(13.5, -100.5)
DVec2(12.5, -99.5)
DVec2(12.5, -98.5)
DVec2(12.5, -97.5)
DVec2(12.5, -96.5)
DVec2(13.5, -99.5)
DVec2(13.5, -98.5)
DVec2(13.5, -97.5)
DVec2(13.5, -96.5)
DVec2(12.5, -95.5)
DVec2(12.5, -94.5)
DVec2(12.5, -93.5)
DVec2(12.5, -92.5)
DVec2(13.5, -95.5)
DVec2(13.5, -94.5)
DVec2(13.5, -93.5)
DVec2(13.5, -92.5)
DVec2(12.5, -91.5)
DVec2(12.5, -90.5)
DVec2(12.5, -89.5)
DVec2(12.5, -88.5)
DVec2(13.5, -91.5)
DVec2(13.5, -90.5)
DVec2(13.5, -89.5)
DVec2(13.5, -88.5)
DVec2(12.5, -87.5)
DVec2(12.5, -86.5)
DVec2(12.5, -85.5)
DVec2(12.5, -84.5)
DVec2(13.5, -87.5)
DVec2(13.5, -86.5)
DVec2(13.5, -85.5)
DVec2(13.5, -84.5)
DVec2(12.5, -83.5)
DVec2(12.5, -82.5)
DVec2(12.5, -81.5)
DVec2(12.5, -80.5)
DVec2(13.5, -83.5)
DVec2(13.5, -82.5)
DVec2(13.5, -81.5)
DVec2(13.5, -80.5)
DVec2(12.5, -79.5)
DVec2(12.5, -78.5)
DVec2(12.5, -77.5)
DVec2(12.5, -76.5)
DVec2(13.5, -79.5)
DVec2(13.5, -78.5)
DVec2(13.5, -77.5)
DVec2(13.5, -76.5)
DVec2(12.5, -75.5)
DVec2(12.5, -74.5)
DVec2(12.5, -73.5)
DVec2(12.5, -72.5)
DVec2(13.5, -75.5)
DVec2(13.5, -74.5)
DVec2(13.5, -73.5)
DVec2(13.5, -72.5)
DVec2(12.5, -71.5)
DVec2(12.5, -70.5)
DVec2(12.5, -69.5)
DVec2(12.5, -68.5)
DVec2(13.5, -71.5)
DVec2(13.5, -70.5)
DVec2(13.5, -69.5)
DVec2(13.5, -68.5)
DVec2(12.5, -67.5)
DVec2(12.5, -66.5)
DVec2(12.5, -65.5)
DVec2(12.5, -64.5)
DVec2(13.5, -67.5)
DVec2(13.5, -66.5)
DVec2(13.5, -65.5)
DVec2(13.5, -64.5)
DVec2(12.5, -63.5)
DVec2(12.5, -62.5)
DVec2(12.5, -61.5)
DVec2(12.5, -60.5)
DVec2(13.5, -63.5)
DVec2(13.5, -62.5)
DVec2(13.5, -61.5)
DVec2(13.5, -60.5)
DVec2(12.5, -59.5)
DVec2(12.5, -58.5)
DVec2(12.5, -57.5)
DVec2(12.5, -56.5)
DVec2(13.5, -59.5)
DVec2(13.5, -58.5)
DVec2(13.5, -57.5)
DVec2(13.5, -56.5)
DVec2(12.5, -55.5)
DVec2(12.5, -54.5)
DVec2(12.5, -53.5)
DVec2(12.5, -52.5)
DVec2(13.5, -55.5)
DVec2(13.5, -54.5)
DVec2(13.5, -53.5)
DVec2(13.5, -52.5)
DVec2(12.5, -51.5)
DVec2(12.5, -50.5)
DVec2(12.5, -49.5)
DVec2(12.5, -48.5)
DVec2(13.5, -51.5)
DVec2(13.5, -50.5)
DVec2(13.5, -49.5)
DVec2(13.5, -48.5)
DVec2(12.5, -47.5)
DVec2(12.5, -46.5)
DVec2(12.5, -45.5)
DVec2(12.5, -44.5)
DVec2(13.5, -47.5)
DVec2(13.5, -46.5)
DVec2(13.5, -45.5)
DVec2(13.5, -44.5)
DVec2(12.5, -43.5)
DVec2(12.5, -42.5)
DVec2(12.5, -41.5)
DVec2(12.5, -40.5)
DVec2(13.5, -43.5)
DVec2(13.5, -42.5)
DVec2(13.5, -41.5)
DVec2(13.5, -40.5)
DVec2(12.5, -39.5)
DVec2(12.5, -38.5)
DVec2(12.5, -37.5)
DVec2(12.5, -36.5)
DVec2(13.5, -39.5)
DVec2(13.5, -38.5)
DVec2(13.5, -37.5)
DVec2(13.5, -36.5)
DVec2(12.5, -35.5)
DVec2(12.5, -34.5)
DVec2(12.5, -33.5)
DVec2(12.5, -32.5)
DVec2(13.5, -35.5)
DVec2(13.5, -34.5)
DVec2(13.5, -33.5)
DVec2(13.5, -32.5)
DVec2(12.5, -31.5)
DVec2(12.5, -30.5)
DVec2(12.5, -29.5)
DVec2(12.5, -28.5)
DVec2(13.5, -31.5)
DVec2(13.5, -30.5)
DVec2(13.5, -29.5)
DVec2(13.5, -28.5)
DVec2(12.5, -27.5)
DVec2(12.5, -26.5)
DVec2(12.5, -25.5)
DVec2(12.5, -24.5)
DVec2(13.5, -27.5)
DVec2(13.5, -26.5)
DVec2(13.5, -25.5)
DVec2(13.5, -24.5)
DVec2(12.5, -23.5)
DVec2(12.5, -22.5)
DVec2(12.5, -21.5)
DVec2(12.5, -20.5)
DVec2(13.5, -23.5)
DVec2(13.5, -22.5)
DVec2(13.5, -21.5)
DVec2(13.5, -20.5)
DVec2(12.5, -19.5)
DVec2(12.5, -18.5)
DVec2(12.5, -17.5)
DVec2(12.5, -16.5)
DVec2(13.5, -19.5)
DVec2(13.5, -18.5)
DVec2(13.5, -17.5)
DVec2(13.5, -16.5)
DVec2(12.5, -15.5)
DVec2(12.5, -14.5)
DVec2(12.5, -13.5)
DVec2(12.5, -12.5)
DVec2(13.5, -15.5)
DVec2(13.5, -14.5)
DVec2(13.5, -13.5)
DVec2(13.5, -12.5)
DVec2(12.5, -11.5)
DVec2(12.5, -10.5)
DVec2(12.5, -9.5)
DVec2(12.5, -8.5)
DVec2(13.5, -11.5)
DVec2(13.5, -10.5)
DVec2(13.5, -9.5)
DVec2(13.5, -8.5)
DVec2(12.5, -7.5)
DVec2(12.5, -6.5)
DVec2(12.5, -5.5)
DVec2(12.5, -4.5)
DVec2(13.5, -7.5)
DVec2(13.5, -6.5)
DVec2(13.5, -5.5)
DVec2(13.5, -4.5)
DVec2(12.5, -3.5)
DVec2(12.5, -2.5)
DVec2(12.5, -1.5)
DVec2(12.5, -0.5)
DVec2(13.5, -3.5)
DVec2(13.5, -2.5)
DVec2(13.5, -1.5)
DVec2(13.5, -0.5)
DVec2(12.5, 0.5)
DVec2(12.5, 1.5)
DVec2(12.5, 2.5)
DVec2(12.5, 3.5)
DVec2(13.5, 0.5)
DVec2(13.5, 1.5)
DVec2(13.5, 2.5)
DVec2(13.5, 3.5)
DVec2(12.5, 4.5)
DVec2(12.5, 5.5)
DVec2(12.5, 6.5)
DVec2(12.5, 7.5)
DVec2(13.5, 4.5)
DVec2(13.5, 5.5)
DVec2(13.5, 6.5)
DVec2(13.5, 7.5)
DVec2(12.5, 8.5)
DVec2(12.5, 9.5)
DVec2(12.5, 10.5)
DVec2(12.5, 11.5)
DVec2(13.5, 8.5)
DVec2(13.5, 9.5)
DVec2(13.5, 10.5)
DVec2(13.5, 11.5)
DVec2(12.5, 12.5)
DVec2(12.5, 13.5)
DVec2(12.5, 14.5)
DVec2(12.5, 15.5)
DVec2(13.5, 12.5)
DVec2(13.5, 13.5)
DVec2(13.5, 14.5)
DVec2(13.5, 15.5)
DVec2(12.5, 16.5)
DVec2(12.5, 17.5)
DVec2(12.5, 18.5)
DVec2(12.5, 19.5)
DVec2(13.5, 16.5)
DVec2(13.5, 17.5)
DVec2(13.5, 18.5)
DVec2(13.5, 19.5)
DVec2(12.5, 20.5)
DVec2(12.5, 21.5)
DVec2(12.5, 22.5)
DVec2(12.5, 23.5)
DVec2(13.5, 20.5)
DVec2(13.5, 21.5)
DVec2(13.5, 22.5)
DVec2(13.5, 23.5)
DVec2(12.5, 24.5)
DVec2(12.5, 25.5)
DVec2(12.5, 26.5)
DVec2(12.5, 27.5)
DVec2(13.5, 24.5)
DVec2(13.5, 25.5)
DVec2(13.5, 26.5)
DVec2(13.5, 27.5)
DVec2(12.5, 28.5)
DVec2(12.5, 29.5)
DVec2(12.5, 30.5)
DVec2(12.5, 31.5)
DVec2(13.5, 28.5)
DVec2(13.5, 29.5)
DVec2(13.5, 30.5)
DVec2(13.5, 31.5)
DVec2(12.5, 32.5)
DVec2(12.5, 33.5)
DVec2(12.5, 34.5)
DVec2(12.5, 35.5)
DVec2(13.5, 32.5)
DVec2(13.5, 33.5)
DVec2(13.5, 34.5)
DVec2(13.5, 35.5)
DVec2(12.5, 36.5)
DVec2(12.5, 37.5)
DVec2(12.5, 38.5)
DVec2(12.5, 39.5)
DVec2(13.5, 36.5)
DVec2(13.5, 37.5)
DVec2(13.5, 38.5)
DVec2(13.5, 39.5)
DVec2(12.5, 40.5)
DVec2(12.5, 41.5)
DVec2(12.5, 42.5)
DVec2(12.5, 43.5)
DVec2(13.5, 40.5)
DVec2(13.5, 41.5)
DVec2(13.5, 42.5)
DVec2(13.5, 43.5)
DVec2(12.5, 44.5)
DVec2(12.5, 45.5)
DVec2(12.5, 46.5)
DVec2(12.5, 47.5)
DVec2(13.5, 44.5)
DVec2(13.5, 45.5)
DVec2(13.5, 46.5)
DVec2(13.5, 47.5)
DVec2(12.5, 48.5)
DVec2(12.5, 49.5)
DVec2(12.5, 50.5)
DVec2(12.5, 51.5)
DVec2(13.5, 48.5)
DVec2(13.5, 49.5)
DVec2(13.5, 50.5)
DVec2(13.5, 51.5)
DVec2(12.5, 52.5)
DVec2(12.5, 53.5)
DVec2(12.5, 54.5)
DVec2(12.5, 55.5)
DVec2(13.5, 52.5)
DVec2(13.5, 53.5)
DVec2(13.5, 54.5)
DVec2(13.5, 55.5)
DVec2(12.5, 56.5)
DVec2(12.5, 57.5)
DVec2(12.5, 58.5)
DVec2(12.5, 59.5)
DVec2(13.5, 56.5)
DVec2(13.5, 57.5)
DVec2(13.5, 58.5)
DVec2(13.5, 59.5)
DVec2(12.5, 60.5)
DVec2(12.5, 61.5)
DVec2(12.5, 62.5)
DVec2(12.5, 63.5)
DVec2(13.5, 60.5)
DVec2(13.5, 61.5)
DVec2(13.5, 62.5)
DVec2(13.5, 63.5)
DVec2(12.5, 64.5)
DVec2(12.5, 65.5)
DVec2(12.5, 66.5)
DVec2(12.5, 67.5)
DVec2(13.5, 64.5)
DVec2(13.5, 65.5)
DVec2(13.5, 66.5)
DVec2(13.5, 67.5)
DVec2(12.5, 68.5)
DVec2(12.5, 69.5)
DVec2(12.5, 70.5)
DVec2(12.5, 71.5)
DVec2(13.5, 68.5)
DVec2(13.5, 69.5)
DVec2(13.5, 70.5)
DVec2(13.5, 71.5)
DVec2(12.5, 72.5)
DVec2(12.5, 73.5)
DVec2(12.5, 74.5)
DVec2(12.5, 75.5)
DVec2(13.5, 72.5)
DVec2(13.5, 73.5)
DVec2(13.5, 74.5)
DVec2(13.5, 75.5)
DVec2(12.5, 76.5)
DVec2(12.5, 77.5)
DVec2(12.5, 78.5)
DVec2(12.5, 79.5)
DVec2(13.5, 76.5)
DVec2(13.5, 77.5)
DVec2(13.5, 78.5)
DVec2(13.5, 79.5)
DVec2(12.5, 80.5)
DVec2(12.5, 81.5)
DVec2(12.5, 82.5)
DVec2(12.5, 83.5)
DVec2(13.5, 80.5)
DVec2(13.5, 81.5)
DVec2(13.5, 82.5)
DVec2(13.5, 83.5)
DVec2(12.5, 84.5)
DVec2(12.5, 85.5)
DVec2(12.5, 86.5)
DVec2(12.5, 87.5)
DVec2(13.5, 84.5)
DVec2(13.5, 85.5)
DVec2(13.5, 86.5)
DVec2(13.5, 87.5)
DVec2(12.5, 88.5)
DVec2(12.5, 89.5)
DVec2(12.5, 90.5)
DVec2(12.5, 91.5)
DVec2(13.5, 88.5)
DVec2(13.5, 89.5)
DVec2(13.5, 90.5)
DVec2(13.5, 91.5)
DVec2(12.5, 92.5)
DVec2(12.5, 93.5)
DVec2(12.5, 94.5)
DVec2(12.5, 95.5)
DVec2(13.5, 92.5)
DVec2(13.5, 93.5)
DVec2(13.5, 94.5)
DVec2(13.5, 95.5)
DVec2(12.5, 96.5)
DVec2(12.5, 97.5)
DVec2(12.5, 98.5)
DVec2(12.5, 99.5)
DVec2(13.5, 96.5)
DVec2(13.5, 97.5)
DVec2(13.5, 98.5)
DVec2(13.5, 99.5)
DVec2(12.5, 100.5)
DVec2(12.5, 101.5)
DVec2(12.5, 102.5)
DVec2(12.5, 103.5)
DVec2(13.5, 100.5)
DVec2(13.5, 101.5)
DVec2(13.5, 102.5)
DVec2(13.5, 103.5)
DVec2(12.5, 104.5)
DVec2(12.5, 105.5)
DVec2(12.5, 106.5)
DVec2(12.5, 107.5)
DVec2(13.5, 104.5)
DVec2(13.5, 105.5)
DVec2(13.5, 106.5)
DVec2(13.5, 107.5)
DVec2(12.5, 108.5)
DVec2(12.5, 109.5)
DVec2(12.5, 110.5)
DVec2(12.5, 111.5)
DVec2(13.5, 108.5)
DVec2(13.5, 109.5)
DVec2(13.5, 110.5)
DVec2(13.5, 111.5)
DVec2(12.5, 112.5)
DVec2(12.5, 113.5)
DVec2(12.5, 114.5)
DVec2(12.5, 115.5)
DVec2(13.5, 112.5)
DVec2(13.5, 113.5)
DVec2(13.5, 114.5)
DVec2(13.5, 115.5)
DVec2(12.5, 116.5)
DVec2(12.5, 117.5)
DVec2(12.5, 118.5)
DVec2(12.5, 119.5)
DVec2(13.5, 116.5)
DVec2(13.5, 117.5)
DVec2(13.5, 118.5)
DVec2(13.5, 119.5)
DVec2(14.5, -119.5)
DVec2(14.5, -118.5)
DVec2(14.5, -117.5)
DVec2(14.5, -116.5)
DVec2(15.5, -119.5)
DVec2(15.5, -118.5)
DVec2(15.5, -117.5)
DVec2(15.5, -116.5)
DVec2(14.5, -115.5)
DVec2(14.5, -114.5)
DVec2(14.5, -113.5)
DVec2(14.5, -112.5)
DVec2(15.5, -115.5)
DVec2(15.5, -114.5)
DVec2(15.5, -113.5)
DVec2(15.5, -112.5)
DVec2(14.5, -111.5)
DVec2(14.5, -110.5)
DVec2(14.5, -109.5)
DVec2(14.5, -108.5)
DVec2(15.5, -111.5)
DVec2(15.5, -110.5)
DVec2(15.5, -109.5)
DVec2(15.5, -108.5)
DVec2(14.5, -107.5)
DVec2(14.5, -106.5)
DVec2(14.5, -105.5)
DVec2(14.5, -104.5)
DVec2(15.5, -107.5)
DVec2(15.5, -106.5)
DVec2(15.5, -105.5)
DVec2(15.5, -104.5)
DVec2(14.5, -103.5)
DVec2(14.5, -102.5)
DVec2(14.5, -101.5)
DVec2(14.5, -100.5)
DVec2(15.5, -103.5)
DVec2(15.5, -102.5)
DVec2(15.5, -101.5)
DVec2(15.5, -100.5)
DVec2(14.5, -99.5)
DVec2(14.5, -98.5)
DVec2(14.5, -97.5)
DVec2(14.5, -96.5)
DVec2(15.5, -99.5)
DVec2(15.5, -98.5)
DVec2(15.5, -97.5)
DVec2(15.5, -96.5)
DVec2(14.5, -95.5)
DVec2(14.5, -94.5)
DVec2(14.5, -93.5)
DVec2(14.5, -92.5)
DVec2(15.5, -95.5)
DVec2(15.5, -94.5)
DVec2(15.5, -93.5)
DVec2(15.5, -92.5)
DVec2(14.5, -91.5)
DVec2(14.5, -90.5)
DVec2(14.5, -89.5)
DVec2(14.5, -88.5)
DVec2(15.5, -91.5)
DVec2(15.5, -90.5)
DVec2(15.5, -89.5)
DVec2(15.5, -88.5)
DVec2(14.5, -87.5)
DVec2(14.5, -86.5)
DVec2(14.5, -85.5)
DVec2(14.5, -84.5)
DVec2(15.5, -87.5)
DVec2(15.5, -86.5)
DVec2(15.5, -85.5)
DVec2(15.5, -84.5)
DVec2(14.5, -83.5)
DVec2(14.5, -82.5)
DVec2(14.5, -81.5)
DVec2(14.5, -80.5)
DVec2(15.5, -83.5)
DVec2(15.5, -82.5)
DVec2(15.5, -81.5)
DVec2(15.5, -80.5)
DVec2(14.5, -79.5)
DVec2(14.5, -78.5)
DVec2(14.5, -77.5)
DVec2(14.5, -76.5)
DVec2(15.5, -79.5)
DVec2(15.5, -78.5)
DVec2(15.5, -77.5)
DVec2(15.5, -76.5)
DVec2(14.5, -75.5)
DVec2(14.5, -74.5)
DVec2(14.5, -73.5)
DVec2(14.5, -72.5)
DVec2(15.5, -75.5)
DVec2(15.5, -74.5)
DVec2(15.5, -73.5)
DVec2(15.5, -72.5)
DVec2(14.5, -71.5)
DVec2(14.5, -70.5)
DVec2(14.5, -69.5)
DVec2(14.5, -68.5)
DVec2(15.5, -71.5)
DVec2(15.5, -70.5)
DVec2(15.5, -69.5)
DVec2(15.5, -68.5)
DVec2(14.5, -67.5)
DVec2(14.5, -66.5)
DVec2(14.5, -65.5)
DVec2(14.5, -64.5)
DVec2(15.5, -67.5)
DVec2(15.5, -66.5)
DVec2(15.5, -65.5)
DVec2(15.5, -64.5)
DVec2(14.5, -63.5)
DVec2(14.5, -62.5)
DVec2(14.5, -61.5)
DVec2(14.5, -60.5)
DVec2(15.5, -63.5)
DVec2(15.5, -62.5)
DVec2(15.5, -61.5)
DVec2(15.5, -60.5)
DVec2(14.5, -59.5)
DVec2(14.5, -58.5)
DVec2(14.5, -57.5)
DVec2(14.5, -56.5)
DVec2(15.5, -59.5)
DVec2(15.5, -58.5)
DVec2(15.5, -57.5)
DVec2(15.5, -56.5)
DVec2(14.5, -55.5)
DVec2(14.5, -54.5)
DVec2(14.5, -53.5)
DVec2(14.5, -52.5)
DVec2(15.5, -55.5)
DVec2(15.5, -54.5)
DVec2(15.5, -53.5)
DVec2(15.5, -52.5)
DVec2(14.5, -51.5)
DVec2(14.5, -50.5)
DVec2(14.5, -49.5)
DVec2(14.5, -48.5)
DVec2(15.5, -51.5)
DVec2(15.5, -50.5)
DVec2(15.5, -49.5)
DVec2(15.5, -48.5)
DVec2(14.5, -47.5)
DVec2(14.5, -46.5)
DVec2(14.5, -45.5)
DVec2(14.5, -44.5)
DVec2(15.5, -47.5)
DVec2(15.5, -46.5)
DVec2(15.5, -45.5)
DVec2(15.5, -44.5)
DVec2(14.5, -43.5)
DVec2(14.5, -42.5)
DVec2(14.5, -41.5)
DVec2(14.5, -40.5)
DVec2(15.5, -43.5)
DVec2(15.5, -42.5)
DVec2(15.5, -41.5)
DVec2(15.5, -40.5)
DVec2(14.5, -39.5)
DVec2(14.5, -38.5)
DVec2(14.5, -37.5)
DVec2(14.5, -36.5)
DVec2(15.5, -39.5)
DVec2(15.5, -38.5)
DVec2(15.5, -37.5)
DVec2(15.5, -36.5)
DVec2(14.5, -35.5)
DVec2(14.5, -34.5)
DVec2(14.5, -33.5)
DVec2(14.5, -32.5)
DVec2(15.5, -35.5)
DVec2(15.5, -34.5)
DVec2(15.5, -33.5)
DVec2(15.5, -32.5)
DVec2(14.5, -31.5)
DVec2(14.5, -30.5)
DVec2(14.5, -29.5)
DVec2(14.5, -28.5)
DVec2(15.5, -31.5)
DVec2(15.5, -30.5)
DVec2(15.5, -29.5)
DVec2(15.5, -28.5)
DVec2(14.5, -27.5)
DVec2(14.5, -26.5)
DVec2(14.5, -25.5)
DVec2(14.5, -24.5)
DVec2(15.5, -27.5)
DVec2(15.5, -26.5)
DVec2(15.5, -25.5)
DVec2(15.5, -24.5)
DVec2(14.5, -23.5)
DVec2(14.5, -22.5)
DVec2(14.5, -21.5)
DVec2(14.5, -20.5)
DVec2(15.5, -23.5)
DVec2(15.5, -22.5)
DVec2(15.5, -21.5)
DVec2(15.5, -20.5)
DVec2(14.5, -19.5)
DVec2(14.5, -18.5)
DVec2(14.5, -17.5)
DVec2(14.5, -16.5)
DVec2(15.5, -19.5)
DVec2(15.5, -18.5)
DVec2(15.5, -17.5)
DVec2(15.5, -16.5)
DVec2(14.5, -15.5)
DVec2(14.5, -14.5)
DVec2(14.5, -13.5)
DVec2(14.5, -12.5)
DVec2(15.5, -15.5)
DVec2(15.5, -14.5)
DVec2(15.5, -13.5)
DVec2(15.5, -12.5)
DVec2(14.5, -11.5)
DVec2(14.5, -10.5)
DVec2(14.5, -9.5)
DVec2(14.5, -8.5)
DVec2(15.5, -11.5)
DVec2(15.5, -10.5)
DVec2(15.5, -9.5)
DVec2(15.5, -8.5)
DVec2(14.5, -7.5)
DVec2(14.5, -6.5)
DVec2(14.5, -5.5)
DVec2(14.5, -4.5)
DVec2(15.5, -7.5)
DVec2(15.5, -6.5)
DVec2(15.5, -5.5)
DVec2(15.5, -4.5)
DVec2(14.5, -3.5)
DVec2(14.5, -2.5)
DVec2(14.5, -1.5)
DVec2(14.5, -0.5)
DVec2(15.5, -3.5)
DVec2(15.5, -2.5)
DVec2(15.5, -1.5)
DVec2(15.5, -0.5)
DVec2(14.5, 0.5)
DVec2(14.5, 1.5)
DVec2(14.5, 2.5)
DVec2(14.5, 3.5)
DVec2(15.5, 0.5)
DVec2(15.5, 1.5)
DVec2(15.5, 2.5)
DVec2(15.5, 3.5)
DVec2(14.5, 4.5)
DVec2(14.5, 5.5)
DVec2(14.5, 6.5)
DVec2(14.5, 7.5)
DVec2(15.5, 4.5)
DVec2(15.5, 5.5)
DVec2(15.5, 6.5)
DVec2(15.5, 7.5)
DVec2(14.5, 8.5)
DVec2(14.5, 9.5)
DVec2(14.5, 10.5)
DVec2(14.5, 11.5)
DVec2(15.5, 8.5)
DVec2(15.5, 9.5)
DVec2(15.5, 10.5)
DVec2(15.5, 11.5)
DVec2(14.5, 12.5)
DVec2(14.5, 13.5)
DVec2(14.5, 14.5)
DVec2(14.5, 15.5)
DVec2(15.5, 12.5)
DVec2(15.5, 13.5)
DVec2(15.5, 14.5)
DVec2(15.5, 15.5)
DVec2(14.5, 16.5)
DVec2(14.5, 17.5)
DVec2(14.5, 18.5)
DVec2(14.5, 19.5)
DVec2(15.5, 16.5)
DVec2(15.5, 17.5)
DVec2(15.5, 18.5)
DVec2(15.5, 19.5)
DVec2(14.5, 20.5)
DVec2(14.5, 21.5)
DVec2(14.5, 22.5)
DVec2(14.5, 23.5)
DVec2(15.5, 20.5)
DVec2(15.5, 21.5)
DVec2(15.5, 22.5)
DVec2(15.5, 23.5)
DVec2(14.5, 24.5)
DVec2(14.5, 25.5)
DVec2(14.5, 26.5)
DVec2(14.5, 27.5)
DVec2(15.5, 24.5)
DVec2(15.5, 25.5)
DVec2(15.5, 26.5)
DVec2(15.5, 27.5)
DVec2(14.5, 28.5)
DVec2(14.5, 29.5)
DVec2(14.5, 30.5)
DVec2(14.5, 31.5)
DVec2(15.5, 28.5)
DVec2(15.5, 29.5)
DVec2(15.5, 30.5)
DVec2(15.5, 31.5)
DVec2(14.5, 32.5)
DVec2(14.5, 33.5)
DVec2(14.5, 34.5)
DVec2(14.5, 35.5)
DVec2(15.5, 32.5)
DVec2(15.5, 33.5)
DVec2(15.5, 34.5)
DVec2(15.5, 35.5)
DVec2(14.5, 36.5)
DVec2(14.5, 37.5)
DVec2(14.5, 38.5)
DVec2(14.5, 39.5)
DVec2(15.5, 36.5)
DVec2(15.5, 37.5)
DVec2(15.5, 38.5)
DVec2(15.5, 39.5)
DVec2(14.5, 40.5)
DVec2(14.5, 41.5)
DVec2(14.5, 42.5)
DVec2(14.5, 43.5)
DVec2(15.5, 40.5)
DVec2(15.5, 41.5)
DVec2(15.5, 42.5)
DVec2(15.5, 43.5)
DVec2(14.5, 44.5)
DVec2(14.5, 45.5)
DVec2(14.5, 46.5)
DVec2(14.5, 47.5)
DVec2(15.5, 44.5)
DVec2(15.5, 45.5)
DVec2(15.5, 46.5)
DVec2(15.5, 47.5)
DVec2(14.5, 48.5)
DVec2(14.5, 49.5)
DVec2(14.5, 50.5)
DVec2(14.5, 51.5)
DVec2(15.5, 48.5)
DVec2(15.5, 49.5)
DVec2(15.5, 50.5)
DVec2(15.5, 51.5)
DVec2(14.5, 52.5)
DVec2(14.5, 53.5)
DVec2(14.5, 54.5)
DVec2(14.5, 55.5)
DVec2(15.5, 52.5)
DVec2(15.5, 53.5)
DVec2(15.5, 54.5)
DVec2(15.5, 55.5)
DVec2(14.5, 56.5)
DVec2(14.5, 57.5)
DVec2(14.5, 58.5)
DVec2(14.5, 59.5)
DVec2(15.5, 56.5)
DVec2(15.5, 57.5)
DVec2(15.5, 58.5)
DVec2(15.5, 59.5)
DVec2(14.5, 60.5)
DVec2(14.5, 61.5)
DVec2(14.5, 62.5)
DVec2(14.5, 63.5)
DVec2(15.5, 60.5)
DVec2(15.5, 61.5)
DVec2(15.5, 62.5)
DVec2(15.5, 63.5)
DVec2(14.5, 64.5)
DVec2(14.5, 65.5)
DVec2(14.5, 66.5)
DVec2(14.5, 67.5)
DVec2(15.5, 64.5)
DVec2(15.5, 65.5)
DVec2(15.5, 66.5)
DVec2(15.5, 67.5)
DVec2(14.5, 68.5)
DVec2(14.5, 69.5)
DVec2(14.5, 70.5)
DVec2(14.5, 71.5)
DVec2(15.5, 68.5)
DVec2(15.5, 69.5)
DVec2(15.5, 70.5)
DVec2(15.5, 71.5)
DVec2(14.5, 72.5)
DVec2(14.5, 73.5)
DVec2(14.5, 74.5)
DVec2(14.5, 75.5)
DVec2(15.5, 72.5)
DVec2(15.5, 73.5)
DVec2(15.5, 74.5)
DVec2(15.5, 75.5)
DVec2(14.5, 76.5)
DVec2(14.5, 77.5)
DVec2(14.5, 78.5)
DVec2(14.5, 79.5)
DVec2(15.5, 76.5)
DVec2(15.5, 77.5)
DVec2(15.5, 78.5)
DVec2(15.5, 79.5)
DVec2(14.5, 80.5)
DVec2(14.5, 81.5)
DVec2(14.5, 82.5)
DVec2(14.5, 83.5)
DVec2(15.5, 80.5)
DVec2(15.5, 81.5)
DVec2(15.5, 82.5)
DVec2(15.5, 83.5)
DVec2(14.5, 84.5)
DVec2(14.5, 85.5)
DVec2(14.5, 86.5)
DVec2(14.5, 87.5)
DVec2(15.5, 84.5)
DVec2(15.5, 85.5)
DVec2(15.5, 86.5)
DVec2(15.5, 87.5)
DVec2(14.5, 88.5)
DVec2(14.5, 89.5)
DVec2(14.5, 90.5)
DVec2(14.5, 91.5)
DVec2(15.5, 88.5)
DVec2(15.5, 89.5)
DVec2(15.5, 90.5)
DVec2(15.5, 91.5)
DVec2(14.5, 92.5)
DVec2(14.5, 93.5)
DVec2(14.5, 94.5)
DVec2(14.5, 95.5)
DVec2(15.5, 92.5)
DVec2(15.5, 93.5)
DVec2(15.5, 94.5)
DVec2(15.5, 95.5)
DVec2(14.5, 96.5)
DVec2(14.5, 97.5)
DVec2(14.5, 98.5)
DVec2(14.5, 99.5)
DVec2(15.5, 96.5)
DVec2(15.5, 97.5)
DVec2(15.5, 98.5)
DVec2(15.5, 99.5)
DVec2(14.5, 100.5)
DVec2(14.5, 101.5)
DVec2(14.5, 102.5)
DVec2(14.5, 103.5)
DVec2(15.5, 100.5)
DVec2(15.5, 101.5)
DVec2(15.5, 102.5)
DVec2(15.5, 103.5)
DVec2(14.5, 104.5)
DVec2(14.5, 105.5)
DVec2(14.5, 106.5)
DVec2(14.5, 107.5)
DVec2(15.5, 104.5)
DVec2(15.5, 105.5)
DVec2(15.5, 106.5)
DVec2(15.5, 107.5)
DVec2(14.5, 108.5)
DVec2(14.5, 109.5)
DVec2(14.5, 110.5)
DVec2(14.5, 111.5)
DVec2(15.5, 108.5)
DVec2(15.5, 109.5)
DVec2(15.5, 110.5)
DVec2(15.5, 111.5)
DVec2(14.5, 112.5)
DVec2(14.5, 113.5)
DVec2(14.5, 114.5)
DVec2(14.5, 115.5)
DVec2(15.5, 112.5)
DVec2(15.5, 113.5)
DVec2(15.5, 114.5)
DVec2(15.5, 115.5)
DVec2(14.5, 116.5)
DVec2(14.5, 117.5)
DVec2(14.5, 118.5)
DVec2(14.5, 119.5)
DVec2(15.5, 116.5)
DVec2(15.5, 117.5)
DVec2(15.5, 118.5)
DVec2(15.5, 119.5)
DVec2(16.5, -119.5)
DVec2(16.5, -118.5)
DVec2(16.5, -117.5)
DVec2(16.5, -116.5)
DVec2(17.5, -119.5)
DVec2(17.5, -118.5)
DVec2(17.5, -117.5)
DVec2(17.5, -116.5)
DVec2(16.5, -115.5)
DVec2(16.5, -114.5)
DVec2(16.5, -113.5)
DVec2(16.5, -112.5)
DVec2(17.5, -115.5)
DVec2(17.5, -114.5)
DVec2(17.5, -113.5)
DVec2(17.5, -112.5)
DVec2(16.5, -111.5)
DVec2(16.5, -110.5)
DVec2(16.5, -109.5)
DVec2(16.5, -108.5)
DVec2(17.5, -111.5)
DVec2(17.5, -110.5)
DVec2(17.5, -109.5)
DVec2(17.5, -108.5)
DVec2(16.5, -107.5)
DVec2(16.5, -106.5)
DVec2(16.5, -105.5)
DVec2(16.5, -104.5)
DVec2(17.5, -107.5)
DVec2(17.5, -106.5)
DVec2(17.5, -105.5)
DVec2(17.5, -104.5)
DVec2(16.5, -103.5)
DVec2(16.5, -102.5)
DVec2(16.5, -101.5)
DVec2(16.5, -100.5)
DVec2(17.5, -103.5)
DVec2(17.5, -102.5)
DVec2(17.5, -101.5)
DVec2(17.5, -100.5)
DVec2(16.5, -99.5)
DVec2(16.5, -98.5)
DVec2(16.5, -97.5)
DVec2(16.5, -96.5)
DVec2(17.5, -99.5)
DVec2(17.5, -98.5)
DVec2(17.5, -97.5)
DVec2(17.5, -96.5)
DVec2(16.5, -95.5)
DVec2(16.5, -94.5)
DVec2(16.5, -93.5)
DVec2(16.5, -92.5)
DVec2(17.5, -95.5)
DVec2(17.5, -94.5)
DVec2(17.5, -93.5)
DVec2(17.5, -92.5)
DVec2(16.5, -91.5)
DVec2(16.5, -90.5)
DVec2(16.5, -89.5)
DVec2(16.5, -88.5)
DVec2(17.5, -91.5)
DVec2(17.5, -90.5)
DVec2(17.5, -89.5)
DVec2(17.5, -88.5)
DVec2(16.5, -87.5)
DVec2(16.5, -86.5)
DVec2(16.5, -85.5)
DVec2(16.5, -84.5)
DVec2(17.5, -87.5)
DVec2(17.5, -86.5)
DVec2(17.5, -85.5)
DVec2(17.5, -84.5)
DVec2(16.5, -83.5)
DVec2(16.5, -82.5)
DVec2(16.5, -81.5)
DVec2(16.5, -80.5)
DVec2(17.5, -83.5)
DVec2(17.5, -82.5)
DVec2(17.5, -81.5)
DVec2(17.5, -80.5)
DVec2(16.5, -79.5)
DVec2(16.5, -78.5)
DVec2(16.5, -77.5)
DVec2(16.5, -76.5)
DVec2(17.5, -79.5)
DVec2(17.5, -78.5)
DVec2(17.5, -77.5)
DVec2(17.5, -76.5)
DVec2(16.5, -75.5)
DVec2(16.5, -74.5)
DVec2(16.5, -73.5)
DVec2(16.5, -72.5)
DVec2(17.5, -75.5)
DVec2(17.5, -74.5)
DVec2(17.5, -73.5)
DVec2(17.5, -72.5)
DVec2(16.5, -71.5)
DVec2(16.5, -70.5)
DVec2(16.5, -69.5)
DVec2(16.5, -68.5)
DVec2(17.5, -71.5)
DVec2(17.5, -70.5)
DVec2(17.5, -69.5)
DVec2(17.5, -68.5)
DVec2(16.5, -67.5)
DVec2(16.5, -66.5)
DVec2(16.5, -65.5)
DVec2(16.5, -64.5)
DVec2(17.5, -67.5)
DVec2(17.5, -66.5)
DVec2(17.5, -65.5)
DVec2(17.5, -64.5)
DVec2(16.5, -63.5)
DVec2(16.5, -62.5)
DVec2(16.5, -61.5)
DVec2(16.5, -60.5)
DVec2(17.5, -63.5)
DVec2(17.5, -62.5)
DVec2(17.5, -61.5)
DVec2(17.5, -60.5)
DVec2(16.5, -59.5)
DVec2(16.5, -58.5)
DVec2(16.5, -57.5)
DVec2(16.5, -56.5)
DVec2(17.5, -59.5)
DVec2(17.5, -58.5)
DVec2(17.5, -57.5)
DVec2(17.5, -56.5)
DVec2(16.5, -55.5)
DVec2(16.5, -54.5)
DVec2(16.5, -53.5)
DVec2(16.5, -52.5)
DVec2(17.5, -55.5)
DVec2(17.5, -54.5)
DVec2(17.5, -53.5)
DVec2(17.5, -52.5)
DVec2(16.5, -51.5)
DVec2(16.5, -50.5)
DVec2(16.5, -49.5)
DVec2(16.5, -48.5)
DVec2(17.5, -51.5)
DVec2(17.5, -50.5)
DVec2(17.5, -49.5)
DVec2(17.5, -48.5)
DVec2(16.5, -47.5)
DVec2(16.5, -46.5)
DVec2(16.5, -45.5)
DVec2(16.5, -44.5)
DVec2(17.5, -47.5)
DVec2(17.5, -46.5)
DVec2(17.5, -45.5)
DVec2(17.5, -44.5)
DVec2(16.5, -43.5)
DVec2(16.5, -42.5)
DVec2(16.5, -41.5)
DVec2(16.5, -40.5)
DVec2(17.5, -43.5)
DVec2(17.5, -42.5)
DVec2(17.5, -41.5)
DVec2(17.5, -40.5)
DVec2(16.5, -39.5)
DVec2(16.5, -38.5)
DVec2(16.5, -37.5)
DVec2(16.5, -36.5)
DVec2(17.5, -39.5)
DVec2(17.5, -38.5)
DVec2(17.5, -37.5)
DVec2(17.5, -36.5)
DVec2(16.5, -35.5)
DVec2(16.5, -34.5)
DVec2(16.5, -33.5)
DVec2(16.5, -32.5)
DVec2(17.5, -35.5)
DVec2(17.5, -34.5)
DVec2(17.5, -33.5)
DVec2(17.5, -32.5)
DVec2(16.5, -31.5)
DVec2(16.5, -30.5)
DVec2(16.5, -29.5)
DVec2(16.5, -28.5)
DVec2(17.5, -31.5)
DVec2(17.5, -30.5)
DVec2(17.5, -29.5)
DVec2(17.5, -28.5)
DVec2(16.5, -27.5)
DVec2(16.5, -26.5)
DVec2(16.5, -25.5)
DVec2(16.5, -24.5)
DVec2(17.5, -27.5)
DVec2(17.5, -26.5)
DVec2(17.5, -25.5)
DVec2(17.5, -24.5)
DVec2(16.5, -23.5)
DVec2(16.5, -22.5)
DVec2(16.5, -21.5)
DVec2(16.5, -20.5)
DVec2(17.5, -23.5)
DVec2(17.5, -22.5)
DVec2(17.5, -21.5)
DVec2(17.5, -20.5)
DVec2(16.5, -19.5)
DVec2(16.5, -18.5)
DVec2(16.5, -17.5)
DVec2(16.5, -16.5)
DVec2(17.5, -19.5)
DVec2(17.5, -18.5)
DVec2(17.5, -17.5)
DVec2(17.5, -16.5)
DVec2(16.5, -15.5)
DVec2(16.5, -14.5)
DVec2(16.5, -13.5)
DVec2(16.5, -12.5)
DVec2(17.5, -15.5)
DVec2(17.5, -14.5)
DVec2(17.5, -13.5)
DVec2(17.5, -12.5)
DVec2(16.5, -11.5)
DVec2(16.5, -10.5)
DVec2(16.5, -9.5)
DVec2(16.5, -8.5)
DVec2(17.5, -11.5)
DVec2(17.5, -10.5)
DVec2(17.5, -9.5)
DVec2(17.5, -8.5)
DVec2(16.5, -7.5)
DVec2(16.5, -6.5)
DVec2(16.5, -5.5)
DVec2(16.5, -4.5)
DVec2(17.5, -7.5)
DVec2(17.5, -6.5)
DVec2(17.5, -5.5)
DVec2(17.5, -4.5)
DVec2(16.5, -3.5)
DVec2(16.5, -2.5)
DVec2(16.5, -1.5)
DVec2(16.5, -0.5)
DVec2(17.5, -3.5)
DVec2(17.5, -2.5)
DVec2(17.5, -1.5)
DVec2(17.5, -0.5)
DVec2(16.5, 0.5)
DVec2(16.5, 1.5)
DVec2(16.5, 2.5)
DVec2(16.5, 3.5)
DVec2(17.5, 0.5)
DVec2(17.5, 1.5)
DVec2(17.5, 2.5)
DVec2(17.5, 3.5)
DVec2(16.5, 4.5)
DVec2(16.5, 5.5)
DVec2(16.5, 6.5)
DVec2(16.5, 7.5)
DVec2(17.5, 4.5)
DVec2(17.5, 5.5)
DVec2(17.5, 6.5)
DVec2(17.5, 7.5)
DVec2(16.5, 8.5)
DVec2(16.5, 9.5)
DVec2(16.5, 10.5)
DVec2(16.5, 11.5)
DVec2(17.5, 8.5)
DVec2(17.5, 9.5)
DVec2(17.5, 10.5)
DVec2(17.5, 11.5)
DVec2(16.5, 12.5)
DVec2(16.5, 13.5)
DVec2(16.5, 14.5)
DVec2(16.5, 15.5)
DVec2(17.5, 12.5)
DVec2(17.5, 13.5)
DVec2(17.5, 14.5)
DVec2(17.5, 15.5)
DVec2(16.5, 16.5)
DVec2(16.5, 17.5)
DVec2(16.5, 18.5)
DVec2(16.5, 19.5)
DVec2(17.5, 16.5)
DVec2(17.5, 17.5)
DVec2(17.5, 18.5)
DVec2(17.5, 19.5)
DVec2(16.5, 20.5)
DVec2(16.5, 21.5)
DVec2(16.5, 22.5)
DVec2(16.5, 23.5)
DVec2(17.5, 20.5)
DVec2(17.5, 21.5)
DVec2(17.5, 22.5)
DVec2(17.5, 23.5)
DVec2(16.5, 24.5)
DVec2(16.5, 25.5)
DVec2(16.5, 26.5)
DVec2(16.5, 27.5)
DVec2(17.5, 24.5)
DVec2(17.5, 25.5)
DVec2(17.5, 26.5)
DVec2(17.5, 27.5)
DVec2(16.5, 28.5)
DVec2(16.5, 29.5)
DVec2(16.5, 30.5)
DVec2(16.5, 31.5)
DVec2(17.5, 28.5)
DVec2(17.5, 29.5)
DVec2(17.5, 30.5)
DVec2(17.5, 31.5)
DVec2(16.5, 32.5)
DVec2(16.5, 33.5)
DVec2(16.5, 34.5)
DVec2(16.5, 35.5)
DVec2(17.5, 32.5)
DVec2(17.5, 33.5)
DVec2(17.5, 34.5)
DVec2(17.5, 35.5)
DVec2(16.5, 36.5)
DVec2(16.5, 37.5)
DVec2(16.5, 38.5)
DVec2(16.5, 39.5)
DVec2(17.5, 36.5)
DVec2(17.5, 37.5)
DVec2(17.5, 38.5)
DVec2(17.5, 39.5)
DVec2(16.5, 40.5)
DVec2(16.5, 41.5)
DVec2(16.5, 42.5)
DVec2(16.5, 43.5)
DVec2(17.5, 40.5)
DVec2(17.5, 41.5)
DVec2(17.5, 42.5)
DVec2(17.5, 43.5)
DVec2(16.5, 44.5)
DVec2(16.5, 45.5)
DVec2(16.5, 46.5)
DVec2(16.5, 47.5)
DVec2(17.5, 44.5)
DVec2(17.5, 45.5)
DVec2(17.5, 46.5)
DVec2(17.5, 47.5)
DVec2(16.5, 48.5)
DVec2(16.5, 49.5)
DVec2(16.5, 50.5)
DVec2(16.5, 51.5)
DVec2(17.5, 48.5)
DVec2(17.5, 49.5)
DVec2(17.5, 50.5)
DVec2(17.5, 51.5)
DVec2(16.5, 52.5)
DVec2(16.5, 53.5)
DVec2(16.5, 54.5)
DVec2(16.5, 55.5)
DVec2(17.5, 52.5)
DVec2(17.5, 53.5)
DVec2(17.5, 54.5)
DVec2(17.5, 55.5)
DVec2(16.5, 56.5)
DVec2(16.5, 57.5)
DVec2(16.5, 58.5)
DVec2(16.5, 59.5)
DVec2(17.5, 56.5)
DVec2(17.5, 57.5)
DVec2(17.5, 58.5)
DVec2(17.5, 59.5)
DVec2(16.5, 60.5)
DVec2(16.5, 61.5)
DVec2(16.5, 62.5)
DVec2(16.5, 63.5)
DVec2(17.5, 60.5)
DVec2(17.5, 61.5)
DVec2(17.5, 62.5)
DVec2(17.5, 63.5)
DVec2(16.5, 64.5)
DVec2(16.5, 65.5)
DVec2(16.5, 66.5)
DVec2(16.5, 67.5)
DVec2(17.5, 64.5)
DVec2(17.5, 65.5)
DVec2(17.5, 66.5)
DVec2(17.5, 67.5)
DVec2(16.5, 68.5)
DVec2(16.5, 69.5)
DVec2(16.5, 70.5)
DVec2(16.5, 71.5)
DVec2(17.5, 68.5)
DVec2(17.5, 69.5)
DVec2(17.5, 70.5)
DVec2(17.5, 71.5)
DVec2(16.5, 72.5)
DVec2(16.5, 73.5)
DVec2(16.5, 74.5)
DVec2(16.5, 75.5)
DVec2(17.5, 72.5)
DVec2(17.5, 73.5)
DVec2(17.5, 74.5)
DVec2(17.5, 75.5)
DVec2(16.5, 76.5)
DVec2(16.5, 77.5)
DVec2(16.5, 78.5)
DVec2(16.5, 79.5)
DVec2(17.5, 76.5)
DVec2(17.5, 77.5)
DVec2(17.5, 78.5)
DVec2(17.5, 79.5)
DVec2(16.5, 80.5)
DVec2(16.5, 81.5)
DVec2(16.5, 82.5)
DVec2(16.5, 83.5)
DVec2(17.5, 80.5)
DVec2(17.5, 81.5)
DVec2(17.5, 82.5)
DVec2(17.5, 83.5)
DVec2(16.5, 84.5)
DVec2(16.5, 85.5)
DVec2(16.5, 86.5)
DVec2(16.5, 87.5)
DVec2(17.5, 84.5)
DVec2(17.5, 85.5)
DVec2(17.5, 86.5)
DVec2(17.5, 87.5)
DVec2(16.5, 88.5)
DVec2(16.5, 89.5)
DVec2(16.5, 90.5)
DVec2(16.5, 91.5)
DVec2(17.5, 88.5)
DVec2(17.5, 89.5)
DVec2(17.5, 90.5)
DVec2(17.5, 91.5)
DVec2(16.5, 92.5)
DVec2(16.5, 93.5)
DVec2(16.5, 94.5)
DVec2(16.5, 95.5)
DVec2(17.5, 92.5)
DVec2(17.5, 93.5)
DVec2(17.5, 94.5)
DVec2(17.5, 95.5)
DVec2(16.5, 96.5)
DVec2(16.5, 97.5)
DVec2(16.5, 98.5)
DVec2(16.5, 99.5)
DVec2(17.5, 96.5)
DVec2(17.5, 97.5)
DVec2(17.5, 98.5)
DVec2(17.5, 99.5)
DVec2(16.5, 100.5)
DVec2(16.5, 101.5)
DVec2(16.5, 102.5)
DVec2(16.5, 103.5)
DVec2(17.5, 100.5)
DVec2(17.5, 101.5)
DVec2(17.5, 102.5)
DVec2(17.5, 103.5)
DVec2(16.5, 104.5)
DVec2(16.5, 105.5)
DVec2(16.5, 106.5)
DVec2(16.5, 107.5)
DVec2(17.5, 104.5)
DVec2(17.5, 105.5)
DVec2(17.5, 106.5)
DVec2(17.5, 107.5)
DVec2(16.5, 108.5)
DVec2(16.5, 109.5)
DVec2(16.5, 110.5)
DVec2(16.5, 111.5)
DVec2(17.5, 108.5)
DVec2(17.5, 109.5)
DVec2(17.5, 110.5)
DVec2(17.5, 111.5)
DVec2(16.5, 112.5)
DVec2(16.5, 113.5)
DVec2(16.5, 114.5)
DVec2(16.5, 115.5)
DVec2(17.5, 112.5)
DVec2(17.5, 113.5)
DVec2(17.5, 114.5)
DVec2(17.5, 115.5)
DVec2(16.5, 116.5)
DVec2(16.5, 117.5)
DVec2(16.5, 118.5)
DVec2(16.5, 119.5)
DVec2(17.5, 116.5)
DVec2(17.5, 117.5)
DVec2(17.5, 118.5)
DVec2(17.5, 119.5)
DVec2(18.5, -119.5)
DVec2(18.5, -118.5)
DVec2(18.5, -117.5)
DVec2(18.5, -116.5)
DVec2(19.5, -119.5)
DVec2(19.5, -118.5)
DVec2(19.5, -117.5)
DVec2(19.5, -116.5)
DVec2(18.5, -115.5)
DVec2(18.5, -114.5)
DVec2(18.5, -113.5)
DVec2(18.5, -112.5)
DVec2(19.5, -115.5)
DVec2(19.5, -114.5)
DVec2(19.5, -113.5)
DVec2(19.5, -112.5)
DVec2(18.5, -111.5)
DVec2(18.5, -110.5)
DVec2(18.5, -109.5)
DVec2(18.5, -108.5)
DVec2(19.5, -111.5)
DVec2(19.5, -110.5)
DVec2(19.5, -109.5)
DVec2(19.5, -108.5)
DVec2(18.5, -107.5)
DVec2(18.5, -106.5)
DVec2(18.5, -105.5)
DVec2(18.5, -104.5)
DVec2(19.5, -107.5)
DVec2(19.5, -106.5)
DVec2(19.5, -105.5)
DVec2(19.5, -104.5)
DVec2(18.5, -103.5)
DVec2(18.5, -102.5)
DVec2(18.5, -101.5)
DVec2(18.5, -100.5)
DVec2(19.5, -103.5)
DVec2(19.5, -102.5)
DVec2(19.5, -101.5)
DVec2(19.5, -100.5)
DVec2(18.5, -99.5)
DVec2(18.5, -98.5)
DVec2(18.5, -97.5)
DVec2(18.5, -96.5)
DVec2(19.5, -99.5)
DVec2(19.5, -98.5)
DVec2(19.5, -97.5)
DVec2(19.5, -96.5)
DVec2(18.5, -95.5)
DVec2(18.5, -94.5)
DVec2(18.5, -93.5)
DVec2(18.5, -92.5)
DVec2(19.5, -95.5)
DVec2(19.5, -94.5)
DVec2(19.5, -93.5)
DVec2(19.5, -92.5)
DVec2(18.5, -91.5)
DVec2(18.5, -90.5)
DVec2(18.5, -89.5)
DVec2(18.5, -88.5)
DVec2(19.5, -91.5)
DVec2(19.5, -90.5)
DVec2(19.5, -89.5)
DVec2(19.5, -88.5)
DVec2(18.5, -87.5)
DVec2(18.5, -86.5)
DVec2(18.5, -85.5)
DVec2(18.5, -84.5)
DVec2(19.5, -87.5)
DVec2(19.5, -86.5)
DVec2(19.5, -85.5)
DVec2(19.5, -84.5)
DVec2(18.5, -83.5)
DVec2(18.5, -82.5)
DVec2(18.5, -81.5)
DVec2(18.5, -80.5)
DVec2(19.5, -83.5)
DVec2(19.5, -82.5)
DVec2(19.5, -81.5)
DVec2(19.5, -80.5)
DVec2(18.5, -79.5)
DVec2(18.5, -78.5)
DVec2(18.5, -77.5)
DVec2(18.5, -76.5)
DVec2(19.5, -79.5)
DVec2(19.5, -78.5)
DVec2(19.5, -77.5)
DVec2(19.5, -76.5)
DVec2(18.5, -75.5)
DVec2(18.5, -74.5)
DVec2(18.5, -73.5)
DVec2(18.5, -72.5)
DVec2(19.5, -75.5)
DVec2(19.5, -74.5)
DVec2(19.5, -73.5)
DVec2(19.5, -72.5)
DVec2(18.5, -71.5)
DVec2(18.5, -70.5)
DVec2(18.5, -69.5)
DVec2(18.5, -68.5)
DVec2(19.5, -71.5)
DVec2(19.5, -70.5)
DVec2(19.5, -69.5)
DVec2(19.5, -68.5)
DVec2(18.5, -67.5)
DVec2(18.5, -66.5)
DVec2(18.5, -65.5)
DVec2(18.5, -64.5)
DVec2(19.5, -67.5)
DVec2(19.5, -66.5)
DVec2(19.5, -65.5)
DVec2(19.5, -64.5)
DVec2(18.5, -63.5)
DVec2(18.5, -62.5)
DVec2(18.5, -61.5)
DVec2(18.5, -60.5)
DVec2(19.5, -63.5)
DVec2(19.5, -62.5)
DVec2(19.5, -61.5)
DVec2(19.5, -60.5)
DVec2(18.5, -59.5)
DVec2(18.5, -58.5)
DVec2(18.5, -57.5)
DVec2(18.5, -56.5)
DVec2(19.5, -59.5)
DVec2(19.5, -58.5)
DVec2(19.5, -57.5)
DVec2(19.5, -56.5)
DVec2(18.5, -55.5)
DVec2(18.5, -54.5)
DVec2(18.5, -53.5)
DVec2(18.5, -52.5)
DVec2(19.5, -55.5)
DVec2(19.5, -54.5)
DVec2(19.5, -53.5)
DVec2(19.5, -52.5)
DVec2(18.5, -51.5)
DVec2(18.5, -50.5)
DVec2(18.5, -49.5)
DVec2(18.5, -48.5)
DVec2(19.5, -51.5)
DVec2(19.5, -50.5)
DVec2(19.5, -49.5)
DVec2(19.5, -48.5)
DVec2(18.5, -47.5)
DVec2(18.5, -46.5)
DVec2(18.5, -45.5)
DVec2(18.5, -44.5)
DVec2(19.5, -47.5)
DVec2(19.5, -46.5)
DVec2(19.5, -45.5)
DVec2(19.5, -44.5)
DVec2(18.5, -43.5)
DVec2(18.5, -42.5)
DVec2(18.5, -41.5)
DVec2(18.5, -40.5)
DVec2(19.5, -43.5)
DVec2(19.5, -42.5)
DVec2(19.5, -41.5)
DVec2(19.5, -40.5)
DVec2(18.5, -39.5)
DVec2(18.5, -38.5)
DVec2(18.5, -37.5)
DVec2(18.5, -36.5)
DVec2(19.5, -39.5)
DVec2(19.5, -38.5)
DVec2(19.5, -37.5)
DVec2(19.5, -36.5)
DVec2(18.5, -35.5)
DVec2(18.5, -34.5)
DVec2(18.5, -33.5)
DVec2(18.5, -32.5)
DVec2(19.5, -35.5)
DVec2(19.5, -34.5)
DVec2(19.5, -33.5)
DVec2(19.5, -32.5)
DVec2(18.5, -31.5)
DVec2(18.5, -30.5)
DVec2(18.5, -29.5)
DVec2(18.5, -28.5)
DVec2(19.5, -31.5)
DVec2(19.5, -30.5)
DVec2(19.5, -29.5)
DVec2(19.5, -28.5)
DVec2(18.5, -27.5)
DVec2(18.5, -26.5)
DVec2(18.5, -25.5)
DVec2(18.5, -24.5)
DVec2(19.5, -27.5)
DVec2(19.5, -26.5)
DVec2(19.5, -25.5)
DVec2(19.5, -24.5)
DVec2(18.5, -23.5)
DVec2(18.5, -22.5)
DVec2(18.5, -21.5)
DVec2(18.5, -20.5)
DVec2(19.5, -23.5)
DVec2(19.5, -22.5)
DVec2(19.5, -21.5)
DVec2(19.5, -20.5)
DVec2(18.5, -19.5)
DVec2(18.5, -18.5)
DVec2(18.5, -17.5)
DVec2(18.5, -16.5)
DVec2(19.5, -19.5)
DVec2(19.5, -18.5)
DVec2(19.5, -17.5)
DVec2(19.5, -16.5)
DVec2(18.5, -15.5)
DVec2(18.5, -14.5)
DVec2(18.5, -13.5)
DVec2(18.5, -12.5)
DVec2(19.5, -15.5)
DVec2(19.5, -14.5)
DVec2(19.5, -13.5)
DVec2(19.5, -12.5)
DVec2(18.5, -11.5)
DVec2(18.5, -10.5)
DVec2(18.5, -9.5)
DVec2(18.5, -8.5)
DVec2(19.5, -11.5)
DVec2(19.5, -10.5)
DVec2(19.5, -9.5)
DVec2(19.5, -8.5)
DVec2(18.5, -7.5)
DVec2(18.5, -6.5)
DVec2(18.5, -5.5)
DVec2(18.5, -4.5)
DVec2(19.5, -7.5)
DVec2(19.5, -6.5)
DVec2(19.5, -5.5)
DVec2(19.5, -4.5)
DVec2(18.5, -3.5)
DVec2(18.5, -2.5)
DVec2(18.5, -1.5)
DVec2(18.5, -0.5)
DVec2(19.5, -3.5)
DVec2(19.5, -2.5)
DVec2(19.5, -1.5)
DVec2(19.5, -0.5)
DVec2(18.5, 0.5)
DVec2(18.5, 1.5)
DVec2(18.5, 2.5)
DVec2(18.5, 3.5)
DVec2(19.5, 0.5)
DVec2(19.5, 1.5)
DVec2(19.5, 2.5)
DVec2(19.5, 3.5)
DVec2(18.5, 4.5)
DVec2(18.5, 5.5)
DVec2(18.5, 6.5)
DVec2(18.5, 7.5)
DVec2(19.5, 4.5)
DVec2(19.5, 5.5)
DVec2(19.5, 6.5)
DVec2(19.5, 7.5)
DVec2(18.5, 8.5)
DVec2(18.5, 9.5)
DVec2(18.5, 10.5)
DVec2(18.5, 11.5)
DVec2(19.5, 8.5)
DVec2(19.5, 9.5)
DVec2(19.5, 10.5)
DVec2(19.5, 11.5)
DVec2(18.5, 12.5)
DVec2(18.5, 13.5)
DVec2(18.5, 14.5)
DVec2(18.5, 15.5)
DVec2(19.5, 12.5)
DVec2(19.5, 13.5)
DVec2(19.5, 14.5)
DVec2(19.5, 15.5)
DVec2(18.5, 16.5)
DVec2(18.5, 17.5)
DVec2(18.5, 18.5)
DVec2(18.5, 19.5)
DVec2(19.5, 16.5)
DVec2(19.5, 17.5)
DVec2(19.5, 18.5)
DVec2(19.5, 19.5)
DVec2(18.5, 20.5)
DVec2(18.5, 21.5)
DVec2(18.5, 22.5)
DVec2(18.5, 23.5)
DVec2(19.5, 20.5)
DVec2(19.5, 21.5)
DVec2(19.5, 22.5)
DVec2(19.5, 23.5)
DVec2(18.5, 24.5)
DVec2(18.5, 25.5)
DVec2(18.5, 26.5)
DVec2(18.5, 27.5)
DVec2(19.5, 24.5)
DVec2(19.5, 25.5)
DVec2(19.5, 26.5)
DVec2(19.5, 27.5)
DVec2(18.5, 28.5)
DVec2(18.5, 29.5)
DVec2(18.5, 30.5)
DVec2(18.5, 31.5)
DVec2(19.5, 28.5)
DVec2(19.5, 29.5)
DVec2(19.5, 30.5)
DVec2(19.5, 31.5)
DVec2(18.5, 32.5)
DVec2(18.5, 33.5)
DVec2(18.5, 34.5)
DVec2(18.5, 35.5)
DVec2(19.5, 32.5)
DVec2(19.5, 33.5)
DVec2(19.5, 34.5)
DVec2(19.5, 35.5)
DVec2(18.5, 36.5)
DVec2(18.5, 37.5)
DVec2(18.5, 38.5)
DVec2(18.5, 39.5)
DVec2(19.5, 36.5)
DVec2(19.5, 37.5)
DVec2(19.5, 38.5)
DVec2(19.5, 39.5)
DVec2(18.5, 40.5)
DVec2(18.5, 41.5)
DVec2(18.5, 42.5)
DVec2(18.5, 43.5)
DVec2(19.5, 40.5)
DVec2(19.5, 41.5)
DVec2(19.5, 42.5)
DVec2(19.5, 43.5)
DVec2(18.5, 44.5)
DVec2(18.5, 45.5)
DVec2(18.5, 46.5)
DVec2(18.5, 47.5)
DVec2(19.5, 44.5)
DVec2(19.5, 45.5)
DVec2(19.5, 46.5)
DVec2(19.5, 47.5)
DVec2(18.5, 48.5)
DVec2(18.5, 49.5)
DVec2(18.5, 50.5)
DVec2(18.5, 51.5)
DVec2(19.5, 48.5)
DVec2(19.5, 49.5)
DVec2(19.5, 50.5)
DVec2(19.5, 51.5)
DVec2(18.5, 52.5)
DVec2(18.5, 53.5)
DVec2(18.5, 54.5)
DVec2(18.5, 55.5)
DVec2(19.5, 52.5)
DVec2(19.5, 53.5)
DVec2(19.5, 54.5)
DVec2(19.5, 55.5)
DVec2(18.5, 56.5)
DVec2(18.5, 57.5)
DVec2(18.5, 58.5)
DVec2(18.5, 59.5)
DVec2(19.5, 56.5)
DVec2(19.5, 57.5)
DVec2(19.5, 58.5)
DVec2(19.5, 59.5)
DVec2(18.5, 60.5)
DVec2(18.5, 61.5)
DVec2(18.5, 62.5)
DVec2(18.5, 63.5)
DVec2(19.5, 60.5)
DVec2(19.5, 61.5)
DVec2(19.5, 62.5)
DVec2(19.5, 63.5)
DVec2(18.5, 64.5)
DVec2(18.5, 65.5)
DVec2(18.5, 66.5)
DVec2(18.5, 67.5)
DVec2(19.5, 64.5)
DVec2(19.5, 65.5)
DVec2(19.5, 66.5)
DVec2(19.5, 67.5)
DVec2(18.5, 68.5)
DVec2(18.5, 69.5)
DVec2(18.5, 70.5)
DVec2(18.5, 71.5)
DVec2(19.5, 68.5)
DVec2(19.5, 69.5)
DVec2(19.5, 70.5)
DVec2(19.5, 71.5)
DVec2(18.5, 72.5)
DVec2(18.5, 73.5)
DVec2(18.5, 74.5)
DVec2(18.5, 75.5)
DVec2(19.5, 72.5)
DVec2(19.5, 73.5)
DVec2(19.5, 74.5)
DVec2(19.5, 75.5)
DVec2(18.5, 76.5)
DVec2(18.5, 77.5)
DVec2(18.5, 78.5)
DVec2(18.5, 79.5)
DVec2(19.5, 76.5)
DVec2(19.5, 77.5)
DVec2(19.5, 78.5)
DVec2(19.5, 79.5)
DVec2(18.5, 80.5)
DVec2(18.5, 81.5)
DVec2(18.5, 82.5)
DVec2(18.5, 83.5)
DVec2(19.5, 80.5)
DVec2(19.5, 81.5)
DVec2(19.5, 82.5)
DVec2(19.5, 83.5)
DVec2(18.5, 84.5)
DVec2(18.5, 85.5)
DVec2(18.5, 86.5)
DVec2(18.5, 87.5)
DVec2(19.5, 84.5)
DVec2(19.5, 85.5)
DVec2(19.5, 86.5)
DVec2(19.5, 87.5)
DVec2(18.5, 88.5)
DVec2(18.5, 89.5)
DVec2(18.5, 90.5)
DVec2(18.5, 91.5)
DVec2(19.5, 88.5)
DVec2(19.5, 89.5)
DVec2(19.5, 90.5)
DVec2(19.5, 91.5)
DVec2(18.5, 92.5)
DVec2(18.5, 93.5)
DVec2(18.5, 94.5)
DVec2(18.5, 95.5)
DVec2(19.5, 92.5)
DVec2(19.5, 93.5)
DVec2(19.5, 94.5)
DVec2(19.5, 95.5)
DVec2(18.5, 96.5)
DVec2(18.5, 97.5)
DVec2(18.5, 98.5)
DVec2(18.5, 99.5)
DVec2(19.5, 96.5)
DVec2(19.5, 97.5)
DVec2(19.5, 98.5)
DVec2(19.5, 99.5)
DVec2(18.5, 100.5)
DVec2(18.5, 101.5)
DVec2(18.5, 102.5)
DVec2(18.5, 103.5)
DVec2(19.5, 100.5)
DVec2(19.5, 101.5)
DVec2(19.5, 102.5)
DVec2(19.5, 103.5)
DVec2(18.5, 104.5)
DVec2(18.5, 105.5)
DVec2(18.5, 106.5)
DVec2(18.5, 107.5)
DVec2(19.5, 104.5)
DVec2(19.5, 105.5)
DVec2(19.5, 106.5)
DVec2(19.5, 107.5)
DVec2(18.5, 108.5)
DVec2(18.5, 109.5)
DVec2(18.5, 110.5)
DVec2(18.5, 111.5)
DVec2(19.5, 108.5)
DVec2(19.5, 109.5)
DVec2(19.5, 110.5)
DVec2(19.5, 111.5)
DVec2(18.5, 112.5)
DVec2(18.5, 113.5)
DVec2(18.5, 114.5)
DVec2(18.5, 115.5)
DVec2(19.5, 112.5)
DVec2(19.5, 113.5)
DVec2(19.5, 114.5)
DVec2(19.5, 115.5)
DVec2(18.5, 116.5)
DVec2(18.5, 117.5)
DVec2(18.5, 118.5)
DVec2(18.5, 119.5)
DVec2(19.5, 116.5)
DVec2(19.5, 117.5)
DVec2(19.5, 118.5)
DVec2(19.5, 119.5)
DVec2(20.5, -119.5)
DVec2(20.5, -118.5)
DVec2(20.5, -117.5)
DVec2(20.5, -116.5)
DVec2(21.5, -119.5)
DVec2(21.5, -118.5)
DVec2(21.5, -117.5)
DVec2(21.5, -116.5)
DVec2(20.5, -115.5)
DVec2(20.5, -114.5)
DVec2(20.5, -113.5)
DVec2(20.5, -112.5)
DVec2(21.5, -115.5)
DVec2(21.5, -114.5)
DVec2(21.5, -113.5)
DVec2(21.5, -112.5)
DVec2(20.5, -111.5)
DVec2(20.5, -110.5)
DVec2(20.5, -109.5)
DVec2(20.5, -108.5)
DVec2(21.5, -111.5)
DVec2(21.5, -110.5)
DVec2(21.5, -109.5)
DVec2(21.5, -108.5)
DVec2(20.5, -107.5)
DVec2(20.5, -106.5)
DVec2(20.5, -105.5)
DVec2(20.5, -104.5)
DVec2(21.5, -107.5)
DVec2(21.5, -106.5)
DVec2(21.5, -105.5)
DVec2(21.5, -104.5)
DVec2(20.5, -103.5)
DVec2(20.5, -102.5)
DVec2(20.5, -101.5)
DVec2(20.5, -100.5)
DVec2(21.5, -103.5)
DVec2(21.5, -102.5)
DVec2(21.5, -101.5)
DVec2(21.5, -100.5)
DVec2(20.5, -99.5)
DVec2(20.5, -98.5)
DVec2(20.5, -97.5)
DVec2(20.5, -96.5)
DVec2(21.5, -99.5)
DVec2(21.5, -98.5)
DVec2(21.5, -97.5)
DVec2(21.5, -96.5)
DVec2(20.5, -95.5)
DVec2(20.5, -94.5)
DVec2(20.5, -93.5)
DVec2(20.5, -92.5)
DVec2(21.5, -95.5)
DVec2(21.5, -94.5)
DVec2(21.5, -93.5)
DVec2(21.5, -92.5)
DVec2(20.5, -91.5)
DVec2(20.5, -90.5)
DVec2(20.5, -89.5)
DVec2(20.5, -88.5)
DVec2(21.5, -91.5)
DVec2(21.5, -90.5)
DVec2(21.5, -89.5)
DVec2(21.5, -88.5)
DVec2(20.5, -87.5)
DVec2(20.5, -86.5)
DVec2(20.5, -85.5)
DVec2(20.5, -84.5)
DVec2(21.5, -87.5)
DVec2(21.5, -86.5)
DVec2(21.5, -85.5)
DVec2(21.5, -84.5)
DVec2(20.5, -83.5)
DVec2(20.5, -82.5)
DVec2(20.5, -81.5)
DVec2(20.5, -80.5)
DVec2(21.5, -83.5)
DVec2(21.5, -82.5)
DVec2(21.5, -81.5)
DVec2(21.5, -80.5)
DVec2(20.5, -79.5)
DVec2(20.5, -78.5)
DVec2(20.5, -77.5)
DVec2(20.5, -76.5)
DVec2(21.5, -79.5)
DVec2(21.5, -78.5)
DVec2(21.5, -77.5)
DVec2(21.5, -76.5)
DVec2(20.5, -75.5)
DVec2(20.5, -74.5)
DVec2(20.5, -73.5)
DVec2(20.5, -72.5)
DVec2(21.5, -75.5)
DVec2(21.5, -74.5)
DVec2(21.5, -73.5)
DVec2(21.5, -72.5)
DVec2(20.5, -71.5)
DVec2(20.5, -70.5)
DVec2(20.5, -69.5)
DVec2(20.5, -68.5)
DVec2(21.5, -71.5)
DVec2(21.5, -70.5)
DVec2(21.5, -69.5)
DVec2(21.5, -68.5)
DVec2(20.5, -67.5)
DVec2(20.5, -66.5)
DVec2(20.5, -65.5)
DVec2(20.5, -64.5)
DVec2(21.5, -67.5)
DVec2(21.5, -66.5)
DVec2(21.5, -65.5)
DVec2(21.5, -64.5)
DVec2(20.5, -63.5)
DVec2(20.5, -62.5)
DVec2(20.5, -61.5)
DVec2(20.5, -60.5)
DVec2(21.5, -63.5)
DVec2(21.5, -62.5)
DVec2(21.5, -61.5)
DVec2(21.5, -60.5)
DVec2(20.5, -59.5)
DVec2(20.5, -58.5)
DVec2(20.5, -57.5)
DVec2(20.5, -56.5)
DVec2(21.5, -59.5)
DVec2(21.5, -58.5)
DVec2(21.5, -57.5)
DVec2(21.5, -56.5)
DVec2(20.5, -55.5)
DVec2(20.5, -54.5)
DVec2(20.5, -53.5)
DVec2(20.5, -52.5)
DVec2(21.5, -55.5)
DVec2(21.5, -54.5)
DVec2(21.5, -53.5)
DVec2(21.5, -52.5)
DVec2(20.5, -51.5)
DVec2(20.5, -50.5)
DVec2(20.5, -49.5)
DVec2(20.5, -48.5)
DVec2(21.5, -51.5)
DVec2(21.5, -50.5)
DVec2(21.5, -49.5)
DVec2(21.5, -48.5)
DVec2(20.5, -47.5)
DVec2(20.5, -46.5)
DVec2(20.5, -45.5)
DVec2(20.5, -44.5)
DVec2(21.5, -47.5)
DVec2(21.5, -46.5)
DVec2(21.5, -45.5)
DVec2(21.5, -44.5)
DVec2(20.5, -43.5)
DVec2(20.5, -42.5)
DVec2(20.5, -41.5)
DVec2(20.5, -40.5)
DVec2(21.5, -43.5)
DVec2(21.5, -42.5)
DVec2(21.5, -41.5)
DVec2(21.5, -40.5)
DVec2(20.5, -39.5)
DVec2(20.5, -38.5)
DVec2(20.5, -37.5)
DVec2(20.5, -36.5)
DVec2(21.5, -39.5)
DVec2(21.5, -38.5)
DVec2(21.5, -37.5)
DVec2(21.5, -36.5)
DVec2(20.5, -35.5)
DVec2(20.5, -34.5)
DVec2(20.5, -33.5)
DVec2(20.5, -32.5)
DVec2(21.5, -35.5)
DVec2(21.5, -34.5)
DVec2(21.5, -33.5)
DVec2(21.5, -32.5)
DVec2(20.5, -31.5)
DVec2(20.5, -30.5)
DVec2(20.5, -29.5)
DVec2(20.5, -28.5)
DVec2(21.5, -31.5)
DVec2(21.5, -30.5)
DVec2(21.5, -29.5)
DVec2(21.5, -28.5)
DVec2(20.5, -27.5)
DVec2(20.5, -26.5)
DVec2(20.5, -25.5)
DVec2(20.5, -24.5)
DVec2(21.5, -27.5)
DVec2(21.5, -26.5)
DVec2(21.5, -25.5)
DVec2(21.5, -24.5)
DVec2(20.5, -23.5)
DVec2(20.5, -22.5)
DVec2(20.5, -21.5)
DVec2(20.5, -20.5)
DVec2(21.5, -23.5)
DVec2(21.5, -22.5)
DVec2(21.5, -21.5)
DVec2(21.5, -20.5)
DVec2(20.5, -19.5)
DVec2(20.5, -18.5)
DVec2(20.5, -17.5)
DVec2(20.5, -16.5)
DVec2(21.5, -19.5)
DVec2(21.5, -18.5)
DVec2(21.5, -17.5)
DVec2(21.5, -16.5)
DVec2(20.5, -15.5)
DVec2(20.5, -14.5)
DVec2(20.5, -13.5)
DVec2(20.5, -12.5)
DVec2(21.5, -15.5)
DVec2(21.5, -14.5)
DVec2(21.5, -13.5)
DVec2(21.5, -12.5)
DVec2(20.5, -11.5)
DVec2(20.5, -10.5)
DVec2(20.5, -9.5)
DVec2(20.5, -8.5)
DVec2(21.5, -11.5)
DVec2(21.5, -10.5)
DVec2(21.5, -9.5)
DVec2(21.5, -8.5)
DVec2(20.5, -7.5)
DVec2(20.5, -6.5)
DVec2(20.5, -5.5)
DVec2(20.5, -4.5)
DVec2(21.5, -7.5)
DVec2(21.5, -6.5)
DVec2(21.5, -5.5)
DVec2(21.5, -4.5)
DVec2(20.5, -3.5)
DVec2(20.5, -2.5)
DVec2(20.5, -1.5)
DVec2(20.5, -0.5)
DVec2(21.5, -3.5)
DVec2(21.5, -2.5)
DVec2(21.5, -1.5)
DVec2(21.5, -0.5)
DVec2(20.5, 0.5)
DVec2(20.5, 1.5)
DVec2(20.5, 2.5)
DVec2(20.5, 3.5)
DVec2(21.5, 0.5)
DVec2(21.5, 1.5)
DVec2(21.5, 2.5)
DVec2(21.5, 3.5)
DVec2(20.5, 4.5)
DVec2(20.5, 5.5)
DVec2(20.5, 6.5)
DVec2(20.5, 7.5)
DVec2(21.5, 4.5)
DVec2(21.5, 5.5)
DVec2(21.5, 6.5)
DVec2(21.5, 7.5)
DVec2(20.5, 8.5)
DVec2(20.5, 9.5)
DVec2(20.5, 10.5)
DVec2(20.5, 11.5)
DVec2(21.5, 8.5)
DVec2(21.5, 9.5)
DVec2(21.5, 10.5)
DVec2(21.5, 11.5)
DVec2(20.5, 12.5)
DVec2(20.5, 13.5)
DVec2(20.5, 14.5)
DVec2(20.5, 15.5)
DVec2(21.5, 12.5)
DVec2(21.5, 13.5)
DVec2(21.5, 14.5)
DVec2(21.5, 15.5)
DVec2(20.5, 16.5)
DVec2(20.5, 17.5)
DVec2(20.5, 18.5)
DVec2(20.5, 19.5)
DVec2(21.5, 16.5)
DVec2(21.5, 17.5)
DVec2(21.5, 18.5)
DVec2(21.5, 19.5)
DVec2(20.5, 20.5)
DVec2(20.5, 21.5)
DVec2(20.5, 22.5)
DVec2(20.5, 23.5)
DVec2(21.5, 20.5)
DVec2(21.5, 21.5)
DVec2(21.5, 22.5)
DVec2(21.5, 23.5)
DVec2(20.5, 24.5)
DVec2(20.5, 25.5)
DVec2(20.5, 26.5)
DVec2(20.5, 27.5)
DVec2(21.5, 24.5)
DVec2(21.5, 25.5)
DVec2(21.5, 26.5)
DVec2(21.5, 27.5)
DVec2(20.5, 28.5)
DVec2(20.5, 29.5)
DVec2(20.5, 30.5)
DVec2(20.5, 31.5)
DVec2(21.5, 28.5)
DVec2(21.5, 29.5)
DVec2(21.5, 30.5)
DVec2(21.5, 31.5)
DVec2(20.5, 32.5)
DVec2(20.5, 33.5)
DVec2(20.5, 34.5)
DVec2(20.5, 35.5)
DVec2(21.5, 32.5)
DVec2(21.5, 33.5)
DVec2(21.5, 34.5)
DVec2(21.5, 35.5)
DVec2(20.5, 36.5)
DVec2(20.5, 37.5)
DVec2(20.5, 38.5)
DVec2(20.5, 39.5)
DVec2(21.5, 36.5)
DVec2(21.5, 37.5)
DVec2(21.5, 38.5)
DVec2(21.5, 39.5)
DVec2(20.5, 40.5)
DVec2(20.5, 41.5)
DVec2(20.5, 42.5)
DVec2(20.5, 43.5)
DVec2(21.5, 40.5)
DVec2(21.5, 41.5)
DVec2(21.5, 42.5)
DVec2(21.5, 43.5)
DVec2(20.5, 44.5)
DVec2(20.5, 45.5)
DVec2(20.5, 46.5)
DVec2(20.5, 47.5)
DVec2(21.5, 44.5)
DVec2(21.5, 45.5)
DVec2(21.5, 46.5)
DVec2(21.5, 47.5)
DVec2(20.5, 48.5)
DVec2(20.5, 49.5)
DVec2(20.5, 50.5)
DVec2(20.5, 51.5)
DVec2(21.5, 48.5)
DVec2(21.5, 49.5)
DVec2(21.5, 50.5)
DVec2(21.5, 51.5)
DVec2(20.5, 52.5)
DVec2(20.5, 53.5)
DVec2(20.5, 54.5)
DVec2(20.5, 55.5)
DVec2(21.5, 52.5)
DVec2(21.5, 53.5)
DVec2(21.5, 54.5)
DVec2(21.5, 55.5)
DVec2(20.5, 56.5)
DVec2(20.5, 57.5)
DVec2(20.5, 58.5)
DVec2(20.5, 59.5)
DVec2(21.5, 56.5)
DVec2(21.5, 57.5)
DVec2(21.5, 58.5)
DVec2(21.5, 59.5)
DVec2(20.5, 60.5)
DVec2(20.5, 61.5)
DVec2(20.5, 62.5)
DVec2(20.5, 63.5)
DVec2(21.5, 60.5)
DVec2(21.5, 61.5)
DVec2(21.5, 62.5)
DVec2(21.5, 63.5)
DVec2(20.5, 64.5)
DVec2(20.5, 65.5)
DVec2(20.5, 66.5)
DVec2(20.5, 67.5)
DVec2(21.5, 64.5)
DVec2(21.5, 65.5)
DVec2(21.5, 66.5)
DVec2(21.5, 67.5)
DVec2(20.5, 68.5)
DVec2(20.5, 69.5)
DVec2(20.5, 70.5)
DVec2(20.5, 71.5)
DVec2(21.5, 68.5)
DVec2(21.5, 69.5)
DVec2(21.5, 70.5)
DVec2(21.5, 71.5)
DVec2(20.5, 72.5)
DVec2(20.5, 73.5)
DVec2(20.5, 74.5)
DVec2(20.5, 75.5)
DVec2(21.5, 72.5)
DVec2(21.5, 73.5)
DVec2(21.5, 74.5)
DVec2(21.5, 75.5)
DVec2(20.5, 76.5)
DVec2(20.5, 77.5)
DVec2(20.5, 78.5)
DVec2(20.5, 79.5)
DVec2(21.5, 76.5)
DVec2(21.5, 77.5)
DVec2(21.5, 78.5)
DVec2(21.5, 79.5)
DVec2(20.5, 80.5)
DVec2(20.5, 81.5)
DVec2(20.5, 82.5)
DVec2(20.5, 83.5)
DVec2(21.5, 80.5)
DVec2(21.5, 81.5)
DVec2(21.5, 82.5)
DVec2(21.5, 83.5)
DVec2(20.5, 84.5)
DVec2(20.5, 85.5)
DVec2(20.5, 86.5)
DVec2(20.5, 87.5)
DVec2(21.5, 84.5)
DVec2(21.5, 85.5)
DVec2(21.5, 86.5)
DVec2(21.5, 87.5)
DVec2(20.5, 88.5)
DVec2(20.5, 89.5)
DVec2(20.5, 90.5)
DVec2(20.5, 91.5)
DVec2(21.5, 88.5)
DVec2(21.5, 89.5)
DVec2(21.5, 90.5)
DVec2(21.5, 91.5)
DVec2(20.5, 92.5)
DVec2(20.5, 93.5)
DVec2(20.5, 94.5)
DVec2(20.5, 95.5)
DVec2(21.5, 92.5)
DVec2(21.5, 93.5)
DVec2(21.5, 94.5)
DVec2(21.5, 95.5)
DVec2(20.5, 96.5)
DVec2(20.5, 97.5)
DVec2(20.5, 98.5)
DVec2(20.5, 99.5)
DVec2(21.5, 96.5)
DVec2(21.5, 97.5)
DVec2(21.5, 98.5)
DVec2(21.5, 99.5)
DVec2(20.5, 100.5)
DVec2(20.5, 101.5)
DVec2(20.5, 102.5)
DVec2(20.5, 103.5)
DVec2(21.5, 100.5)
DVec2(21.5, 101.5)
DVec2(21.5, 102.5)
DVec2(21.5, 103.5)
DVec2(20.5, 104.5)
DVec2(20.5, 105.5)
DVec2(20.5, 106.5)
DVec2(20.5, 107.5)
DVec2(21.5, 104.5)
DVec2(21.5, 105.5)
DVec2(21.5, 106.5)
DVec2(21.5, 107.5)
DVec2(20.5, 108.5)
DVec2(20.5, 109.5)
DVec2(20.5, 110.5)
DVec2(20.5, 111.5)
DVec2(21.5, 108.5)
DVec2(21.5, 109.5)
DVec2(21.5, 110.5)
DVec2(21.5, 111.5)
DVec2(20.5, 112.5)
DVec2(20.5, 113.5)
DVec2(20.5, 114.5)
DVec2(20.5, 115.5)
DVec2(21.5, 112.5)
DVec2(21.5, 113.5)
DVec2(21.5, 114.5)
DVec2(21.5, 115.5)
DVec2(20.5, 116.5)
DVec2(20.5, 117.5)
DVec2(20.5, 118.5)
DVec2(20.5, 119.5)
DVec2(21.5, 116.5)
DVec2(21.5, 117.5)
DVec2(21.5, 118.5)
DVec2(21.5, 119.5)
DVec2(22.5, -119.5)
DVec2(22.5, -118.5)
DVec2(22.5, -117.5)
DVec2(22.5, -116.5)
DVec2(23.5, -119.5)
DVec2(23.5, -118.5)
DVec2(23.5, -117.5)
DVec2(23.5, -116.5)
DVec2(22.5, -115.5)
DVec2(22.5, -114.5)
DVec2(22.5, -113.5)
DVec2(22.5, -112.5)
DVec2(23.5, -115.5)
DVec2(23.5, -114.5)
DVec2(23.5, -113.5)
DVec2(23.5, -112.5)
DVec2(22.5, -111.5)
DVec2(22.5, -110.5)
DVec2(22.5, -109.5)
DVec2(22.5, -108.5)
DVec2(23.5, -111.5)
DVec2(23.5, -110.5)
DVec2(23.5, -109.5)
DVec2(23.5, -108.5)
DVec2(22.5, -107.5)
DVec2(22.5, -106.5)
DVec2(22.5, -105.5)
DVec2(22.5, -104.5)
DVec2(23.5, -107.5)
DVec2(23.5, -106.5)
DVec2(23.5, -105.5)
DVec2(23.5, -104.5)
DVec2(22.5, -103.5)
DVec2(22.5, -102.5)
DVec2(22.5, -101.5)
DVec2(22.5, -100.5)
DVec2(23.5, -103.5)
DVec2(23.5, -102.5)
DVec2(23.5, -101.5)
DVec2(23.5, -100.5)
DVec2(22.5, -99.5)
DVec2(22.5, -98.5)
DVec2(22.5, -97.5)
DVec2(22.5, -96.5)
DVec2(23.5, -99.5)
DVec2(23.5, -98.5)
DVec2(23.5, -97.5)
DVec2(23.5, -96.5)
DVec2(22.5, -95.5)
DVec2(22.5, -94.5)
DVec2(22.5, -93.5)
DVec2(22.5, -92.5)
DVec2(23.5, -95.5)
DVec2(23.5, -94.5)
DVec2(23.5, -93.5)
DVec2(23.5, -92.5)
DVec2(22.5, -91.5)
DVec2(22.5, -90.5)
DVec2(22.5, -89.5)
DVec2(22.5, -88.5)
DVec2(23.5, -91.5)
DVec2(23.5, -90.5)
DVec2(23.5, -89.5)
DVec2(23.5, -88.5)
DVec2(22.5, -87.5)
DVec2(22.5, -86.5)
DVec2(22.5, -85.5)
DVec2(22.5, -84.5)
DVec2(23.5, -87.5)
DVec2(23.5, -86.5)
DVec2(23.5, -85.5)
DVec2(23.5, -84.5)
DVec2(22.5, -83.5)
DVec2(22.5, -82.5)
DVec2(22.5, -81.5)
DVec2(22.5, -80.5)
DVec2(23.5, -83.5)
DVec2(23.5, -82.5)
DVec2(23.5, -81.5)
DVec2(23.5, -80.5)
DVec2(22.5, -79.5)
DVec2(22.5, -78.5)
DVec2(22.5, -77.5)
DVec2(22.5, -76.5)
DVec2(23.5, -79.5)
DVec2(23.5, -78.5)
DVec2(23.5, -77.5)
DVec2(23.5, -76.5)
DVec2(22.5, -75.5)
DVec2(22.5, -74.5)
DVec2(22.5, -73.5)
DVec2(22.5, -72.5)
DVec2(23.5, -75.5)
DVec2(23.5, -74.5)
DVec2(23.5, -73.5)
DVec2(23.5, -72.5)
DVec2(22.5, -71.5)
DVec2(22.5, -70.5)
DVec2(22.5, -69.5)
DVec2(22.5, -68.5)
DVec2(23.5, -71.5)
DVec2(23.5, -70.5)
DVec2(23.5, -69.5)
DVec2(23.5, -68.5)
DVec2(22.5, -67.5)
DVec2(22.5, -66.5)
DVec2(22.5, -65.5)
DVec2(22.5, -64.5)
DVec2(23.5, -67.5)
DVec2(23.5, -66.5)
DVec2(23.5, -65.5)
DVec2(23.5, -64.5)
DVec2(22.5, -63.5)
DVec2(22.5, -62.5)
DVec2(22.5, -61.5)
DVec2(22.5, -60.5)
DVec2(23.5, -63.5)
DVec2(23.5, -62.5)
DVec2(23.5, -61.5)
DVec2(23.5, -60.5)
DVec2(22.5, -59.5)
DVec2(22.5, -58.5)
DVec2(22.5, -57.5)
DVec2(22.5, -56.5)
DVec2(23.5, -59.5)
DVec2(23.5, -58.5)
DVec2(23.5, -57.5)
DVec2(23.5, -56.5)
DVec2(22.5, -55.5)
DVec2(22.5, -54.5)
DVec2(22.5, -53.5)
DVec2(22.5, -52.5)
DVec2(23.5, -55.5)
DVec2(23.5, -54.5)
DVec2(23.5, -53.5)
DVec2(23.5, -52.5)
DVec2(22.5, -51.5)
DVec2(22.5, -50.5)
DVec2(22.5, -49.5)
DVec2(22.5, -48.5)
DVec2(23.5, -51.5)
DVec2(23.5, -50.5)
DVec2(23.5, -49.5)
DVec2(23.5, -48.5)
DVec2(22.5, -47.5)
DVec2(22.5, -46.5)
DVec2(22.5, -45.5)
DVec2(22.5, -44.5)
DVec2(23.5, -47.5)
DVec2(23.5, -46.5)
DVec2(23.5, -45.5)
DVec2(23.5, -44.5)
DVec2(22.5, -43.5)
DVec2(22.5, -42.5)
DVec2(22.5, -41.5)
DVec2(22.5, -40.5)
DVec2(23.5, -43.5)
DVec2(23.5, -42.5)
DVec2(23.5, -41.5)
DVec2(23.5, -40.5)
DVec2(22.5, -39.5)
DVec2(22.5, -38.5)
DVec2(22.5, -37.5)
DVec2(22.5, -36.5)
DVec2(23.5, -39.5)
DVec2(23.5, -38.5)
DVec2(23.5, -37.5)
DVec2(23.5, -36.5)
DVec2(22.5, -35.5)
DVec2(22.5, -34.5)
DVec2(22.5, -33.5)
DVec2(22.5, -32.5)
DVec2(23.5, -35.5)
DVec2(23.5, -34.5)
DVec2(23.5, -33.5)
DVec2(23.5, -32.5)
DVec2(22.5, -31.5)
DVec2(22.5, -30.5)
DVec2(22.5, -29.5)
DVec2(22.5, -28.5)
DVec2(23.5, -31.5)
DVec2(23.5, -30.5)
DVec2(23.5, -29.5)
DVec2(23.5, -28.5)
DVec2(22.5, -27.5)
DVec2(22.5, -26.5)
DVec2(22.5, -25.5)
DVec2(22.5, -24.5)
DVec2(23.5, -27.5)
DVec2(23.5, -26.5)
DVec2(23.5, -25.5)
DVec2(23.5, -24.5)
DVec2(22.5, -23.5)
DVec2(22.5, -22.5)
DVec2(22.5, -21.5)
DVec2(22.5, -20.5)
DVec2(23.5, -23.5)
DVec2(23.5, -22.5)
DVec2(23.5, -21.5)
DVec2(23.5, -20.5)
DVec2(22.5, -19.5)
DVec2(22.5, -18.5)
DVec2(22.5, -17.5)
DVec2(22.5, -16.5)
DVec2(23.5, -19.5)
DVec2(23.5, -18.5)
DVec2(23.5, -17.5)
DVec2(23.5, -16.5)
DVec2(22.5, -15.5)
DVec2(22.5, -14.5)
DVec2(22.5, -13.5)
DVec2(22.5, -12.5)
DVec2(23.5, -15.5)
DVec2(23.5, -14.5)
DVec2(23.5, -13.5)
DVec2(23.5, -12.5)
DVec2(22.5, -11.5)
DVec2(22.5, -10.5)
DVec2(22.5, -9.5)
DVec2(22.5, -8.5)
DVec2(23.5, -11.5)
DVec2(23.5, -10.5)
DVec2(23.5, -9.5)
DVec2(23.5, -8.5)
DVec2(22.5, -7.5)
DVec2(22.5, -6.5)
DVec2(22.5, -5.5)
DVec2(22.5, -4.5)
DVec2(23.5, -7.5)
DVec2(23.5, -6.5)
DVec2(23.5, -5.5)
DVec2(23.5, -4.5)
DVec2(22.5, -3.5)
DVec2(22.5, -2.5)
DVec2(22.5, -1.5)
DVec2(22.5, -0.5)
DVec2(23.5, -3.5)
DVec2(23.5, -2.5)
DVec2(23.5, -1.5)
DVec2(23.5, -0.5)
DVec2(22.5, 0.5)
DVec2(22.5, 1.5)
DVec2(22.5, 2.5)
DVec2(22.5, 3.5)
DVec2(23.5, 0.5)
DVec2(23.5, 1.5)
DVec2(23.5, 2.5)
DVec2(23.5, 3.5)
DVec2(22.5, 4.5)
DVec2(22.5, 5.5)
DVec2(22.5, 6.5)
DVec2(22.5, 7.5)
DVec2(23.5, 4.5)
DVec2(23.5, 5.5)
DVec2(23.5, 6.5)
DVec2(23.5, 7.5)
DVec2(22.5, 8.5)
DVec2(22.5, 9.5)
DVec2(22.5, 10.5)
DVec2(22.5, 11.5)
DVec2(23.5, 8.5)
DVec2(23.5, 9.5)
DVec2(23.5, 10.5)
DVec2(23.5, 11.5)
DVec2(22.5, 12.5)
DVec2(22.5, 13.5)
DVec2(22.5, 14.5)
DVec2(22.5, 15.5)
DVec2(23.5, 12.5)
DVec2(23.5, 13.5)
DVec2(23.5, 14.5)
DVec2(23.5, 15.5)
DVec2(22.5, 16.5)
DVec2(22.5, 17.5)
DVec2(22.5, 18.5)
DVec2(22.5, 19.5)
DVec2(23.5, 16.5)
DVec2(23.5, 17.5)
DVec2(23.5, 18.5)
DVec2(23.5, 19.5)
DVec2(22.5, 20.5)
DVec2(22.5, 21.5)
DVec2(22.5, 22.5)
DVec2(22.5, 23.5)
DVec2(23.5, 20.5)
DVec2(23.5, 21.5)
DVec2(23.5, 22.5)
DVec2(23.5, 23.5)
DVec2(22.5, 24.5)
DVec2(22.5, 25.5)
DVec2(22.5, 26.5)
DVec2(22.5, 27.5)
DVec2(23.5, 24.5)
DVec2(23.5, 25.5)
DVec2(23.5, 26.5)
DVec2(23.5, 27.5)
DVec2(22.5, 28.5)
DVec2(22.5, 29.5)
DVec2(22.5, 30.5)
DVec2(22.5, 31.5)
DVec2(23.5, 28.5)
DVec2(23.5, 29.5)
DVec2(23.5, 30.5)
DVec2(23.5, 31.5)
DVec2(22.5, 32.5)
DVec2(22.5, 33.5)
DVec2(22.5, 34.5)
DVec2(22.5, 35.5)
DVec2(23.5, 32.5)
DVec2(23.5, 33.5)
DVec2(23.5, 34.5)
DVec2(23.5, 35.5)
DVec2(22.5, 36.5)
DVec2(22.5, 37.5)
DVec2(22.5, 38.5)
DVec2(22.5, 39.5)
DVec2(23.5, 36.5)
DVec2(23.5, 37.5)
DVec2(23.5, 38.5)
DVec2(23.5, 39.5)
DVec2(22.5, 40.5)
DVec2(22.5, 41.5)
DVec2(22.5, 42.5)
DVec2(22.5, 43.5)
DVec2(23.5, 40.5)
DVec2(23.5, 41.5)
DVec2(23.5, 42.5)
DVec2(23.5, 43.5)
DVec2(22.5, 44.5)
DVec2(22.5, 45.5)
DVec2(22.5, 46.5)
DVec2(22.5, 47.5)
DVec2(23.5, 44.5)
DVec2(23.5, 45.5)
DVec2(23.5, 46.5)
DVec2(23.5, 47.5)
DVec2(22.5, 48.5)
DVec2(22.5, 49.5)
DVec2(22.5, 50.5)
DVec2(22.5, 51.5)
DVec2(23.5, 48.5)
DVec2(23.5, 49.5)
DVec2(23.5, 50.5)
DVec2(23.5, 51.5)
DVec2(22.5, 52.5)
DVec2(22.5, 53.5)
DVec2(22.5, 54.5)
DVec2(22.5, 55.5)
DVec2(23.5, 52.5)
DVec2(23.5, 53.5)
DVec2(23.5, 54.5)
DVec2(23.5, 55.5)
DVec2(22.5, 56.5)
DVec2(22.5, 57.5)
DVec2(22.5, 58.5)
DVec2(22.5, 59.5)
DVec2(23.5, 56.5)
DVec2(23.5, 57.5)
DVec2(23.5, 58.5)
DVec2(23.5, 59.5)
DVec2(22.5, 60.5)
DVec2(22.5, 61.5)
DVec2(22.5, 62.5)
DVec2(22.5, 63.5)
DVec2(23.5, 60.5)
DVec2(23.5, 61.5)
DVec2(23.5, 62.5)
DVec2(23.5, 63.5)
DVec2(22.5, 64.5)
DVec2(22.5, 65.5)
DVec2(22.5, 66.5)
DVec2(22.5, 67.5)
DVec2(23.5, 64.5)
DVec2(23.5, 65.5)
DVec2(23.5, 66.5)
DVec2(23.5, 67.5)
DVec2(22.5, 68.5)
DVec2(22.5, 69.5)
DVec2(22.5, 70.5)
DVec2(22.5, 71.5)
DVec2(23.5, 68.5)
DVec2(23.5, 69.5)
DVec2(23.5, 70.5)
DVec2(23.5, 71.5)
DVec2(22.5, 72.5)
DVec2(22.5, 73.5)
DVec2(22.5, 74.5)
DVec2(22.5, 75.5)
DVec2(23.5, 72.5)
DVec2(23.5, 73.5)
DVec2(23.5, 74.5)
DVec2(23.5, 75.5)
DVec2(22.5, 76.5)
DVec2(22.5, 77.5)
DVec2(22.5, 78.5)
DVec2(22.5, 79.5)
DVec2(23.5, 76.5)
DVec2(23.5, 77.5)
DVec2(23.5, 78.5)
DVec2(23.5, 79.5)
DVec2(22.5, 80.5)
DVec2(22.5, 81.5)
DVec2(22.5, 82.5)
DVec2(22.5, 83.5)
DVec2(23.5, 80.5)
DVec2(23.5, 81.5)
DVec2(23.5, 82.5)
DVec2(23.5, 83.5)
DVec2(22.5, 84.5)
DVec2(22.5, 85.5)
DVec2(22.5, 86.5)
DVec2(22.5, 87.5)
DVec2(23.5, 84.5)
DVec2(23.5, 85.5)
DVec2(23.5, 86.5)
DVec2(23.5, 87.5)
DVec2(22.5, 88.5)
DVec2(22.5, 89.5)
DVec2(22.5, 90.5)
DVec2(22.5, 91.5)
DVec2(23.5, 88.5)
DVec2(23.5, 89.5)
DVec2(23.5, 90.5)
DVec2(23.5, 91.5)
DVec2(22.5, 92.5)
DVec2(22.5, 93.5)
DVec2(22.5, 94.5)
DVec2(22.5, 95.5)
DVec2(23.5, 92.5)
DVec2(23.5, 93.5)
DVec2(23.5, 94.5)
DVec2(23.5, 95.5)
DVec2(22.5, 96.5)
DVec2(22.5, 97.5)
DVec2(22.5, 98.5)
DVec2(22.5, 99.5)
DVec2(23.5, 96.5)
DVec2(23.5, 97.5)
DVec2(23.5, 98.5)
DVec2(23.5, 99.5)
DVec2(22.5, 100.5)
DVec2(22.5, 101.5)
DVec2(22.5, 102.5)
DVec2(22.5, 103.5)
DVec2(23.5, 100.5)
DVec2(23.5, 101.5)
DVec2(23.5, 102.5)
DVec2(23.5, 103.5)
DVec2(22.5, 104.5)
DVec2(22.5, 105.5)
DVec2(22.5, 106.5)
DVec2(22.5, 107.5)
DVec2(23.5, 104.5)
DVec2(23.5, 105.5)
DVec2(23.5, 106.5)
DVec2(23.5, 107.5)
DVec2(22.5, 108.5)
DVec2(22.5, 109.5)
DVec2(22.5, 110.5)
DVec2(22.5, 111.5)
DVec2(23.5, 108.5)
DVec2(23.5, 109.5)
DVec2(23.5, 110.5)
DVec2(23.5, 111.5)
DVec2(22.5, 112.5)
DVec2(22.5, 113.5)
DVec2(22.5, 114.5)
DVec2(22.5, 115.5)
DVec2(23.5, 112.5)
DVec2(23.5, 113.5)
DVec2(23.5, 114.5)
DVec2(23.5, 115.5)
DVec2(22.5, 116.5)
DVec2(22.5, 117.5)
DVec2(22.5, 118.5)
DVec2(22.5, 119.5)
DVec2(23.5, 116.5)
DVec2(23.5, 117.5)
DVec2(23.5, 118.5)
DVec2(23.5, 119.5)
DVec2(24.5, -119.5)
DVec2(24.5, -118.5)
DVec2(24.5, -117.5)
DVec2(24.5, -116.5)
DVec2(25.5, -119.5)
DVec2(25.5, -118.5)
DVec2(25.5, -117.5)
DVec2(25.5, -116.5)
DVec2(24.5, -115.5)
DVec2(24.5, -114.5)
DVec2(24.5, -113.5)
DVec2(24.5, -112.5)
DVec2(25.5, -115.5)
DVec2(25.5, -114.5)
DVec2(25.5, -113.5)
DVec2(25.5, -112.5)
DVec2(24.5, -111.5)
DVec2(24.5, -110.5)
DVec2(24.5, -109.5)
DVec2(24.5, -108.5)
DVec2(25.5, -111.5)
DVec2(25.5, -110.5)
DVec2(25.5, -109.5)
DVec2(25.5, -108.5)
DVec2(24.5, -107.5)
DVec2(24.5, -106.5)
DVec2(24.5, -105.5)
DVec2(24.5, -104.5)
DVec2(25.5, -107.5)
DVec2(25.5, -106.5)
DVec2(25.5, -105.5)
DVec2(25.5, -104.5)
DVec2(24.5, -103.5)
DVec2(24.5, -102.5)
DVec2(24.5, -101.5)
DVec2(24.5, -100.5)
DVec2(25.5, -103.5)
DVec2(25.5, -102.5)
DVec2(25.5, -101.5)
DVec2(25.5, -100.5)
DVec2(24.5, -99.5)
DVec2(24.5, -98.5)
DVec2(24.5, -97.5)
DVec2(24.5, -96.5)
DVec2(25.5, -99.5)
DVec2(25.5, -98.5)
DVec2(25.5, -97.5)
DVec2(25.5, -96.5)
DVec2(24.5, -95.5)
DVec2(24.5, -94.5)
DVec2(24.5, -93.5)
DVec2(24.5, -92.5)
DVec2(25.5, -95.5)
DVec2(25.5, -94.5)
DVec2(25.5, -93.5)
DVec2(25.5, -92.5)
DVec2(24.5, -91.5)
DVec2(24.5, -90.5)
DVec2(24.5, -89.5)
DVec2(24.5, -88.5)
DVec2(25.5, -91.5)
DVec2(25.5, -90.5)
DVec2(25.5, -89.5)
DVec2(25.5, -88.5)
DVec2(24.5, -87.5)
DVec2(24.5, -86.5)
DVec2(24.5, -85.5)
DVec2(24.5, -84.5)
DVec2(25.5, -87.5)
DVec2(25.5, -86.5)
DVec2(25.5, -85.5)
DVec2(25.5, -84.5)
DVec2(24.5, -83.5)
DVec2(24.5, -82.5)
DVec2(24.5, -81.5)
DVec2(24.5, -80.5)
DVec2(25.5, -83.5)
DVec2(25.5, -82.5)
DVec2(25.5, -81.5)
DVec2(25.5, -80.5)
DVec2(24.5, -79.5)
DVec2(24.5, -78.5)
DVec2(24.5, -77.5)
DVec2(24.5, -76.5)
DVec2(25.5, -79.5)
DVec2(25.5, -78.5)
DVec2(25.5, -77.5)
DVec2(25.5, -76.5)
DVec2(24.5, -75.5)
DVec2(24.5, -74.5)
DVec2(24.5, -73.5)
DVec2(24.5, -72.5)
DVec2(25.5, -75.5)
DVec2(25.5, -74.5)
DVec2(25.5, -73.5)
DVec2(25.5, -72.5)
DVec2(24.5, -71.5)
DVec2(24.5, -70.5)
DVec2(24.5, -69.5)
DVec2(24.5, -68.5)
DVec2(25.5, -71.5)
DVec2(25.5, -70.5)
DVec2(25.5, -69.5)
DVec2(25.5, -68.5)
DVec2(24.5, -67.5)
DVec2(24.5, -66.5)
DVec2(24.5, -65.5)
DVec2(24.5, -64.5)
DVec2(25.5, -67.5)
DVec2(25.5, -66.5)
DVec2(25.5, -65.5)
DVec2(25.5, -64.5)
DVec2(24.5, -63.5)
DVec2(24.5, -62.5)
DVec2(24.5, -61.5)
DVec2(24.5, -60.5)
DVec2(25.5, -63.5)
DVec2(25.5, -62.5)
DVec2(25.5, -61.5)
DVec2(25.5, -60.5)
DVec2(24.5, -59.5)
DVec2(24.5, -58.5)
DVec2(24.5, -57.5)
DVec2(24.5, -56.5)
DVec2(25.5, -59.5)
DVec2(25.5, -58.5)
DVec2(25.5, -57.5)
DVec2(25.5, -56.5)
DVec2(24.5, -55.5)
DVec2(24.5, -54.5)
DVec2(24.5, -53.5)
DVec2(24.5, -52.5)
DVec2(25.5, -55.5)
DVec2(25.5, -54.5)
DVec2(25.5, -53.5)
DVec2(25.5, -52.5)
DVec2(24.5, -51.5)
DVec2(24.5, -50.5)
DVec2(24.5, -49.5)
DVec2(24.5, -48.5)
DVec2(25.5, -51.5)
DVec2(25.5, -50.5)
DVec2(25.5, -49.5)
DVec2(25.5, -48.5)
DVec2(24.5, -47.5)
DVec2(24.5, -46.5)
DVec2(24.5, -45.5)
DVec2(24.5, -44.5)
DVec2(25.5, -47.5)
DVec2(25.5, -46.5)
DVec2(25.5, -45.5)
DVec2(25.5, -44.5)
DVec2(24.5, -43.5)
DVec2(24.5, -42.5)
DVec2(24.5, -41.5)
DVec2(24.5, -40.5)
DVec2(25.5, -43.5)
DVec2(25.5, -42.5)
DVec2(25.5, -41.5)
DVec2(25.5, -40.5)
DVec2(24.5, -39.5)
DVec2(24.5, -38.5)
DVec2(24.5, -37.5)
DVec2(24.5, -36.5)
DVec2(25.5, -39.5)
DVec2(25.5, -38.5)
DVec2(25.5, -37.5)
DVec2(25.5, -36.5)
DVec2(24.5, -35.5)
DVec2(24.5, -34.5)
DVec2(24.5, -33.5)
DVec2(24.5, -32.5)
DVec2(25.5, -35.5)
DVec2(25.5, -34.5)
DVec2(25.5, -33.5)
DVec2(25.5, -32.5)
DVec2(24.5, -31.5)
DVec2(24.5, -30.5)
DVec2(24.5, -29.5)
DVec2(24.5, -28.5)
DVec2(25.5, -31.5)
DVec2(25.5, -30.5)
DVec2(25.5, -29.5)
DVec2(25.5, -28.5)
DVec2(24.5, -27.5)
DVec2(24.5, -26.5)
DVec2(24.5, -25.5)
DVec2(24.5, -24.5)
DVec2(25.5, -27.5)
DVec2(25.5, -26.5)
DVec2(25.5, -25.5)
DVec2(25.5, -24.5)
DVec2(24.5, -23.5)
DVec2(24.5, -22.5)
DVec2(24.5, -21.5)
DVec2(24.5, -20.5)
DVec2(25.5, -23.5)
DVec2(25.5, -22.5)
DVec2(25.5, -21.5)
DVec2(25.5, -20.5)
DVec2(24.5, -19.5)
DVec2(24.5, -18.5)
DVec2(24.5, -17.5)
DVec2(24.5, -16.5)
DVec2(25.5, -19.5)
DVec2(25.5, -18.5)
DVec2(25.5, -17.5)
DVec2(25.5, -16.5)
DVec2(24.5, -15.5)
DVec2(24.5, -14.5)
DVec2(24.5, -13.5)
DVec2(24.5, -12.5)
DVec2(25.5, -15.5)
DVec2(25.5, -14.5)
DVec2(25.5, -13.5)
DVec2(25.5, -12.5)
DVec2(24.5, -11.5)
DVec2(24.5, -10.5)
DVec2(24.5, -9.5)
DVec2(24.5, -8.5)
DVec2(25.5, -11.5)
DVec2(25.5, -10.5)
DVec2(25.5, -9.5)
DVec2(25.5, -8.5)
DVec2(24.5, -7.5)
DVec2(24.5, -6.5)
DVec2(24.5, -5.5)
DVec2(24.5, -4.5)
DVec2(25.5, -7.5)
DVec2(25.5, -6.5)
DVec2(25.5, -5.5)
DVec2(25.5, -4.5)
DVec2(24.5, -3.5)
DVec2(24.5, -2.5)
DVec2(24.5, -1.5)
DVec2(24.5, -0.5)
DVec2(25.5, -3.5)
DVec2(25.5, -2.5)
DVec2(25.5, -1.5)
DVec2(25.5, -0.5)
DVec2(24.5, 0.5)
DVec2(24.5, 1.5)
DVec2(24.5, 2.5)
DVec2(24.5, 3.5)
DVec2(25.5, 0.5)
DVec2(25.5, 1.5)
DVec2(25.5, 2.5)
DVec2(25.5, 3.5)
DVec2(24.5, 4.5)
DVec2(24.5, 5.5)
DVec2(24.5, 6.5)
DVec2(24.5, 7.5)
DVec2(25.5, 4.5)
DVec2(25.5, 5.5)
DVec2(25.5, 6.5)
DVec2(25.5, 7.5)
DVec2(24.5, 8.5)
DVec2(24.5, 9.5)
DVec2(24.5, 10.5)
DVec2(24.5, 11.5)
DVec2(25.5, 8.5)
DVec2(25.5, 9.5)
DVec2(25.5, 10.5)
DVec2(25.5, 11.5)
DVec2(24.5, 12.5)
DVec2(24.5, 13.5)
DVec2(24.5, 14.5)
DVec2(24.5, 15.5)
DVec2(25.5, 12.5)
DVec2(25.5, 13.5)
DVec2(25.5, 14.5)
DVec2(25.5, 15.5)
DVec2(24.5, 16.5)
DVec2(24.5, 17.5)
DVec2(24.5, 18.5)
DVec2(24.5, 19.5)
DVec2(25.5, 16.5)
DVec2(25.5, 17.5)
DVec2(25.5, 18.5)
DVec2(25.5, 19.5)
DVec2(24.5, 20.5)
DVec2(24.5, 21.5)
DVec2(24.5, 22.5)
DVec2(24.5, 23.5)
DVec2(25.5, 20.5)
DVec2(25.5, 21.5)
DVec2(25.5, 22.5)
DVec2(25.5, 23.5)
DVec2(24.5, 24.5)
DVec2(24.5, 25.5)
DVec2(24.5, 26.5)
DVec2(24.5, 27.5)
DVec2(25.5, 24.5)
DVec2(25.5, 25.5)
DVec2(25.5, 26.5)
DVec2(25.5, 27.5)
DVec2(24.5, 28.5)
DVec2(24.5, 29.5)
DVec2(24.5, 30.5)
DVec2(24.5, 31.5)
DVec2(25.5, 28.5)
DVec2(25.5, 29.5)
DVec2(25.5, 30.5)
DVec2(25.5, 31.5)
DVec2(24.5, 32.5)
DVec2(24.5, 33.5)
DVec2(24.5, 34.5)
DVec2(24.5, 35.5)
DVec2(25.5, 32.5)
DVec2(25.5, 33.5)
DVec2(25.5, 34.5)
DVec2(25.5, 35.5)
DVec2(24.5, 36.5)
DVec2(24.5, 37.5)
DVec2(24.5, 38.5)
DVec2(24.5, 39.5)
DVec2(25.5, 36.5)
DVec2(25.5, 37.5)
DVec2(25.5, 38.5)
DVec2(25.5, 39.5)
DVec2(24.5, 40.5)
DVec2(24.5, 41.5)
DVec2(24.5, 42.5)
DVec2(24.5, 43.5)
DVec2(25.5, 40.5)
DVec2(25.5, 41.5)
DVec2(25.5, 42.5)
DVec2(25.5, 43.5)
DVec2(24.5, 44.5)
DVec2(24.5, 45.5)
DVec2(24.5, 46.5)
DVec2(24.5, 47.5)
DVec2(25.5, 44.5)
DVec2(25.5, 45.5)
DVec2(25.5, 46.5)
DVec2(25.5, 47.5)
DVec2(24.5, 48.5)
DVec2(24.5, 49.5)
DVec2(24.5, 50.5)
DVec2(24.5, 51.5)
DVec2(25.5, 48.5)
DVec2(25.5, 49.5)
DVec2(25.5, 50.5)
DVec2(25.5, 51.5)
DVec2(24.5, 52.5)
DVec2(24.5, 53.5)
DVec2(24.5, 54.5)
DVec2(24.5, 55.5)
DVec2(25.5, 52.5)
DVec2(25.5, 53.5)
DVec2(25.5, 54.5)
DVec2(25.5, 55.5)
DVec2(24.5, 56.5)
DVec2(24.5, 57.5)
DVec2(24.5, 58.5)
DVec2(24.5, 59.5)
DVec2(25.5, 56.5)
DVec2(25.5, 57.5)
DVec2(25.5, 58.5)
DVec2(25.5, 59.5)
DVec2(24.5, 60.5)
DVec2(24.5, 61.5)
DVec2(24.5, 62.5)
DVec2(24.5, 63.5)
DVec2(25.5, 60.5)
DVec2(25.5, 61.5)
DVec2(25.5, 62.5)
DVec2(25.5, 63.5)
DVec2(24.5, 64.5)
DVec2(24.5, 65.5)
DVec2(24.5, 66.5)
DVec2(24.5, 67.5)
DVec2(25.5, 64.5)
DVec2(25.5, 65.5)
DVec2(25.5, 66.5)
DVec2(25.5, 67.5)
DVec2(24.5, 68.5)
DVec2(24.5, 69.5)
DVec2(24.5, 70.5)
DVec2(24.5, 71.5)
DVec2(25.5, 68.5)
DVec2(25.5, 69.5)
DVec2(25.5, 70.5)
DVec2(25.5, 71.5)
DVec2(24.5, 72.5)
DVec2(24.5, 73.5)
DVec2(24.5, 74.5)
DVec2(24.5, 75.5)
DVec2(25.5, 72.5)
DVec2(25.5, 73.5)
DVec2(25.5, 74.5)
DVec2(25.5, 75.5)
DVec2(24.5, 76.5)
DVec2(24.5, 77.5)
DVec2(24.5, 78.5)
DVec2(24.5, 79.5)
DVec2(25.5, 76.5)
DVec2(25.5, 77.5)
DVec2(25.5, 78.5)
DVec2(25.5, 79.5)
DVec2(24.5, 80.5)
DVec2(24.5, 81.5)
DVec2(24.5, 82.5)
DVec2(24.5, 83.5)
DVec2(25.5, 80.5)
DVec2(25.5, 81.5)
DVec2(25.5, 82.5)
DVec2(25.5, 83.5)
DVec2(24.5, 84.5)
DVec2(24.5, 85.5)
DVec2(24.5, 86.5)
DVec2(24.5, 87.5)
DVec2(25.5, 84.5)
DVec2(25.5, 85.5)
DVec2(25.5, 86.5)
DVec2(25.5, 87.5)
DVec2(24.5, 88.5)
DVec2(24.5, 89.5)
DVec2(24.5, 90.5)
DVec2(24.5, 91.5)
DVec2(25.5, 88.5)
DVec2(25.5, 89.5)
DVec2(25.5, 90.5)
DVec2(25.5, 91.5)
DVec2(24.5, 92.5)
DVec2(24.5, 93.5)
DVec2(24.5, 94.5)
DVec2(24.5, 95.5)
DVec2(25.5, 92.5)
DVec2(25.5, 93.5)
DVec2(25.5, 94.5)
DVec2(25.5, 95.5)
DVec2(24.5, 96.5)
DVec2(24.5, 97.5)
DVec2(24.5, 98.5)
DVec2(24.5, 99.5)
DVec2(25.5, 96.5)
DVec2(25.5, 97.5)
DVec2(25.5, 98.5)
DVec2(25.5, 99.5)
DVec2(24.5, 100.5)
DVec2(24.5, 101.5)
DVec2(24.5, 102.5)
DVec2(24.5, 103.5)
DVec2(25.5, 100.5)
DVec2(25.5, 101.5)
DVec2(25.5, 102.5)
DVec2(25.5, 103.5)
DVec2(24.5, 104.5)
DVec2(24.5, 105.5)
DVec2(24.5, 106.5)
DVec2(24.5, 107.5)
DVec2(25.5, 104.5)
DVec2(25.5, 105.5)
DVec2(25.5, 106.5)
DVec2(25.5, 107.5)
DVec2(24.5, 108.5)
DVec2(24.5, 109.5)
DVec2(24.5, 110.5)
DVec2(24.5, 111.5)
DVec2(25.5, 108.5)
DVec2(25.5, 109.5)
DVec2(25.5, 110.5)
DVec2(25.5, 111.5)
DVec2(24.5, 112.5)
DVec2(24.5, 113.5)
DVec2(24.5, 114.5)
DVec2(24.5, 115.5)
DVec2(25.5, 112.5)
DVec2(25.5, 113.5)
DVec2(25.5, 114.5)
DVec2(25.5, 115.5)
DVec2(24.5, 116.5)
DVec2(24.5, 117.5)
DVec2(24.5, 118.5)
DVec2(24.5, 119.5)
DVec2(25.5, 116.5)
DVec2(25.5, 117.5)
DVec2(25.5, 118.5)
DVec2(25.5, 119.5)
DVec2(26.5, -119.5)
DVec2(26.5, -118.5)
DVec2(26.5, -117.5)
DVec2(26.5, -116.5)
DVec2(27.5, -119.5)
DVec2(27.5, -118.5)
DVec2(27.5, -117.5)
DVec2(27.5, -116.5)
DVec2(26.5, -115.5)
DVec2(26.5, -114.5)
DVec2(26.5, -113.5)
DVec2(26.5, -112.5)
DVec2(27.5, -115.5)
DVec2(27.5, -114.5)
DVec2(27.5, -113.5)
DVec2(27.5, -112.5)
DVec2(26.5, -111.5)
DVec2(26.5, -110.5)
DVec2(26.5, -109.5)
DVec2(26.5, -108.5)
DVec2(27.5, -111.5)
DVec2(27.5, -110.5)
DVec2(27.5, -109.5)
DVec2(27.5, -108.5)
DVec2(26.5, -107.5)
DVec2(26.5, -106.5)
DVec2(26.5, -105.5)
DVec2(26.5, -104.5)
DVec2(27.5, -107.5)
DVec2(27.5, -106.5)
DVec2(27.5, -105.5)
DVec2(27.5, -104.5)
DVec2(26.5, -103.5)
DVec2(26.5, -102.5)
DVec2(26.5, -101.5)
DVec2(26.5, -100.5)
DVec2(27.5, -103.5)
DVec2(27.5, -102.5)
DVec2(27.5, -101.5)
DVec2(27.5, -100.5)
DVec2(26.5, -99.5)
DVec2(26.5, -98.5)
DVec2(26.5, -97.5)
DVec2(26.5, -96.5)
DVec2(27.5, -99.5)
DVec2(27.5, -98.5)
DVec2(27.5, -97.5)
DVec2(27.5, -96.5)
DVec2(26.5, -95.5)
DVec2(26.5, -94.5)
DVec2(26.5, -93.5)
DVec2(26.5, -92.5)
DVec2(27.5, -95.5)
DVec2(27.5, -94.5)
DVec2(27.5, -93.5)
DVec2(27.5, -92.5)
DVec2(26.5, -91.5)
DVec2(26.5, -90.5)
DVec2(26.5, -89.5)
DVec2(26.5, -88.5)
DVec2(27.5, -91.5)
DVec2(27.5, -90.5)
DVec2(27.5, -89.5)
DVec2(27.5, -88.5)
DVec2(26.5, -87.5)
DVec2(26.5, -86.5)
DVec2(26.5, -85.5)
DVec2(26.5, -84.5)
DVec2(27.5, -87.5)
DVec2(27.5, -86.5)
DVec2(27.5, -85.5)
DVec2(27.5, -84.5)
DVec2(26.5, -83.5)
DVec2(26.5, -82.5)
DVec2(26.5, -81.5)
DVec2(26.5, -80.5)
DVec2(27.5, -83.5)
DVec2(27.5, -82.5)
DVec2(27.5, -81.5)
DVec2(27.5, -80.5)
DVec2(26.5, -79.5)
DVec2(26.5, -78.5)
DVec2(26.5, -77.5)
DVec2(26.5, -76.5)
DVec2(27.5, -79.5)
DVec2(27.5, -78.5)
DVec2(27.5, -77.5)
DVec2(27.5, -76.5)
DVec2(26.5, -75.5)
DVec2(26.5, -74.5)
DVec2(26.5, -73.5)
DVec2(26.5, -72.5)
DVec2(27.5, -75.5)
DVec2(27.5, -74.5)
DVec2(27.5, -73.5)
DVec2(27.5, -72.5)
DVec2(26.5, -71.5)
DVec2(26.5, -70.5)
DVec2(26.5, -69.5)
DVec2(26.5, -68.5)
DVec2(27.5, -71.5)
DVec2(27.5, -70.5)
DVec2(27.5, -69.5)
DVec2(27.5, -68.5)
DVec2(26.5, -67.5)
DVec2(26.5, -66.5)
DVec2(26.5, -65.5)
DVec2(26.5, -64.5)
DVec2(27.5, -67.5)
DVec2(27.5, -66.5)
DVec2(27.5, -65.5)
DVec2(27.5, -64.5)
DVec2(26.5, -63.5)
DVec2(26.5, -62.5)
DVec2(26.5, -61.5)
DVec2(26.5, -60.5)
DVec2(27.5, -63.5)
DVec2(27.5, -62.5)
DVec2(27.5, -61.5)
DVec2(27.5, -60.5)
DVec2(26.5, -59.5)
DVec2(26.5, -58.5)
DVec2(26.5, -57.5)
DVec2(26.5, -56.5)
DVec2(27.5, -59.5)
DVec2(27.5, -58.5)
DVec2(27.5, -57.5)
DVec2(27.5, -56.5)
DVec2(26.5, -55.5)
DVec2(26.5, -54.5)
DVec2(26.5, -53.5)
DVec2(26.5, -52.5)
DVec2(27.5, -55.5)
DVec2(27.5, -54.5)
DVec2(27.5, -53.5)
DVec2(27.5, -52.5)
DVec2(26.5, -51.5)
DVec2(26.5, -50.5)
DVec2(26.5, -49.5)
DVec2(26.5, -48.5)
DVec2(27.5, -51.5)
DVec2(27.5, -50.5)
DVec2(27.5, -49.5)
DVec2(27.5, -48.5)
DVec2(26.5, -47.5)
DVec2(26.5, -46.5)
DVec2(26.5, -45.5)
DVec2(26.5, -44.5)
DVec2(27.5, -47.5)
DVec2(27.5, -46.5)
DVec2(27.5, -45.5)
DVec2(27.5, -44.5)
DVec2(26.5, -43.5)
DVec2(26.5, -42.5)
DVec2(26.5, -41.5)
DVec2(26.5, -40.5)
DVec2(27.5, -43.5)
DVec2(27.5, -42.5)
DVec2(27.5, -41.5)
DVec2(27.5, -40.5)
DVec2(26.5, -39.5)
DVec2(26.5, -38.5)
DVec2(26.5, -37.5)
DVec2(26.5, -36.5)
DVec2(27.5, -39.5)
DVec2(27.5, -38.5)
DVec2(27.5, -37.5)
DVec2(27.5, -36.5)
DVec2(26.5, -35.5)
DVec2(26.5, -34.5)
DVec2(26.5, -33.5)
DVec2(26.5, -32.5)
DVec2(27.5, -35.5)
DVec2(27.5, -34.5)
DVec2(27.5, -33.5)
DVec2(27.5, -32.5)
DVec2(26.5, -31.5)
DVec2(26.5, -30.5)
DVec2(26.5, -29.5)
DVec2(26.5, -28.5)
DVec2(27.5, -31.5)
DVec2(27.5, -30.5)
DVec2(27.5, -29.5)
DVec2(27.5, -28.5)
DVec2(26.5, -27.5)
DVec2(26.5, -26.5)
DVec2(26.5, -25.5)
DVec2(26.5, -24.5)
DVec2(27.5, -27.5)
DVec2(27.5, -26.5)
DVec2(27.5, -25.5)
DVec2(27.5, -24.5)
DVec2(26.5, -23.5)
DVec2(26.5, -22.5)
DVec2(26.5, -21.5)
DVec2(26.5, -20.5)
DVec2(27.5, -23.5)
DVec2(27.5, -22.5)
DVec2(27.5, -21.5)
DVec2(27.5, -20.5)
DVec2(26.5, -19.5)
DVec2(26.5, -18.5)
DVec2(26.5, -17.5)
DVec2(26.5, -16.5)
DVec2(27.5, -19.5)
DVec2(27.5, -18.5)
DVec2(27.5, -17.5)
DVec2(27.5, -16.5)
DVec2(26.5, -15.5)
DVec2(26.5, -14.5)
DVec2(26.5, -13.5)
DVec2(26.5, -12.5)
DVec2(27.5, -15.5)
DVec2(27.5, -14.5)
DVec2(27.5, -13.5)
DVec2(27.5, -12.5)
DVec2(26.5, -11.5)
DVec2(26.5, -10.5)
DVec2(26.5, -9.5)
DVec2(26.5, -8.5)
DVec2(27.5, -11.5)
DVec2(27.5, -10.5)
DVec2(27.5, -9.5)
DVec2(27.5, -8.5)
DVec2(26.5, -7.5)
DVec2(26.5, -6.5)
DVec2(26.5, -5.5)
DVec2(26.5, -4.5)
DVec2(27.5, -7.5)
DVec2(27.5, -6.5)
DVec2(27.5, -5.5)
DVec2(27.5, -4.5)
DVec2(26.5, -3.5)
DVec2(26.5, -2.5)
DVec2(26.5, -1.5)
DVec2(26.5, -0.5)
DVec2(27.5, -3.5)
DVec2(27.5, -2.5)
DVec2(27.5, -1.5)
DVec2(27.5, -0.5)
DVec2(26.5, 0.5)
DVec2(26.5, 1.5)
DVec2(26.5, 2.5)
DVec2(26.5, 3.5)
DVec2(27.5, 0.5)
DVec2(27.5, 1.5)
DVec2(27.5, 2.5)
DVec2(27.5, 3.5)
DVec2(26.5, 4.5)
DVec2(26.5, 5.5)
DVec2(26.5, 6.5)
DVec2(26.5, 7.5)
DVec2(27.5, 4.5)
DVec2(27.5, 5.5)
DVec2(27.5, 6.5)
DVec2(27.5, 7.5)
DVec2(26.5, 8.5)
DVec2(26.5, 9.5)
DVec2(26.5, 10.5)
DVec2(26.5, 11.5)
DVec2(27.5, 8.5)
DVec2(27.5, 9.5)
DVec2(27.5, 10.5)
DVec2(27.5, 11.5)
DVec2(26.5, 12.5)
DVec2(26.5, 13.5)
DVec2(26.5, 14.5)
DVec2(26.5, 15.5)
DVec2(27.5, 12.5)
DVec2(27.5, 13.5)
DVec2(27.5, 14.5)
DVec2(27.5, 15.5)
DVec2(26.5, 16.5)
DVec2(26.5, 17.5)
DVec2(26.5, 18.5)
DVec2(26.5, 19.5)
DVec2(27.5, 16.5)
DVec2(27.5, 17.5)
DVec2(27.5, 18.5)
DVec2(27.5, 19.5)
DVec2(26.5, 20.5)
DVec2(26.5, 21.5)
DVec2(26.5, 22.5)
DVec2(26.5, 23.5)
DVec2(27.5, 20.5)
DVec2(27.5, 21.5)
DVec2(27.5, 22.5)
DVec2(27.5, 23.5)
DVec2(26.5, 24.5)
DVec2(26.5, 25.5)
DVec2(26.5, 26.5)
DVec2(26.5, 27.5)
DVec2(27.5, 24.5)
DVec2(27.5, 25.5)
DVec2(27.5, 26.5)
DVec2(27.5, 27.5)
DVec2(26.5, 28.5)
DVec2(26.5, 29.5)
DVec2(26.5, 30.5)
DVec2(26.5, 31.5)
DVec2(27.5, 28.5)
DVec2(27.5, 29.5)
DVec2(27.5, 30.5)
DVec2(27.5, 31.5)
DVec2(26.5, 32.5)
DVec2(26.5, 33.5)
DVec2(26.5, 34.5)
DVec2(26.5, 35.5)
DVec2(27.5, 32.5)
DVec2(27.5, 33.5)
DVec2(27.5, 34.5)
DVec2(27.5, 35.5)
DVec2(26.5, 36.5)
DVec2(26.5, 37.5)
DVec2(26.5, 38.5)
DVec2(26.5, 39.5)
DVec2(27.5, 36.5)
DVec2(27.5, 37.5)
DVec2(27.5, 38.5)
DVec2(27.5, 39.5)
DVec2(26.5, 40.5)
DVec2(26.5, 41.5)
DVec2(26.5, 42.5)
DVec2(26.5, 43.5)
DVec2(27.5, 40.5)
DVec2(27.5, 41.5)
DVec2(27.5, 42.5)
DVec2(27.5, 43.5)
DVec2(26.5, 44.5)
DVec2(26.5, 45.5)
DVec2(26.5, 46.5)
DVec2(26.5, 47.5)
DVec2(27.5, 44.5)
DVec2(27.5, 45.5)
DVec2(27.5, 46.5)
DVec2(27.5, 47.5)
DVec2(26.5, 48.5)
DVec2(26.5, 49.5)
DVec2(26.5, 50.5)
DVec2(26.5, 51.5)
DVec2(27.5, 48.5)
DVec2(27.5, 49.5)
DVec2(27.5, 50.5)
DVec2(27.5, 51.5)
DVec2(26.5, 52.5)
DVec2(26.5, 53.5)
DVec2(26.5, 54.5)
DVec2(26.5, 55.5)
DVec2(27.5, 52.5)
DVec2(27.5, 53.5)
DVec2(27.5, 54.5)
DVec2(27.5, 55.5)
DVec2(26.5, 56.5)
DVec2(26.5, 57.5)
DVec2(26.5, 58.5)
DVec2(26.5, 59.5)
DVec2(27.5, 56.5)
DVec2(27.5, 57.5)
DVec2(27.5, 58.5)
DVec2(27.5, 59.5)
DVec2(26.5, 60.5)
DVec2(26.5, 61.5)
DVec2(26.5, 62.5)
DVec2(26.5, 63.5)
DVec2(27.5, 60.5)
DVec2(27.5, 61.5)
DVec2(27.5, 62.5)
DVec2(27.5, 63.5)
DVec2(26.5, 64.5)
DVec2(26.5, 65.5)
DVec2(26.5, 66.5)
DVec2(26.5, 67.5)
DVec2(27.5, 64.5)
DVec2(27.5, 65.5)
DVec2(27.5, 66.5)
DVec2(27.5, 67.5)
DVec2(26.5, 68.5)
DVec2(26.5, 69.5)
DVec2(26.5, 70.5)
DVec2(26.5, 71.5)
DVec2(27.5, 68.5)
DVec2(27.5, 69.5)
DVec2(27.5, 70.5)
DVec2(27.5, 71.5)
DVec2(26.5, 72.5)
DVec2(26.5, 73.5)
DVec2(26.5, 74.5)
DVec2(26.5, 75.5)
DVec2(27.5, 72.5)
DVec2(27.5, 73.5)
DVec2(27.5, 74.5)
DVec2(27.5, 75.5)
DVec2(26.5, 76.5)
DVec2(26.5, 77.5)
DVec2(26.5, 78.5)
DVec2(26.5, 79.5)
DVec2(27.5, 76.5)
DVec2(27.5, 77.5)
DVec2(27.5, 78.5)
DVec2(27.5, 79.5)
DVec2(26.5, 80.5)
DVec2(26.5, 81.5)
DVec2(26.5, 82.5)
DVec2(26.5, 83.5)
DVec2(27.5, 80.5)
DVec2(27.5, 81.5)
DVec2(27.5, 82.5)
DVec2(27.5, 83.5)
DVec2(26.5, 84.5)
DVec2(26.5, 85.5)
DVec2(26.5, 86.5)
DVec2(26.5, 87.5)
DVec2(27.5, 84.5)
DVec2(27.5, 85.5)
DVec2(27.5, 86.5)
DVec2(27.5, 87.5)
DVec2(26.5, 88.5)
DVec2(26.5, 89.5)
DVec2(26.5, 90.5)
DVec2(26.5, 91.5)
DVec2(27.5, 88.5)
DVec2(27.5, 89.5)
DVec2(27.5, 90.5)
DVec2(27.5, 91.5)
DVec2(26.5, 92.5)
DVec2(26.5, 93.5)
DVec2(26.5, 94.5)
DVec2(26.5, 95.5)
DVec2(27.5, 92.5)
DVec2(27.5, 93.5)
DVec2(27.5, 94.5)
DVec2(27.5, 95.5)
DVec2(26.5, 96.5)
DVec2(26.5, 97.5)
DVec2(26.5, 98.5)
DVec2(26.5, 99.5)
DVec2(27.5, 96.5)
DVec2(27.5, 97.5)
DVec2(27.5, 98.5)
DVec2(27.5, 99.5)
DVec2(26.5, 100.5)
DVec2(26.5, 101.5)
DVec2(26.5, 102.5)
DVec2(26.5, 103.5)
DVec2(27.5, 100.5)
DVec2(27.5, 101.5)
DVec2(27.5, 102.5)
DVec2(27.5, 103.5)
DVec2(26.5, 104.5)
DVec2(26.5, 105.5)
DVec2(26.5, 106.5)
DVec2(26.5, 107.5)
DVec2(27.5, 104.5)
DVec2(27.5, 105.5)
DVec2(27.5, 106.5)
DVec2(27.5, 107.5)
DVec2(26.5, 108.5)
DVec2(26.5, 109.5)
DVec2(26.5, 110.5)
DVec2(26.5, 111.5)
DVec2(27.5, 108.5)
DVec2(27.5, 109.5)
DVec2(27.5, 110.5)
DVec2(27.5, 111.5)
DVec2(26.5, 112.5)
DVec2(26.5, 113.5)
DVec2(26.5, 114.5)
DVec2(26.5, 115.5)
DVec2(27.5, 112.5)
DVec2(27.5, 113.5)
DVec2(27.5, 114.5)
DVec2(27.5, 115.5)
DVec2(26.5, 116.5)
DVec2(26.5, 117.5)
DVec2(26.5, 118.5)
DVec2(26.5, 119.5)
DVec2(27.5, 116.5)
DVec2(27.5, 117.5)
DVec2(27.5, 118.5)
DVec2(27.5, 119.5)
DVec2(28.5, -119.5)
DVec2(28.5, -118.5)
DVec2(28.5, -117.5)
DVec2(28.5, -116.5)
DVec2(29.5, -119.5)
DVec2(29.5, -118.5)
DVec2(29.5, -117.5)
DVec2(29.5, -116.5)
DVec2(28.5, -115.5)
DVec2(28.5, -114.5)
DVec2(28.5, -113.5)
DVec2(28.5, -112.5)
DVec2(29.5, -115.5)
DVec2(29.5, -114.5)
DVec2(29.5, -113.5)
DVec2(29.5, -112.5)
DVec2(28.5, -111.5)
DVec2(28.5, -110.5)
DVec2(28.5, -109.5)
DVec2(28.5, -108.5)
DVec2(29.5, -111.5)
DVec2(29.5, -110.5)
DVec2(29.5, -109.5)
DVec2(29.5, -108.5)
DVec2(28.5, -107.5)
DVec2(28.5, -106.5)
DVec2(28.5, -105.5)
DVec2(28.5, -104.5)
DVec2(29.5, -107.5)
DVec2(29.5, -106.5)
DVec2(29.5, -105.5)
DVec2(29.5, -104.5)
DVec2(28.5, -103.5)
DVec2(28.5, -102.5)
DVec2(28.5, -101.5)
DVec2(28.5, -100.5)
DVec2(29.5, -103.5)
DVec2(29.5, -102.5)
DVec2(29.5, -101.5)
DVec2(29.5, -100.5)
DVec2(28.5, -99.5)
DVec2(28.5, -98.5)
DVec2(28.5, -97.5)
DVec2(28.5, -96.5)
DVec2(29.5, -99.5)
DVec2(29.5, -98.5)
DVec2(29.5, -97.5)
DVec2(29.5, -96.5)
DVec2(28.5, -95.5)
DVec2(28.5, -94.5)
DVec2(28.5, -93.5)
DVec2(28.5, -92.5)
DVec2(29.5, -95.5)
DVec2(29.5, -94.5)
DVec2(29.5, -93.5)
DVec2(29.5, -92.5)
DVec2(28.5, -91.5)
DVec2(28.5, -90.5)
DVec2(28.5, -89.5)
DVec2(28.5, -88.5)
DVec2(29.5, -91.5)
DVec2(29.5, -90.5)
DVec2(29.5, -89.5)
DVec2(29.5, -88.5)
DVec2(28.5, -87.5)
DVec2(28.5, -86.5)
DVec2(28.5, -85.5)
DVec2(28.5, -84.5)
DVec2(29.5, -87.5)
DVec2(29.5, -86.5)
DVec2(29.5, -85.5)
DVec2(29.5, -84.5)
DVec2(28.5, -83.5)
DVec2(28.5, -82.5)
DVec2(28.5, -81.5)
DVec2(28.5, -80.5)
DVec2(29.5, -83.5)
DVec2(29.5, -82.5)
DVec2(29.5, -81.5)
DVec2(29.5, -80.5)
DVec2(28.5, -79.5)
DVec2(28.5, -78.5)
DVec2(28.5, -77.5)
DVec2(28.5, -76.5)
DVec2(29.5, -79.5)
DVec2(29.5, -78.5)
DVec2(29.5, -77.5)
DVec2(29.5, -76.5)
DVec2(28.5, -75.5)
DVec2(28.5, -74.5)
DVec2(28.5, -73.5)
DVec2(28.5, -72.5)
DVec2(29.5, -75.5)
DVec2(29.5, -74.5)
DVec2(29.5, -73.5)
DVec2(29.5, -72.5)
DVec2(28.5, -71.5)
DVec2(28.5, -70.5)
DVec2(28.5, -69.5)
DVec2(28.5, -68.5)
DVec2(29.5, -71.5)
DVec2(29.5, -70.5)
DVec2(29.5, -69.5)
DVec2(29.5, -68.5)
DVec2(28.5, -67.5)
DVec2(28.5, -66.5)
DVec2(28.5, -65.5)
DVec2(28.5, -64.5)
DVec2(29.5, -67.5)
DVec2(29.5, -66.5)
DVec2(29.5, -65.5)
DVec2(29.5, -64.5)
DVec2(28.5, -63.5)
DVec2(28.5, -62.5)
DVec2(28.5, -61.5)
DVec2(28.5, -60.5)
DVec2(29.5, -63.5)
DVec2(29.5, -62.5)
DVec2(29.5, -61.5)
DVec2(29.5, -60.5)
DVec2(28.5, -59.5)
DVec2(28.5, -58.5)
DVec2(28.5, -57.5)
DVec2(28.5, -56.5)
DVec2(29.5, -59.5)
DVec2(29.5, -58.5)
DVec2(29.5, -57.5)
DVec2(29.5, -56.5)
DVec2(28.5, -55.5)
DVec2(28.5, -54.5)
DVec2(28.5, -53.5)
DVec2(28.5, -52.5)
DVec2(29.5, -55.5)
DVec2(29.5, -54.5)
DVec2(29.5, -53.5)
DVec2(29.5, -52.5)
DVec2(28.5, -51.5)
DVec2(28.5, -50.5)
DVec2(28.5, -49.5)
DVec2(28.5, -48.5)
DVec2(29.5, -51.5)
DVec2(29.5, -50.5)
DVec2(29.5, -49.5)
DVec2(29.5, -48.5)
DVec2(28.5, -47.5)
DVec2(28.5, -46.5)
DVec2(28.5, -45.5)
DVec2(28.5, -44.5)
DVec2(29.5, -47.5)
DVec2(29.5, -46.5)
DVec2(29.5, -45.5)
DVec2(29.5, -44.5)
DVec2(28.5, -43.5)
DVec2(28.5, -42.5)
DVec2(28.5, -41.5)
DVec2(28.5, -40.5)
DVec2(29.5, -43.5)
DVec2(29.5, -42.5)
DVec2(29.5, -41.5)
DVec2(29.5, -40.5)
DVec2(28.5, -39.5)
DVec2(28.5, -38.5)
DVec2(28.5, -37.5)
DVec2(28.5, -36.5)
DVec2(29.5, -39.5)
DVec2(29.5, -38.5)
DVec2(29.5, -37.5)
DVec2(29.5, -36.5)
DVec2(28.5, -35.5)
DVec2(28.5, -34.5)
DVec2(28.5, -33.5)
DVec2(28.5, -32.5)
DVec2(29.5, -35.5)
DVec2(29.5, -34.5)
DVec2(29.5, -33.5)
DVec2(29.5, -32.5)
DVec2(28.5, -31.5)
DVec2(28.5, -30.5)
DVec2(28.5, -29.5)
DVec2(28.5, -28.5)
DVec2(29.5, -31.5)
DVec2(29.5, -30.5)
DVec2(29.5, -29.5)
DVec2(29.5, -28.5)
DVec2(28.5, -27.5)
DVec2(28.5, -26.5)
DVec2(28.5, -25.5)
DVec2(28.5, -24.5)
DVec2(29.5, -27.5)
DVec2(29.5, -26.5)
DVec2(29.5, -25.5)
DVec2(29.5, -24.5)
DVec2(28.5, -23.5)
DVec2(28.5, -22.5)
DVec2(28.5, -21.5)
DVec2(28.5, -20.5)
DVec2(29.5, -23.5)
DVec2(29.5, -22.5)
DVec2(29.5, -21.5)
DVec2(29.5, -20.5)
DVec2(28.5, -19.5)
DVec2(28.5, -18.5)
DVec2(28.5, -17.5)
DVec2(28.5, -16.5)
DVec2(29.5, -19.5)
DVec2(29.5, -18.5)
DVec2(29.5, -17.5)
DVec2(29.5, -16.5)
DVec2(28.5, -15.5)
DVec2(28.5, -14.5)
DVec2(28.5, -13.5)
DVec2(28.5, -12.5)
DVec2(29.5, -15.5)
DVec2(29.5, -14.5)
DVec2(29.5, -13.5)
DVec2(29.5, -12.5)
DVec2(28.5, -11.5)
DVec2(28.5, -10.5)
DVec2(28.5, -9.5)
DVec2(28.5, -8.5)
DVec2(29.5, -11.5)
DVec2(29.5, -10.5)
DVec2(29.5, -9.5)
DVec2(29.5, -8.5)
DVec2(28.5, -7.5)
DVec2(28.5, -6.5)
DVec2(28.5, -5.5)
DVec2(28.5, -4.5)
DVec2(29.5, -7.5)
DVec2(29.5, -6.5)
DVec2(29.5, -5.5)
DVec2(29.5, -4.5)
DVec2(28.5, -3.5)
DVec2(28.5, -2.5)
DVec2(28.5, -1.5)
DVec2(28.5, -0.5)
DVec2(29.5, -3.5)
DVec2(29.5, -2.5)
DVec2(29.5, -1.5)
DVec2(29.5, -0.5)
DVec2(28.5, 0.5)
DVec2(28.5, 1.5)
DVec2(28.5, 2.5)
DVec2(28.5, 3.5)
DVec2(29.5, 0.5)
DVec2(29.5, 1.5)
DVec2(29.5, 2.5)
DVec2(29.5, 3.5)
DVec2(28.5, 4.5)
DVec2(28.5, 5.5)
DVec2(28.5, 6.5)
DVec2(28.5, 7.5)
DVec2(29.5, 4.5)
DVec2(29.5, 5.5)
DVec2(29.5, 6.5)
DVec2(29.5, 7.5)
DVec2(28.5, 8.5)
DVec2(28.5, 9.5)
DVec2(28.5, 10.5)
DVec2(28.5, 11.5)
DVec2(29.5, 8.5)
DVec2(29.5, 9.5)
DVec2(29.5, 10.5)
DVec2(29.5, 11.5)
DVec2(28.5, 12.5)
DVec2(28.5, 13.5)
DVec2(28.5, 14.5)
DVec2(28.5, 15.5)
DVec2(29.5, 12.5)
DVec2(29.5, 13.5)
DVec2(29.5, 14.5)
DVec2(29.5, 15.5)
DVec2(28.5, 16.5)
DVec2(28.5, 17.5)
DVec2(28.5, 18.5)
DVec2(28.5, 19.5)
DVec2(29.5, 16.5)
DVec2(29.5, 17.5)
DVec2(29.5, 18.5)
DVec2(29.5, 19.5)
DVec2(28.5, 20.5)
DVec2(28.5, 21.5)
DVec2(28.5, 22.5)
DVec2(28.5, 23.5)
DVec2(29.5, 20.5)
DVec2(29.5, 21.5)
DVec2(29.5, 22.5)
DVec2(29.5, 23.5)
DVec2(28.5, 24.5)
DVec2(28.5, 25.5)
DVec2(28.5, 26.5)
DVec2(28.5, 27.5)
DVec2(29.5, 24.5)
DVec2(29.5, 25.5)
DVec2(29.5, 26.5)
DVec2(29.5, 27.5)
DVec2(28.5, 28.5)
DVec2(28.5, 29.5)
DVec2(28.5, 30.5)
DVec2(28.5, 31.5)
DVec2(29.5, 28.5)
DVec2(29.5, 29.5)
DVec2(29.5, 30.5)
DVec2(29.5, 31.5)
DVec2(28.5, 32.5)
DVec2(28.5, 33.5)
DVec2(28.5, 34.5)
DVec2(28.5, 35.5)
DVec2(29.5, 32.5)
DVec2(29.5, 33.5)
DVec2(29.5, 34.5)
DVec2(29.5, 35.5)
DVec2(28.5, 36.5)
DVec2(28.5, 37.5)
DVec2(28.5, 38.5)
DVec2(28.5, 39.5)
DVec2(29.5, 36.5)
DVec2(29.5, 37.5)
DVec2(29.5, 38.5)
DVec2(29.5, 39.5)
DVec2(28.5, 40.5)
DVec2(28.5, 41.5)
DVec2(28.5, 42.5)
DVec2(28.5, 43.5)
DVec2(29.5, 40.5)
DVec2(29.5, 41.5)
DVec2(29.5, 42.5)
DVec2(29.5, 43.5)
DVec2(28.5, 44.5)
DVec2(28.5, 45.5)
DVec2(28.5, 46.5)
DVec2(28.5, 47.5)
DVec2(29.5, 44.5)
DVec2(29.5, 45.5)
DVec2(29.5, 46.5)
DVec2(29.5, 47.5)
DVec2(28.5, 48.5)
DVec2(28.5, 49.5)
DVec2(28.5, 50.5)
DVec2(28.5, 51.5)
DVec2(29.5, 48.5)
DVec2(29.5, 49.5)
DVec2(29.5, 50.5)
DVec2(29.5, 51.5)
DVec2(28.5, 52.5)
DVec2(28.5, 53.5)
DVec2(28.5, 54.5)
DVec2(28.5, 55.5)
DVec2(29.5, 52.5)
DVec2(29.5, 53.5)
DVec2(29.5, 54.5)
DVec2(29.5, 55.5)
DVec2(28.5, 56.5)
DVec2(28.5, 57.5)
DVec2(28.5, 58.5)
DVec2(28.5, 59.5)
DVec2(29.5, 56.5)
DVec2(29.5, 57.5)
DVec2(29.5, 58.5)
DVec2(29.5, 59.5)
DVec2(28.5, 60.5)
DVec2(28.5, 61.5)
DVec2(28.5, 62.5)
DVec2(28.5, 63.5)
DVec2(29.5, 60.5)
DVec2(29.5, 61.5)
DVec2(29.5, 62.5)
DVec2(29.5, 63.5)
DVec2(28.5, 64.5)
DVec2(28.5, 65.5)
DVec2(28.5, 66.5)
DVec2(28.5, 67.5)
DVec2(29.5, 64.5)
DVec2(29.5, 65.5)
DVec2(29.5, 66.5)
DVec2(29.5, 67.5)
DVec2(28.5, 68.5)
DVec2(28.5, 69.5)
DVec2(28.5, 70.5)
DVec2(28.5, 71.5)
DVec2(29.5, 68.5)
DVec2(29.5, 69.5)
DVec2(29.5, 70.5)
DVec2(29.5, 71.5)
DVec2(28.5, 72.5)
DVec2(28.5, 73.5)
DVec2(28.5, 74.5)
DVec2(28.5, 75.5)
DVec2(29.5, 72.5)
DVec2(29.5, 73.5)
DVec2(29.5, 74.5)
DVec2(29.5, 75.5)
DVec2(28.5, 76.5)
DVec2(28.5, 77.5)
DVec2(28.5, 78.5)
DVec2(28.5, 79.5)
DVec2(29.5, 76.5)
DVec2(29.5, 77.5)
DVec2(29.5, 78.5)
DVec2(29.5, 79.5)
DVec2(28.5, 80.5)
DVec2(28.5, 81.5)
DVec2(28.5, 82.5)
DVec2(28.5, 83.5)
DVec2(29.5, 80.5)
DVec2(29.5, 81.5)
DVec2(29.5, 82.5)
DVec2(29.5, 83.5)
DVec2(28.5, 84.5)
DVec2(28.5, 85.5)
DVec2(28.5, 86.5)
DVec2(28.5, 87.5)
DVec2(29.5, 84.5)
DVec2(29.5, 85.5)
DVec2(29.5, 86.5)
DVec2(29.5, 87.5)
DVec2(28.5, 88.5)
DVec2(28.5, 89.5)
DVec2(28.5, 90.5)
DVec2(28.5, 91.5)
DVec2(29.5, 88.5)
DVec2(29.5, 89.5)
DVec2(29.5, 90.5)
DVec2(29.5, 91.5)
DVec2(28.5, 92.5)
DVec2(28.5, 93.5)
DVec2(28.5, 94.5)
DVec2(28.5, 95.5)
DVec2(29.5, 92.5)
DVec2(29.5, 93.5)
DVec2(29.5, 94.5)
DVec2(29.5, 95.5)
DVec2(28.5, 96.5)
DVec2(28.5, 97.5)
DVec2(28.5, 98.5)
DVec2(28.5, 99.5)
DVec2(29.5, 96.5)
DVec2(29.5, 97.5)
DVec2(29.5, 98.5)
DVec2(29.5, 99.5)
DVec2(28.5, 100.5)
DVec2(28.5, 101.5)
DVec2(28.5, 102.5)
DVec2(28.5, 103.5)
DVec2(29.5, 100.5)
DVec2(29.5, 101.5)
DVec2(29.5, 102.5)
DVec2(29.5, 103.5)
DVec2(28.5, 104.5)
DVec2(28.5, 105.5)
DVec2(28.5, 106.5)
DVec2(28.5, 107.5)
DVec2(29.5, 104.5)
DVec2(29.5, 105.5)
DVec2(29.5, 106.5)
DVec2(29.5, 107.5)
DVec2(28.5, 108.5)
DVec2(28.5, 109.5)
DVec2(28.5, 110.5)
DVec2(28.5, 111.5)
DVec2(29.5, 108.5)
DVec2(29.5, 109.5)
DVec2(29.5, 110.5)
DVec2(29.5, 111.5)
DVec2(28.5, 112.5)
DVec2(28.5, 113.5)
DVec2(28.5, 114.5)
DVec2(28.5, 115.5)
DVec2(29.5, 112.5)
DVec2(29.5, 113.5)
DVec2(29.5, 114.5)
DVec2(29.5, 115.5)
DVec2(28.5, 116.5)
DVec2(28.5, 117.5)
DVec2(28.5, 118.5)
DVec2(28.5, 119.5)
DVec2(29.5, 116.5)
DVec2(29.5, 117.5)
DVec2(29.5, 118.5)
DVec2(29.5, 119.5)
DVec2(30.5, -119.5)
DVec2(30.5, -118.5)
DVec2(30.5, -117.5)
DVec2(30.5, -116.5)
DVec2(31.5, -119.5)
DVec2(31.5, -118.5)
DVec2(31.5, -117.5)
DVec2(31.5, -116.5)
DVec2(30.5, -115.5)
DVec2(30.5, -114.5)
DVec2(30.5, -113.5)
DVec2(30.5, -112.5)
DVec2(31.5, -115.5)
DVec2(31.5, -114.5)
DVec2(31.5, -113.5)
DVec2(31.5, -112.5)
DVec2(30.5, -111.5)
DVec2(30.5, -110.5)
DVec2(30.5, -109.5)
DVec2(30.5, -108.5)
DVec2(31.5, -111.5)
DVec2(31.5, -110.5)
DVec2(31.5, -109.5)
DVec2(31.5, -108.5)
DVec2(30.5, -107.5)
DVec2(30.5, -106.5)
DVec2(30.5, -105.5)
DVec2(30.5, -104.5)
DVec2(31.5, -107.5)
DVec2(31.5, -106.5)
DVec2(31.5, -105.5)
DVec2(31.5, -104.5)
DVec2(30.5, -103.5)
DVec2(30.5, -102.5)
DVec2(30.5, -101.5)
DVec2(30.5, -100.5)
DVec2(31.5, -103.5)
DVec2(31.5, -102.5)
DVec2(31.5, -101.5)
DVec2(31.5, -100.5)
DVec2(30.5, -99.5)
DVec2(30.5, -98.5)
DVec2(30.5, -97.5)
DVec2(30.5, -96.5)
DVec2(31.5, -99.5)
DVec2(31.5, -98.5)
DVec2(31.5, -97.5)
DVec2(31.5, -96.5)
DVec2(30.5, -95.5)
DVec2(30.5, -94.5)
DVec2(30.5, -93.5)
DVec2(30.5, -92.5)
DVec2(31.5, -95.5)
DVec2(31.5, -94.5)
DVec2(31.5, -93.5)
DVec2(31.5, -92.5)
DVec2(30.5, -91.5)
DVec2(30.5, -90.5)
DVec2(30.5, -89.5)
DVec2(30.5, -88.5)
DVec2(31.5, -91.5)
DVec2(31.5, -90.5)
DVec2(31.5, -89.5)
DVec2(31.5, -88.5)
DVec2(30.5, -87.5)
DVec2(30.5, -86.5)
DVec2(30.5, -85.5)
DVec2(30.5, -84.5)
DVec2(31.5, -87.5)
DVec2(31.5, -86.5)
DVec2(31.5, -85.5)
DVec2(31.5, -84.5)
DVec2(30.5, -83.5)
DVec2(30.5, -82.5)
DVec2(30.5, -81.5)
DVec2(30.5, -80.5)
DVec2(31.5, -83.5)
DVec2(31.5, -82.5)
DVec2(31.5, -81.5)
DVec2(31.5, -80.5)
DVec2(30.5, -79.5)
DVec2(30.5, -78.5)
DVec2(30.5, -77.5)
DVec2(30.5, -76.5)
DVec2(31.5, -79.5)
DVec2(31.5, -78.5)
DVec2(31.5, -77.5)
DVec2(31.5, -76.5)
DVec2(30.5, -75.5)
DVec2(30.5, -74.5)
DVec2(30.5, -73.5)
DVec2(30.5, -72.5)
DVec2(31.5, -75.5)
DVec2(31.5, -74.5)
DVec2(31.5, -73.5)
DVec2(31.5, -72.5)
DVec2(30.5, -71.5)
DVec2(30.5, -70.5)
DVec2(30.5, -69.5)
DVec2(30.5, -68.5)
DVec2(31.5, -71.5)
DVec2(31.5, -70.5)
DVec2(31.5, -69.5)
DVec2(31.5, -68.5)
DVec2(30.5, -67.5)
DVec2(30.5, -66.5)
DVec2(30.5, -65.5)
DVec2(30.5, -64.5)
DVec2(31.5, -67.5)
DVec2(31.5, -66.5)
DVec2(31.5, -65.5)
DVec2(31.5, -64.5)
DVec2(30.5, -63.5)
DVec2(30.5, -62.5)
DVec2(30.5, -61.5)
DVec2(30.5, -60.5)
DVec2(31.5, -63.5)
DVec2(31.5, -62.5)
DVec2(31.5, -61.5)
DVec2(31.5, -60.5)
DVec2(30.5, -59.5)
DVec2(30.5, -58.5)
DVec2(30.5, -57.5)
DVec2(30.5, -56.5)
DVec2(31.5, -59.5)
DVec2(31.5, -58.5)
DVec2(31.5, -57.5)
DVec2(31.5, -56.5)
DVec2(30.5, -55.5)
DVec2(30.5, -54.5)
DVec2(30.5, -53.5)
DVec2(30.5, -52.5)
DVec2(31.5, -55.5)
DVec2(31.5, -54.5)
DVec2(31.5, -53.5)
DVec2(31.5, -52.5)
DVec2(30.5, -51.5)
DVec2(30.5, -50.5)
DVec2(30.5, -49.5)
DVec2(30.5, -48.5)
DVec2(31.5, -51.5)
DVec2(31.5, -50.5)
DVec2(31.5, -49.5)
DVec2(31.5, -48.5)
DVec2(30.5, -47.5)
DVec2(30.5, -46.5)
DVec2(30.5, -45.5)
DVec2(30.5, -44.5)
DVec2(31.5, -47.5)
DVec2(31.5, -46.5)
DVec2(31.5, -45.5)
DVec2(31.5, -44.5)
DVec2(30.5, -43.5)
DVec2(30.5, -42.5)
DVec2(30.5, -41.5)
DVec2(30.5, -40.5)
DVec2(31.5, -43.5)
DVec2(31.5, -42.5)
DVec2(31.5, -41.5)
DVec2(31.5, -40.5)
DVec2(30.5, -39.5)
DVec2(30.5, -38.5)
DVec2(30.5, -37.5)
DVec2(30.5, -36.5)
DVec2(31.5, -39.5)
DVec2(31.5, -38.5)
DVec2(31.5, -37.5)
DVec2(31.5, -36.5)
DVec2(30.5, -35.5)
DVec2(30.5, -34.5)
DVec2(30.5, -33.5)
DVec2(30.5, -32.5)
DVec2(31.5, -35.5)
DVec2(31.5, -34.5)
DVec2(31.5, -33.5)
DVec2(31.5, -32.5)
DVec2(30.5, -31.5)
DVec2(30.5, -30.5)
DVec2(30.5, -29.5)
DVec2(30.5, -28.5)
DVec2(31.5, -31.5)
DVec2(31.5, -30.5)
DVec2(31.5, -29.5)
DVec2(31.5, -28.5)
DVec2(30.5, -27.5)
DVec2(30.5, -26.5)
DVec2(30.5, -25.5)
DVec2(30.5, -24.5)
DVec2(31.5, -27.5)
DVec2(31.5, -26.5)
DVec2(31.5, -25.5)
DVec2(31.5, -24.5)
DVec2(30.5, -23.5)
DVec2(30.5, -22.5)
DVec2(30.5, -21.5)
DVec2(30.5, -20.5)
DVec2(31.5, -23.5)
DVec2(31.5, -22.5)
DVec2(31.5, -21.5)
DVec2(31.5, -20.5)
DVec2(30.5, -19.5)
DVec2(30.5, -18.5)
DVec2(30.5, -17.5)
DVec2(30.5, -16.5)
DVec2(31.5, -19.5)
DVec2(31.5, -18.5)
DVec2(31.5, -17.5)
DVec2(31.5, -16.5)
DVec2(30.5, -15.5)
DVec2(30.5, -14.5)
DVec2(30.5, -13.5)
DVec2(30.5, -12.5)
DVec2(31.5, -15.5)
DVec2(31.5, -14.5)
DVec2(31.5, -13.5)
DVec2(31.5, -12.5)
DVec2(30.5, -11.5)
DVec2(30.5, -10.5)
DVec2(30.5, -9.5)
DVec2(30.5, -8.5)
DVec2(31.5, -11.5)
DVec2(31.5, -10.5)
DVec2(31.5, -9.5)
DVec2(31.5, -8.5)
DVec2(30.5, -7.5)
DVec2(30.5, -6.5)
DVec2(30.5, -5.5)
DVec2(30.5, -4.5)
DVec2(31.5, -7.5)
DVec2(31.5, -6.5)
DVec2(31.5, -5.5)
DVec2(31.5, -4.5)
DVec2(30.5, -3.5)
DVec2(30.5, -2.5)
DVec2(30.5, -1.5)
DVec2(30.5, -0.5)
DVec2(31.5, -3.5)
DVec2(31.5, -2.5)
DVec2(31.5, -1.5)
DVec2(31.5, -0.5)
DVec2(30.5, 0.5)
DVec2(30.5, 1.5)
DVec2(30.5, 2.5)
DVec2(30.5, 3.5)
DVec2(31.5, 0.5)
DVec2(31.5, 1.5)
DVec2(31.5, 2.5)
DVec2(31.5, 3.5)
DVec2(30.5, 4.5)
DVec2(30.5, 5.5)
DVec2(30.5, 6.5)
DVec2(30.5, 7.5)
DVec2(31.5, 4.5)
DVec2(31.5, 5.5)
DVec2(31.5, 6.5)
DVec2(31.5, 7.5)
DVec2(30.5, 8.5)
DVec2(30.5, 9.5)
DVec2(30.5, 10.5)
DVec2(30.5, 11.5)
DVec2(31.5, 8.5)
DVec2(31.5, 9.5)
DVec2(31.5, 10.5)
DVec2(31.5, 11.5)
DVec2(30.5, 12.5)
DVec2(30.5, 13.5)
DVec2(30.5, 14.5)
DVec2(30.5, 15.5)
DVec2(31.5, 12.5)
DVec2(31.5, 13.5)
DVec2(31.5, 14.5)
DVec2(31.5, 15.5)
DVec2(30.5, 16.5)
DVec2(30.5, 17.5)
DVec2(30.5, 18.5)
DVec2(30.5, 19.5)
DVec2(31.5, 16.5)
DVec2(31.5, 17.5)
DVec2(31.5, 18.5)
DVec2(31.5, 19.5)
DVec2(30.5, 20.5)
DVec2(30.5, 21.5)
DVec2(30.5, 22.5)
DVec2(30.5, 23.5)
DVec2(31.5, 20.5)
DVec2(31.5, 21.5)
DVec2(31.5, 22.5)
DVec2(31.5, 23.5)
DVec2(30.5, 24.5)
DVec2(30.5, 25.5)
DVec2(30.5, 26.5)
DVec2(30.5, 27.5)
DVec2(31.5, 24.5)
DVec2(31.5, 25.5)
DVec2(31.5, 26.5)
DVec2(31.5, 27.5)
DVec2(30.5, 28.5)
DVec2(30.5, 29.5)
DVec2(30.5, 30.5)
DVec2(30.5, 31.5)
DVec2(31.5, 28.5)
DVec2(31.5, 29.5)
DVec2(31.5, 30.5)
DVec2(31.5, 31.5)
DVec2(30.5, 32.5)
DVec2(30.5, 33.5)
DVec2(30.5, 34.5)
DVec2(30.5, 35.5)
DVec2(31.5, 32.5)
DVec2(31.5, 33.5)
DVec2(31.5, 34.5)
DVec2(31.5, 35.5)
DVec2(30.5, 36.5)
DVec2(30.5, 37.5)
DVec2(30.5, 38.5)
DVec2(30.5, 39.5)
DVec2(31.5, 36.5)
DVec2(31.5, 37.5)
DVec2(31.5, 38.5)
DVec2(31.5, 39.5)
DVec2(30.5, 40.5)
DVec2(30.5, 41.5)
DVec2(30.5, 42.5)
DVec2(30.5, 43.5)
DVec2(31.5, 40.5)
DVec2(31.5, 41.5)
DVec2(31.5, 42.5)
DVec2(31.5, 43.5)
DVec2(30.5, 44.5)
DVec2(30.5, 45.5)
DVec2(30.5, 46.5)
DVec2(30.5, 47.5)
DVec2(31.5, 44.5)
DVec2(31.5, 45.5)
DVec2(31.5, 46.5)
DVec2(31.5, 47.5)
DVec2(30.5, 48.5)
DVec2(30.5, 49.5)
DVec2(30.5, 50.5)
DVec2(30.5, 51.5)
DVec2(31.5, 48.5)
DVec2(31.5, 49.5)
DVec2(31.5, 50.5)
DVec2(31.5, 51.5)
DVec2(30.5, 52.5)
DVec2(30.5, 53.5)
DVec2(30.5, 54.5)
DVec2(30.5, 55.5)
DVec2(31.5, 52.5)
DVec2(31.5, 53.5)
DVec2(31.5, 54.5)
DVec2(31.5, 55.5)
DVec2(30.5, 56.5)
DVec2(30.5, 57.5)
DVec2(30.5, 58.5)
DVec2(30.5, 59.5)
DVec2(31.5, 56.5)
DVec2(31.5, 57.5)
DVec2(31.5, 58.5)
DVec2(31.5, 59.5)
DVec2(30.5, 60.5)
DVec2(30.5, 61.5)
DVec2(30.5, 62.5)
DVec2(30.5, 63.5)
DVec2(31.5, 60.5)
DVec2(31.5, 61.5)
DVec2(31.5, 62.5)
DVec2(31.5, 63.5)
DVec2(30.5, 64.5)
DVec2(30.5, 65.5)
DVec2(30.5, 66.5)
DVec2(30.5, 67.5)
DVec2(31.5, 64.5)
DVec2(31.5, 65.5)
DVec2(31.5, 66.5)
DVec2(31.5, 67.5)
DVec2(30.5, 68.5)
DVec2(30.5, 69.5)
DVec2(30.5, 70.5)
DVec2(30.5, 71.5)
DVec2(31.5, 68.5)
DVec2(31.5, 69.5)
DVec2(31.5, 70.5)
DVec2(31.5, 71.5)
DVec2(30.5, 72.5)
DVec2(30.5, 73.5)
DVec2(30.5, 74.5)
DVec2(30.5, 75.5)
DVec2(31.5, 72.5)
DVec2(31.5, 73.5)
DVec2(31.5, 74.5)
DVec2(31.5, 75.5)
DVec2(30.5, 76.5)
DVec2(30.5, 77.5)
DVec2(30.5, 78.5)
DVec2(30.5, 79.5)
DVec2(31.5, 76.5)
DVec2(31.5, 77.5)
DVec2(31.5, 78.5)
DVec2(31.5, 79.5)
DVec2(30.5, 80.5)
DVec2(30.5, 81.5)
DVec2(30.5, 82.5)
DVec2(30.5, 83.5)
DVec2(31.5, 80.5)
DVec2(31.5, 81.5)
DVec2(31.5, 82.5)
DVec2(31.5, 83.5)
DVec2(30.5, 84.5)
DVec2(30.5, 85.5)
DVec2(30.5, 86.5)
DVec2(30.5, 87.5)
DVec2(31.5, 84.5)
DVec2(31.5, 85.5)
DVec2(31.5, 86.5)
DVec2(31.5, 87.5)
DVec2(30.5, 88.5)
DVec2(30.5, 89.5)
DVec2(30.5, 90.5)
DVec2(30.5, 91.5)
DVec2(31.5, 88.5)
DVec2(31.5, 89.5)
DVec2(31.5, 90.5)
DVec2(31.5, 91.5)
DVec2(30.5, 92.5)
DVec2(30.5, 93.5)
DVec2(30.5, 94.5)
DVec2(30.5, 95.5)
DVec2(31.5, 92.5)
DVec2(31.5, 93.5)
DVec2(31.5, 94.5)
DVec2(31.5, 95.5)
DVec2(30.5, 96.5)
DVec2(30.5, 97.5)
DVec2(30.5, 98.5)
DVec2(30.5, 99.5)
DVec2(31.5, 96.5)
DVec2(31.5, 97.5)
DVec2(31.5, 98.5)
DVec2(31.5, 99.5)
DVec2(30.5, 100.5)
DVec2(30.5, 101.5)
DVec2(30.5, 102.5)
DVec2(30.5, 103.5)
DVec2(31.5, 100.5)
DVec2(31.5, 101.5)
DVec2(31.5, 102.5)
DVec2(31.5, 103.5)
DVec2(30.5, 104.5)
DVec2(30.5, 105.5)
DVec2(30.5, 106.5)
DVec2(30.5, 107.5)
DVec2(31.5, 104.5)
DVec2(31.5, 105.5)
DVec2(31.5, 106.5)
DVec2(31.5, 107.5)
DVec2(30.5, 108.5)
DVec2(30.5, 109.5)
DVec2(30.5, 110.5)
DVec2(30.5, 111.5)
DVec2(31.5, 108.5)
DVec2(31.5, 109.5)
DVec2(31.5, 110.5)
DVec2(31.5, 111.5)
DVec2(30.5, 112.5)
DVec2(30.5, 113.5)
DVec2(30.5, 114.5)
DVec2(30.5, 115.5)
DVec2(31.5, 112.5)
DVec2(31.5, 113.5)
DVec2(31.5, 114.5)
DVec2(31.5, 115.5)
DVec2(30.5, 116.5)
DVec2(30.5, 117.5)
DVec2(30.5, 118.5)
DVec2(30.5, 119.5)
DVec2(31.5, 116.5)
DVec2(31.5, 117.5)
DVec2(31.5, 118.5)
DVec2(31.5, 119.5)
DVec2(32.5, -119.5)
DVec2(32.5, -118.5)
DVec2(32.5, -117.5)
DVec2(32.5, -116.5)
DVec2(33.5, -119.5)
DVec2(33.5, -118.5)
DVec2(33.5, -117.5)
DVec2(33.5, -116.5)
DVec2(32.5, -115.5)
DVec2(32.5, -114.5)
DVec2(32.5, -113.5)
DVec2(32.5, -112.5)
DVec2(33.5, -115.5)
DVec2(33.5, -114.5)
DVec2(33.5, -113.5)
DVec2(33.5, -112.5)
DVec2(32.5, -111.5)
DVec2(32.5, -110.5)
DVec2(32.5, -109.5)
DVec2(32.5, -108.5)
DVec2(33.5, -111.5)
DVec2(33.5, -110.5)
DVec2(33.5, -109.5)
DVec2(33.5, -108.5)
DVec2(32.5, -107.5)
DVec2(32.5, -106.5)
DVec2(32.5, -105.5)
DVec2(32.5, -104.5)
DVec2(33.5, -107.5)
DVec2(33.5, -106.5)
DVec2(33.5, -105.5)
DVec2(33.5, -104.5)
DVec2(32.5, -103.5)
DVec2(32.5, -102.5)
DVec2(32.5, -101.5)
DVec2(32.5, -100.5)
DVec2(33.5, -103.5)
DVec2(33.5, -102.5)
DVec2(33.5, -101.5)
DVec2(33.5, -100.5)
DVec2(32.5, -99.5)
DVec2(32.5, -98.5)
DVec2(32.5, -97.5)
DVec2(32.5, -96.5)
DVec2(33.5, -99.5)
DVec2(33.5, -98.5)
DVec2(33.5, -97.5)
DVec2(33.5, -96.5)
DVec2(32.5, -95.5)
DVec2(32.5, -94.5)
DVec2(32.5, -93.5)
DVec2(32.5, -92.5)
DVec2(33.5, -95.5)
DVec2(33.5, -94.5)
DVec2(33.5, -93.5)
DVec2(33.5, -92.5)
DVec2(32.5, -91.5)
DVec2(32.5, -90.5)
DVec2(32.5, -89.5)
DVec2(32.5, -88.5)
DVec2(33.5, -91.5)
DVec2(33.5, -90.5)
DVec2(33.5, -89.5)
DVec2(33.5, -88.5)
DVec2(32.5, -87.5)
DVec2(32.5, -86.5)
DVec2(32.5, -85.5)
DVec2(32.5, -84.5)
DVec2(33.5, -87.5)
DVec2(33.5, -86.5)
DVec2(33.5, -85.5)
DVec2(33.5, -84.5)
DVec2(32.5, -83.5)
DVec2(32.5, -82.5)
DVec2(32.5, -81.5)
DVec2(32.5, -80.5)
DVec2(33.5, -83.5)
DVec2(33.5, -82.5)
DVec2(33.5, -81.5)
DVec2(33.5, -80.5)
DVec2(32.5, -79.5)
DVec2(32.5, -78.5)
DVec2(32.5, -77.5)
DVec2(32.5, -76.5)
DVec2(33.5, -79.5)
DVec2(33.5, -78.5)
DVec2(33.5, -77.5)
DVec2(33.5, -76.5)
DVec2(32.5, -75.5)
DVec2(32.5, -74.5)
DVec2(32.5, -73.5)
DVec2(32.5, -72.5)
DVec2(33.5, -75.5)
DVec2(33.5, -74.5)
DVec2(33.5, -73.5)
DVec2(33.5, -72.5)
DVec2(32.5, -71.5)
DVec2(32.5, -70.5)
DVec2(32.5, -69.5)
DVec2(32.5, -68.5)
DVec2(33.5, -71.5)
DVec2(33.5, -70.5)
DVec2(33.5, -69.5)
DVec2(33.5, -68.5)
DVec2(32.5, -67.5)
DVec2(32.5, -66.5)
DVec2(32.5, -65.5)
DVec2(32.5, -64.5)
DVec2(33.5, -67.5)
DVec2(33.5, -66.5)
DVec2(33.5, -65.5)
DVec2(33.5, -64.5)
DVec2(32.5, -63.5)
DVec2(32.5, -62.5)
DVec2(32.5, -61.5)
DVec2(32.5, -60.5)
DVec2(33.5, -63.5)
DVec2(33.5, -62.5)
DVec2(33.5, -61.5)
DVec2(33.5, -60.5)
DVec2(32.5, -59.5)
DVec2(32.5, -58.5)
DVec2(32.5, -57.5)
DVec2(32.5, -56.5)
DVec2(33.5, -59.5)
DVec2(33.5, -58.5)
DVec2(33.5, -57.5)
DVec2(33.5, -56.5)
DVec2(32.5, -55.5)
DVec2(32.5, -54.5)
DVec2(32.5, -53.5)
DVec2(32.5, -52.5)
DVec2(33.5, -55.5)
DVec2(33.5, -54.5)
DVec2(33.5, -53.5)
DVec2(33.5, -52.5)
DVec2(32.5, -51.5)
DVec2(32.5, -50.5)
DVec2(32.5, -49.5)
DVec2(32.5, -48.5)
DVec2(33.5, -51.5)
DVec2(33.5, -50.5)
DVec2(33.5, -49.5)
DVec2(33.5, -48.5)
DVec2(32.5, -47.5)
DVec2(32.5, -46.5)
DVec2(32.5, -45.5)
DVec2(32.5, -44.5)
DVec2(33.5, -47.5)
DVec2(33.5, -46.5)
DVec2(33.5, -45.5)
DVec2(33.5, -44.5)
DVec2(32.5, -43.5)
DVec2(32.5, -42.5)
DVec2(32.5, -41.5)
DVec2(32.5, -40.5)
DVec2(33.5, -43.5)
DVec2(33.5, -42.5)
DVec2(33.5, -41.5)
DVec2(33.5, -40.5)
DVec2(32.5, -39.5)
DVec2(32.5, -38.5)
DVec2(32.5, -37.5)
DVec2(32.5, -36.5)
DVec2(33.5, -39.5)
DVec2(33.5, -38.5)
DVec2(33.5, -37.5)
DVec2(33.5, -36.5)
DVec2(32.5, -35.5)
DVec2(32.5, -34.5)
DVec2(32.5, -33.5)
DVec2(32.5, -32.5)
DVec2(33.5, -35.5)
DVec2(33.5, -34.5)
DVec2(33.5, -33.5)
DVec2(33.5, -32.5)
DVec2(32.5, -31.5)
DVec2(32.5, -30.5)
DVec2(32.5, -29.5)
DVec2(32.5, -28.5)
DVec2(33.5, -31.5)
DVec2(33.5, -30.5)
DVec2(33.5, -29.5)
DVec2(33.5, -28.5)
DVec2(32.5, -27.5)
DVec2(32.5, -26.5)
DVec2(32.5, -25.5)
DVec2(32.5, -24.5)
DVec2(33.5, -27.5)
DVec2(33.5, -26.5)
DVec2(33.5, -25.5)
DVec2(33.5, -24.5)
DVec2(32.5, -23.5)
DVec2(32.5, -22.5)
DVec2(32.5, -21.5)
DVec2(32.5, -20.5)
DVec2(33.5, -23.5)
DVec2(33.5, -22.5)
DVec2(33.5, -21.5)
DVec2(33.5, -20.5)
DVec2(32.5, -19.5)
DVec2(32.5, -18.5)
DVec2(32.5, -17.5)
DVec2(32.5, -16.5)
DVec2(33.5, -19.5)
DVec2(33.5, -18.5)
DVec2(33.5, -17.5)
DVec2(33.5, -16.5)
DVec2(32.5, -15.5)
DVec2(32.5, -14.5)
DVec2(32.5, -13.5)
DVec2(32.5, -12.5)
DVec2(33.5, -15.5)
DVec2(33.5, -14.5)
DVec2(33.5, -13.5)
DVec2(33.5, -12.5)
DVec2(32.5, -11.5)
DVec2(32.5, -10.5)
DVec2(32.5, -9.5)
DVec2(32.5, -8.5)
DVec2(33.5, -11.5)
DVec2(33.5, -10.5)
DVec2(33.5, -9.5)
DVec2(33.5, -8.5)
DVec2(32.5, -7.5)
DVec2(32.5, -6.5)
DVec2(32.5, -5.5)
DVec2(32.5, -4.5)
DVec2(33.5, -7.5)
DVec2(33.5, -6.5)
DVec2(33.5, -5.5)
DVec2(33.5, -4.5)
DVec2(32.5, -3.5)
DVec2(32.5, -2.5)
DVec2(32.5, -1.5)
DVec2(32.5, -0.5)
DVec2(33.5, -3.5)
DVec2(33.5, -2.5)
DVec2(33.5, -1.5)
DVec2(33.5, -0.5)
DVec2(32.5, 0.5)
DVec2(32.5, 1.5)
DVec2(32.5, 2.5)
DVec2(32.5, 3.5)
DVec2(33.5, 0.5)
DVec2(33.5, 1.5)
DVec2(33.5, 2.5)
DVec2(33.5, 3.5)
DVec2(32.5, 4.5)
DVec2(32.5, 5.5)
DVec2(32.5, 6.5)
DVec2(32.5, 7.5)
DVec2(33.5, 4.5)
DVec2(33.5, 5.5)
DVec2(33.5, 6.5)
DVec2(33.5, 7.5)
DVec2(32.5, 8.5)
DVec2(32.5, 9.5)
DVec2(32.5, 10.5)
DVec2(32.5, 11.5)
DVec2(33.5, 8.5)
DVec2(33.5, 9.5)
DVec2(33.5, 10.5)
DVec2(33.5, 11.5)
DVec2(32.5, 12.5)
DVec2(32.5, 13.5)
DVec2(32.5, 14.5)
DVec2(32.5, 15.5)
DVec2(33.5, 12.5)
DVec2(33.5, 13.5)
DVec2(33.5, 14.5)
DVec2(33.5, 15.5)
DVec2(32.5, 16.5)
DVec2(32.5, 17.5)
DVec2(32.5, 18.5)
DVec2(32.5, 19.5)
DVec2(33.5, 16.5)
DVec2(33.5, 17.5)
DVec2(33.5, 18.5)
DVec2(33.5, 19.5)
DVec2(32.5, 20.5)
DVec2(32.5, 21.5)
DVec2(32.5, 22.5)
DVec2(32.5, 23.5)
DVec2(33.5, 20.5)
DVec2(33.5, 21.5)
DVec2(33.5, 22.5)
DVec2(33.5, 23.5)
DVec2(32.5, 24.5)
DVec2(32.5, 25.5)
DVec2(32.5, 26.5)
DVec2(32.5, 27.5)
DVec2(33.5, 24.5)
DVec2(33.5, 25.5)
DVec2(33.5, 26.5)
DVec2(33.5, 27.5)
DVec2(32.5, 28.5)
DVec2(32.5, 29.5)
DVec2(32.5, 30.5)
DVec2(32.5, 31.5)
DVec2(33.5, 28.5)
DVec2(33.5, 29.5)
DVec2(33.5, 30.5)
DVec2(33.5, 31.5)
DVec2(32.5, 32.5)
DVec2(32.5, 33.5)
DVec2(32.5, 34.5)
DVec2(32.5, 35.5)
DVec2(33.5, 32.5)
DVec2(33.5, 33.5)
DVec2(33.5, 34.5)
DVec2(33.5, 35.5)
DVec2(32.5, 36.5)
DVec2(32.5, 37.5)
DVec2(32.5, 38.5)
DVec2(32.5, 39.5)
DVec2(33.5, 36.5)
DVec2(33.5, 37.5)
DVec2(33.5, 38.5)
DVec2(33.5, 39.5)
DVec2(32.5, 40.5)
DVec2(32.5, 41.5)
DVec2(32.5, 42.5)
DVec2(32.5, 43.5)
DVec2(33.5, 40.5)
DVec2(33.5, 41.5)
DVec2(33.5, 42.5)
DVec2(33.5, 43.5)
DVec2(32.5, 44.5)
DVec2(32.5, 45.5)
DVec2(32.5, 46.5)
DVec2(32.5, 47.5)
DVec2(33.5, 44.5)
DVec2(33.5, 45.5)
DVec2(33.5, 46.5)
DVec2(33.5, 47.5)
DVec2(32.5, 48.5)
DVec2(32.5, 49.5)
DVec2(32.5, 50.5)
DVec2(32.5, 51.5)
DVec2(33.5, 48.5)
DVec2(33.5, 49.5)
DVec2(33.5, 50.5)
DVec2(33.5, 51.5)
DVec2(32.5, 52.5)
DVec2(32.5, 53.5)
DVec2(32.5, 54.5)
DVec2(32.5, 55.5)
DVec2(33.5, 52.5)
DVec2(33.5, 53.5)
DVec2(33.5, 54.5)
DVec2(33.5, 55.5)
DVec2(32.5, 56.5)
DVec2(32.5, 57.5)
DVec2(32.5, 58.5)
DVec2(32.5, 59.5)
DVec2(33.5, 56.5)
DVec2(33.5, 57.5)
DVec2(33.5, 58.5)
DVec2(33.5, 59.5)
DVec2(32.5, 60.5)
DVec2(32.5, 61.5)
DVec2(32.5, 62.5)
DVec2(32.5, 63.5)
DVec2(33.5, 60.5)
DVec2(33.5, 61.5)
DVec2(33.5, 62.5)
DVec2(33.5, 63.5)
DVec2(32.5, 64.5)
DVec2(32.5, 65.5)
DVec2(32.5, 66.5)
DVec2(32.5, 67.5)
DVec2(33.5, 64.5)
DVec2(33.5, 65.5)
DVec2(33.5, 66.5)
DVec2(33.5, 67.5)
DVec2(32.5, 68.5)
DVec2(32.5, 69.5)
DVec2(32.5, 70.5)
DVec2(32.5, 71.5)
DVec2(33.5, 68.5)
DVec2(33.5, 69.5)
DVec2(33.5, 70.5)
DVec2(33.5, 71.5)
DVec2(32.5, 72.5)
DVec2(32.5, 73.5)
DVec2(32.5, 74.5)
DVec2(32.5, 75.5)
DVec2(33.5, 72.5)
DVec2(33.5, 73.5)
DVec2(33.5, 74.5)
DVec2(33.5, 75.5)
DVec2(32.5, 76.5)
DVec2(32.5, 77.5)
DVec2(32.5, 78.5)
DVec2(32.5, 79.5)
DVec2(33.5, 76.5)
DVec2(33.5, 77.5)
DVec2(33.5, 78.5)
DVec2(33.5, 79.5)
DVec2(32.5, 80.5)
DVec2(32.5, 81.5)
DVec2(32.5, 82.5)
DVec2(32.5, 83.5)
DVec2(33.5, 80.5)
DVec2(33.5, 81.5)
DVec2(33.5, 82.5)
DVec2(33.5, 83.5)
DVec2(32.5, 84.5)
DVec2(32.5, 85.5)
DVec2(32.5, 86.5)
DVec2(32.5, 87.5)
DVec2(33.5, 84.5)
DVec2(33.5, 85.5)
DVec2(33.5, 86.5)
DVec2(33.5, 87.5)
DVec2(32.5, 88.5)
DVec2(32.5, 89.5)
DVec2(32.5, 90.5)
DVec2(32.5, 91.5)
DVec2(33.5, 88.5)
DVec2(33.5, 89.5)
DVec2(33.5, 90.5)
DVec2(33.5, 91.5)
DVec2(32.5, 92.5)
DVec2(32.5, 93.5)
DVec2(32.5, 94.5)
DVec2(32.5, 95.5)
DVec2(33.5, 92.5)
DVec2(33.5, 93.5)
DVec2(33.5, 94.5)
DVec2(33.5, 95.5)
DVec2(32.5, 96.5)
DVec2(32.5, 97.5)
DVec2(32.5, 98.5)
DVec2(32.5, 99.5)
DVec2(33.5, 96.5)
DVec2(33.5, 97.5)
DVec2(33.5, 98.5)
DVec2(33.5, 99.5)
DVec2(32.5, 100.5)
DVec2(32.5, 101.5)
DVec2(32.5, 102.5)
DVec2(32.5, 103.5)
DVec2(33.5, 100.5)
DVec2(33.5, 101.5)
DVec2(33.5, 102.5)
DVec2(33.5, 103.5)
DVec2(32.5, 104.5)
DVec2(32.5, 105.5)
DVec2(32.5, 106.5)
DVec2(32.5, 107.5)
DVec2(33.5, 104.5)
DVec2(33.5, 105.5)
DVec2(33.5, 106.5)
DVec2(33.5, 107.5)
DVec2(32.5, 108.5)
DVec2(32.5, 109.5)
DVec2(32.5, 110.5)
DVec2(32.5, 111.5)
DVec2(33.5, 108.5)
DVec2(33.5, 109.5)
DVec2(33.5, 110.5)
DVec2(33.5, 111.5)
DVec2(32.5, 112.5)
DVec2(32.5, 113.5)
DVec2(32.5, 114.5)
DVec2(32.5, 115.5)
DVec2(33.5, 112.5)
DVec2(33.5, 113.5)
DVec2(33.5, 114.5)
DVec2(33.5, 115.5)
DVec2(32.5, 116.5)
DVec2(32.5, 117.5)
DVec2(32.5, 118.5)
DVec2(32.5, 119.5)
DVec2(33.5, 116.5)
DVec2(33.5, 117.5)
DVec2(33.5, 118.5)
DVec2(33.5, 119.5)
DVec2(34.5, -119.5)
DVec2(34.5, -118.5)
DVec2(34.5, -117.5)
DVec2(34.5, -116.5)
DVec2(35.5, -119.5)
DVec2(35.5, -118.5)
DVec2(35.5, -117.5)
DVec2(35.5, -116.5)
DVec2(34.5, -115.5)
DVec2(34.5, -114.5)
DVec2(34.5, -113.5)
DVec2(34.5, -112.5)
DVec2(35.5, -115.5)
DVec2(35.5, -114.5)
DVec2(35.5, -113.5)
DVec2(35.5, -112.5)
DVec2(34.5, -111.5)
DVec2(34.5, -110.5)
DVec2(34.5, -109.5)
DVec2(34.5, -108.5)
DVec2(35.5, -111.5)
DVec2(35.5, -110.5)
DVec2(35.5, -109.5)
DVec2(35.5, -108.5)
DVec2(34.5, -107.5)
DVec2(34.5, -106.5)
DVec2(34.5, -105.5)
DVec2(34.5, -104.5)
DVec2(35.5, -107.5)
DVec2(35.5, -106.5)
DVec2(35.5, -105.5)
DVec2(35.5, -104.5)
DVec2(34.5, -103.5)
DVec2(34.5, -102.5)
DVec2(34.5, -101.5)
DVec2(34.5, -100.5)
DVec2(35.5, -103.5)
DVec2(35.5, -102.5)
DVec2(35.5, -101.5)
DVec2(35.5, -100.5)
DVec2(34.5, -99.5)
DVec2(34.5, -98.5)
DVec2(34.5, -97.5)
DVec2(34.5, -96.5)
DVec2(35.5, -99.5)
DVec2(35.5, -98.5)
DVec2(35.5, -97.5)
DVec2(35.5, -96.5)
DVec2(34.5, -95.5)
DVec2(34.5, -94.5)
DVec2(34.5, -93.5)
DVec2(34.5, -92.5)
DVec2(35.5, -95.5)
DVec2(35.5, -94.5)
DVec2(35.5, -93.5)
DVec2(35.5, -92.5)
DVec2(34.5, -91.5)
DVec2(34.5, -90.5)
DVec2(34.5, -89.5)
DVec2(34.5, -88.5)
DVec2(35.5, -91.5)
DVec2(35.5, -90.5)
DVec2(35.5, -89.5)
DVec2(35.5, -88.5)
DVec2(34.5, -87.5)
DVec2(34.5, -86.5)
DVec2(34.5, -85.5)
DVec2(34.5, -84.5)
DVec2(35.5, -87.5)
DVec2(35.5, -86.5)
DVec2(35.5, -85.5)
DVec2(35.5, -84.5)
DVec2(34.5, -83.5)
DVec2(34.5, -82.5)
DVec2(34.5, -81.5)
DVec2(34.5, -80.5)
DVec2(35.5, -83.5)
DVec2(35.5, -82.5)
DVec2(35.5, -81.5)
DVec2(35.5, -80.5)
DVec2(34.5, -79.5)
DVec2(34.5, -78.5)
DVec2(34.5, -77.5)
DVec2(34.5, -76.5)
DVec2(35.5, -79.5)
DVec2(35.5, -78.5)
DVec2(35.5, -77.5)
DVec2(35.5, -76.5)
DVec2(34.5, -75.5)
DVec2(34.5, -74.5)
DVec2(34.5, -73.5)
DVec2(34.5, -72.5)
DVec2(35.5, -75.5)
DVec2(35.5, -74.5)
DVec2(35.5, -73.5)
DVec2(35.5, -72.5)
DVec2(34.5, -71.5)
DVec2(34.5, -70.5)
DVec2(34.5, -69.5)
DVec2(34.5, -68.5)
DVec2(35.5, -71.5)
DVec2(35.5, -70.5)
DVec2(35.5, -69.5)
DVec2(35.5, -68.5)
DVec2(34.5, -67.5)
DVec2(34.5, -66.5)
DVec2(34.5, -65.5)
DVec2(34.5, -64.5)
DVec2(35.5, -67.5)
DVec2(35.5, -66.5)
DVec2(35.5, -65.5)
DVec2(35.5, -64.5)
DVec2(34.5, -63.5)
DVec2(34.5, -62.5)
DVec2(34.5, -61.5)
DVec2(34.5, -60.5)
DVec2(35.5, -63.5)
DVec2(35.5, -62.5)
DVec2(35.5, -61.5)
DVec2(35.5, -60.5)
DVec2(34.5, -59.5)
DVec2(34.5, -58.5)
DVec2(34.5, -57.5)
DVec2(34.5, -56.5)
DVec2(35.5, -59.5)
DVec2(35.5, -58.5)
DVec2(35.5, -57.5)
DVec2(35.5, -56.5)
DVec2(34.5, -55.5)
DVec2(34.5, -54.5)
DVec2(34.5, -53.5)
DVec2(34.5, -52.5)
DVec2(35.5, -55.5)
DVec2(35.5, -54.5)
DVec2(35.5, -53.5)
DVec2(35.5, -52.5)
DVec2(34.5, -51.5)
DVec2(34.5, -50.5)
DVec2(34.5, -49.5)
DVec2(34.5, -48.5)
DVec2(35.5, -51.5)
DVec2(35.5, -50.5)
DVec2(35.5, -49.5)
DVec2(35.5, -48.5)
DVec2(34.5, -47.5)
DVec2(34.5, -46.5)
DVec2(34.5, -45.5)
DVec2(34.5, -44.5)
DVec2(35.5, -47.5)
DVec2(35.5, -46.5)
DVec2(35.5, -45.5)
DVec2(35.5, -44.5)
DVec2(34.5, -43.5)
DVec2(34.5, -42.5)
DVec2(34.5, -41.5)
DVec2(34.5, -40.5)
DVec2(35.5, -43.5)
DVec2(35.5, -42.5)
DVec2(35.5, -41.5)
DVec2(35.5, -40.5)
DVec2(34.5, -39.5)
DVec2(34.5, -38.5)
DVec2(34.5, -37.5)
DVec2(34.5, -36.5)
DVec2(35.5, -39.5)
DVec2(35.5, -38.5)
DVec2(35.5, -37.5)
DVec2(35.5, -36.5)
DVec2(34.5, -35.5)
DVec2(34.5, -34.5)
DVec2(34.5, -33.5)
DVec2(34.5, -32.5)
DVec2(35.5, -35.5)
DVec2(35.5, -34.5)
DVec2(35.5, -33.5)
DVec2(35.5, -32.5)
DVec2(34.5, -31.5)
DVec2(34.5, -30.5)
DVec2(34.5, -29.5)
DVec2(34.5, -28.5)
DVec2(35.5, -31.5)
DVec2(35.5, -30.5)
DVec2(35.5, -29.5)
DVec2(35.5, -28.5)
DVec2(34.5, -27.5)
DVec2(34.5, -26.5)
DVec2(34.5, -25.5)
DVec2(34.5, -24.5)
DVec2(35.5, -27.5)
DVec2(35.5, -26.5)
DVec2(35.5, -25.5)
DVec2(35.5, -24.5)
DVec2(34.5, -23.5)
DVec2(34.5, -22.5)
DVec2(34.5, -21.5)
DVec2(34.5, -20.5)
DVec2(35.5, -23.5)
DVec2(35.5, -22.5)
DVec2(35.5, -21.5)
DVec2(35.5, -20.5)
DVec2(34.5, -19.5)
DVec2(34.5, -18.5)
DVec2(34.5, -17.5)
DVec2(34.5, -16.5)
DVec2(35.5, -19.5)
DVec2(35.5, -18.5)
DVec2(35.5, -17.5)
DVec2(35.5, -16.5)
DVec2(34.5, -15.5)
DVec2(34.5, -14.5)
DVec2(34.5, -13.5)
DVec2(34.5, -12.5)
DVec2(35.5, -15.5)
DVec2(35.5, -14.5)
DVec2(35.5, -13.5)
DVec2(35.5, -12.5)
DVec2(34.5, -11.5)
DVec2(34.5, -10.5)
DVec2(34.5, -9.5)
DVec2(34.5, -8.5)
DVec2(35.5, -11.5)
DVec2(35.5, -10.5)
DVec2(35.5, -9.5)
DVec2(35.5, -8.5)
DVec2(34.5, -7.5)
DVec2(34.5, -6.5)
DVec2(34.5, -5.5)
DVec2(34.5, -4.5)
DVec2(35.5, -7.5)
DVec2(35.5, -6.5)
DVec2(35.5, -5.5)
DVec2(35.5, -4.5)
DVec2(34.5, -3.5)
DVec2(34.5, -2.5)
DVec2(34.5, -1.5)
DVec2(34.5, -0.5)
DVec2(35.5, -3.5)
DVec2(35.5, -2.5)
DVec2(35.5, -1.5)
DVec2(35.5, -0.5)
DVec2(34.5, 0.5)
DVec2(34.5, 1.5)
DVec2(34.5, 2.5)
DVec2(34.5, 3.5)
DVec2(35.5, 0.5)
DVec2(35.5, 1.5)
DVec2(35.5, 2.5)
DVec2(35.5, 3.5)
DVec2(34.5, 4.5)
DVec2(34.5, 5.5)
DVec2(34.5, 6.5)
DVec2(34.5, 7.5)
DVec2(35.5, 4.5)
DVec2(35.5, 5.5)
DVec2(35.5, 6.5)
DVec2(35.5, 7.5)
DVec2(34.5, 8.5)
DVec2(34.5, 9.5)
DVec2(34.5, 10.5)
DVec2(34.5, 11.5)
DVec2(35.5, 8.5)
DVec2(35.5, 9.5)
DVec2(35.5, 10.5)
DVec2(35.5, 11.5)
DVec2(34.5, 12.5)
DVec2(34.5, 13.5)
DVec2(34.5, 14.5)
DVec2(34.5, 15.5)
DVec2(35.5, 12.5)
DVec2(35.5, 13.5)
DVec2(35.5, 14.5)
DVec2(35.5, 15.5)
DVec2(34.5, 16.5)
DVec2(34.5, 17.5)
DVec2(34.5, 18.5)
DVec2(34.5, 19.5)
DVec2(35.5, 16.5)
DVec2(35.5, 17.5)
DVec2(35.5, 18.5)
DVec2(35.5, 19.5)
DVec2(34.5, 20.5)
DVec2(34.5, 21.5)
DVec2(34.5, 22.5)
DVec2(34.5, 23.5)
DVec2(35.5, 20.5)
DVec2(35.5, 21.5)
DVec2(35.5, 22.5)
DVec2(35.5, 23.5)
DVec2(34.5, 24.5)
DVec2(34.5, 25.5)
DVec2(34.5, 26.5)
DVec2(34.5, 27.5)
DVec2(35.5, 24.5)
DVec2(35.5, 25.5)
DVec2(35.5, 26.5)
DVec2(35.5, 27.5)
DVec2(34.5, 28.5)
DVec2(34.5, 29.5)
DVec2(34.5, 30.5)
DVec2(34.5, 31.5)
DVec2(35.5, 28.5)
DVec2(35.5, 29.5)
DVec2(35.5, 30.5)
DVec2(35.5, 31.5)
DVec2(34.5, 32.5)
DVec2(34.5, 33.5)
DVec2(34.5, 34.5)
DVec2(34.5, 35.5)
DVec2(35.5, 32.5)
DVec2(35.5, 33.5)
DVec2(35.5, 34.5)
DVec2(35.5, 35.5)
DVec2(34.5, 36.5)
DVec2(34.5, 37.5)
DVec2(34.5, 38.5)
DVec2(34.5, 39.5)
DVec2(35.5, 36.5)
DVec2(35.5, 37.5)
DVec2(35.5, 38.5)
DVec2(35.5, 39.5)
DVec2(34.5, 40.5)
DVec2(34.5, 41.5)
DVec2(34.5, 42.5)
DVec2(34.5, 43.5)
DVec2(35.5, 40.5)
DVec2(35.5, 41.5)
DVec2(35.5, 42.5)
DVec2(35.5, 43.5)
DVec2(34.5, 44.5)
DVec2(34.5, 45.5)
DVec2(34.5, 46.5)
DVec2(34.5, 47.5)
DVec2(35.5, 44.5)
DVec2(35.5, 45.5)
DVec2(35.5, 46.5)
DVec2(35.5, 47.5)
DVec2(34.5, 48.5)
DVec2(34.5, 49.5)
DVec2(34.5, 50.5)
DVec2(34.5, 51.5)
DVec2(35.5, 48.5)
DVec2(35.5, 49.5)
DVec2(35.5, 50.5)
DVec2(35.5, 51.5)
DVec2(34.5, 52.5)
DVec2(34.5, 53.5)
DVec2(34.5, 54.5)
DVec2(34.5, 55.5)
DVec2(35.5, 52.5)
DVec2(35.5, 53.5)
DVec2(35.5, 54.5)
DVec2(35.5, 55.5)
DVec2(34.5, 56.5)
DVec2(34.5, 57.5)
DVec2(34.5, 58.5)
DVec2(34.5, 59.5)
DVec2(35.5, 56.5)
DVec2(35.5, 57.5)
DVec2(35.5, 58.5)
DVec2(35.5, 59.5)
DVec2(34.5, 60.5)
DVec2(34.5, 61.5)
DVec2(34.5, 62.5)
DVec2(34.5, 63.5)
DVec2(35.5, 60.5)
DVec2(35.5, 61.5)
DVec2(35.5, 62.5)
DVec2(35.5, 63.5)
DVec2(34.5, 64.5)
DVec2(34.5, 65.5)
DVec2(34.5, 66.5)
DVec2(34.5, 67.5)
DVec2(35.5, 64.5)
DVec2(35.5, 65.5)
DVec2(35.5, 66.5)
DVec2(35.5, 67.5)
DVec2(34.5, 68.5)
DVec2(34.5, 69.5)
DVec2(34.5, 70.5)
DVec2(34.5, 71.5)
DVec2(35.5, 68.5)
DVec2(35.5, 69.5)
DVec2(35.5, 70.5)
DVec2(35.5, 71.5)
DVec2(34.5, 72.5)
DVec2(34.5, 73.5)
DVec2(34.5, 74.5)
DVec2(34.5, 75.5)
DVec2(35.5, 72.5)
DVec2(35.5, 73.5)
DVec2(35.5, 74.5)
DVec2(35.5, 75.5)
DVec2(34.5, 76.5)
DVec2(34.5, 77.5)
DVec2(34.5, 78.5)
DVec2(34.5, 79.5)
DVec2(35.5, 76.5)
DVec2(35.5, 77.5)
DVec2(35.5, 78.5)
DVec2(35.5, 79.5)
DVec2(34.5, 80.5)
DVec2(34.5, 81.5)
DVec2(34.5, 82.5)
DVec2(34.5, 83.5)
DVec2(35.5, 80.5)
DVec2(35.5, 81.5)
DVec2(35.5, 82.5)
DVec2(35.5, 83.5)
DVec2(34.5, 84.5)
DVec2(34.5, 85.5)
DVec2(34.5, 86.5)
DVec2(34.5, 87.5)
DVec2(35.5, 84.5)
DVec2(35.5, 85.5)
DVec2(35.5, 86.5)
DVec2(35.5, 87.5)
DVec2(34.5, 88.5)
DVec2(34.5, 89.5)
DVec2(34.5, 90.5)
DVec2(34.5, 91.5)
DVec2(35.5, 88.5)
DVec2(35.5, 89.5)
DVec2(35.5, 90.5)
DVec2(35.5, 91.5)
DVec2(34.5, 92.5)
DVec2(34.5, 93.5)
DVec2(34.5, 94.5)
DVec2(34.5, 95.5)
DVec2(35.5, 92.5)
DVec2(35.5, 93.5)
DVec2(35.5, 94.5)
DVec2(35.5, 95.5)
DVec2(34.5, 96.5)
DVec2(34.5, 97.5)
DVec2(34.5, 98.5)
DVec2(34.5, 99.5)
DVec2(35.5, 96.5)
DVec2(35.5, 97.5)
DVec2(35.5, 98.5)
DVec2(35.5, 99.5)
DVec2(34.5, 100.5)
DVec2(34.5, 101.5)
DVec2(34.5, 102.5)
DVec2(34.5, 103.5)
DVec2(35.5, 100.5)
DVec2(35.5, 101.5)
DVec2(35.5, 102.5)
DVec2(35.5, 103.5)
DVec2(34.5, 104.5)
DVec2(34.5, 105.5)
DVec2(34.5, 106.5)
DVec2(34.5, 107.5)
DVec2(35.5, 104.5)
DVec2(35.5, 105.5)
DVec2(35.5, 106.5)
DVec2(35.5, 107.5)
DVec2(34.5, 108.5)
DVec2(34.5, 109.5)
DVec2(34.5, 110.5)
DVec2(34.5, 111.5)
DVec2(35.5, 108.5)
DVec2(35.5, 109.5)
DVec2(35.5, 110.5)
DVec2(35.5, 111.5)
DVec2(34.5, 112.5)
DVec2(34.5, 113.5)
DVec2(34.5, 114.5)
DVec2(34.5, 115.5)
DVec2(35.5, 112.5)
DVec2(35.5, 113.5)
DVec2(35.5, 114.5)
DVec2(35.5, 115.5)
DVec2(34.5, 116.5)
DVec2(34.5, 117.5)
DVec2(34.5, 118.5)
DVec2(34.5, 119.5)
DVec2(35.5, 116.5)
DVec2(35.5, 117.5)
DVec2(35.5, 118.5)
DVec2(35.5, 119.5)
DVec2(36.5, -119.5)
DVec2(36.5, -118.5)
DVec2(36.5, -117.5)
DVec2(36.5, -116.5)
DVec2(37.5, -119.5)
DVec2(37.5, -118.5)
DVec2(37.5, -117.5)
DVec2(37.5, -116.5)
DVec2(36.5, -115.5)
DVec2(36.5, -114.5)
DVec2(36.5, -113.5)
DVec2(36.5, -112.5)
DVec2(37.5, -115.5)
DVec2(37.5, -114.5)
DVec2(37.5, -113.5)
DVec2(37.5, -112.5)
DVec2(36.5, -111.5)
DVec2(36.5, -110.5)
DVec2(36.5, -109.5)
DVec2(36.5, -108.5)
DVec2(37.5, -111.5)
DVec2(37.5, -110.5)
DVec2(37.5, -109.5)
DVec2(37.5, -108.5)
DVec2(36.5, -107.5)
DVec2(36.5, -106.5)
DVec2(36.5, -105.5)
DVec2(36.5, -104.5)
DVec2(37.5, -107.5)
DVec2(37.5, -106.5)
DVec2(37.5, -105.5)
DVec2(37.5, -104.5)
DVec2(36.5, -103.5)
DVec2(36.5, -102.5)
DVec2(36.5, -101.5)
DVec2(36.5, -100.5)
DVec2(37.5, -103.5)
DVec2(37.5, -102.5)
DVec2(37.5, -101.5)
DVec2(37.5, -100.5)
DVec2(36.5, -99.5)
DVec2(36.5, -98.5)
DVec2(36.5, -97.5)
DVec2(36.5, -96.5)
DVec2(37.5, -99.5)
DVec2(37.5, -98.5)
DVec2(37.5, -97.5)
DVec2(37.5, -96.5)
DVec2(36.5, -95.5)
DVec2(36.5, -94.5)
DVec2(36.5, -93.5)
DVec2(36.5, -92.5)
DVec2(37.5, -95.5)
DVec2(37.5, -94.5)
DVec2(37.5, -93.5)
DVec2(37.5, -92.5)
DVec2(36.5, -91.5)
DVec2(36.5, -90.5)
DVec2(36.5, -89.5)
DVec2(36.5, -88.5)
DVec2(37.5, -91.5)
DVec2(37.5, -90.5)
DVec2(37.5, -89.5)
DVec2(37.5, -88.5)
DVec2(36.5, -87.5)
DVec2(36.5, -86.5)
DVec2(36.5, -85.5)
DVec2(36.5, -84.5)
DVec2(37.5, -87.5)
DVec2(37.5, -86.5)
DVec2(37.5, -85.5)
DVec2(37.5, -84.5)
DVec2(36.5, -83.5)
DVec2(36.5, -82.5)
DVec2(36.5, -81.5)
DVec2(36.5, -80.5)
DVec2(37.5, -83.5)
DVec2(37.5, -82.5)
DVec2(37.5, -81.5)
DVec2(37.5, -80.5)
DVec2(36.5, -79.5)
DVec2(36.5, -78.5)
DVec2(36.5, -77.5)
DVec2(36.5, -76.5)
DVec2(37.5, -79.5)
DVec2(37.5, -78.5)
DVec2(37.5, -77.5)
DVec2(37.5, -76.5)
DVec2(36.5, -75.5)
DVec2(36.5, -74.5)
DVec2(36.5, -73.5)
DVec2(36.5, -72.5)
DVec2(37.5, -75.5)
DVec2(37.5, -74.5)
DVec2(37.5, -73.5)
DVec2(37.5, -72.5)
DVec2(36.5, -71.5)
DVec2(36.5, -70.5)
DVec2(36.5, -69.5)
DVec2(36.5, -68.5)
DVec2(37.5, -71.5)
DVec2(37.5, -70.5)
DVec2(37.5, -69.5)
DVec2(37.5, -68.5)
DVec2(36.5, -67.5)
DVec2(36.5, -66.5)
DVec2(36.5, -65.5)
DVec2(36.5, -64.5)
DVec2(37.5, -67.5)
DVec2(37.5, -66.5)
DVec2(37.5, -65.5)
DVec2(37.5, -64.5)
DVec2(36.5, -63.5)
DVec2(36.5, -62.5)
DVec2(36.5, -61.5)
DVec2(36.5, -60.5)
DVec2(37.5, -63.5)
DVec2(37.5, -62.5)
DVec2(37.5, -61.5)
DVec2(37.5, -60.5)
DVec2(36.5, -59.5)
DVec2(36.5, -58.5)
DVec2(36.5, -57.5)
DVec2(36.5, -56.5)
DVec2(37.5, -59.5)
DVec2(37.5, -58.5)
DVec2(37.5, -57.5)
DVec2(37.5, -56.5)
DVec2(36.5, -55.5)
DVec2(36.5, -54.5)
DVec2(36.5, -53.5)
DVec2(36.5, -52.5)
DVec2(37.5, -55.5)
DVec2(37.5, -54.5)
DVec2(37.5, -53.5)
DVec2(37.5, -52.5)
DVec2(36.5, -51.5)
DVec2(36.5, -50.5)
DVec2(36.5, -49.5)
DVec2(36.5, -48.5)
DVec2(37.5, -51.5)
DVec2(37.5, -50.5)
DVec2(37.5, -49.5)
DVec2(37.5, -48.5)
DVec2(36.5, -47.5)
DVec2(36.5, -46.5)
DVec2(36.5, -45.5)
DVec2(36.5, -44.5)
DVec2(37.5, -47.5)
DVec2(37.5, -46.5)
DVec2(37.5, -45.5)
DVec2(37.5, -44.5)
DVec2(36.5, -43.5)
DVec2(36.5, -42.5)
DVec2(36.5, -41.5)
DVec2(36.5, -40.5)
DVec2(37.5, -43.5)
DVec2(37.5, -42.5)
DVec2(37.5, -41.5)
DVec2(37.5, -40.5)
DVec2(36.5, -39.5)
DVec2(36.5, -38.5)
DVec2(36.5, -37.5)
DVec2(36.5, -36.5)
DVec2(37.5, -39.5)
DVec2(37.5, -38.5)
DVec2(37.5, -37.5)
DVec2(37.5, -36.5)
DVec2(36.5, -35.5)
DVec2(36.5, -34.5)
DVec2(36.5, -33.5)
DVec2(36.5, -32.5)
DVec2(37.5, -35.5)
DVec2(37.5, -34.5)
DVec2(37.5, -33.5)
DVec2(37.5, -32.5)
DVec2(36.5, -31.5)
DVec2(36.5, -30.5)
DVec2(36.5, -29.5)
DVec2(36.5, -28.5)
DVec2(37.5, -31.5)
DVec2(37.5, -30.5)
DVec2(37.5, -29.5)
DVec2(37.5, -28.5)
DVec2(36.5, -27.5)
DVec2(36.5, -26.5)
DVec2(36.5, -25.5)
DVec2(36.5, -24.5)
DVec2(37.5, -27.5)
DVec2(37.5, -26.5)
DVec2(37.5, -25.5)
DVec2(37.5, -24.5)
DVec2(36.5, -23.5)
DVec2(36.5, -22.5)
DVec2(36.5, -21.5)
DVec2(36.5, -20.5)
DVec2(37.5, -23.5)
DVec2(37.5, -22.5)
DVec2(37.5, -21.5)
DVec2(37.5, -20.5)
DVec2(36.5, -19.5)
DVec2(36.5, -18.5)
DVec2(36.5, -17.5)
DVec2(36.5, -16.5)
DVec2(37.5, -19.5)
DVec2(37.5, -18.5)
DVec2(37.5, -17.5)
DVec2(37.5, -16.5)
DVec2(36.5, -15.5)
DVec2(36.5, -14.5)
DVec2(36.5, -13.5)
DVec2(36.5, -12.5)
DVec2(37.5, -15.5)
DVec2(37.5, -14.5)
DVec2(37.5, -13.5)
DVec2(37.5, -12.5)
DVec2(36.5, -11.5)
DVec2(36.5, -10.5)
DVec2(36.5, -9.5)
DVec2(36.5, -8.5)
DVec2(37.5, -11.5)
DVec2(37.5, -10.5)
DVec2(37.5, -9.5)
DVec2(37.5, -8.5)
DVec2(36.5, -7.5)
DVec2(36.5, -6.5)
DVec2(36.5, -5.5)
DVec2(36.5, -4.5)
DVec2(37.5, -7.5)
DVec2(37.5, -6.5)
DVec2(37.5, -5.5)
DVec2(37.5, -4.5)
DVec2(36.5, -3.5)
DVec2(36.5, -2.5)
DVec2(36.5, -1.5)
DVec2(36.5, -0.5)
DVec2(37.5, -3.5)
DVec2(37.5, -2.5)
DVec2(37.5, -1.5)
DVec2(37.5, -0.5)
DVec2(36.5, 0.5)
DVec2(36.5, 1.5)
DVec2(36.5, 2.5)
DVec2(36.5, 3.5)
DVec2(37.5, 0.5)
DVec2(37.5, 1.5)
DVec2(37.5, 2.5)
DVec2(37.5, 3.5)
DVec2(36.5, 4.5)
DVec2(36.5, 5.5)
DVec2(36.5, 6.5)
DVec2(36.5, 7.5)
DVec2(37.5, 4.5)
DVec2(37.5, 5.5)
DVec2(37.5, 6.5)
DVec2(37.5, 7.5)
DVec2(36.5, 8.5)
DVec2(36.5, 9.5)
DVec2(36.5, 10.5)
DVec2(36.5, 11.5)
DVec2(37.5, 8.5)
DVec2(37.5, 9.5)
DVec2(37.5, 10.5)
DVec2(37.5, 11.5)
DVec2(36.5, 12.5)
DVec2(36.5, 13.5)
DVec2(36.5, 14.5)
DVec2(36.5, 15.5)
DVec2(37.5, 12.5)
DVec2(37.5, 13.5)
DVec2(37.5, 14.5)
DVec2(37.5, 15.5)
DVec2(36.5, 16.5)
DVec2(36.5, 17.5)
DVec2(36.5, 18.5)
DVec2(36.5, 19.5)
DVec2(37.5, 16.5)
DVec2(37.5, 17.5)
DVec2(37.5, 18.5)
DVec2(37.5, 19.5)
DVec2(36.5, 20.5)
DVec2(36.5, 21.5)
DVec2(36.5, 22.5)
DVec2(36.5, 23.5)
DVec2(37.5, 20.5)
DVec2(37.5, 21.5)
DVec2(37.5, 22.5)
DVec2(37.5, 23.5)
DVec2(36.5, 24.5)
DVec2(36.5, 25.5)
DVec2(36.5, 26.5)
DVec2(36.5, 27.5)
DVec2(37.5, 24.5)
DVec2(37.5, 25.5)
DVec2(37.5, 26.5)
DVec2(37.5, 27.5)
DVec2(36.5, 28.5)
DVec2(36.5, 29.5)
DVec2(36.5, 30.5)
DVec2(36.5, 31.5)
DVec2(37.5, 28.5)
DVec2(37.5, 29.5)
DVec2(37.5, 30.5)
DVec2(37.5, 31.5)
DVec2(36.5, 32.5)
DVec2(36.5, 33.5)
DVec2(36.5, 34.5)
DVec2(36.5, 35.5)
DVec2(37.5, 32.5)
DVec2(37.5, 33.5)
DVec2(37.5, 34.5)
DVec2(37.5, 35.5)
DVec2(36.5, 36.5)
DVec2(36.5, 37.5)
DVec2(36.5, 38.5)
DVec2(36.5, 39.5)
DVec2(37.5, 36.5)
DVec2(37.5, 37.5)
DVec2(37.5, 38.5)
DVec2(37.5, 39.5)
DVec2(36.5, 40.5)
DVec2(36.5, 41.5)
DVec2(36.5, 42.5)
DVec2(36.5, 43.5)
DVec2(37.5, 40.5)
DVec2(37.5, 41.5)
DVec2(37.5, 42.5)
DVec2(37.5, 43.5)
DVec2(36.5, 44.5)
DVec2(36.5, 45.5)
DVec2(36.5, 46.5)
DVec2(36.5, 47.5)
DVec2(37.5, 44.5)
DVec2(37.5, 45.5)
DVec2(37.5, 46.5)
DVec2(37.5, 47.5)
DVec2(36.5, 48.5)
DVec2(36.5, 49.5)
DVec2(36.5, 50.5)
DVec2(36.5, 51.5)
DVec2(37.5, 48.5)
DVec2(37.5, 49.5)
DVec2(37.5, 50.5)
DVec2(37.5, 51.5)
DVec2(36.5, 52.5)
DVec2(36.5, 53.5)
DVec2(36.5, 54.5)
DVec2(36.5, 55.5)
DVec2(37.5, 52.5)
DVec2(37.5, 53.5)
DVec2(37.5, 54.5)
DVec2(37.5, 55.5)
DVec2(36.5, 56.5)
DVec2(36.5, 57.5)
DVec2(36.5, 58.5)
DVec2(36.5, 59.5)
DVec2(37.5, 56.5)
DVec2(37.5, 57.5)
DVec2(37.5, 58.5)
DVec2(37.5, 59.5)
DVec2(36.5, 60.5)
DVec2(36.5, 61.5)
DVec2(36.5, 62.5)
DVec2(36.5, 63.5)
DVec2(37.5, 60.5)
DVec2(37.5, 61.5)
DVec2(37.5, 62.5)
DVec2(37.5, 63.5)
DVec2(36.5, 64.5)
DVec2(36.5, 65.5)
DVec2(36.5, 66.5)
DVec2(36.5, 67.5)
DVec2(37.5, 64.5)
DVec2(37.5, 65.5)
DVec2(37.5, 66.5)
DVec2(37.5, 67.5)
DVec2(36.5, 68.5)
DVec2(36.5, 69.5)
DVec2(36.5, 70.5)
DVec2(36.5, 71.5)
DVec2(37.5, 68.5)
DVec2(37.5, 69.5)
DVec2(37.5, 70.5)
DVec2(37.5, 71.5)
DVec2(36.5, 72.5)
DVec2(36.5, 73.5)
DVec2(36.5, 74.5)
DVec2(36.5, 75.5)
DVec2(37.5, 72.5)
DVec2(37.5, 73.5)
DVec2(37.5, 74.5)
DVec2(37.5, 75.5)
DVec2(36.5, 76.5)
DVec2(36.5, 77.5)
DVec2(36.5, 78.5)
DVec2(36.5, 79.5)
DVec2(37.5, 76.5)
DVec2(37.5, 77.5)
DVec2(37.5, 78.5)
DVec2(37.5, 79.5)
DVec2(36.5, 80.5)
DVec2(36.5, 81.5)
DVec2(36.5, 82.5)
DVec2(36.5, 83.5)
DVec2(37.5, 80.5)
DVec2(37.5, 81.5)
DVec2(37.5, 82.5)
DVec2(37.5, 83.5)
DVec2(36.5, 84.5)
DVec2(36.5, 85.5)
DVec2(36.5, 86.5)
DVec2(36.5, 87.5)
DVec2(37.5, 84.5)
DVec2(37.5, 85.5)
DVec2(37.5, 86.5)
DVec2(37.5, 87.5)
DVec2(36.5, 88.5)
DVec2(36.5, 89.5)
DVec2(36.5, 90.5)
DVec2(36.5, 91.5)
DVec2(37.5, 88.5)
DVec2(37.5, 89.5)
DVec2(37.5, 90.5)
DVec2(37.5, 91.5)
DVec2(36.5, 92.5)
DVec2(36.5, 93.5)
DVec2(36.5, 94.5)
DVec2(36.5, 95.5)
DVec2(37.5, 92.5)
DVec2(37.5, 93.5)
DVec2(37.5, 94.5)
DVec2(37.5, 95.5)
DVec2(36.5, 96.5)
DVec2(36.5, 97.5)
DVec2(36.5, 98.5)
DVec2(36.5, 99.5)
DVec2(37.5, 96.5)
DVec2(37.5, 97.5)
DVec2(37.5, 98.5)
DVec2(37.5, 99.5)
DVec2(36.5, 100.5)
DVec2(36.5, 101.5)
DVec2(36.5, 102.5)
DVec2(36.5, 103.5)
DVec2(37.5, 100.5)
DVec2(37.5, 101.5)
DVec2(37.5, 102.5)
DVec2(37.5, 103.5)
DVec2(36.5, 104.5)
DVec2(36.5, 105.5)
DVec2(36.5, 106.5)
DVec2(36.5, 107.5)
DVec2(37.5, 104.5)
DVec2(37.5, 105.5)
DVec2(37.5, 106.5)
DVec2(37.5, 107.5)
DVec2(36.5, 108.5)
DVec2(36.5, 109.5)
DVec2(36.5, 110.5)
DVec2(36.5, 111.5)
DVec2(37.5, 108.5)
DVec2(37.5, 109.5)
DVec2(37.5, 110.5)
DVec2(37.5, 111.5)
DVec2(36.5, 112.5)
DVec2(36.5, 113.5)
DVec2(36.5, 114.5)
DVec2(36.5, 115.5)
DVec2(37.5, 112.5)
DVec2(37.5, 113.5)
DVec2(37.5, 114.5)
DVec2(37.5, 115.5)
DVec2(36.5, 116.5)
DVec2(36.5, 117.5)
DVec2(36.5, 118.5)
DVec2(36.5, 119.5)
DVec2(37.5, 116.5)
DVec2(37.5, 117.5)
DVec2(37.5, 118.5)
DVec2(37.5, 119.5)
DVec2(38.5, -119.5)
DVec2(38.5, -118.5)
DVec2(38.5, -117.5)
DVec2(38.5, -116.5)
DVec2(39.5, -119.5)
DVec2(39.5, -118.5)
DVec2(39.5, -117.5)
DVec2(39.5, -116.5)
DVec2(38.5, -115.5)
DVec2(38.5, -114.5)
DVec2(38.5, -113.5)
DVec2(38.5, -112.5)
DVec2(39.5, -115.5)
DVec2(39.5, -114.5)
DVec2(39.5, -113.5)
DVec2(39.5, -112.5)
DVec2(38.5, -111.5)
DVec2(38.5, -110.5)
DVec2(38.5, -109.5)
DVec2(38.5, -108.5)
DVec2(39.5, -111.5)
DVec2(39.5, -110.5)
DVec2(39.5, -109.5)
DVec2(39.5, -108.5)
DVec2(38.5, -107.5)
DVec2(38.5, -106.5)
DVec2(38.5, -105.5)
DVec2(38.5, -104.5)
DVec2(39.5, -107.5)
DVec2(39.5, -106.5)
DVec2(39.5, -105.5)
DVec2(39.5, -104.5)
DVec2(38.5, -103.5)
DVec2(38.5, -102.5)
DVec2(38.5, -101.5)
DVec2(38.5, -100.5)
DVec2(39.5, -103.5)
DVec2(39.5, -102.5)
DVec2(39.5, -101.5)
DVec2(39.5, -100.5)
DVec2(38.5, -99.5)
DVec2(38.5, -98.5)
DVec2(38.5, -97.5)
DVec2(38.5, -96.5)
DVec2(39.5, -99.5)
DVec2(39.5, -98.5)
DVec2(39.5, -97.5)
DVec2(39.5, -96.5)
DVec2(38.5, -95.5)
DVec2(38.5, -94.5)
DVec2(38.5, -93.5)
DVec2(38.5, -92.5)
DVec2(39.5, -95.5)
DVec2(39.5, -94.5)
DVec2(39.5, -93.5)
DVec2(39.5, -92.5)
DVec2(38.5, -91.5)
DVec2(38.5, -90.5)
DVec2(38.5, -89.5)
DVec2(38.5, -88.5)
DVec2(39.5, -91.5)
DVec2(39.5, -90.5)
DVec2(39.5, -89.5)
DVec2(39.5, -88.5)
DVec2(38.5, -87.5)
DVec2(38.5, -86.5)
DVec2(38.5, -85.5)
DVec2(38.5, -84.5)
DVec2(39.5, -87.5)
DVec2(39.5, -86.5)
DVec2(39.5, -85.5)
DVec2(39.5, -84.5)
DVec2(38.5, -83.5)
DVec2(38.5, -82.5)
DVec2(38.5, -81.5)
DVec2(38.5, -80.5)
DVec2(39.5, -83.5)
DVec2(39.5, -82.5)
DVec2(39.5, -81.5)
DVec2(39.5, -80.5)
DVec2(38.5, -79.5)
DVec2(38.5, -78.5)
DVec2(38.5, -77.5)
DVec2(38.5, -76.5)
DVec2(39.5, -79.5)
DVec2(39.5, -78.5)
DVec2(39.5, -77.5)
DVec2(39.5, -76.5)
DVec2(38.5, -75.5)
DVec2(38.5, -74.5)
DVec2(38.5, -73.5)
DVec2(38.5, -72.5)
DVec2(39.5, -75.5)
DVec2(39.5, -74.5)
DVec2(39.5, -73.5)
DVec2(39.5, -72.5)
DVec2(38.5, -71.5)
DVec2(38.5, -70.5)
DVec2(38.5, -69.5)
DVec2(38.5, -68.5)
DVec2(39.5, -71.5)
DVec2(39.5, -70.5)
DVec2(39.5, -69.5)
DVec2(39.5, -68.5)
DVec2(38.5, -67.5)
DVec2(38.5, -66.5)
DVec2(38.5, -65.5)
DVec2(38.5, -64.5)
DVec2(39.5, -67.5)
DVec2(39.5, -66.5)
DVec2(39.5, -65.5)
DVec2(39.5, -64.5)
DVec2(38.5, -63.5)
DVec2(38.5, -62.5)
DVec2(38.5, -61.5)
DVec2(38.5, -60.5)
DVec2(39.5, -63.5)
DVec2(39.5, -62.5)
DVec2(39.5, -61.5)
DVec2(39.5, -60.5)
DVec2(38.5, -59.5)
DVec2(38.5, -58.5)
DVec2(38.5, -57.5)
DVec2(38.5, -56.5)
DVec2(39.5, -59.5)
DVec2(39.5, -58.5)
DVec2(39.5, -57.5)
DVec2(39.5, -56.5)
DVec2(38.5, -55.5)
DVec2(38.5, -54.5)
DVec2(38.5, -53.5)
DVec2(38.5, -52.5)
DVec2(39.5, -55.5)
DVec2(39.5, -54.5)
DVec2(39.5, -53.5)
DVec2(39.5, -52.5)
DVec2(38.5, -51.5)
DVec2(38.5, -50.5)
DVec2(38.5, -49.5)
DVec2(38.5, -48.5)
DVec2(39.5, -51.5)
DVec2(39.5, -50.5)
DVec2(39.5, -49.5)
DVec2(39.5, -48.5)
DVec2(38.5, -47.5)
DVec2(38.5, -46.5)
DVec2(38.5, -45.5)
DVec2(38.5, -44.5)
DVec2(39.5, -47.5)
DVec2(39.5, -46.5)
DVec2(39.5, -45.5)
DVec2(39.5, -44.5)
DVec2(38.5, -43.5)
DVec2(38.5, -42.5)
DVec2(38.5, -41.5)
DVec2(38.5, -40.5)
DVec2(39.5, -43.5)
DVec2(39.5, -42.5)
DVec2(39.5, -41.5)
DVec2(39.5, -40.5)
DVec2(38.5, -39.5)
DVec2(38.5, -38.5)
DVec2(38.5, -37.5)
DVec2(38.5, -36.5)
DVec2(39.5, -39.5)
DVec2(39.5, -38.5)
DVec2(39.5, -37.5)
DVec2(39.5, -36.5)
DVec2(38.5, -35.5)
DVec2(38.5, -34.5)
DVec2(38.5, -33.5)
DVec2(38.5, -32.5)
DVec2(39.5, -35.5)
DVec2(39.5, -34.5)
DVec2(39.5, -33.5)
DVec2(39.5, -32.5)
DVec2(38.5, -31.5)
DVec2(38.5, -30.5)
DVec2(38.5, -29.5)
DVec2(38.5, -28.5)
DVec2(39.5, -31.5)
DVec2(39.5, -30.5)
DVec2(39.5, -29.5)
DVec2(39.5, -28.5)
DVec2(38.5, -27.5)
DVec2(38.5, -26.5)
DVec2(38.5, -25.5)
DVec2(38.5, -24.5)
DVec2(39.5, -27.5)
DVec2(39.5, -26.5)
DVec2(39.5, -25.5)
DVec2(39.5, -24.5)
DVec2(38.5, -23.5)
DVec2(38.5, -22.5)
DVec2(38.5, -21.5)
DVec2(38.5, -20.5)
DVec2(39.5, -23.5)
DVec2(39.5, -22.5)
DVec2(39.5, -21.5)
DVec2(39.5, -20.5)
DVec2(38.5, -19.5)
DVec2(38.5, -18.5)
DVec2(38.5, -17.5)
DVec2(38.5, -16.5)
DVec2(39.5, -19.5)
DVec2(39.5, -18.5)
DVec2(39.5, -17.5)
DVec2(39.5, -16.5)
DVec2(38.5, -15.5)
DVec2(38.5, -14.5)
DVec2(38.5, -13.5)
DVec2(38.5, -12.5)
DVec2(39.5, -15.5)
DVec2(39.5, -14.5)
DVec2(39.5, -13.5)
DVec2(39.5, -12.5)
DVec2(38.5, -11.5)
DVec2(38.5, -10.5)
DVec2(38.5, -9.5)
DVec2(38.5, -8.5)
DVec2(39.5, -11.5)
DVec2(39.5, -10.5)
DVec2(39.5, -9.5)
DVec2(39.5, -8.5)
DVec2(38.5, -7.5)
DVec2(38.5, -6.5)
DVec2(38.5, -5.5)
DVec2(38.5, -4.5)
DVec2(39.5, -7.5)
DVec2(39.5, -6.5)
DVec2(39.5, -5.5)
DVec2(39.5, -4.5)
DVec2(38.5, -3.5)
DVec2(38.5, -2.5)
DVec2(38.5, -1.5)
DVec2(38.5, -0.5)
DVec2(39.5, -3.5)
DVec2(39.5, -2.5)
DVec2(39.5, -1.5)
DVec2(39.5, -0.5)
DVec2(38.5, 0.5)
DVec2(38.5, 1.5)
DVec2(38.5, 2.5)
DVec2(38.5, 3.5)
DVec2(39.5, 0.5)
DVec2(39.5, 1.5)
DVec2(39.5, 2.5)
DVec2(39.5, 3.5)
DVec2(38.5, 4.5)
DVec2(38.5, 5.5)
DVec2(38.5, 6.5)
DVec2(38.5, 7.5)
DVec2(39.5, 4.5)
DVec2(39.5, 5.5)
DVec2(39.5, 6.5)
DVec2(39.5, 7.5)
DVec2(38.5, 8.5)
DVec2(38.5, 9.5)
DVec2(38.5, 10.5)
DVec2(38.5, 11.5)
DVec2(39.5, 8.5)
DVec2(39.5, 9.5)
DVec2(39.5, 10.5)
DVec2(39.5, 11.5)
DVec2(38.5, 12.5)
DVec2(38.5, 13.5)
DVec2(38.5, 14.5)
DVec2(38.5, 15.5)
DVec2(39.5, 12.5)
DVec2(39.5, 13.5)
DVec2(39.5, 14.5)
DVec2(39.5, 15.5)
DVec2(38.5, 16.5)
DVec2(38.5, 17.5)
DVec2(38.5, 18.5)
DVec2(38.5, 19.5)
DVec2(39.5, 16.5)
DVec2(39.5, 17.5)
DVec2(39.5, 18.5)
DVec2(39.5, 19.5)
DVec2(38.5, 20.5)
DVec2(38.5, 21.5)
DVec2(38.5, 22.5)
DVec2(38.5, 23.5)
DVec2(39.5, 20.5)
DVec2(39.5, 21.5)
DVec2(39.5, 22.5)
DVec2(39.5, 23.5)
DVec2(38.5, 24.5)
DVec2(38.5, 25.5)
DVec2(38.5, 26.5)
DVec2(38.5, 27.5)
DVec2(39.5, 24.5)
DVec2(39.5, 25.5)
DVec2(39.5, 26.5)
DVec2(39.5, 27.5)
DVec2(38.5, 28.5)
DVec2(38.5, 29.5)
DVec2(38.5, 30.5)
DVec2(38.5, 31.5)
DVec2(39.5, 28.5)
DVec2(39.5, 29.5)
DVec2(39.5, 30.5)
DVec2(39.5, 31.5)
DVec2(38.5, 32.5)
DVec2(38.5, 33.5)
DVec2(38.5, 34.5)
DVec2(38.5, 35.5)
DVec2(39.5, 32.5)
DVec2(39.5, 33.5)
DVec2(39.5, 34.5)
DVec2(39.5, 35.5)
DVec2(38.5, 36.5)
DVec2(38.5, 37.5)
DVec2(38.5, 38.5)
DVec2(38.5, 39.5)
DVec2(39.5, 36.5)
DVec2(39.5, 37.5)
DVec2(39.5, 38.5)
DVec2(39.5, 39.5)
DVec2(38.5, 40.5)
DVec2(38.5, 41.5)
DVec2(38.5, 42.5)
DVec2(38.5, 43.5)
DVec2(39.5, 40.5)
DVec2(39.5, 41.5)
DVec2(39.5, 42.5)
DVec2(39.5, 43.5)
DVec2(38.5, 44.5)
DVec2(38.5, 45.5)
DVec2(38.5, 46.5)
DVec2(38.5, 47.5)
DVec2(39.5, 44.5)
DVec2(39.5, 45.5)
DVec2(39.5, 46.5)
DVec2(39.5, 47.5)
DVec2(38.5, 48.5)
DVec2(38.5, 49.5)
DVec2(38.5, 50.5)
DVec2(38.5, 51.5)
DVec2(39.5, 48.5)
DVec2(39.5, 49.5)
DVec2(39.5, 50.5)
DVec2(39.5, 51.5)
DVec2(38.5, 52.5)
DVec2(38.5, 53.5)
DVec2(38.5, 54.5)
DVec2(38.5, 55.5)
DVec2(39.5, 52.5)
DVec2(39.5, 53.5)
DVec2(39.5, 54.5)
DVec2(39.5, 55.5)
DVec2(38.5, 56.5)
DVec2(38.5, 57.5)
DVec2(38.5, 58.5)
DVec2(38.5, 59.5)
DVec2(39.5, 56.5)
DVec2(39.5, 57.5)
DVec2(39.5, 58.5)
DVec2(39.5, 59.5)
DVec2(38.5, 60.5)
DVec2(38.5, 61.5)
DVec2(38.5, 62.5)
DVec2(38.5, 63.5)
DVec2(39.5, 60.5)
DVec2(39.5, 61.5)
DVec2(39.5, 62.5)
DVec2(39.5, 63.5)
DVec2(38.5, 64.5)
DVec2(38.5, 65.5)
DVec2(38.5, 66.5)
DVec2(38.5, 67.5)
DVec2(39.5, 64.5)
DVec2(39.5, 65.5)
DVec2(39.5, 66.5)
DVec2(39.5, 67.5)
DVec2(38.5, 68.5)
DVec2(38.5, 69.5)
DVec2(38.5, 70.5)
DVec2(38.5, 71.5)
DVec2(39.5, 68.5)
DVec2(39.5, 69.5)
DVec2(39.5, 70.5)
DVec2(39.5, 71.5)
DVec2(38.5, 72.5)
DVec2(38.5, 73.5)
DVec2(38.5, 74.5)
DVec2(38.5, 75.5)
DVec2(39.5, 72.5)
DVec2(39.5, 73.5)
DVec2(39.5, 74.5)
DVec2(39.5, 75.5)
DVec2(38.5, 76.5)
DVec2(38.5, 77.5)
DVec2(38.5, 78.5)
DVec2(38.5, 79.5)
DVec2(39.5, 76.5)
DVec2(39.5, 77.5)
DVec2(39.5, 78.5)
DVec2(39.5, 79.5)
DVec2(38.5, 80.5)
DVec2(38.5, 81.5)
DVec2(38.5, 82.5)
DVec2(38.5, 83.5)
DVec2(39.5, 80.5)
DVec2(39.5, 81.5)
DVec2(39.5, 82.5)
DVec2(39.5, 83.5)
DVec2(38.5, 84.5)
DVec2(38.5, 85.5)
DVec2(38.5, 86.5)
DVec2(38.5, 87.5)
DVec2(39.5, 84.5)
DVec2(39.5, 85.5)
DVec2(39.5, 86.5)
DVec2(39.5, 87.5)
DVec2(38.5, 88.5)
DVec2(38.5, 89.5)
DVec2(38.5, 90.5)
DVec2(38.5, 91.5)
DVec2(39.5, 88.5)
DVec2(39.5, 89.5)
DVec2(39.5, 90.5)
DVec2(39.5, 91.5)
DVec2(38.5, 92.5)
DVec2(38.5, 93.5)
DVec2(38.5, 94.5)
DVec2(38.5, 95.5)
DVec2(39.5, 92.5)
DVec2(39.5, 93.5)
DVec2(39.5, 94.5)
DVec2(39.5, 95.5)
DVec2(38.5, 96.5)
DVec2(38.5, 97.5)
DVec2(38.5, 98.5)
DVec2(38.5, 99.5)
DVec2(39.5, 96.5)
DVec2(39.5, 97.5)
DVec2(39.5, 98.5)
DVec2(39.5, 99.5)
DVec2(38.5, 100.5)
DVec2(38.5, 101.5)
DVec2(38.5, 102.5)
DVec2(38.5, 103.5)
DVec2(39.5, 100.5)
DVec2(39.5, 101.5)
DVec2(39.5, 102.5)
DVec2(39.5, 103.5)
DVec2(38.5, 104.5)
DVec2(38.5, 105.5)
DVec2(38.5, 106.5)
DVec2(38.5, 107.5)
DVec2(39.5, 104.5)
DVec2(39.5, 105.5)
DVec2(39.5, 106.5)
DVec2(39.5, 107.5)
DVec2(38.5, 108.5)
DVec2(38.5, 109.5)
DVec2(38.5, 110.5)
DVec2(38.5, 111.5)
DVec2(39.5, 108.5)
DVec2(39.5, 109.5)
DVec2(39.5, 110.5)
DVec2(39.5, 111.5)
DVec2(38.5, 112.5)
DVec2(38.5, 113.5)
DVec2(38.5, 114.5)
DVec2(38.5, 115.5)
DVec2(39.5, 112.5)
DVec2(39.5, 113.5)
DVec2(39.5, 114.5)
DVec2(39.5, 115.5)
DVec2(38.5, 116.5)
DVec2(38.5, 117.5)
DVec2(38.5, 118.5)
DVec2(38.5, 119.5)
DVec2(39.5, 116.5)
DVec2(39.5, 117.5)
DVec2(39.5, 118.5)
DVec2(39.5, 119.5)
DVec2(40.5, -119.5)
DVec2(40.5, -118.5)
DVec2(40.5, -117.5)
DVec2(40.5, -116.5)
DVec2(41.5, -119.5)
DVec2(41.5, -118.5)
DVec2(41.5, -117.5)
DVec2(41.5, -116.5)
DVec2(40.5, -115.5)
DVec2(40.5, -114.5)
DVec2(40.5, -113.5)
DVec2(40.5, -112.5)
DVec2(41.5, -115.5)
DVec2(41.5, -114.5)
DVec2(41.5, -113.5)
DVec2(41.5, -112.5)
DVec2(40.5, -111.5)
DVec2(40.5, -110.5)
DVec2(40.5, -109.5)
DVec2(40.5, -108.5)
DVec2(41.5, -111.5)
DVec2(41.5, -110.5)
DVec2(41.5, -109.5)
DVec2(41.5, -108.5)
DVec2(40.5, -107.5)
DVec2(40.5, -106.5)
DVec2(40.5, -105.5)
DVec2(40.5, -104.5)
DVec2(41.5, -107.5)
DVec2(41.5, -106.5)
DVec2(41.5, -105.5)
DVec2(41.5, -104.5)
DVec2(40.5, -103.5)
DVec2(40.5, -102.5)
DVec2(40.5, -101.5)
DVec2(40.5, -100.5)
DVec2(41.5, -103.5)
DVec2(41.5, -102.5)
DVec2(41.5, -101.5)
DVec2(41.5, -100.5)
DVec2(40.5, -99.5)
DVec2(40.5, -98.5)
DVec2(40.5, -97.5)
DVec2(40.5, -96.5)
DVec2(41.5, -99.5)
DVec2(41.5, -98.5)
DVec2(41.5, -97.5)
DVec2(41.5, -96.5)
DVec2(40.5, -95.5)
DVec2(40.5, -94.5)
DVec2(40.5, -93.5)
DVec2(40.5, -92.5)
DVec2(41.5, -95.5)
DVec2(41.5, -94.5)
DVec2(41.5, -93.5)
DVec2(41.5, -92.5)
DVec2(40.5, -91.5)
DVec2(40.5, -90.5)
DVec2(40.5, -89.5)
DVec2(40.5, -88.5)
DVec2(41.5, -91.5)
DVec2(41.5, -90.5)
DVec2(41.5, -89.5)
DVec2(41.5, -88.5)
DVec2(40.5, -87.5)
DVec2(40.5, -86.5)
DVec2(40.5, -85.5)
DVec2(40.5, -84.5)
DVec2(41.5, -87.5)
DVec2(41.5, -86.5)
DVec2(41.5, -85.5)
DVec2(41.5, -84.5)
DVec2(40.5, -83.5)
DVec2(40.5, -82.5)
DVec2(40.5, -81.5)
DVec2(40.5, -80.5)
DVec2(41.5, -83.5)
DVec2(41.5, -82.5)
DVec2(41.5, -81.5)
DVec2(41.5, -80.5)
DVec2(40.5, -79.5)
DVec2(40.5, -78.5)
DVec2(40.5, -77.5)
DVec2(40.5, -76.5)
DVec2(41.5, -79.5)
DVec2(41.5, -78.5)
DVec2(41.5, -77.5)
DVec2(41.5, -76.5)
DVec2(40.5, -75.5)
DVec2(40.5, -74.5)
DVec2(40.5, -73.5)
DVec2(40.5, -72.5)
DVec2(41.5, -75.5)
DVec2(41.5, -74.5)
DVec2(41.5, -73.5)
DVec2(41.5, -72.5)
DVec2(40.5, -71.5)
DVec2(40.5, -70.5)
DVec2(40.5, -69.5)
DVec2(40.5, -68.5)
DVec2(41.5, -71.5)
DVec2(41.5, -70.5)
DVec2(41.5, -69.5)
DVec2(41.5, -68.5)
DVec2(40.5, -67.5)
DVec2(40.5, -66.5)
DVec2(40.5, -65.5)
DVec2(40.5, -64.5)
DVec2(41.5, -67.5)
DVec2(41.5, -66.5)
DVec2(41.5, -65.5)
DVec2(41.5, -64.5)
DVec2(40.5, -63.5)
DVec2(40.5, -62.5)
DVec2(40.5, -61.5)
DVec2(40.5, -60.5)
DVec2(41.5, -63.5)
DVec2(41.5, -62.5)
DVec2(41.5, -61.5)
DVec2(41.5, -60.5)
DVec2(40.5, -59.5)
DVec2(40.5, -58.5)
DVec2(40.5, -57.5)
DVec2(40.5, -56.5)
DVec2(41.5, -59.5)
DVec2(41.5, -58.5)
DVec2(41.5, -57.5)
DVec2(41.5, -56.5)
DVec2(40.5, -55.5)
DVec2(40.5, -54.5)
DVec2(40.5, -53.5)
DVec2(40.5, -52.5)
DVec2(41.5, -55.5)
DVec2(41.5, -54.5)
DVec2(41.5, -53.5)
DVec2(41.5, -52.5)
DVec2(40.5, -51.5)
DVec2(40.5, -50.5)
DVec2(40.5, -49.5)
DVec2(40.5, -48.5)
DVec2(41.5, -51.5)
DVec2(41.5, -50.5)
DVec2(41.5, -49.5)
DVec2(41.5, -48.5)
DVec2(40.5, -47.5)
DVec2(40.5, -46.5)
DVec2(40.5, -45.5)
DVec2(40.5, -44.5)
DVec2(41.5, -47.5)
DVec2(41.5, -46.5)
DVec2(41.5, -45.5)
DVec2(41.5, -44.5)
DVec2(40.5, -43.5)
DVec2(40.5, -42.5)
DVec2(40.5, -41.5)
DVec2(40.5, -40.5)
DVec2(41.5, -43.5)
DVec2(41.5, -42.5)
DVec2(41.5, -41.5)
DVec2(41.5, -40.5)
DVec2(40.5, -39.5)
DVec2(40.5, -38.5)
DVec2(40.5, -37.5)
DVec2(40.5, -36.5)
DVec2(41.5, -39.5)
DVec2(41.5, -38.5)
DVec2(41.5, -37.5)
DVec2(41.5, -36.5)
DVec2(40.5, -35.5)
DVec2(40.5, -34.5)
DVec2(40.5, -33.5)
DVec2(40.5, -32.5)
DVec2(41.5, -35.5)
DVec2(41.5, -34.5)
DVec2(41.5, -33.5)
DVec2(41.5, -32.5)
DVec2(40.5, -31.5)
DVec2(40.5, -30.5)
DVec2(40.5, -29.5)
DVec2(40.5, -28.5)
DVec2(41.5, -31.5)
DVec2(41.5, -30.5)
DVec2(41.5, -29.5)
DVec2(41.5, -28.5)
DVec2(40.5, -27.5)
DVec2(40.5, -26.5)
DVec2(40.5, -25.5)
DVec2(40.5, -24.5)
DVec2(41.5, -27.5)
DVec2(41.5, -26.5)
DVec2(41.5, -25.5)
DVec2(41.5, -24.5)
DVec2(40.5, -23.5)
DVec2(40.5, -22.5)
DVec2(40.5, -21.5)
DVec2(40.5, -20.5)
DVec2(41.5, -23.5)
DVec2(41.5, -22.5)
DVec2(41.5, -21.5)
DVec2(41.5, -20.5)
DVec2(40.5, -19.5)
DVec2(40.5, -18.5)
DVec2(40.5, -17.5)
DVec2(40.5, -16.5)
DVec2(41.5, -19.5)
DVec2(41.5, -18.5)
DVec2(41.5, -17.5)
DVec2(41.5, -16.5)
DVec2(40.5, -15.5)
DVec2(40.5, -14.5)
DVec2(40.5, -13.5)
DVec2(40.5, -12.5)
DVec2(41.5, -15.5)
DVec2(41.5, -14.5)
DVec2(41.5, -13.5)
DVec2(41.5, -12.5)
DVec2(40.5, -11.5)
DVec2(40.5, -10.5)
DVec2(40.5, -9.5)
DVec2(40.5, -8.5)
DVec2(41.5, -11.5)
DVec2(41.5, -10.5)
DVec2(41.5, -9.5)
DVec2(41.5, -8.5)
DVec2(40.5, -7.5)
DVec2(40.5, -6.5)
DVec2(40.5, -5.5)
DVec2(40.5, -4.5)
DVec2(41.5, -7.5)
DVec2(41.5, -6.5)
DVec2(41.5, -5.5)
DVec2(41.5, -4.5)
DVec2(40.5, -3.5)
DVec2(40.5, -2.5)
DVec2(40.5, -1.5)
DVec2(40.5, -0.5)
DVec2(41.5, -3.5)
DVec2(41.5, -2.5)
DVec2(41.5, -1.5)
DVec2(41.5, -0.5)
DVec2(40.5, 0.5)
DVec2(40.5, 1.5)
DVec2(40.5, 2.5)
DVec2(40.5, 3.5)
DVec2(41.5, 0.5)
DVec2(41.5, 1.5)
DVec2(41.5, 2.5)
DVec2(41.5, 3.5)
DVec2(40.5, 4.5)
DVec2(40.5, 5.5)
DVec2(40.5, 6.5)
DVec2(40.5, 7.5)
DVec2(41.5, 4.5)
DVec2(41.5, 5.5)
DVec2(41.5, 6.5)
DVec2(41.5, 7.5)
DVec2(40.5, 8.5)
DVec2(40.5, 9.5)
DVec2(40.5, 10.5)
DVec2(40.5, 11.5)
DVec2(41.5, 8.5)
DVec2(41.5, 9.5)
DVec2(41.5, 10.5)
DVec2(41.5, 11.5)
DVec2(40.5, 12.5)
DVec2(40.5, 13.5)
DVec2(40.5, 14.5)
DVec2(40.5, 15.5)
DVec2(41.5, 12.5)
DVec2(41.5, 13.5)
DVec2(41.5, 14.5)
DVec2(41.5, 15.5)
DVec2(40.5, 16.5)
DVec2(40.5, 17.5)
DVec2(40.5, 18.5)
DVec2(40.5, 19.5)
DVec2(41.5, 16.5)
DVec2(41.5, 17.5)
DVec2(41.5, 18.5)
DVec2(41.5, 19.5)
DVec2(40.5, 20.5)
DVec2(40.5, 21.5)
DVec2(40.5, 22.5)
DVec2(40.5, 23.5)
DVec2(41.5, 20.5)
DVec2(41.5, 21.5)
DVec2(41.5, 22.5)
DVec2(41.5, 23.5)
DVec2(40.5, 24.5)
DVec2(40.5, 25.5)
DVec2(40.5, 26.5)
DVec2(40.5, 27.5)
DVec2(41.5, 24.5)
DVec2(41.5, 25.5)
DVec2(41.5, 26.5)
DVec2(41.5, 27.5)
DVec2(40.5, 28.5)
DVec2(40.5, 29.5)
DVec2(40.5, 30.5)
DVec2(40.5, 31.5)
DVec2(41.5, 28.5)
DVec2(41.5, 29.5)
DVec2(41.5, 30.5)
DVec2(41.5, 31.5)
DVec2(40.5, 32.5)
DVec2(40.5, 33.5)
DVec2(40.5, 34.5)
DVec2(40.5, 35.5)
DVec2(41.5, 32.5)
DVec2(41.5, 33.5)
DVec2(41.5, 34.5)
DVec2(41.5, 35.5)
DVec2(40.5, 36.5)
DVec2(40.5, 37.5)
DVec2(40.5, 38.5)
DVec2(40.5, 39.5)
DVec2(41.5, 36.5)
DVec2(41.5, 37.5)
DVec2(41.5, 38.5)
DVec2(41.5, 39.5)
DVec2(40.5, 40.5)
DVec2(40.5, 41.5)
DVec2(40.5, 42.5)
DVec2(40.5, 43.5)
DVec2(41.5, 40.5)
DVec2(41.5, 41.5)
DVec2(41.5, 42.5)
DVec2(41.5, 43.5)
DVec2(40.5, 44.5)
DVec2(40.5, 45.5)
DVec2(40.5, 46.5)
DVec2(40.5, 47.5)
DVec2(41.5, 44.5)
DVec2(41.5, 45.5)
DVec2(41.5, 46.5)
DVec2(41.5, 47.5)
DVec2(40.5, 48.5)
DVec2(40.5, 49.5)
DVec2(40.5, 50.5)
DVec2(40.5, 51.5)
DVec2(41.5, 48.5)
DVec2(41.5, 49.5)
DVec2(41.5, 50.5)
DVec2(41.5, 51.5)
DVec2(40.5, 52.5)
DVec2(40.5, 53.5)
DVec2(40.5, 54.5)
DVec2(40.5, 55.5)
DVec2(41.5, 52.5)
DVec2(41.5, 53.5)
DVec2(41.5, 54.5)
DVec2(41.5, 55.5)
DVec2(40.5, 56.5)
DVec2(40.5, 57.5)
DVec2(40.5, 58.5)
DVec2(40.5, 59.5)
DVec2(41.5, 56.5)
DVec2(41.5, 57.5)
DVec2(41.5, 58.5)
DVec2(41.5, 59.5)
DVec2(40.5, 60.5)
DVec2(40.5, 61.5)
DVec2(40.5, 62.5)
DVec2(40.5, 63.5)
DVec2(41.5, 60.5)
DVec2(41.5, 61.5)
DVec2(41.5, 62.5)
DVec2(41.5, 63.5)
DVec2(40.5, 64.5)
DVec2(40.5, 65.5)
DVec2(40.5, 66.5)
DVec2(40.5, 67.5)
DVec2(41.5, 64.5)
DVec2(41.5, 65.5)
DVec2(41.5, 66.5)
DVec2(41.5, 67.5)
DVec2(40.5, 68.5)
DVec2(40.5, 69.5)
DVec2(40.5, 70.5)
DVec2(40.5, 71.5)
DVec2(41.5, 68.5)
DVec2(41.5, 69.5)
DVec2(41.5, 70.5)
DVec2(41.5, 71.5)
DVec2(40.5, 72.5)
DVec2(40.5, 73.5)
DVec2(40.5, 74.5)
DVec2(40.5, 75.5)
DVec2(41.5, 72.5)
DVec2(41.5, 73.5)
DVec2(41.5, 74.5)
DVec2(41.5, 75.5)
DVec2(40.5, 76.5)
DVec2(40.5, 77.5)
DVec2(40.5, 78.5)
DVec2(40.5, 79.5)
DVec2(41.5, 76.5)
DVec2(41.5, 77.5)
DVec2(41.5, 78.5)
DVec2(41.5, 79.5)
DVec2(40.5, 80.5)
DVec2(40.5, 81.5)
DVec2(40.5, 82.5)
DVec2(40.5, 83.5)
DVec2(41.5, 80.5)
DVec2(41.5, 81.5)
DVec2(41.5, 82.5)
DVec2(41.5, 83.5)
DVec2(40.5, 84.5)
DVec2(40.5, 85.5)
DVec2(40.5, 86.5)
DVec2(40.5, 87.5)
DVec2(41.5, 84.5)
DVec2(41.5, 85.5)
DVec2(41.5, 86.5)
DVec2(41.5, 87.5)
DVec2(40.5, 88.5)
DVec2(40.5, 89.5)
DVec2(40.5, 90.5)
DVec2(40.5, 91.5)
DVec2(41.5, 88.5)
DVec2(41.5, 89.5)
DVec2(41.5, 90.5)
DVec2(41.5, 91.5)
DVec2(40.5, 92.5)
DVec2(40.5, 93.5)
DVec2(40.5, 94.5)
DVec2(40.5, 95.5)
DVec2(41.5, 92.5)
DVec2(41.5, 93.5)
DVec2(41.5, 94.5)
DVec2(41.5, 95.5)
DVec2(40.5, 96.5)
DVec2(40.5, 97.5)
DVec2(40.5, 98.5)
DVec2(40.5, 99.5)
DVec2(41.5, 96.5)
DVec2(41.5, 97.5)
DVec2(41.5, 98.5)
DVec2(41.5, 99.5)
DVec2(40.5, 100.5)
DVec2(40.5, 101.5)
DVec2(40.5, 102.5)
DVec2(40.5, 103.5)
DVec2(41.5, 100.5)
DVec2(41.5, 101.5)
DVec2(41.5, 102.5)
DVec2(41.5, 103.5)
DVec2(40.5, 104.5)
DVec2(40.5, 105.5)
DVec2(40.5, 106.5)
DVec2(40.5, 107.5)
DVec2(41.5, 104.5)
DVec2(41.5, 105.5)
DVec2(41.5, 106.5)
DVec2(41.5, 107.5)
DVec2(40.5, 108.5)
DVec2(40.5, 109.5)
DVec2(40.5, 110.5)
DVec2(40.5, 111.5)
DVec2(41.5, 108.5)
DVec2(41.5, 109.5)
DVec2(41.5, 110.5)
DVec2(41.5, 111.5)
DVec2(40.5, 112.5)
DVec2(40.5, 113.5)
DVec2(40.5, 114.5)
DVec2(40.5, 115.5)
DVec2(41.5, 112.5)
DVec2(41.5, 113.5)
DVec2(41.5, 114.5)
DVec2(41.5, 115.5)
DVec2(40.5, 116.5)
DVec2(40.5, 117.5)
DVec2(40.5, 118.5)
DVec2(40.5, 119.5)
DVec2(41.5, 116.5)
DVec2(41.5, 117.5)
DVec2(41.5, 118.5)
DVec2(41.5, 119.5)
DVec2(42.5, -119.5)
DVec2(42.5, -118.5)
DVec2(42.5, -117.5)
DVec2(42.5, -116.5)
DVec2(43.5, -119.5)
DVec2(43.5, -118.5)
DVec2(43.5, -117.5)
DVec2(43.5, -116.5)
DVec2(42.5, -115.5)
DVec2(42.5, -114.5)
DVec2(42.5, -113.5)
DVec2(42.5, -112.5)
DVec2(43.5, -115.5)
DVec2(43.5, -114.5)
DVec2(43.5, -113.5)
DVec2(43.5, -112.5)
DVec2(42.5, -111.5)
DVec2(42.5, -110.5)
DVec2(42.5, -109.5)
DVec2(42.5, -108.5)
DVec2(43.5, -111.5)
DVec2(43.5, -110.5)
DVec2(43.5, -109.5)
DVec2(43.5, -108.5)
DVec2(42.5, -107.5)
DVec2(42.5, -106.5)
DVec2(42.5, -105.5)
DVec2(42.5, -104.5)
DVec2(43.5, -107.5)
DVec2(43.5, -106.5)
DVec2(43.5, -105.5)
DVec2(43.5, -104.5)
DVec2(42.5, -103.5)
DVec2(42.5, -102.5)
DVec2(42.5, -101.5)
DVec2(42.5, -100.5)
DVec2(43.5, -103.5)
DVec2(43.5, -102.5)
DVec2(43.5, -101.5)
DVec2(43.5, -100.5)
DVec2(42.5, -99.5)
DVec2(42.5, -98.5)
DVec2(42.5, -97.5)
DVec2(42.5, -96.5)
DVec2(43.5, -99.5)
DVec2(43.5, -98.5)
DVec2(43.5, -97.5)
DVec2(43.5, -96.5)
DVec2(42.5, -95.5)
DVec2(42.5, -94.5)
DVec2(42.5, -93.5)
DVec2(42.5, -92.5)
DVec2(43.5, -95.5)
DVec2(43.5, -94.5)
DVec2(43.5, -93.5)
DVec2(43.5, -92.5)
DVec2(42.5, -91.5)
DVec2(42.5, -90.5)
DVec2(42.5, -89.5)
DVec2(42.5, -88.5)
DVec2(43.5, -91.5)
DVec2(43.5, -90.5)
DVec2(43.5, -89.5)
DVec2(43.5, -88.5)
DVec2(42.5, -87.5)
DVec2(42.5, -86.5)
DVec2(42.5, -85.5)
DVec2(42.5, -84.5)
DVec2(43.5, -87.5)
DVec2(43.5, -86.5)
DVec2(43.5, -85.5)
DVec2(43.5, -84.5)
DVec2(42.5, -83.5)
DVec2(42.5, -82.5)
DVec2(42.5, -81.5)
DVec2(42.5, -80.5)
DVec2(43.5, -83.5)
DVec2(43.5, -82.5)
DVec2(43.5, -81.5)
DVec2(43.5, -80.5)
DVec2(42.5, -79.5)
DVec2(42.5, -78.5)
DVec2(42.5, -77.5)
DVec2(42.5, -76.5)
DVec2(43.5, -79.5)
DVec2(43.5, -78.5)
DVec2(43.5, -77.5)
DVec2(43.5, -76.5)
DVec2(42.5, -75.5)
DVec2(42.5, -74.5)
DVec2(42.5, -73.5)
DVec2(42.5, -72.5)
DVec2(43.5, -75.5)
DVec2(43.5, -74.5)
DVec2(43.5, -73.5)
DVec2(43.5, -72.5)
DVec2(42.5, -71.5)
DVec2(42.5, -70.5)
DVec2(42.5, -69.5)
DVec2(42.5, -68.5)
DVec2(43.5, -71.5)
DVec2(43.5, -70.5)
DVec2(43.5, -69.5)
DVec2(43.5, -68.5)
DVec2(42.5, -67.5)
DVec2(42.5, -66.5)
DVec2(42.5, -65.5)
DVec2(42.5, -64.5)
DVec2(43.5, -67.5)
DVec2(43.5, -66.5)
DVec2(43.5, -65.5)
DVec2(43.5, -64.5)
DVec2(42.5, -63.5)
DVec2(42.5, -62.5)
DVec2(42.5, -61.5)
DVec2(42.5, -60.5)
DVec2(43.5, -63.5)
DVec2(43.5, -62.5)
DVec2(43.5, -61.5)
DVec2(43.5, -60.5)
DVec2(42.5, -59.5)
DVec2(42.5, -58.5)
DVec2(42.5, -57.5)
DVec2(42.5, -56.5)
DVec2(43.5, -59.5)
DVec2(43.5, -58.5)
DVec2(43.5, -57.5)
DVec2(43.5, -56.5)
DVec2(42.5, -55.5)
DVec2(42.5, -54.5)
DVec2(42.5, -53.5)
DVec2(42.5, -52.5)
DVec2(43.5, -55.5)
DVec2(43.5, -54.5)
DVec2(43.5, -53.5)
DVec2(43.5, -52.5)
DVec2(42.5, -51.5)
DVec2(42.5, -50.5)
DVec2(42.5, -49.5)
DVec2(42.5, -48.5)
DVec2(43.5, -51.5)
DVec2(43.5, -50.5)
DVec2(43.5, -49.5)
DVec2(43.5, -48.5)
DVec2(42.5, -47.5)
DVec2(42.5, -46.5)
DVec2(42.5, -45.5)
DVec2(42.5, -44.5)
DVec2(43.5, -47.5)
DVec2(43.5, -46.5)
DVec2(43.5, -45.5)
DVec2(43.5, -44.5)
DVec2(42.5, -43.5)
DVec2(42.5, -42.5)
DVec2(42.5, -41.5)
DVec2(42.5, -40.5)
DVec2(43.5, -43.5)
DVec2(43.5, -42.5)
DVec2(43.5, -41.5)
DVec2(43.5, -40.5)
DVec2(42.5, -39.5)
DVec2(42.5, -38.5)
DVec2(42.5, -37.5)
DVec2(42.5, -36.5)
DVec2(43.5, -39.5)
DVec2(43.5, -38.5)
DVec2(43.5, -37.5)
DVec2(43.5, -36.5)
DVec2(42.5, -35.5)
DVec2(42.5, -34.5)
DVec2(42.5, -33.5)
DVec2(42.5, -32.5)
DVec2(43.5, -35.5)
DVec2(43.5, -34.5)
DVec2(43.5, -33.5)
DVec2(43.5, -32.5)
DVec2(42.5, -31.5)
DVec2(42.5, -30.5)
DVec2(42.5, -29.5)
DVec2(42.5, -28.5)
DVec2(43.5, -31.5)
DVec2(43.5, -30.5)
DVec2(43.5, -29.5)
DVec2(43.5, -28.5)
DVec2(42.5, -27.5)
DVec2(42.5, -26.5)
DVec2(42.5, -25.5)
DVec2(42.5, -24.5)
DVec2(43.5, -27.5)
DVec2(43.5, -26.5)
DVec2(43.5, -25.5)
DVec2(43.5, -24.5)
DVec2(42.5, -23.5)
DVec2(42.5, -22.5)
DVec2(42.5, -21.5)
DVec2(42.5, -20.5)
DVec2(43.5, -23.5)
DVec2(43.5, -22.5)
DVec2(43.5, -21.5)
DVec2(43.5, -20.5)
DVec2(42.5, -19.5)
DVec2(42.5, -18.5)
DVec2(42.5, -17.5)
DVec2(42.5, -16.5)
DVec2(43.5, -19.5)
DVec2(43.5, -18.5)
DVec2(43.5, -17.5)
DVec2(43.5, -16.5)
DVec2(42.5, -15.5)
DVec2(42.5, -14.5)
DVec2(42.5, -13.5)
DVec2(42.5, -12.5)
DVec2(43.5, -15.5)
DVec2(43.5, -14.5)
DVec2(43.5, -13.5)
DVec2(43.5, -12.5)
DVec2(42.5, -11.5)
DVec2(42.5, -10.5)
DVec2(42.5, -9.5)
DVec2(42.5, -8.5)
DVec2(43.5, -11.5)
DVec2(43.5, -10.5)
DVec2(43.5, -9.5)
DVec2(43.5, -8.5)
DVec2(42.5, -7.5)
DVec2(42.5, -6.5)
DVec2(42.5, -5.5)
DVec2(42.5, -4.5)
DVec2(43.5, -7.5)
DVec2(43.5, -6.5)
DVec2(43.5, -5.5)
DVec2(43.5, -4.5)
DVec2(42.5, -3.5)
DVec2(42.5, -2.5)
DVec2(42.5, -1.5)
DVec2(42.5, -0.5)
DVec2(43.5, -3.5)
DVec2(43.5, -2.5)
DVec2(43.5, -1.5)
DVec2(43.5, -0.5)
DVec2(42.5, 0.5)
DVec2(42.5, 1.5)
DVec2(42.5, 2.5)
DVec2(42.5, 3.5)
DVec2(43.5, 0.5)
DVec2(43.5, 1.5)
DVec2(43.5, 2.5)
DVec2(43.5, 3.5)
DVec2(42.5, 4.5)
DVec2(42.5, 5.5)
DVec2(42.5, 6.5)
DVec2(42.5, 7.5)
DVec2(43.5, 4.5)
DVec2(43.5, 5.5)
DVec2(43.5, 6.5)
DVec2(43.5, 7.5)
DVec2(42.5, 8.5)
DVec2(42.5, 9.5)
DVec2(42.5, 10.5)
DVec2(42.5, 11.5)
DVec2(43.5, 8.5)
DVec2(43.5, 9.5)
DVec2(43.5, 10.5)
DVec2(43.5, 11.5)
DVec2(42.5, 12.5)
DVec2(42.5, 13.5)
DVec2(42.5, 14.5)
DVec2(42.5, 15.5)
DVec2(43.5, 12.5)
DVec2(43.5, 13.5)
DVec2(43.5, 14.5)
DVec2(43.5, 15.5)
DVec2(42.5, 16.5)
DVec2(42.5, 17.5)
DVec2(42.5, 18.5)
DVec2(42.5, 19.5)
DVec2(43.5, 16.5)
DVec2(43.5, 17.5)
DVec2(43.5, 18.5)
DVec2(43.5, 19.5)
DVec2(42.5, 20.5)
DVec2(42.5, 21.5)
DVec2(42.5, 22.5)
DVec2(42.5, 23.5)
DVec2(43.5, 20.5)
DVec2(43.5, 21.5)
DVec2(43.5, 22.5)
DVec2(43.5, 23.5)
DVec2(42.5, 24.5)
DVec2(42.5, 25.5)
DVec2(42.5, 26.5)
DVec2(42.5, 27.5)
DVec2(43.5, 24.5)
DVec2(43.5, 25.5)
DVec2(43.5, 26.5)
DVec2(43.5, 27.5)
DVec2(42.5, 28.5)
DVec2(42.5, 29.5)
DVec2(42.5, 30.5)
DVec2(42.5, 31.5)
DVec2(43.5, 28.5)
DVec2(43.5, 29.5)
DVec2(43.5, 30.5)
DVec2(43.5, 31.5)
DVec2(42.5, 32.5)
DVec2(42.5, 33.5)
DVec2(42.5, 34.5)
DVec2(42.5, 35.5)
DVec2(43.5, 32.5)
DVec2(43.5, 33.5)
DVec2(43.5, 34.5)
DVec2(43.5, 35.5)
DVec2(42.5, 36.5)
DVec2(42.5, 37.5)
DVec2(42.5, 38.5)
DVec2(42.5, 39.5)
DVec2(43.5, 36.5)
DVec2(43.5, 37.5)
DVec2(43.5, 38.5)
DVec2(43.5, 39.5)
DVec2(42.5, 40.5)
DVec2(42.5, 41.5)
DVec2(42.5, 42.5)
DVec2(42.5, 43.5)
DVec2(43.5, 40.5)
DVec2(43.5, 41.5)
DVec2(43.5, 42.5)
DVec2(43.5, 43.5)
DVec2(42.5, 44.5)
DVec2(42.5, 45.5)
DVec2(42.5, 46.5)
DVec2(42.5, 47.5)
DVec2(43.5, 44.5)
DVec2(43.5, 45.5)
DVec2(43.5, 46.5)
DVec2(43.5, 47.5)
DVec2(42.5, 48.5)
DVec2(42.5, 49.5)
DVec2(42.5, 50.5)
DVec2(42.5, 51.5)
DVec2(43.5, 48.5)
DVec2(43.5, 49.5)
DVec2(43.5, 50.5)
DVec2(43.5, 51.5)
DVec2(42.5, 52.5)
DVec2(42.5, 53.5)
DVec2(42.5, 54.5)
DVec2(42.5, 55.5)
DVec2(43.5, 52.5)
DVec2(43.5, 53.5)
DVec2(43.5, 54.5)
DVec2(43.5, 55.5)
DVec2(42.5, 56.5)
DVec2(42.5, 57.5)
DVec2(42.5, 58.5)
DVec2(42.5, 59.5)
DVec2(43.5, 56.5)
DVec2(43.5, 57.5)
DVec2(43.5, 58.5)
DVec2(43.5, 59.5)
DVec2(42.5, 60.5)
DVec2(42.5, 61.5)
DVec2(42.5, 62.5)
DVec2(42.5, 63.5)
DVec2(43.5, 60.5)
DVec2(43.5, 61.5)
DVec2(43.5, 62.5)
DVec2(43.5, 63.5)
DVec2(42.5, 64.5)
DVec2(42.5, 65.5)
DVec2(42.5, 66.5)
DVec2(42.5, 67.5)
DVec2(43.5, 64.5)
DVec2(43.5, 65.5)
DVec2(43.5, 66.5)
DVec2(43.5, 67.5)
DVec2(42.5, 68.5)
DVec2(42.5, 69.5)
DVec2(42.5, 70.5)
DVec2(42.5, 71.5)
DVec2(43.5, 68.5)
DVec2(43.5, 69.5)
DVec2(43.5, 70.5)
DVec2(43.5, 71.5)
DVec2(42.5, 72.5)
DVec2(42.5, 73.5)
DVec2(42.5, 74.5)
DVec2(42.5, 75.5)
DVec2(43.5, 72.5)
DVec2(43.5, 73.5)
DVec2(43.5, 74.5)
DVec2(43.5, 75.5)
DVec2(42.5, 76.5)
DVec2(42.5, 77.5)
DVec2(42.5, 78.5)
DVec2(42.5, 79.5)
DVec2(43.5, 76.5)
DVec2(43.5, 77.5)
DVec2(43.5, 78.5)
DVec2(43.5, 79.5)
DVec2(42.5, 80.5)
DVec2(42.5, 81.5)
DVec2(42.5, 82.5)
DVec2(42.5, 83.5)
DVec2(43.5, 80.5)
DVec2(43.5, 81.5)
DVec2(43.5, 82.5)
DVec2(43.5, 83.5)
DVec2(42.5, 84.5)
DVec2(42.5, 85.5)
DVec2(42.5, 86.5)
DVec2(42.5, 87.5)
DVec2(43.5, 84.5)
DVec2(43.5, 85.5)
DVec2(43.5, 86.5)
DVec2(43.5, 87.5)
DVec2(42.5, 88.5)
DVec2(42.5, 89.5)
DVec2(42.5, 90.5)
DVec2(42.5, 91.5)
DVec2(43.5, 88.5)
DVec2(43.5, 89.5)
DVec2(43.5, 90.5)
DVec2(43.5, 91.5)
DVec2(42.5, 92.5)
DVec2(42.5, 93.5)
DVec2(42.5, 94.5)
DVec2(42.5, 95.5)
DVec2(43.5, 92.5)
DVec2(43.5, 93.5)
DVec2(43.5, 94.5)
DVec2(43.5, 95.5)
DVec2(42.5, 96.5)
DVec2(42.5, 97.5)
DVec2(42.5, 98.5)
DVec2(42.5, 99.5)
DVec2(43.5, 96.5)
DVec2(43.5, 97.5)
DVec2(43.5, 98.5)
DVec2(43.5, 99.5)
DVec2(42.5, 100.5)
DVec2(42.5, 101.5)
DVec2(42.5, 102.5)
DVec2(42.5, 103.5)
DVec2(43.5, 100.5)
DVec2(43.5, 101.5)
DVec2(43.5, 102.5)
DVec2(43.5, 103.5)
DVec2(42.5, 104.5)
DVec2(42.5, 105.5)
DVec2(42.5, 106.5)
DVec2(42.5, 107.5)
DVec2(43.5, 104.5)
DVec2(43.5, 105.5)
DVec2(43.5, 106.5)
DVec2(43.5, 107.5)
DVec2(42.5, 108.5)
DVec2(42.5, 109.5)
DVec2(42.5, 110.5)
DVec2(42.5, 111.5)
DVec2(43.5, 108.5)
DVec2(43.5, 109.5)
DVec2(43.5, 110.5)
DVec2(43.5, 111.5)
DVec2(42.5, 112.5)
DVec2(42.5, 113.5)
DVec2(42.5, 114.5)
DVec2(42.5, 115.5)
DVec2(43.5, 112.5)
DVec2(43.5, 113.5)
DVec2(43.5, 114.5)
DVec2(43.5, 115.5)
DVec2(42.5, 116.5)
DVec2(42.5, 117.5)
DVec2(42.5, 118.5)
DVec2(42.5, 119.5)
DVec2(43.5, 116.5)
DVec2(43.5, 117.5)
DVec2(43.5, 118.5)
DVec2(43.5, 119.5)
DVec2(44.5, -119.5)
DVec2(44.5, -118.5)
DVec2(44.5, -117.5)
DVec2(44.5, -116.5)
DVec2(45.5, -119.5)
DVec2(45.5, -118.5)
DVec2(45.5, -117.5)
DVec2(45.5, -116.5)
DVec2(44.5, -115.5)
DVec2(44.5, -114.5)
DVec2(44.5, -113.5)
DVec2(44.5, -112.5)
DVec2(45.5, -115.5)
DVec2(45.5, -114.5)
DVec2(45.5, -113.5)
DVec2(45.5, -112.5)
DVec2(44.5, -111.5)
DVec2(44.5, -110.5)
DVec2(44.5, -109.5)
DVec2(44.5, -108.5)
DVec2(45.5, -111.5)
DVec2(45.5, -110.5)
DVec2(45.5, -109.5)
DVec2(45.5, -108.5)
DVec2(44.5, -107.5)
DVec2(44.5, -106.5)
DVec2(44.5, -105.5)
DVec2(44.5, -104.5)
DVec2(45.5, -107.5)
DVec2(45.5, -106.5)
DVec2(45.5, -105.5)
DVec2(45.5, -104.5)
DVec2(44.5, -103.5)
DVec2(44.5, -102.5)
DVec2(44.5, -101.5)
DVec2(44.5, -100.5)
DVec2(45.5, -103.5)
DVec2(45.5, -102.5)
DVec2(45.5, -101.5)
DVec2(45.5, -100.5)
DVec2(44.5, -99.5)
DVec2(44.5, -98.5)
DVec2(44.5, -97.5)
DVec2(44.5, -96.5)
DVec2(45.5, -99.5)
DVec2(45.5, -98.5)
DVec2(45.5, -97.5)
DVec2(45.5, -96.5)
DVec2(44.5, -95.5)
DVec2(44.5, -94.5)
DVec2(44.5, -93.5)
DVec2(44.5, -92.5)
DVec2(45.5, -95.5)
DVec2(45.5, -94.5)
DVec2(45.5, -93.5)
DVec2(45.5, -92.5)
DVec2(44.5, -91.5)
DVec2(44.5, -90.5)
DVec2(44.5, -89.5)
DVec2(44.5, -88.5)
DVec2(45.5, -91.5)
DVec2(45.5, -90.5)
DVec2(45.5, -89.5)
DVec2(45.5, -88.5)
DVec2(44.5, -87.5)
DVec2(44.5, -86.5)
DVec2(44.5, -85.5)
DVec2(44.5, -84.5)
DVec2(45.5, -87.5)
DVec2(45.5, -86.5)
DVec2(45.5, -85.5)
DVec2(45.5, -84.5)
DVec2(44.5, -83.5)
DVec2(44.5, -82.5)
DVec2(44.5, -81.5)
DVec2(44.5, -80.5)
DVec2(45.5, -83.5)
DVec2(45.5, -82.5)
DVec2(45.5, -81.5)
DVec2(45.5, -80.5)
DVec2(44.5, -79.5)
DVec2(44.5, -78.5)
DVec2(44.5, -77.5)
DVec2(44.5, -76.5)
DVec2(45.5, -79.5)
DVec2(45.5, -78.5)
DVec2(45.5, -77.5)
DVec2(45.5, -76.5)
DVec2(44.5, -75.5)
DVec2(44.5, -74.5)
DVec2(44.5, -73.5)
DVec2(44.5, -72.5)
DVec2(45.5, -75.5)
DVec2(45.5, -74.5)
DVec2(45.5, -73.5)
DVec2(45.5, -72.5)
DVec2(44.5, -71.5)
DVec2(44.5, -70.5)
DVec2(44.5, -69.5)
DVec2(44.5, -68.5)
DVec2(45.5, -71.5)
DVec2(45.5, -70.5)
DVec2(45.5, -69.5)
DVec2(45.5, -68.5)
DVec2(44.5, -67.5)
DVec2(44.5, -66.5)
DVec2(44.5, -65.5)
DVec2(44.5, -64.5)
DVec2(45.5, -67.5)
DVec2(45.5, -66.5)
DVec2(45.5, -65.5)
DVec2(45.5, -64.5)
DVec2(44.5, -63.5)
DVec2(44.5, -62.5)
DVec2(44.5, -61.5)
DVec2(44.5, -60.5)
DVec2(45.5, -63.5)
DVec2(45.5, -62.5)
DVec2(45.5, -61.5)
DVec2(45.5, -60.5)
DVec2(44.5, -59.5)
DVec2(44.5, -58.5)
DVec2(44.5, -57.5)
DVec2(44.5, -56.5)
DVec2(45.5, -59.5)
DVec2(45.5, -58.5)
DVec2(45.5, -57.5)
DVec2(45.5, -56.5)
DVec2(44.5, -55.5)
DVec2(44.5, -54.5)
DVec2(44.5, -53.5)
DVec2(44.5, -52.5)
DVec2(45.5, -55.5)
DVec2(45.5, -54.5)
DVec2(45.5, -53.5)
DVec2(45.5, -52.5)
DVec2(44.5, -51.5)
DVec2(44.5, -50.5)
DVec2(44.5, -49.5)
DVec2(44.5, -48.5)
DVec2(45.5, -51.5)
DVec2(45.5, -50.5)
DVec2(45.5, -49.5)
DVec2(45.5, -48.5)
DVec2(44.5, -47.5)
DVec2(44.5, -46.5)
DVec2(44.5, -45.5)
DVec2(44.5, -44.5)
DVec2(45.5, -47.5)
DVec2(45.5, -46.5)
DVec2(45.5, -45.5)
DVec2(45.5, -44.5)
DVec2(44.5, -43.5)
DVec2(44.5, -42.5)
DVec2(44.5, -41.5)
DVec2(44.5, -40.5)
DVec2(45.5, -43.5)
DVec2(45.5, -42.5)
DVec2(45.5, -41.5)
DVec2(45.5, -40.5)
DVec2(44.5, -39.5)
DVec2(44.5, -38.5)
DVec2(44.5, -37.5)
DVec2(44.5, -36.5)
DVec2(45.5, -39.5)
DVec2(45.5, -38.5)
DVec2(45.5, -37.5)
DVec2(45.5, -36.5)
DVec2(44.5, -35.5)
DVec2(44.5, -34.5)
DVec2(44.5, -33.5)
DVec2(44.5, -32.5)
DVec2(45.5, -35.5)
DVec2(45.5, -34.5)
DVec2(45.5, -33.5)
DVec2(45.5, -32.5)
DVec2(44.5, -31.5)
DVec2(44.5, -30.5)
DVec2(44.5, -29.5)
DVec2(44.5, -28.5)
DVec2(45.5, -31.5)
DVec2(45.5, -30.5)
DVec2(45.5, -29.5)
DVec2(45.5, -28.5)
DVec2(44.5, -27.5)
DVec2(44.5, -26.5)
DVec2(44.5, -25.5)
DVec2(44.5, -24.5)
DVec2(45.5, -27.5)
DVec2(45.5, -26.5)
DVec2(45.5, -25.5)
DVec2(45.5, -24.5)
DVec2(44.5, -23.5)
DVec2(44.5, -22.5)
DVec2(44.5, -21.5)
DVec2(44.5, -20.5)
DVec2(45.5, -23.5)
DVec2(45.5, -22.5)
DVec2(45.5, -21.5)
DVec2(45.5, -20.5)
DVec2(44.5, -19.5)
DVec2(44.5, -18.5)
DVec2(44.5, -17.5)
DVec2(44.5, -16.5)
DVec2(45.5, -19.5)
DVec2(45.5, -18.5)
DVec2(45.5, -17.5)
DVec2(45.5, -16.5)
DVec2(44.5, -15.5)
DVec2(44.5, -14.5)
DVec2(44.5, -13.5)
DVec2(44.5, -12.5)
DVec2(45.5, -15.5)
DVec2(45.5, -14.5)
DVec2(45.5, -13.5)
DVec2(45.5, -12.5)
DVec2(44.5, -11.5)
DVec2(44.5, -10.5)
DVec2(44.5, -9.5)
DVec2(44.5, -8.5)
DVec2(45.5, -11.5)
DVec2(45.5, -10.5)
DVec2(45.5, -9.5)
DVec2(45.5, -8.5)
DVec2(44.5, -7.5)
DVec2(44.5, -6.5)
DVec2(44.5, -5.5)
DVec2(44.5, -4.5)
DVec2(45.5, -7.5)
DVec2(45.5, -6.5)
DVec2(45.5, -5.5)
DVec2(45.5, -4.5)
DVec2(44.5, -3.5)
DVec2(44.5, -2.5)
DVec2(44.5, -1.5)
DVec2(44.5, -0.5)
DVec2(45.5, -3.5)
DVec2(45.5, -2.5)
DVec2(45.5, -1.5)
DVec2(45.5, -0.5)
DVec2(44.5, 0.5)
DVec2(44.5, 1.5)
DVec2(44.5, 2.5)
DVec2(44.5, 3.5)
DVec2(45.5, 0.5)
DVec2(45.5, 1.5)
DVec2(45.5, 2.5)
DVec2(45.5, 3.5)
DVec2(44.5, 4.5)
DVec2(44.5, 5.5)
DVec2(44.5, 6.5)
DVec2(44.5, 7.5)
DVec2(45.5, 4.5)
DVec2(45.5, 5.5)
DVec2(45.5, 6.5)
DVec2(45.5, 7.5)
DVec2(44.5, 8.5)
DVec2(44.5, 9.5)
DVec2(44.5, 10.5)
DVec2(44.5, 11.5)
DVec2(45.5, 8.5)
DVec2(45.5, 9.5)
DVec2(45.5, 10.5)
DVec2(45.5, 11.5)
DVec2(44.5, 12.5)
DVec2(44.5, 13.5)
DVec2(44.5, 14.5)
DVec2(44.5, 15.5)
DVec2(45.5, 12.5)
DVec2(45.5, 13.5)
DVec2(45.5, 14.5)
DVec2(45.5, 15.5)
DVec2(44.5, 16.5)
DVec2(44.5, 17.5)
DVec2(44.5, 18.5)
DVec2(44.5, 19.5)
DVec2(45.5, 16.5)
DVec2(45.5, 17.5)
DVec2(45.5, 18.5)
DVec2(45.5, 19.5)
DVec2(44.5, 20.5)
DVec2(44.5, 21.5)
DVec2(44.5, 22.5)
DVec2(44.5, 23.5)
DVec2(45.5, 20.5)
DVec2(45.5, 21.5)
DVec2(45.5, 22.5)
DVec2(45.5, 23.5)
DVec2(44.5, 24.5)
DVec2(44.5, 25.5)
DVec2(44.5, 26.5)
DVec2(44.5, 27.5)
DVec2(45.5, 24.5)
DVec2(45.5, 25.5)
DVec2(45.5, 26.5)
DVec2(45.5, 27.5)
DVec2(44.5, 28.5)
DVec2(44.5, 29.5)
DVec2(44.5, 30.5)
DVec2(44.5, 31.5)
DVec2(45.5, 28.5)
DVec2(45.5, 29.5)
DVec2(45.5, 30.5)
DVec2(45.5, 31.5)
DVec2(44.5, 32.5)
DVec2(44.5, 33.5)
DVec2(44.5, 34.5)
DVec2(44.5, 35.5)
DVec2(45.5, 32.5)
DVec2(45.5, 33.5)
DVec2(45.5, 34.5)
DVec2(45.5, 35.5)
DVec2(44.5, 36.5)
DVec2(44.5, 37.5)
DVec2(44.5, 38.5)
DVec2(44.5, 39.5)
DVec2(45.5, 36.5)
DVec2(45.5, 37.5)
DVec2(45.5, 38.5)
DVec2(45.5, 39.5)
DVec2(44.5, 40.5)
DVec2(44.5, 41.5)
DVec2(44.5, 42.5)
DVec2(44.5, 43.5)
DVec2(45.5, 40.5)
DVec2(45.5, 41.5)
DVec2(45.5, 42.5)
DVec2(45.5, 43.5)
DVec2(44.5, 44.5)
DVec2(44.5, 45.5)
DVec2(44.5, 46.5)
DVec2(44.5, 47.5)
DVec2(45.5, 44.5)
DVec2(45.5, 45.5)
DVec2(45.5, 46.5)
DVec2(45.5, 47.5)
DVec2(44.5, 48.5)
DVec2(44.5, 49.5)
DVec2(44.5, 50.5)
DVec2(44.5, 51.5)
DVec2(45.5, 48.5)
DVec2(45.5, 49.5)
DVec2(45.5, 50.5)
DVec2(45.5, 51.5)
DVec2(44.5, 52.5)
DVec2(44.5, 53.5)
DVec2(44.5, 54.5)
DVec2(44.5, 55.5)
DVec2(45.5, 52.5)
DVec2(45.5, 53.5)
DVec2(45.5, 54.5)
DVec2(45.5, 55.5)
DVec2(44.5, 56.5)
DVec2(44.5, 57.5)
DVec2(44.5, 58.5)
DVec2(44.5, 59.5)
DVec2(45.5, 56.5)
DVec2(45.5, 57.5)
DVec2(45.5, 58.5)
DVec2(45.5, 59.5)
DVec2(44.5, 60.5)
DVec2(44.5, 61.5)
DVec2(44.5, 62.5)
DVec2(44.5, 63.5)
DVec2(45.5, 60.5)
DVec2(45.5, 61.5)
DVec2(45.5, 62.5)
DVec2(45.5, 63.5)
DVec2(44.5, 64.5)
DVec2(44.5, 65.5)
DVec2(44.5, 66.5)
DVec2(44.5, 67.5)
DVec2(45.5, 64.5)
DVec2(45.5, 65.5)
DVec2(45.5, 66.5)
DVec2(45.5, 67.5)
DVec2(44.5, 68.5)
DVec2(44.5, 69.5)
DVec2(44.5, 70.5)
DVec2(44.5, 71.5)
DVec2(45.5, 68.5)
DVec2(45.5, 69.5)
DVec2(45.5, 70.5)
DVec2(45.5, 71.5)
DVec2(44.5, 72.5)
DVec2(44.5, 73.5)
DVec2(44.5, 74.5)
DVec2(44.5, 75.5)
DVec2(45.5, 72.5)
DVec2(45.5, 73.5)
DVec2(45.5, 74.5)
DVec2(45.5, 75.5)
DVec2(44.5, 76.5)
DVec2(44.5, 77.5)
DVec2(44.5, 78.5)
DVec2(44.5, 79.5)
DVec2(45.5, 76.5)
DVec2(45.5, 77.5)
DVec2(45.5, 78.5)
DVec2(45.5, 79.5)
DVec2(44.5, 80.5)
DVec2(44.5, 81.5)
DVec2(44.5, 82.5)
DVec2(44.5, 83.5)
DVec2(45.5, 80.5)
DVec2(45.5, 81.5)
DVec2(45.5, 82.5)
DVec2(45.5, 83.5)
DVec2(44.5, 84.5)
DVec2(44.5, 85.5)
DVec2(44.5, 86.5)
DVec2(44.5, 87.5)
DVec2(45.5, 84.5)
DVec2(45.5, 85.5)
DVec2(45.5, 86.5)
DVec2(45.5, 87.5)
DVec2(44.5, 88.5)
DVec2(44.5, 89.5)
DVec2(44.5, 90.5)
DVec2(44.5, 91.5)
DVec2(45.5, 88.5)
DVec2(45.5, 89.5)
DVec2(45.5, 90.5)
DVec2(45.5, 91.5)
DVec2(44.5, 92.5)
DVec2(44.5, 93.5)
DVec2(44.5, 94.5)
DVec2(44.5, 95.5)
DVec2(45.5, 92.5)
DVec2(45.5, 93.5)
DVec2(45.5, 94.5)
DVec2(45.5, 95.5)
DVec2(44.5, 96.5)
DVec2(44.5, 97.5)
DVec2(44.5, 98.5)
DVec2(44.5, 99.5)
DVec2(45.5, 96.5)
DVec2(45.5, 97.5)
DVec2(45.5, 98.5)
DVec2(45.5, 99.5)
DVec2(44.5, 100.5)
DVec2(44.5, 101.5)
DVec2(44.5, 102.5)
DVec2(44.5, 103.5)
DVec2(45.5, 100.5)
DVec2(45.5, 101.5)
DVec2(45.5, 102.5)
DVec2(45.5, 103.5)
DVec2(44.5, 104.5)
DVec2(44.5, 105.5)
DVec2(44.5, 106.5)
DVec2(44.5, 107.5)
DVec2(45.5, 104.5)
DVec2(45.5, 105.5)
DVec2(45.5, 106.5)
DVec2(45.5, 107.5)
DVec2(44.5, 108.5)
DVec2(44.5, 109.5)
DVec2(44.5, 110.5)
DVec2(44.5, 111.5)
DVec2(45.5, 108.5)
DVec2(45.5, 109.5)
DVec2(45.5, 110.5)
DVec2(45.5, 111.5)
DVec2(44.5, 112.5)
DVec2(44.5, 113.5)
DVec2(44.5, 114.5)
DVec2(44.5, 115.5)
DVec2(45.5, 112.5)
DVec2(45.5, 113.5)
DVec2(45.5, 114.5)
DVec2(45.5, 115.5)
DVec2(44.5, 116.5)
DVec2(44.5, 117.5)
DVec2(44.5, 118.5)
DVec2(44.5, 119.5)
DVec2(45.5, 116.5)
DVec2(45.5, 117.5)
DVec2(45.5, 118.5)
DVec2(45.5, 119.5)
DVec2(46.5, -119.5)
DVec2(46.5, -118.5)
DVec2(46.5, -117.5)
DVec2(46.5, -116.5)
DVec2(47.5, -119.5)
DVec2(47.5, -118.5)
DVec2(47.5, -117.5)
DVec2(47.5, -116.5)
DVec2(46.5, -115.5)
DVec2(46.5, -114.5)
DVec2(46.5, -113.5)
DVec2(46.5, -112.5)
DVec2(47.5, -115.5)
DVec2(47.5, -114.5)
DVec2(47.5, -113.5)
DVec2(47.5, -112.5)
DVec2(46.5, -111.5)
DVec2(46.5, -110.5)
DVec2(46.5, -109.5)
DVec2(46.5, -108.5)
DVec2(47.5, -111.5)
DVec2(47.5, -110.5)
DVec2(47.5, -109.5)
DVec2(47.5, -108.5)
DVec2(46.5, -107.5)
DVec2(46.5, -106.5)
DVec2(46.5, -105.5)
DVec2(46.5, -104.5)
DVec2(47.5, -107.5)
DVec2(47.5, -106.5)
DVec2(47.5, -105.5)
DVec2(47.5, -104.5)
DVec2(46.5, -103.5)
DVec2(46.5, -102.5)
DVec2(46.5, -101.5)
DVec2(46.5, -100.5)
DVec2(47.5, -103.5)
DVec2(47.5, -102.5)
DVec2(47.5, -101.5)
DVec2(47.5, -100.5)
DVec2(46.5, -99.5)
DVec2(46.5, -98.5)
DVec2(46.5, -97.5)
DVec2(46.5, -96.5)
DVec2(47.5, -99.5)
DVec2(47.5, -98.5)
DVec2(47.5, -97.5)
DVec2(47.5, -96.5)
DVec2(46.5, -95.5)
DVec2(46.5, -94.5)
DVec2(46.5, -93.5)
DVec2(46.5, -92.5)
DVec2(47.5, -95.5)
DVec2(47.5, -94.5)
DVec2(47.5, -93.5)
DVec2(47.5, -92.5)
DVec2(46.5, -91.5)
DVec2(46.5, -90.5)
DVec2(46.5, -89.5)
DVec2(46.5, -88.5)
DVec2(47.5, -91.5)
DVec2(47.5, -90.5)
DVec2(47.5, -89.5)
DVec2(47.5, -88.5)
DVec2(46.5, -87.5)
DVec2(46.5, -86.5)
DVec2(46.5, -85.5)
DVec2(46.5, -84.5)
DVec2(47.5, -87.5)
DVec2(47.5, -86.5)
DVec2(47.5, -85.5)
DVec2(47.5, -84.5)
DVec2(46.5, -83.5)
DVec2(46.5, -82.5)
DVec2(46.5, -81.5)
DVec2(46.5, -80.5)
DVec2(47.5, -83.5)
DVec2(47.5, -82.5)
DVec2(47.5, -81.5)
DVec2(47.5, -80.5)
DVec2(46.5, -79.5)
DVec2(46.5, -78.5)
DVec2(46.5, -77.5)
DVec2(46.5, -76.5)
DVec2(47.5, -79.5)
DVec2(47.5, -78.5)
DVec2(47.5, -77.5)
DVec2(47.5, -76.5)
DVec2(46.5, -75.5)
DVec2(46.5, -74.5)
DVec2(46.5, -73.5)
DVec2(46.5, -72.5)
DVec2(47.5, -75.5)
DVec2(47.5, -74.5)
DVec2(47.5, -73.5)
DVec2(47.5, -72.5)
DVec2(46.5, -71.5)
DVec2(46.5, -70.5)
DVec2(46.5, -69.5)
DVec2(46.5, -68.5)
DVec2(47.5, -71.5)
DVec2(47.5, -70.5)
DVec2(47.5, -69.5)
DVec2(47.5, -68.5)
DVec2(46.5, -67.5)
DVec2(46.5, -66.5)
DVec2(46.5, -65.5)
DVec2(46.5, -64.5)
DVec2(47.5, -67.5)
DVec2(47.5, -66.5)
DVec2(47.5, -65.5)
DVec2(47.5, -64.5)
DVec2(46.5, -63.5)
DVec2(46.5, -62.5)
DVec2(46.5, -61.5)
DVec2(46.5, -60.5)
DVec2(47.5, -63.5)
DVec2(47.5, -62.5)
DVec2(47.5, -61.5)
DVec2(47.5, -60.5)
DVec2(46.5, -59.5)
DVec2(46.5, -58.5)
DVec2(46.5, -57.5)
DVec2(46.5, -56.5)
DVec2(47.5, -59.5)
DVec2(47.5, -58.5)
DVec2(47.5, -57.5)
DVec2(47.5, -56.5)
DVec2(46.5, -55.5)
DVec2(46.5, -54.5)
DVec2(46.5, -53.5)
DVec2(46.5, -52.5)
DVec2(47.5, -55.5)
DVec2(47.5, -54.5)
DVec2(47.5, -53.5)
DVec2(47.5, -52.5)
DVec2(46.5, -51.5)
DVec2(46.5, -50.5)
DVec2(46.5, -49.5)
DVec2(46.5, -48.5)
DVec2(47.5, -51.5)
DVec2(47.5, -50.5)
DVec2(47.5, -49.5)
DVec2(47.5, -48.5)
DVec2(46.5, -47.5)
DVec2(46.5, -46.5)
DVec2(46.5, -45.5)
DVec2(46.5, -44.5)
DVec2(47.5, -47.5)
DVec2(47.5, -46.5)
DVec2(47.5, -45.5)
DVec2(47.5, -44.5)
DVec2(46.5, -43.5)
DVec2(46.5, -42.5)
DVec2(46.5, -41.5)
DVec2(46.5, -40.5)
DVec2(47.5, -43.5)
DVec2(47.5, -42.5)
DVec2(47.5, -41.5)
DVec2(47.5, -40.5)
DVec2(46.5, -39.5)
DVec2(46.5, -38.5)
DVec2(46.5, -37.5)
DVec2(46.5, -36.5)
DVec2(47.5, -39.5)
DVec2(47.5, -38.5)
DVec2(47.5, -37.5)
DVec2(47.5, -36.5)
DVec2(46.5, -35.5)
DVec2(46.5, -34.5)
DVec2(46.5, -33.5)
DVec2(46.5, -32.5)
DVec2(47.5, -35.5)
DVec2(47.5, -34.5)
DVec2(47.5, -33.5)
DVec2(47.5, -32.5)
DVec2(46.5, -31.5)
DVec2(46.5, -30.5)
DVec2(46.5, -29.5)
DVec2(46.5, -28.5)
DVec2(47.5, -31.5)
DVec2(47.5, -30.5)
DVec2(47.5, -29.5)
DVec2(47.5, -28.5)
DVec2(46.5, -27.5)
DVec2(46.5, -26.5)
DVec2(46.5, -25.5)
DVec2(46.5, -24.5)
DVec2(47.5, -27.5)
DVec2(47.5, -26.5)
DVec2(47.5, -25.5)
DVec2(47.5, -24.5)
DVec2(46.5, -23.5)
DVec2(46.5, -22.5)
DVec2(46.5, -21.5)
DVec2(46.5, -20.5)
DVec2(47.5, -23.5)
DVec2(47.5, -22.5)
DVec2(47.5, -21.5)
DVec2(47.5, -20.5)
DVec2(46.5, -19.5)
DVec2(46.5, -18.5)
DVec2(46.5, -17.5)
DVec2(46.5, -16.5)
DVec2(47.5, -19.5)
DVec2(47.5, -18.5)
DVec2(47.5, -17.5)
DVec2(47.5, -16.5)
DVec2(46.5, -15.5)
DVec2(46.5, -14.5)
DVec2(46.5, -13.5)
DVec2(46.5, -12.5)
DVec2(47.5, -15.5)
DVec2(47.5, -14.5)
DVec2(47.5, -13.5)
DVec2(47.5, -12.5)
DVec2(46.5, -11.5)
DVec2(46.5, -10.5)
DVec2(46.5, -9.5)
DVec2(46.5, -8.5)
DVec2(47.5, -11.5)
DVec2(47.5, -10.5)
DVec2(47.5, -9.5)
DVec2(47.5, -8.5)
DVec2(46.5, -7.5)
DVec2(46.5, -6.5)
DVec2(46.5, -5.5)
DVec2(46.5, -4.5)
DVec2(47.5, -7.5)
DVec2(47.5, -6.5)
DVec2(47.5, -5.5)
DVec2(47.5, -4.5)
DVec2(46.5, -3.5)
DVec2(46.5, -2.5)
DVec2(46.5, -1.5)
DVec2(46.5, -0.5)
DVec2(47.5, -3.5)
DVec2(47.5, -2.5)
DVec2(47.5, -1.5)
DVec2(47.5, -0.5)
DVec2(46.5, 0.5)
DVec2(46.5, 1.5)
DVec2(46.5, 2.5)
DVec2(46.5, 3.5)
DVec2(47.5, 0.5)
DVec2(47.5, 1.5)
DVec2(47.5, 2.5)
DVec2(47.5, 3.5)
DVec2(46.5, 4.5)
DVec2(46.5, 5.5)
DVec2(46.5, 6.5)
DVec2(46.5, 7.5)
DVec2(47.5, 4.5)
DVec2(47.5, 5.5)
DVec2(47.5, 6.5)
DVec2(47.5, 7.5)
DVec2(46.5, 8.5)
DVec2(46.5, 9.5)
DVec2(46.5, 10.5)
DVec2(46.5, 11.5)
DVec2(47.5, 8.5)
DVec2(47.5, 9.5)
DVec2(47.5, 10.5)
DVec2(47.5, 11.5)
DVec2(46.5, 12.5)
DVec2(46.5, 13.5)
DVec2(46.5, 14.5)
DVec2(46.5, 15.5)
DVec2(47.5, 12.5)
DVec2(47.5, 13.5)
DVec2(47.5, 14.5)
DVec2(47.5, 15.5)
DVec2(46.5, 16.5)
DVec2(46.5, 17.5)
DVec2(46.5, 18.5)
DVec2(46.5, 19.5)
DVec2(47.5, 16.5)
DVec2(47.5, 17.5)
DVec2(47.5, 18.5)
DVec2(47.5, 19.5)
DVec2(46.5, 20.5)
DVec2(46.5, 21.5)
DVec2(46.5, 22.5)
DVec2(46.5, 23.5)
DVec2(47.5, 20.5)
DVec2(47.5, 21.5)
DVec2(47.5, 22.5)
DVec2(47.5, 23.5)
DVec2(46.5, 24.5)
DVec2(46.5, 25.5)
DVec2(46.5, 26.5)
DVec2(46.5, 27.5)
DVec2(47.5, 24.5)
DVec2(47.5, 25.5)
DVec2(47.5, 26.5)
DVec2(47.5, 27.5)
DVec2(46.5, 28.5)
DVec2(46.5, 29.5)
DVec2(46.5, 30.5)
DVec2(46.5, 31.5)
DVec2(47.5, 28.5)
DVec2(47.5, 29.5)
DVec2(47.5, 30.5)
DVec2(47.5, 31.5)
DVec2(46.5, 32.5)
DVec2(46.5, 33.5)
DVec2(46.5, 34.5)
DVec2(46.5, 35.5)
DVec2(47.5, 32.5)
DVec2(47.5, 33.5)
DVec2(47.5, 34.5)
DVec2(47.5, 35.5)
DVec2(46.5, 36.5)
DVec2(46.5, 37.5)
DVec2(46.5, 38.5)
DVec2(46.5, 39.5)
DVec2(47.5, 36.5)
DVec2(47.5, 37.5)
DVec2(47.5, 38.5)
DVec2(47.5, 39.5)
DVec2(46.5, 40.5)
DVec2(46.5, 41.5)
DVec2(46.5, 42.5)
DVec2(46.5, 43.5)
DVec2(47.5, 40.5)
DVec2(47.5, 41.5)
DVec2(47.5, 42.5)
DVec2(47.5, 43.5)
DVec2(46.5, 44.5)
DVec2(46.5, 45.5)
DVec2(46.5, 46.5)
DVec2(46.5, 47.5)
DVec2(47.5, 44.5)
DVec2(47.5, 45.5)
DVec2(47.5, 46.5)
DVec2(47.5, 47.5)
DVec2(46.5, 48.5)
DVec2(46.5, 49.5)
DVec2(46.5, 50.5)
DVec2(46.5, 51.5)
DVec2(47.5, 48.5)
DVec2(47.5, 49.5)
DVec2(47.5, 50.5)
DVec2(47.5, 51.5)
DVec2(46.5, 52.5)
DVec2(46.5, 53.5)
DVec2(46.5, 54.5)
DVec2(46.5, 55.5)
DVec2(47.5, 52.5)
DVec2(47.5, 53.5)
DVec2(47.5, 54.5)
DVec2(47.5, 55.5)
DVec2(46.5, 56.5)
DVec2(46.5, 57.5)
DVec2(46.5, 58.5)
DVec2(46.5, 59.5)
DVec2(47.5, 56.5)
DVec2(47.5, 57.5)
DVec2(47.5, 58.5)
DVec2(47.5, 59.5)
DVec2(46.5, 60.5)
DVec2(46.5, 61.5)
DVec2(46.5, 62.5)
DVec2(46.5, 63.5)
DVec2(47.5, 60.5)
DVec2(47.5, 61.5)
DVec2(47.5, 62.5)
DVec2(47.5, 63.5)
DVec2(46.5, 64.5)
DVec2(46.5, 65.5)
DVec2(46.5, 66.5)
DVec2(46.5, 67.5)
DVec2(47.5, 64.5)
DVec2(47.5, 65.5)
DVec2(47.5, 66.5)
DVec2(47.5, 67.5)
DVec2(46.5, 68.5)
DVec2(46.5, 69.5)
DVec2(46.5, 70.5)
DVec2(46.5, 71.5)
DVec2(47.5, 68.5)
DVec2(47.5, 69.5)
DVec2(47.5, 70.5)
DVec2(47.5, 71.5)
DVec2(46.5, 72.5)
DVec2(46.5, 73.5)
DVec2(46.5, 74.5)
DVec2(46.5, 75.5)
DVec2(47.5, 72.5)
DVec2(47.5, 73.5)
DVec2(47.5, 74.5)
DVec2(47.5, 75.5)
DVec2(46.5, 76.5)
DVec2(46.5, 77.5)
DVec2(46.5, 78.5)
DVec2(46.5, 79.5)
DVec2(47.5, 76.5)
DVec2(47.5, 77.5)
DVec2(47.5, 78.5)
DVec2(47.5, 79.5)
DVec2(46.5, 80.5)
DVec2(46.5, 81.5)
DVec2(46.5, 82.5)
DVec2(46.5, 83.5)
DVec2(47.5, 80.5)
DVec2(47.5, 81.5)
DVec2(47.5, 82.5)
DVec2(47.5, 83.5)
DVec2(46.5, 84.5)
DVec2(46.5, 85.5)
DVec2(46.5, 86.5)
DVec2(46.5, 87.5)
DVec2(47.5, 84.5)
DVec2(47.5, 85.5)
DVec2(47.5, 86.5)
DVec2(47.5, 87.5)
DVec2(46.5, 88.5)
DVec2(46.5, 89.5)
DVec2(46.5, 90.5)
DVec2(46.5, 91.5)
DVec2(47.5, 88.5)
DVec2(47.5, 89.5)
DVec2(47.5, 90.5)
DVec2(47.5, 91.5)
DVec2(46.5, 92.5)
DVec2(46.5, 93.5)
DVec2(46.5, 94.5)
DVec2(46.5, 95.5)
DVec2(47.5, 92.5)
DVec2(47.5, 93.5)
DVec2(47.5, 94.5)
DVec2(47.5, 95.5)
DVec2(46.5, 96.5)
DVec2(46.5, 97.5)
DVec2(46.5, 98.5)
DVec2(46.5, 99.5)
DVec2(47.5, 96.5)
DVec2(47.5, 97.5)
DVec2(47.5, 98.5)
DVec2(47.5, 99.5)
DVec2(46.5, 100.5)
DVec2(46.5, 101.5)
DVec2(46.5, 102.5)
DVec2(46.5, 103.5)
DVec2(47.5, 100.5)
DVec2(47.5, 101.5)
DVec2(47.5, 102.5)
DVec2(47.5, 103.5)
DVec2(46.5, 104.5)
DVec2(46.5, 105.5)
DVec2(46.5, 106.5)
DVec2(46.5, 107.5)
DVec2(47.5, 104.5)
DVec2(47.5, 105.5)
DVec2(47.5, 106.5)
DVec2(47.5, 107.5)
DVec2(46.5, 108.5)
DVec2(46.5, 109.5)
DVec2(46.5, 110.5)
DVec2(46.5, 111.5)
DVec2(47.5, 108.5)
DVec2(47.5, 109.5)
DVec2(47.5, 110.5)
DVec2(47.5, 111.5)
DVec2(46.5, 112.5)
DVec2(46.5, 113.5)
DVec2(46.5, 114.5)
DVec2(46.5, 115.5)
DVec2(47.5, 112.5)
DVec2(47.5, 113.5)
DVec2(47.5, 114.5)
DVec2(47.5, 115.5)
DVec2(46.5, 116.5)
DVec2(46.5, 117.5)
DVec2(46.5, 118.5)
DVec2(46.5, 119.5)
DVec2(47.5, 116.5)
DVec2(47.5, 117.5)
DVec2(47.5, 118.5)
DVec2(47.5, 119.5)
DVec2(48.5, -119.5)
DVec2(48.5, -118.5)
DVec2(48.5, -117.5)
DVec2(48.5, -116.5)
DVec2(49.5, -119.5)
DVec2(49.5, -118.5)
DVec2(49.5, -117.5)
DVec2(49.5, -116.5)
DVec2(48.5, -115.5)
DVec2(48.5, -114.5)
DVec2(48.5, -113.5)
DVec2(48.5, -112.5)
DVec2(49.5, -115.5)
DVec2(49.5, -114.5)
DVec2(49.5, -113.5)
DVec2(49.5, -112.5)
DVec2(48.5, -111.5)
DVec2(48.5, -110.5)
DVec2(48.5, -109.5)
DVec2(48.5, -108.5)
DVec2(49.5, -111.5)
DVec2(49.5, -110.5)
DVec2(49.5, -109.5)
DVec2(49.5, -108.5)
DVec2(48.5, -107.5)
DVec2(48.5, -106.5)
DVec2(48.5, -105.5)
DVec2(48.5, -104.5)
DVec2(49.5, -107.5)
DVec2(49.5, -106.5)
DVec2(49.5, -105.5)
DVec2(49.5, -104.5)
DVec2(48.5, -103.5)
DVec2(48.5, -102.5)
DVec2(48.5, -101.5)
DVec2(48.5, -100.5)
DVec2(49.5, -103.5)
DVec2(49.5, -102.5)
DVec2(49.5, -101.5)
DVec2(49.5, -100.5)
DVec2(48.5, -99.5)
DVec2(48.5, -98.5)
DVec2(48.5, -97.5)
DVec2(48.5, -96.5)
DVec2(49.5, -99.5)
DVec2(49.5, -98.5)
DVec2(49.5, -97.5)
DVec2(49.5, -96.5)
DVec2(48.5, -95.5)
DVec2(48.5, -94.5)
DVec2(48.5, -93.5)
DVec2(48.5, -92.5)
DVec2(49.5, -95.5)
DVec2(49.5, -94.5)
DVec2(49.5, -93.5)
DVec2(49.5, -92.5)
DVec2(48.5, -91.5)
DVec2(48.5, -90.5)
DVec2(48.5, -89.5)
DVec2(48.5, -88.5)
DVec2(49.5, -91.5)
DVec2(49.5, -90.5)
DVec2(49.5, -89.5)
DVec2(49.5, -88.5)
DVec2(48.5, -87.5)
DVec2(48.5, -86.5)
DVec2(48.5, -85.5)
DVec2(48.5, -84.5)
DVec2(49.5, -87.5)
DVec2(49.5, -86.5)
DVec2(49.5, -85.5)
DVec2(49.5, -84.5)
DVec2(48.5, -83.5)
DVec2(48.5, -82.5)
DVec2(48.5, -81.5)
DVec2(48.5, -80.5)
DVec2(49.5, -83.5)
DVec2(49.5, -82.5)
DVec2(49.5, -81.5)
DVec2(49.5, -80.5)
DVec2(48.5, -79.5)
DVec2(48.5, -78.5)
DVec2(48.5, -77.5)
DVec2(48.5, -76.5)
DVec2(49.5, -79.5)
DVec2(49.5, -78.5)
DVec2(49.5, -77.5)
DVec2(49.5, -76.5)
DVec2(48.5, -75.5)
DVec2(48.5, -74.5)
DVec2(48.5, -73.5)
DVec2(48.5, -72.5)
DVec2(49.5, -75.5)
DVec2(49.5, -74.5)
DVec2(49.5, -73.5)
DVec2(49.5, -72.5)
DVec2(48.5, -71.5)
DVec2(48.5, -70.5)
DVec2(48.5, -69.5)
DVec2(48.5, -68.5)
DVec2(49.5, -71.5)
DVec2(49.5, -70.5)
DVec2(49.5, -69.5)
DVec2(49.5, -68.5)
DVec2(48.5, -67.5)
DVec2(48.5, -66.5)
DVec2(48.5, -65.5)
DVec2(48.5, -64.5)
DVec2(49.5, -67.5)
DVec2(49.5, -66.5)
DVec2(49.5, -65.5)
DVec2(49.5, -64.5)
DVec2(48.5, -63.5)
DVec2(48.5, -62.5)
DVec2(48.5, -61.5)
DVec2(48.5, -60.5)
DVec2(49.5, -63.5)
DVec2(49.5, -62.5)
DVec2(49.5, -61.5)
DVec2(49.5, -60.5)
DVec2(48.5, -59.5)
DVec2(48.5, -58.5)
DVec2(48.5, -57.5)
DVec2(48.5, -56.5)
DVec2(49.5, -59.5)
DVec2(49.5, -58.5)
DVec2(49.5, -57.5)
DVec2(49.5, -56.5)
DVec2(48.5, -55.5)
DVec2(48.5, -54.5)
DVec2(48.5, -53.5)
DVec2(48.5, -52.5)
DVec2(49.5, -55.5)
DVec2(49.5, -54.5)
DVec2(49.5, -53.5)
DVec2(49.5, -52.5)
DVec2(48.5, -51.5)
DVec2(48.5, -50.5)
DVec2(48.5, -49.5)
DVec2(48.5, -48.5)
DVec2(49.5, -51.5)
DVec2(49.5, -50.5)
DVec2(49.5, -49.5)
DVec2(49.5, -48.5)
DVec2(48.5, -47.5)
DVec2(48.5, -46.5)
DVec2(48.5, -45.5)
DVec2(48.5, -44.5)
DVec2(49.5, -47.5)
DVec2(49.5, -46.5)
DVec2(49.5, -45.5)
DVec2(49.5, -44.5)
DVec2(48.5, -43.5)
DVec2(48.5, -42.5)
DVec2(48.5, -41.5)
DVec2(48.5, -40.5)
DVec2(49.5, -43.5)
DVec2(49.5, -42.5)
DVec2(49.5, -41.5)
DVec2(49.5, -40.5)
DVec2(48.5, -39.5)
DVec2(48.5, -38.5)
DVec2(48.5, -37.5)
DVec2(48.5, -36.5)
DVec2(49.5, -39.5)
DVec2(49.5, -38.5)
DVec2(49.5, -37.5)
DVec2(49.5, -36.5)
DVec2(48.5, -35.5)
DVec2(48.5, -34.5)
DVec2(48.5, -33.5)
DVec2(48.5, -32.5)
DVec2(49.5, -35.5)
DVec2(49.5, -34.5)
DVec2(49.5, -33.5)
DVec2(49.5, -32.5)
DVec2(48.5, -31.5)
DVec2(48.5, -30.5)
DVec2(48.5, -29.5)
DVec2(48.5, -28.5)
DVec2(49.5, -31.5)
DVec2(49.5, -30.5)
DVec2(49.5, -29.5)
DVec2(49.5, -28.5)
DVec2(48.5, -27.5)
DVec2(48.5, -26.5)
DVec2(48.5, -25.5)
DVec2(48.5, -24.5)
DVec2(49.5, -27.5)
DVec2(49.5, -26.5)
DVec2(49.5, -25.5)
DVec2(49.5, -24.5)
DVec2(48.5, -23.5)
DVec2(48.5, -22.5)
DVec2(48.5, -21.5)
DVec2(48.5, -20.5)
DVec2(49.5, -23.5)
DVec2(49.5, -22.5)
DVec2(49.5, -21.5)
DVec2(49.5, -20.5)
DVec2(48.5, -19.5)
DVec2(48.5, -18.5)
DVec2(48.5, -17.5)
DVec2(48.5, -16.5)
DVec2(49.5, -19.5)
DVec2(49.5, -18.5)
DVec2(49.5, -17.5)
DVec2(49.5, -16.5)
DVec2(48.5, -15.5)
DVec2(48.5, -14.5)
DVec2(48.5, -13.5)
DVec2(48.5, -12.5)
DVec2(49.5, -15.5)
DVec2(49.5, -14.5)
DVec2(49.5, -13.5)
DVec2(49.5, -12.5)
DVec2(48.5, -11.5)
DVec2(48.5, -10.5)
DVec2(48.5, -9.5)
DVec2(48.5, -8.5)
DVec2(49.5, -11.5)
DVec2(49.5, -10.5)
DVec2(49.5, -9.5)
DVec2(49.5, -8.5)
DVec2(48.5, -7.5)
DVec2(48.5, -6.5)
DVec2(48.5, -5.5)
DVec2(48.5, -4.5)
DVec2(49.5, -7.5)
DVec2(49.5, -6.5)
DVec2(49.5, -5.5)
DVec2(49.5, -4.5)
DVec2(48.5, -3.5)
DVec2(48.5, -2.5)
DVec2(48.5, -1.5)
DVec2(48.5, -0.5)
DVec2(49.5, -3.5)
DVec2(49.5, -2.5)
DVec2(49.5, -1.5)
DVec2(49.5, -0.5)
DVec2(48.5, 0.5)
DVec2(48.5, 1.5)
DVec2(48.5, 2.5)
DVec2(48.5, 3.5)
DVec2(49.5, 0.5)
DVec2(49.5, 1.5)
DVec2(49.5, 2.5)
DVec2(49.5, 3.5)
DVec2(48.5, 4.5)
DVec2(48.5, 5.5)
DVec2(48.5, 6.5)
DVec2(48.5, 7.5)
DVec2(49.5, 4.5)
DVec2(49.5, 5.5)
DVec2(49.5, 6.5)
DVec2(49.5, 7.5)
DVec2(48.5, 8.5)
DVec2(48.5, 9.5)
DVec2(48.5, 10.5)
DVec2(48.5, 11.5)
DVec2(49.5, 8.5)
DVec2(49.5, 9.5)
DVec2(49.5, 10.5)
DVec2(49.5, 11.5)
DVec2(48.5, 12.5)
DVec2(48.5, 13.5)
DVec2(48.5, 14.5)
DVec2(48.5, 15.5)
DVec2(49.5, 12.5)
DVec2(49.5, 13.5)
DVec2(49.5, 14.5)
DVec2(49.5, 15.5)
DVec2(48.5, 16.5)
DVec2(48.5, 17.5)
DVec2(48.5, 18.5)
DVec2(48.5, 19.5)
DVec2(49.5, 16.5)
DVec2(49.5, 17.5)
DVec2(49.5, 18.5)
DVec2(49.5, 19.5)
DVec2(48.5, 20.5)
DVec2(48.5, 21.5)
DVec2(48.5, 22.5)
DVec2(48.5, 23.5)
DVec2(49.5, 20.5)
DVec2(49.5, 21.5)
DVec2(49.5, 22.5)
DVec2(49.5, 23.5)
DVec2(48.5, 24.5)
DVec2(48.5, 25.5)
DVec2(48.5, 26.5)
DVec2(48.5, 27.5)
DVec2(49.5, 24.5)
DVec2(49.5, 25.5)
DVec2(49.5, 26.5)
DVec2(49.5, 27.5)
DVec2(48.5, 28.5)
DVec2(48.5, 29.5)
DVec2(48.5, 30.5)
DVec2(48.5, 31.5)
DVec2(49.5, 28.5)
DVec2(49.5, 29.5)
DVec2(49.5, 30.5)
DVec2(49.5, 31.5)
DVec2(48.5, 32.5)
DVec2(48.5, 33.5)
DVec2(48.5, 34.5)
DVec2(48.5, 35.5)
DVec2(49.5, 32.5)
DVec2(49.5, 33.5)
DVec2(49.5, 34.5)
DVec2(49.5, 35.5)
DVec2(48.5, 36.5)
DVec2(48.5, 37.5)
DVec2(48.5, 38.5)
DVec2(48.5, 39.5)
DVec2(49.5, 36.5)
DVec2(49.5, 37.5)
DVec2(49.5, 38.5)
DVec2(49.5, 39.5)
DVec2(48.5, 40.5)
DVec2(48.5, 41.5)
DVec2(48.5, 42.5)
DVec2(48.5, 43.5)
DVec2(49.5, 40.5)
DVec2(49.5, 41.5)
DVec2(49.5, 42.5)
DVec2(49.5, 43.5)
DVec2(48.5, 44.5)
DVec2(48.5, 45.5)
DVec2(48.5, 46.5)
DVec2(48.5, 47.5)
DVec2(49.5, 44.5)
DVec2(49.5, 45.5)
DVec2(49.5, 46.5)
DVec2(49.5, 47.5)
DVec2(48.5, 48.5)
DVec2(48.5, 49.5)
DVec2(48.5, 50.5)
DVec2(48.5, 51.5)
DVec2(49.5, 48.5)
DVec2(49.5, 49.5)
DVec2(49.5, 50.5)
DVec2(49.5, 51.5)
DVec2(48.5, 52.5)
DVec2(48.5, 53.5)
DVec2(48.5, 54.5)
DVec2(48.5, 55.5)
DVec2(49.5, 52.5)
DVec2(49.5, 53.5)
DVec2(49.5, 54.5)
DVec2(49.5, 55.5)
DVec2(48.5, 56.5)
DVec2(48.5, 57.5)
DVec2(48.5, 58.5)
DVec2(48.5, 59.5)
DVec2(49.5, 56.5)
DVec2(49.5, 57.5)
DVec2(49.5, 58.5)
DVec2(49.5, 59.5)
DVec2(48.5, 60.5)
DVec2(48.5, 61.5)
DVec2(48.5, 62.5)
DVec2(48.5, 63.5)
DVec2(49.5, 60.5)
DVec2(49.5, 61.5)
DVec2(49.5, 62.5)
DVec2(49.5, 63.5)
DVec2(48.5, 64.5)
DVec2(48.5, 65.5)
DVec2(48.5, 66.5)
DVec2(48.5, 67.5)
DVec2(49.5, 64.5)
DVec2(49.5, 65.5)
DVec2(49.5, 66.5)
DVec2(49.5, 67.5)
DVec2(48.5, 68.5)
DVec2(48.5, 69.5)
DVec2(48.5, 70.5)
DVec2(48.5, 71.5)
DVec2(49.5, 68.5)
DVec2(49.5, 69.5)
DVec2(49.5, 70.5)
DVec2(49.5, 71.5)
DVec2(48.5, 72.5)
DVec2(48.5, 73.5)
DVec2(48.5, 74.5)
DVec2(48.5, 75.5)
DVec2(49.5, 72.5)
DVec2(49.5, 73.5)
DVec2(49.5, 74.5)
DVec2(49.5, 75.5)
DVec2(48.5, 76.5)
DVec2(48.5, 77.5)
DVec2(48.5, 78.5)
DVec2(48.5, 79.5)
DVec2(49.5, 76.5)
DVec2(49.5, 77.5)
DVec2(49.5, 78.5)
DVec2(49.5, 79.5)
DVec2(48.5, 80.5)
DVec2(48.5, 81.5)
DVec2(48.5, 82.5)
DVec2(48.5, 83.5)
DVec2(49.5, 80.5)
DVec2(49.5, 81.5)
DVec2(49.5, 82.5)
DVec2(49.5, 83.5)
DVec2(48.5, 84.5)
DVec2(48.5, 85.5)
DVec2(48.5, 86.5)
DVec2(48.5, 87.5)
DVec2(49.5, 84.5)
DVec2(49.5, 85.5)
DVec2(49.5, 86.5)
DVec2(49.5, 87.5)
DVec2(48.5, 88.5)
DVec2(48.5, 89.5)
DVec2(48.5, 90.5)
DVec2(48.5, 91.5)
DVec2(49.5, 88.5)
DVec2(49.5, 89.5)
DVec2(49.5, 90.5)
DVec2(49.5, 91.5)
DVec2(48.5, 92.5)
DVec2(48.5, 93.5)
DVec2(48.5, 94.5)
DVec2(48.5, 95.5)
DVec2(49.5, 92.5)
DVec2(49.5, 93.5)
DVec2(49.5, 94.5)
DVec2(49.5, 95.5)
DVec2(48.5, 96.5)
DVec2(48.5, 97.5)
DVec2(48.5, 98.5)
DVec2(48.5, 99.5)
DVec2(49.5, 96.5)
DVec2(49.5, 97.5)
DVec2(49.5, 98.5)
DVec2(49.5, 99.5)
DVec2(48.5, 100.5)
DVec2(48.5, 101.5)
DVec2(48.5, 102.5)
DVec2(48.5, 103.5)
DVec2(49.5, 100.5)
DVec2(49.5, 101.5)
DVec2(49.5, 102.5)
DVec2(49.5, 103.5)
DVec2(48.5, 104.5)
DVec2(48.5, 105.5)
DVec2(48.5, 106.5)
DVec2(48.5, 107.5)
DVec2(49.5, 104.5)
DVec2(49.5, 105.5)
DVec2(49.5, 106.5)
DVec2(49.5, 107.5)
DVec2(48.5, 108.5)
DVec2(48.5, 109.5)
DVec2(48.5, 110.5)
DVec2(48.5, 111.5)
DVec2(49.5, 108.5)
DVec2(49.5, 109.5)
DVec2(49.5, 110.5)
DVec2(49.5, 111.5)
DVec2(48.5, 112.5)
DVec2(48.5, 113.5)
DVec2(48.5, 114.5)
DVec2(48.5, 115.5)
DVec2(49.5, 112.5)
DVec2(49.5, 113.5)
DVec2(49.5, 114.5)
DVec2(49.5, 115.5)
DVec2(48.5, 116.5)
DVec2(48.5, 117.5)
DVec2(48.5, 118.5)
DVec2(48.5, 119.5)
DVec2(49.5, 116.5)
DVec2(49.5, 117.5)
DVec2(49.5, 118.5)
DVec2(49.5, 119.5)
DVec2(50.5, -119.5)
DVec2(50.5, -118.5)
DVec2(50.5, -117.5)
DVec2(50.5, -116.5)
DVec2(51.5, -119.5)
DVec2(51.5, -118.5)
DVec2(51.5, -117.5)
DVec2(51.5, -116.5)
DVec2(50.5, -115.5)
DVec2(50.5, -114.5)
DVec2(50.5, -113.5)
DVec2(50.5, -112.5)
DVec2(51.5, -115.5)
DVec2(51.5, -114.5)
DVec2(51.5, -113.5)
DVec2(51.5, -112.5)
DVec2(50.5, -111.5)
DVec2(50.5, -110.5)
DVec2(50.5, -109.5)
DVec2(50.5, -108.5)
DVec2(51.5, -111.5)
DVec2(51.5, -110.5)
DVec2(51.5, -109.5)
DVec2(51.5, -108.5)
DVec2(50.5, -107.5)
DVec2(50.5, -106.5)
DVec2(50.5, -105.5)
DVec2(50.5, -104.5)
DVec2(51.5, -107.5)
DVec2(51.5, -106.5)
DVec2(51.5, -105.5)
DVec2(51.5, -104.5)
DVec2(50.5, -103.5)
DVec2(50.5, -102.5)
DVec2(50.5, -101.5)
DVec2(50.5, -100.5)
DVec2(51.5, -103.5)
DVec2(51.5, -102.5)
DVec2(51.5, -101.5)
DVec2(51.5, -100.5)
DVec2(50.5, -99.5)
DVec2(50.5, -98.5)
DVec2(50.5, -97.5)
DVec2(50.5, -96.5)
DVec2(51.5, -99.5)
DVec2(51.5, -98.5)
DVec2(51.5, -97.5)
DVec2(51.5, -96.5)
DVec2(50.5, -95.5)
DVec2(50.5, -94.5)
DVec2(50.5, -93.5)
DVec2(50.5, -92.5)
DVec2(51.5, -95.5)
DVec2(51.5, -94.5)
DVec2(51.5, -93.5)
DVec2(51.5, -92.5)
DVec2(50.5, -91.5)
DVec2(50.5, -90.5)
DVec2(50.5, -89.5)
DVec2(50.5, -88.5)
DVec2(51.5, -91.5)
DVec2(51.5, -90.5)
DVec2(51.5, -89.5)
DVec2(51.5, -88.5)
DVec2(50.5, -87.5)
DVec2(50.5, -86.5)
DVec2(50.5, -85.5)
DVec2(50.5, -84.5)
DVec2(51.5, -87.5)
DVec2(51.5, -86.5)
DVec2(51.5, -85.5)
DVec2(51.5, -84.5)
DVec2(50.5, -83.5)
DVec2(50.5, -82.5)
DVec2(50.5, -81.5)
DVec2(50.5, -80.5)
DVec2(51.5, -83.5)
DVec2(51.5, -82.5)
DVec2(51.5, -81.5)
DVec2(51.5, -80.5)
DVec2(50.5, -79.5)
DVec2(50.5, -78.5)
DVec2(50.5, -77.5)
DVec2(50.5, -76.5)
DVec2(51.5, -79.5)
DVec2(51.5, -78.5)
DVec2(51.5, -77.5)
DVec2(51.5, -76.5)
DVec2(50.5, -75.5)
DVec2(50.5, -74.5)
DVec2(50.5, -73.5)
DVec2(50.5, -72.5)
DVec2(51.5, -75.5)
DVec2(51.5, -74.5)
DVec2(51.5, -73.5)
DVec2(51.5, -72.5)
DVec2(50.5, -71.5)
DVec2(50.5, -70.5)
DVec2(50.5, -69.5)
DVec2(50.5, -68.5)
DVec2(51.5, -71.5)
DVec2(51.5, -70.5)
DVec2(51.5, -69.5)
DVec2(51.5, -68.5)
DVec2(50.5, -67.5)
DVec2(50.5, -66.5)
DVec2(50.5, -65.5)
DVec2(50.5, -64.5)
DVec2(51.5, -67.5)
DVec2(51.5, -66.5)
DVec2(51.5, -65.5)
DVec2(51.5, -64.5)
DVec2(50.5, -63.5)
DVec2(50.5, -62.5)
DVec2(50.5, -61.5)
DVec2(50.5, -60.5)
DVec2(51.5, -63.5)
DVec2(51.5, -62.5)
DVec2(51.5, -61.5)
DVec2(51.5, -60.5)
DVec2(50.5, -59.5)
DVec2(50.5, -58.5)
DVec2(50.5, -57.5)
DVec2(50.5, -56.5)
DVec2(51.5, -59.5)
DVec2(51.5, -58.5)
DVec2(51.5, -57.5)
DVec2(51.5, -56.5)
DVec2(50.5, -55.5)
DVec2(50.5, -54.5)
DVec2(50.5, -53.5)
DVec2(50.5, -52.5)
DVec2(51.5, -55.5)
DVec2(51.5, -54.5)
DVec2(51.5, -53.5)
DVec2(51.5, -52.5)
DVec2(50.5, -51.5)
DVec2(50.5, -50.5)
DVec2(50.5, -49.5)
DVec2(50.5, -48.5)
DVec2(51.5, -51.5)
DVec2(51.5, -50.5)
DVec2(51.5, -49.5)
DVec2(51.5, -48.5)
DVec2(50.5, -47.5)
DVec2(50.5, -46.5)
DVec2(50.5, -45.5)
DVec2(50.5, -44.5)
DVec2(51.5, -47.5)
DVec2(51.5, -46.5)
DVec2(51.5, -45.5)
DVec2(51.5, -44.5)
DVec2(50.5, -43.5)
DVec2(50.5, -42.5)
DVec2(50.5, -41.5)
DVec2(50.5, -40.5)
DVec2(51.5, -43.5)
DVec2(51.5, -42.5)
DVec2(51.5, -41.5)
DVec2(51.5, -40.5)
DVec2(50.5, -39.5)
DVec2(50.5, -38.5)
DVec2(50.5, -37.5)
DVec2(50.5, -36.5)
DVec2(51.5, -39.5)
DVec2(51.5, -38.5)
DVec2(51.5, -37.5)
DVec2(51.5, -36.5)
DVec2(50.5, -35.5)
DVec2(50.5, -34.5)
DVec2(50.5, -33.5)
DVec2(50.5, -32.5)
DVec2(51.5, -35.5)
DVec2(51.5, -34.5)
DVec2(51.5, -33.5)
DVec2(51.5, -32.5)
DVec2(50.5, -31.5)
DVec2(50.5, -30.5)
DVec2(50.5, -29.5)
DVec2(50.5, -28.5)
DVec2(51.5, -31.5)
DVec2(51.5, -30.5)
DVec2(51.5, -29.5)
DVec2(51.5, -28.5)
DVec2(50.5, -27.5)
DVec2(50.5, -26.5)
DVec2(50.5, -25.5)
DVec2(50.5, -24.5)
DVec2(51.5, -27.5)
DVec2(51.5, -26.5)
DVec2(51.5, -25.5)
DVec2(51.5, -24.5)
DVec2(50.5, -23.5)
DVec2(50.5, -22.5)
DVec2(50.5, -21.5)
DVec2(50.5, -20.5)
DVec2(51.5, -23.5)
DVec2(51.5, -22.5)
DVec2(51.5, -21.5)
DVec2(51.5, -20.5)
DVec2(50.5, -19.5)
DVec2(50.5, -18.5)
DVec2(50.5, -17.5)
DVec2(50.5, -16.5)
DVec2(51.5, -19.5)
DVec2(51.5, -18.5)
DVec2(51.5, -17.5)
DVec2(51.5, -16.5)
DVec2(50.5, -15.5)
DVec2(50.5, -14.5)
DVec2(50.5, -13.5)
DVec2(50.5, -12.5)
DVec2(51.5, -15.5)
DVec2(51.5, -14.5)
DVec2(51.5, -13.5)
DVec2(51.5, -12.5)
DVec2(50.5, -11.5)
DVec2(50.5, -10.5)
DVec2(50.5, -9.5)
DVec2(50.5, -8.5)
DVec2(51.5, -11.5)
DVec2(51.5, -10.5)
DVec2(51.5, -9.5)
DVec2(51.5, -8.5)
DVec2(50.5, -7.5)
DVec2(50.5, -6.5)
DVec2(50.5, -5.5)
DVec2(50.5, -4.5)
DVec2(51.5, -7.5)
DVec2(51.5, -6.5)
DVec2(51.5, -5.5)
DVec2(51.5, -4.5)
DVec2(50.5, -3.5)
DVec2(50.5, -2.5)
DVec2(50.5, -1.5)
DVec2(50.5, -0.5)
DVec2(51.5, -3.5)
DVec2(51.5, -2.5)
DVec2(51.5, -1.5)
DVec2(51.5, -0.5)
DVec2(50.5, 0.5)
DVec2(50.5, 1.5)
DVec2(50.5, 2.5)
DVec2(50.5, 3.5)
DVec2(51.5, 0.5)
DVec2(51.5, 1.5)
DVec2(51.5, 2.5)
DVec2(51.5, 3.5)
DVec2(50.5, 4.5)
DVec2(50.5, 5.5)
DVec2(50.5, 6.5)
DVec2(50.5, 7.5)
DVec2(51.5, 4.5)
DVec2(51.5, 5.5)
DVec2(51.5, 6.5)
DVec2(51.5, 7.5)
DVec2(50.5, 8.5)
DVec2(50.5, 9.5)
DVec2(50.5, 10.5)
DVec2(50.5, 11.5)
DVec2(51.5, 8.5)
DVec2(51.5, 9.5)
DVec2(51.5, 10.5)
DVec2(51.5, 11.5)
DVec2(50.5, 12.5)
DVec2(50.5, 13.5)
DVec2(50.5, 14.5)
DVec2(50.5, 15.5)
DVec2(51.5, 12.5)
DVec2(51.5, 13.5)
DVec2(51.5, 14.5)
DVec2(51.5, 15.5)
DVec2(50.5, 16.5)
DVec2(50.5, 17.5)
DVec2(50.5, 18.5)
DVec2(50.5, 19.5)
DVec2(51.5, 16.5)
DVec2(51.5, 17.5)
DVec2(51.5, 18.5)
DVec2(51.5, 19.5)
DVec2(50.5, 20.5)
DVec2(50.5, 21.5)
DVec2(50.5, 22.5)
DVec2(50.5, 23.5)
DVec2(51.5, 20.5)
DVec2(51.5, 21.5)
DVec2(51.5, 22.5)
DVec2(51.5, 23.5)
DVec2(50.5, 24.5)
DVec2(50.5, 25.5)
DVec2(50.5, 26.5)
DVec2(50.5, 27.5)
DVec2(51.5, 24.5)
DVec2(51.5, 25.5)
DVec2(51.5, 26.5)
DVec2(51.5, 27.5)
DVec2(50.5, 28.5)
DVec2(50.5, 29.5)
DVec2(50.5, 30.5)
DVec2(50.5, 31.5)
DVec2(51.5, 28.5)
DVec2(51.5, 29.5)
DVec2(51.5, 30.5)
DVec2(51.5, 31.5)
DVec2(50.5, 32.5)
DVec2(50.5, 33.5)
DVec2(50.5, 34.5)
DVec2(50.5, 35.5)
DVec2(51.5, 32.5)
DVec2(51.5, 33.5)
DVec2(51.5, 34.5)
DVec2(51.5, 35.5)
DVec2(50.5, 36.5)
DVec2(50.5, 37.5)
DVec2(50.5, 38.5)
DVec2(50.5, 39.5)
DVec2(51.5, 36.5)
DVec2(51.5, 37.5)
DVec2(51.5, 38.5)
DVec2(51.5, 39.5)
DVec2(50.5, 40.5)
DVec2(50.5, 41.5)
DVec2(50.5, 42.5)
DVec2(50.5, 43.5)
DVec2(51.5, 40.5)
DVec2(51.5, 41.5)
DVec2(51.5, 42.5)
DVec2(51.5, 43.5)
DVec2(50.5, 44.5)
DVec2(50.5, 45.5)
DVec2(50.5, 46.5)
DVec2(50.5, 47.5)
DVec2(51.5, 44.5)
DVec2(51.5, 45.5)
DVec2(51.5, 46.5)
DVec2(51.5, 47.5)
DVec2(50.5, 48.5)
DVec2(50.5, 49.5)
DVec2(50.5, 50.5)
DVec2(50.5, 51.5)
DVec2(51.5, 48.5)
DVec2(51.5, 49.5)
DVec2(51.5, 50.5)
DVec2(51.5, 51.5)
DVec2(50.5, 52.5)
DVec2(50.5, 53.5)
DVec2(50.5, 54.5)
DVec2(50.5, 55.5)
DVec2(51.5, 52.5)
DVec2(51.5, 53.5)
DVec2(51.5, 54.5)
DVec2(51.5, 55.5)
DVec2(50.5, 56.5)
DVec2(50.5, 57.5)
DVec2(50.5, 58.5)
DVec2(50.5, 59.5)
DVec2(51.5, 56.5)
DVec2(51.5, 57.5)
DVec2(51.5, 58.5)
DVec2(51.5, 59.5)
DVec2(50.5, 60.5)
DVec2(50.5, 61.5)
DVec2(50.5, 62.5)
DVec2(50.5, 63.5)
DVec2(51.5, 60.5)
DVec2(51.5, 61.5)
DVec2(51.5, 62.5)
DVec2(51.5, 63.5)
DVec2(50.5, 64.5)
DVec2(50.5, 65.5)
DVec2(50.5, 66.5)
DVec2(50.5, 67.5)
DVec2(51.5, 64.5)
DVec2(51.5, 65.5)
DVec2(51.5, 66.5)
DVec2(51.5, 67.5)
DVec2(50.5, 68.5)
DVec2(50.5, 69.5)
DVec2(50.5, 70.5)
DVec2(50.5, 71.5)
DVec2(51.5, 68.5)
DVec2(51.5, 69.5)
DVec2(51.5, 70.5)
DVec2(51.5, 71.5)
DVec2(50.5, 72.5)
DVec2(50.5, 73.5)
DVec2(50.5, 74.5)
DVec2(50.5, 75.5)
DVec2(51.5, 72.5)
DVec2(51.5, 73.5)
DVec2(51.5, 74.5)
DVec2(51.5, 75.5)
DVec2(50.5, 76.5)
DVec2(50.5, 77.5)
DVec2(50.5, 78.5)
DVec2(50.5, 79.5)
DVec2(51.5, 76.5)
DVec2(51.5, 77.5)
DVec2(51.5, 78.5)
DVec2(51.5, 79.5)
DVec2(50.5, 80.5)
DVec2(50.5, 81.5)
DVec2(50.5, 82.5)
DVec2(50.5, 83.5)
DVec2(51.5, 80.5)
DVec2(51.5, 81.5)
DVec2(51.5, 82.5)
DVec2(51.5, 83.5)
DVec2(50.5, 84.5)
DVec2(50.5, 85.5)
DVec2(50.5, 86.5)
DVec2(50.5, 87.5)
DVec2(51.5, 84.5)
DVec2(51.5, 85.5)
DVec2(51.5, 86.5)
DVec2(51.5, 87.5)
DVec2(50.5, 88.5)
DVec2(50.5, 89.5)
DVec2(50.5, 90.5)
DVec2(50.5, 91.5)
DVec2(51.5, 88.5)
DVec2(51.5, 89.5)
DVec2(51.5, 90.5)
DVec2(51.5, 91.5)
DVec2(50.5, 92.5)
DVec2(50.5, 93.5)
DVec2(50.5, 94.5)
DVec2(50.5, 95.5)
DVec2(51.5, 92.5)
DVec2(51.5, 93.5)
DVec2(51.5, 94.5)
DVec2(51.5, 95.5)
DVec2(50.5, 96.5)
DVec2(50.5, 97.5)
DVec2(50.5, 98.5)
DVec2(50.5, 99.5)
DVec2(51.5, 96.5)
DVec2(51.5, 97.5)
DVec2(51.5, 98.5)
DVec2(51.5, 99.5)
DVec2(50.5, 100.5)
DVec2(50.5, 101.5)
DVec2(50.5, 102.5)
DVec2(50.5, 103.5)
DVec2(51.5, 100.5)
DVec2(51.5, 101.5)
DVec2(51.5, 102.5)
DVec2(51.5, 103.5)
DVec2(50.5, 104.5)
DVec2(50.5, 105.5)
DVec2(50.5, 106.5)
DVec2(50.5, 107.5)
DVec2(51.5, 104.5)
DVec2(51.5, 105.5)
DVec2(51.5, 106.5)
DVec2(51.5, 107.5)
DVec2(50.5, 108.5)
DVec2(50.5, 109.5)
DVec2(50.5, 110.5)
DVec2(50.5, 111.5)
DVec2(51.5, 108.5)
DVec2(51.5, 109.5)
DVec2(51.5, 110.5)
DVec2(51.5, 111.5)
DVec2(50.5, 112.5)
DVec2(50.5, 113.5)
DVec2(50.5, 114.5)
DVec2(50.5, 115.5)
DVec2(51.5, 112.5)
DVec2(51.5, 113.5)
DVec2(51.5, 114.5)
DVec2(51.5, 115.5)
DVec2(50.5, 116.5)
DVec2(50.5, 117.5)
DVec2(50.5, 118.5)
DVec2(50.5, 119.5)
DVec2(51.5, 116.5)
DVec2(51.5, 117.5)
DVec2(51.5, 118.5)
DVec2(51.5, 119.5)
DVec2(52.5, -119.5)
DVec2(52.5, -118.5)
DVec2(52.5, -117.5)
DVec2(52.5, -116.5)
DVec2(53.5, -119.5)
DVec2(53.5, -118.5)
DVec2(53.5, -117.5)
DVec2(53.5, -116.5)
DVec2(52.5, -115.5)
DVec2(52.5, -114.5)
DVec2(52.5, -113.5)
DVec2(52.5, -112.5)
DVec2(53.5, -115.5)
DVec2(53.5, -114.5)
DVec2(53.5, -113.5)
DVec2(53.5, -112.5)
DVec2(52.5, -111.5)
DVec2(52.5, -110.5)
DVec2(52.5, -109.5)
DVec2(52.5, -108.5)
DVec2(53.5, -111.5)
DVec2(53.5, -110.5)
DVec2(53.5, -109.5)
DVec2(53.5, -108.5)
DVec2(52.5, -107.5)
DVec2(52.5, -106.5)
DVec2(52.5, -105.5)
DVec2(52.5, -104.5)
DVec2(53.5, -107.5)
DVec2(53.5, -106.5)
DVec2(53.5, -105.5)
DVec2(53.5, -104.5)
DVec2(52.5, -103.5)
DVec2(52.5, -102.5)
DVec2(52.5, -101.5)
DVec2(52.5, -100.5)
DVec2(53.5, -103.5)
DVec2(53.5, -102.5)
DVec2(53.5, -101.5)
DVec2(53.5, -100.5)
DVec2(52.5, -99.5)
DVec2(52.5, -98.5)
DVec2(52.5, -97.5)
DVec2(52.5, -96.5)
DVec2(53.5, -99.5)
DVec2(53.5, -98.5)
DVec2(53.5, -97.5)
DVec2(53.5, -96.5)
DVec2(52.5, -95.5)
DVec2(52.5, -94.5)
DVec2(52.5, -93.5)
DVec2(52.5, -92.5)
DVec2(53.5, -95.5)
DVec2(53.5, -94.5)
DVec2(53.5, -93.5)
DVec2(53.5, -92.5)
DVec2(52.5, -91.5)
DVec2(52.5, -90.5)
DVec2(52.5, -89.5)
DVec2(52.5, -88.5)
DVec2(53.5, -91.5)
DVec2(53.5, -90.5)
DVec2(53.5, -89.5)
DVec2(53.5, -88.5)
DVec2(52.5, -87.5)
DVec2(52.5, -86.5)
DVec2(52.5, -85.5)
DVec2(52.5, -84.5)
DVec2(53.5, -87.5)
DVec2(53.5, -86.5)
DVec2(53.5, -85.5)
DVec2(53.5, -84.5)
DVec2(52.5, -83.5)
DVec2(52.5, -82.5)
DVec2(52.5, -81.5)
DVec2(52.5, -80.5)
DVec2(53.5, -83.5)
DVec2(53.5, -82.5)
DVec2(53.5, -81.5)
DVec2(53.5, -80.5)
DVec2(52.5, -79.5)
DVec2(52.5, -78.5)
DVec2(52.5, -77.5)
DVec2(52.5, -76.5)
DVec2(53.5, -79.5)
DVec2(53.5, -78.5)
DVec2(53.5, -77.5)
DVec2(53.5, -76.5)
DVec2(52.5, -75.5)
DVec2(52.5, -74.5)
DVec2(52.5, -73.5)
DVec2(52.5, -72.5)
DVec2(53.5, -75.5)
DVec2(53.5, -74.5)
DVec2(53.5, -73.5)
DVec2(53.5, -72.5)
DVec2(52.5, -71.5)
DVec2(52.5, -70.5)
DVec2(52.5, -69.5)
DVec2(52.5, -68.5)
DVec2(53.5, -71.5)
DVec2(53.5, -70.5)
DVec2(53.5, -69.5)
DVec2(53.5, -68.5)
DVec2(52.5, -67.5)
DVec2(52.5, -66.5)
DVec2(52.5, -65.5)
DVec2(52.5, -64.5)
DVec2(53.5, -67.5)
DVec2(53.5, -66.5)
DVec2(53.5, -65.5)
DVec2(53.5, -64.5)
DVec2(52.5, -63.5)
DVec2(52.5, -62.5)
DVec2(52.5, -61.5)
DVec2(52.5, -60.5)
DVec2(53.5, -63.5)
DVec2(53.5, -62.5)
DVec2(53.5, -61.5)
DVec2(53.5, -60.5)
DVec2(52.5, -59.5)
DVec2(52.5, -58.5)
DVec2(52.5, -57.5)
DVec2(52.5, -56.5)
DVec2(53.5, -59.5)
DVec2(53.5, -58.5)
DVec2(53.5, -57.5)
DVec2(53.5, -56.5)
DVec2(52.5, -55.5)
DVec2(52.5, -54.5)
DVec2(52.5, -53.5)
DVec2(52.5, -52.5)
DVec2(53.5, -55.5)
DVec2(53.5, -54.5)
DVec2(53.5, -53.5)
DVec2(53.5, -52.5)
DVec2(52.5, -51.5)
DVec2(52.5, -50.5)
DVec2(52.5, -49.5)
DVec2(52.5, -48.5)
DVec2(53.5, -51.5)
DVec2(53.5, -50.5)
DVec2(53.5, -49.5)
DVec2(53.5, -48.5)
DVec2(52.5, -47.5)
DVec2(52.5, -46.5)
DVec2(52.5, -45.5)
DVec2(52.5, -44.5)
DVec2(53.5, -47.5)
DVec2(53.5, -46.5)
DVec2(53.5, -45.5)
DVec2(53.5, -44.5)
DVec2(52.5, -43.5)
DVec2(52.5, -42.5)
DVec2(52.5, -41.5)
DVec2(52.5, -40.5)
DVec2(53.5, -43.5)
DVec2(53.5, -42.5)
DVec2(53.5, -41.5)
DVec2(53.5, -40.5)
DVec2(52.5, -39.5)
DVec2(52.5, -38.5)
DVec2(52.5, -37.5)
DVec2(52.5, -36.5)
DVec2(53.5, -39.5)
DVec2(53.5, -38.5)
DVec2(53.5, -37.5)
DVec2(53.5, -36.5)
DVec2(52.5, -35.5)
DVec2(52.5, -34.5)
DVec2(52.5, -33.5)
DVec2(52.5, -32.5)
DVec2(53.5, -35.5)
DVec2(53.5, -34.5)
DVec2(53.5, -33.5)
DVec2(53.5, -32.5)
DVec2(52.5, -31.5)
DVec2(52.5, -30.5)
DVec2(52.5, -29.5)
DVec2(52.5, -28.5)
DVec2(53.5, -31.5)
DVec2(53.5, -30.5)
DVec2(53.5, -29.5)
DVec2(53.5, -28.5)
DVec2(52.5, -27.5)
DVec2(52.5, -26.5)
DVec2(52.5, -25.5)
DVec2(52.5, -24.5)
DVec2(53.5, -27.5)
DVec2(53.5, -26.5)
DVec2(53.5, -25.5)
DVec2(53.5, -24.5)
DVec2(52.5, -23.5)
DVec2(52.5, -22.5)
DVec2(52.5, -21.5)
DVec2(52.5, -20.5)
DVec2(53.5, -23.5)
DVec2(53.5, -22.5)
DVec2(53.5, -21.5)
DVec2(53.5, -20.5)
DVec2(52.5, -19.5)
DVec2(52.5, -18.5)
DVec2(52.5, -17.5)
DVec2(52.5, -16.5)
DVec2(53.5, -19.5)
DVec2(53.5, -18.5)
DVec2(53.5, -17.5)
DVec2(53.5, -16.5)
DVec2(52.5, -15.5)
DVec2(52.5, -14.5)
DVec2(52.5, -13.5)
DVec2(52.5, -12.5)
DVec2(53.5, -15.5)
DVec2(53.5, -14.5)
DVec2(53.5, -13.5)
DVec2(53.5, -12.5)
DVec2(52.5, -11.5)
DVec2(52.5, -10.5)
DVec2(52.5, -9.5)
DVec2(52.5, -8.5)
DVec2(53.5, -11.5)
DVec2(53.5, -10.5)
DVec2(53.5, -9.5)
DVec2(53.5, -8.5)
DVec2(52.5, -7.5)
DVec2(52.5, -6.5)
DVec2(52.5, -5.5)
DVec2(52.5, -4.5)
DVec2(53.5, -7.5)
DVec2(53.5, -6.5)
DVec2(53.5, -5.5)
DVec2(53.5, -4.5)
DVec2(52.5, -3.5)
DVec2(52.5, -2.5)
DVec2(52.5, -1.5)
DVec2(52.5, -0.5)
DVec2(53.5, -3.5)
DVec2(53.5, -2.5)
DVec2(53.5, -1.5)
DVec2(53.5, -0.5)
DVec2(52.5, 0.5)
DVec2(52.5, 1.5)
DVec2(52.5, 2.5)
DVec2(52.5, 3.5)
DVec2(53.5, 0.5)
DVec2(53.5, 1.5)
DVec2(53.5, 2.5)
DVec2(53.5, 3.5)
DVec2(52.5, 4.5)
DVec2(52.5, 5.5)
DVec2(52.5, 6.5)
DVec2(52.5, 7.5)
DVec2(53.5, 4.5)
DVec2(53.5, 5.5)
DVec2(53.5, 6.5)
DVec2(53.5, 7.5)
DVec2(52.5, 8.5)
DVec2(52.5, 9.5)
DVec2(52.5, 10.5)
DVec2(52.5, 11.5)
DVec2(53.5, 8.5)
DVec2(53.5, 9.5)
DVec2(53.5, 10.5)
DVec2(53.5, 11.5)
DVec2(52.5, 12.5)
DVec2(52.5, 13.5)
DVec2(52.5, 14.5)
DVec2(52.5, 15.5)
DVec2(53.5, 12.5)
DVec2(53.5, 13.5)
DVec2(53.5, 14.5)
DVec2(53.5, 15.5)
DVec2(52.5, 16.5)
DVec2(52.5, 17.5)
DVec2(52.5, 18.5)
DVec2(52.5, 19.5)
DVec2(53.5, 16.5)
DVec2(53.5, 17.5)
DVec2(53.5, 18.5)
DVec2(53.5, 19.5)
DVec2(52.5, 20.5)
DVec2(52.5, 21.5)
DVec2(52.5, 22.5)
DVec2(52.5, 23.5)
DVec2(53.5, 20.5)
DVec2(53.5, 21.5)
DVec2(53.5, 22.5)
DVec2(53.5, 23.5)
DVec2(52.5, 24.5)
DVec2(52.5, 25.5)
DVec2(52.5, 26.5)
DVec2(52.5, 27.5)
DVec2(53.5, 24.5)
DVec2(53.5, 25.5)
DVec2(53.5, 26.5)
DVec2(53.5, 27.5)
DVec2(52.5, 28.5)
DVec2(52.5, 29.5)
DVec2(52.5, 30.5)
DVec2(52.5, 31.5)
DVec2(53.5, 28.5)
DVec2(53.5, 29.5)
DVec2(53.5, 30.5)
DVec2(53.5, 31.5)
DVec2(52.5, 32.5)
DVec2(52.5, 33.5)
DVec2(52.5, 34.5)
DVec2(52.5, 35.5)
DVec2(53.5, 32.5)
DVec2(53.5, 33.5)
DVec2(53.5, 34.5)
DVec2(53.5, 35.5)
DVec2(52.5, 36.5)
DVec2(52.5, 37.5)
DVec2(52.5, 38.5)
DVec2(52.5, 39.5)
DVec2(53.5, 36.5)
DVec2(53.5, 37.5)
DVec2(53.5, 38.5)
DVec2(53.5, 39.5)
DVec2(52.5, 40.5)
DVec2(52.5, 41.5)
DVec2(52.5, 42.5)
DVec2(52.5, 43.5)
DVec2(53.5, 40.5)
DVec2(53.5, 41.5)
DVec2(53.5, 42.5)
DVec2(53.5, 43.5)
DVec2(52.5, 44.5)
DVec2(52.5, 45.5)
DVec2(52.5, 46.5)
DVec2(52.5, 47.5)
DVec2(53.5, 44.5)
DVec2(53.5, 45.5)
DVec2(53.5, 46.5)
DVec2(53.5, 47.5)
DVec2(52.5, 48.5)
DVec2(52.5, 49.5)
DVec2(52.5, 50.5)
DVec2(52.5, 51.5)
DVec2(53.5, 48.5)
DVec2(53.5, 49.5)
DVec2(53.5, 50.5)
DVec2(53.5, 51.5)
DVec2(52.5, 52.5)
DVec2(52.5, 53.5)
DVec2(52.5, 54.5)
DVec2(52.5, 55.5)
DVec2(53.5, 52.5)
DVec2(53.5, 53.5)
DVec2(53.5, 54.5)
DVec2(53.5, 55.5)
DVec2(52.5, 56.5)
DVec2(52.5, 57.5)
DVec2(52.5, 58.5)
DVec2(52.5, 59.5)
DVec2(53.5, 56.5)
DVec2(53.5, 57.5)
DVec2(53.5, 58.5)
DVec2(53.5, 59.5)
DVec2(52.5, 60.5)
DVec2(52.5, 61.5)
DVec2(52.5, 62.5)
DVec2(52.5, 63.5)
DVec2(53.5, 60.5)
DVec2(53.5, 61.5)
DVec2(53.5, 62.5)
DVec2(53.5, 63.5)
DVec2(52.5, 64.5)
DVec2(52.5, 65.5)
DVec2(52.5, 66.5)
DVec2(52.5, 67.5)
DVec2(53.5, 64.5)
DVec2(53.5, 65.5)
DVec2(53.5, 66.5)
DVec2(53.5, 67.5)
DVec2(52.5, 68.5)
DVec2(52.5, 69.5)
DVec2(52.5, 70.5)
DVec2(52.5, 71.5)
DVec2(53.5, 68.5)
DVec2(53.5, 69.5)
DVec2(53.5, 70.5)
DVec2(53.5, 71.5)
DVec2(52.5, 72.5)
DVec2(52.5, 73.5)
DVec2(52.5, 74.5)
DVec2(52.5, 75.5)
DVec2(53.5, 72.5)
DVec2(53.5, 73.5)
DVec2(53.5, 74.5)
DVec2(53.5, 75.5)
DVec2(52.5, 76.5)
DVec2(52.5, 77.5)
DVec2(52.5, 78.5)
DVec2(52.5, 79.5)
DVec2(53.5, 76.5)
DVec2(53.5, 77.5)
DVec2(53.5, 78.5)
DVec2(53.5, 79.5)
DVec2(52.5, 80.5)
DVec2(52.5, 81.5)
DVec2(52.5, 82.5)
DVec2(52.5, 83.5)
DVec2(53.5, 80.5)
DVec2(53.5, 81.5)
DVec2(53.5, 82.5)
DVec2(53.5, 83.5)
DVec2(52.5, 84.5)
DVec2(52.5, 85.5)
DVec2(52.5, 86.5)
DVec2(52.5, 87.5)
DVec2(53.5, 84.5)
DVec2(53.5, 85.5)
DVec2(53.5, 86.5)
DVec2(53.5, 87.5)
DVec2(52.5, 88.5)
DVec2(52.5, 89.5)
DVec2(52.5, 90.5)
DVec2(52.5, 91.5)
DVec2(53.5, 88.5)
DVec2(53.5, 89.5)
DVec2(53.5, 90.5)
DVec2(53.5, 91.5)
DVec2(52.5, 92.5)
DVec2(52.5, 93.5)
DVec2(52.5, 94.5)
DVec2(52.5, 95.5)
DVec2(53.5, 92.5)
DVec2(53.5, 93.5)
DVec2(53.5, 94.5)
DVec2(53.5, 95.5)
DVec2(52.5, 96.5)
DVec2(52.5, 97.5)
DVec2(52.5, 98.5)
DVec2(52.5, 99.5)
DVec2(53.5, 96.5)
DVec2(53.5, 97.5)
DVec2(53.5, 98.5)
DVec2(53.5, 99.5)
DVec2(52.5, 100.5)
DVec2(52.5, 101.5)
DVec2(52.5, 102.5)
DVec2(52.5, 103.5)
DVec2(53.5, 100.5)
DVec2(53.5, 101.5)
DVec2(53.5, 102.5)
DVec2(53.5, 103.5)
DVec2(52.5, 104.5)
DVec2(52.5, 105.5)
DVec2(52.5, 106.5)
DVec2(52.5, 107.5)
DVec2(53.5, 104.5)
DVec2(53.5, 105.5)
DVec2(53.5, 106.5)
DVec2(53.5, 107.5)
DVec2(52.5, 108.5)
DVec2(52.5, 109.5)
DVec2(52.5, 110.5)
DVec2(52.5, 111.5)
DVec2(53.5, 108.5)
DVec2(53.5, 109.5)
DVec2(53.5, 110.5)
DVec2(53.5, 111.5)
DVec2(52.5, 112.5)
DVec2(52.5, 113.5)
DVec2(52.5, 114.5)
DVec2(52.5, 115.5)
DVec2(53.5, 112.5)
DVec2(53.5, 113.5)
DVec2(53.5, 114.5)
DVec2(53.5, 115.5)
DVec2(52.5, 116.5)
DVec2(52.5, 117.5)
DVec2(52.5, 118.5)
DVec2(52.5, 119.5)
DVec2(53.5, 116.5)
DVec2(53.5, 117.5)
DVec2(53.5, 118.5)
DVec2(53.5, 119.5)
DVec2(54.5, -119.5)
DVec2(54.5, -118.5)
DVec2(54.5, -117.5)
DVec2(54.5, -116.5)
DVec2(55.5, -119.5)
DVec2(55.5, -118.5)
DVec2(55.5, -117.5)
DVec2(55.5, -116.5)
DVec2(54.5, -115.5)
DVec2(54.5, -114.5)
DVec2(54.5, -113.5)
DVec2(54.5, -112.5)
DVec2(55.5, -115.5)
DVec2(55.5, -114.5)
DVec2(55.5, -113.5)
DVec2(55.5, -112.5)
DVec2(54.5, -111.5)
DVec2(54.5, -110.5)
DVec2(54.5, -109.5)
DVec2(54.5, -108.5)
DVec2(55.5, -111.5)
DVec2(55.5, -110.5)
DVec2(55.5, -109.5)
DVec2(55.5, -108.5)
DVec2(54.5, -107.5)
DVec2(54.5, -106.5)
DVec2(54.5, -105.5)
DVec2(54.5, -104.5)
DVec2(55.5, -107.5)
DVec2(55.5, -106.5)
DVec2(55.5, -105.5)
DVec2(55.5, -104.5)
DVec2(54.5, -103.5)
DVec2(54.5, -102.5)
DVec2(54.5, -101.5)
DVec2(54.5, -100.5)
DVec2(55.5, -103.5)
DVec2(55.5, -102.5)
DVec2(55.5, -101.5)
DVec2(55.5, -100.5)
DVec2(54.5, -99.5)
DVec2(54.5, -98.5)
DVec2(54.5, -97.5)
DVec2(54.5, -96.5)
DVec2(55.5, -99.5)
DVec2(55.5, -98.5)
DVec2(55.5, -97.5)
DVec2(55.5, -96.5)
DVec2(54.5, -95.5)
DVec2(54.5, -94.5)
DVec2(54.5, -93.5)
DVec2(54.5, -92.5)
DVec2(55.5, -95.5)
DVec2(55.5, -94.5)
DVec2(55.5, -93.5)
DVec2(55.5, -92.5)
DVec2(54.5, -91.5)
DVec2(54.5, -90.5)
DVec2(54.5, -89.5)
DVec2(54.5, -88.5)
DVec2(55.5, -91.5)
DVec2(55.5, -90.5)
DVec2(55.5, -89.5)
DVec2(55.5, -88.5)
DVec2(54.5, -87.5)
DVec2(54.5, -86.5)
DVec2(54.5, -85.5)
DVec2(54.5, -84.5)
DVec2(55.5, -87.5)
DVec2(55.5, -86.5)
DVec2(55.5, -85.5)
DVec2(55.5, -84.5)
DVec2(54.5, -83.5)
DVec2(54.5, -82.5)
DVec2(54.5, -81.5)
DVec2(54.5, -80.5)
DVec2(55.5, -83.5)
DVec2(55.5, -82.5)
DVec2(55.5, -81.5)
DVec2(55.5, -80.5)
DVec2(54.5, -79.5)
DVec2(54.5, -78.5)
DVec2(54.5, -77.5)
DVec2(54.5, -76.5)
DVec2(55.5, -79.5)
DVec2(55.5, -78.5)
DVec2(55.5, -77.5)
DVec2(55.5, -76.5)
DVec2(54.5, -75.5)
DVec2(54.5, -74.5)
DVec2(54.5, -73.5)
DVec2(54.5, -72.5)
DVec2(55.5, -75.5)
DVec2(55.5, -74.5)
DVec2(55.5, -73.5)
DVec2(55.5, -72.5)
DVec2(54.5, -71.5)
DVec2(54.5, -70.5)
DVec2(54.5, -69.5)
DVec2(54.5, -68.5)
DVec2(55.5, -71.5)
DVec2(55.5, -70.5)
DVec2(55.5, -69.5)
DVec2(55.5, -68.5)
DVec2(54.5, -67.5)
DVec2(54.5, -66.5)
DVec2(54.5, -65.5)
DVec2(54.5, -64.5)
DVec2(55.5, -67.5)
DVec2(55.5, -66.5)
DVec2(55.5, -65.5)
DVec2(55.5, -64.5)
DVec2(54.5, -63.5)
DVec2(54.5, -62.5)
DVec2(54.5, -61.5)
DVec2(54.5, -60.5)
DVec2(55.5, -63.5)
DVec2(55.5, -62.5)
DVec2(55.5, -61.5)
DVec2(55.5, -60.5)
DVec2(54.5, -59.5)
DVec2(54.5, -58.5)
DVec2(54.5, -57.5)
DVec2(54.5, -56.5)
DVec2(55.5, -59.5)
DVec2(55.5, -58.5)
DVec2(55.5, -57.5)
DVec2(55.5, -56.5)
DVec2(54.5, -55.5)
DVec2(54.5, -54.5)
DVec2(54.5, -53.5)
DVec2(54.5, -52.5)
DVec2(55.5, -55.5)
DVec2(55.5, -54.5)
DVec2(55.5, -53.5)
DVec2(55.5, -52.5)
DVec2(54.5, -51.5)
DVec2(54.5, -50.5)
DVec2(54.5, -49.5)
DVec2(54.5, -48.5)
DVec2(55.5, -51.5)
DVec2(55.5, -50.5)
DVec2(55.5, -49.5)
DVec2(55.5, -48.5)
DVec2(54.5, -47.5)
DVec2(54.5, -46.5)
DVec2(54.5, -45.5)
DVec2(54.5, -44.5)
DVec2(55.5, -47.5)
DVec2(55.5, -46.5)
DVec2(55.5, -45.5)
DVec2(55.5, -44.5)
DVec2(54.5, -43.5)
DVec2(54.5, -42.5)
DVec2(54.5, -41.5)
DVec2(54.5, -40.5)
DVec2(55.5, -43.5)
DVec2(55.5, -42.5)
DVec2(55.5, -41.5)
DVec2(55.5, -40.5)
DVec2(54.5, -39.5)
DVec2(54.5, -38.5)
DVec2(54.5, -37.5)
DVec2(54.5, -36.5)
DVec2(55.5, -39.5)
DVec2(55.5, -38.5)
DVec2(55.5, -37.5)
DVec2(55.5, -36.5)
DVec2(54.5, -35.5)
DVec2(54.5, -34.5)
DVec2(54.5, -33.5)
DVec2(54.5, -32.5)
DVec2(55.5, -35.5)
DVec2(55.5, -34.5)
DVec2(55.5, -33.5)
DVec2(55.5, -32.5)
DVec2(54.5, -31.5)
DVec2(54.5, -30.5)
DVec2(54.5, -29.5)
DVec2(54.5, -28.5)
DVec2(55.5, -31.5)
DVec2(55.5, -30.5)
DVec2(55.5, -29.5)
DVec2(55.5, -28.5)
DVec2(54.5, -27.5)
DVec2(54.5, -26.5)
DVec2(54.5, -25.5)
DVec2(54.5, -24.5)
DVec2(55.5, -27.5)
DVec2(55.5, -26.5)
DVec2(55.5, -25.5)
DVec2(55.5, -24.5)
DVec2(54.5, -23.5)
DVec2(54.5, -22.5)
DVec2(54.5, -21.5)
DVec2(54.5, -20.5)
DVec2(55.5, -23.5)
DVec2(55.5, -22.5)
DVec2(55.5, -21.5)
DVec2(55.5, -20.5)
DVec2(54.5, -19.5)
DVec2(54.5, -18.5)
DVec2(54.5, -17.5)
DVec2(54.5, -16.5)
DVec2(55.5, -19.5)
DVec2(55.5, -18.5)
DVec2(55.5, -17.5)
DVec2(55.5, -16.5)
DVec2(54.5, -15.5)
DVec2(54.5, -14.5)
DVec2(54.5, -13.5)
DVec2(54.5, -12.5)
DVec2(55.5, -15.5)
DVec2(55.5, -14.5)
DVec2(55.5, -13.5)
DVec2(55.5, -12.5)
DVec2(54.5, -11.5)
DVec2(54.5, -10.5)
DVec2(54.5, -9.5)
DVec2(54.5, -8.5)
DVec2(55.5, -11.5)
DVec2(55.5, -10.5)
DVec2(55.5, -9.5)
DVec2(55.5, -8.5)
DVec2(54.5, -7.5)
DVec2(54.5, -6.5)
DVec2(54.5, -5.5)
DVec2(54.5, -4.5)
DVec2(55.5, -7.5)
DVec2(55.5, -6.5)
DVec2(55.5, -5.5)
DVec2(55.5, -4.5)
DVec2(54.5, -3.5)
DVec2(54.5, -2.5)
DVec2(54.5, -1.5)
DVec2(54.5, -0.5)
DVec2(55.5, -3.5)
DVec2(55.5, -2.5)
DVec2(55.5, -1.5)
DVec2(55.5, -0.5)
DVec2(54.5, 0.5)
DVec2(54.5, 1.5)
DVec2(54.5, 2.5)
DVec2(54.5, 3.5)
DVec2(55.5, 0.5)
DVec2(55.5, 1.5)
DVec2(55.5, 2.5)
DVec2(55.5, 3.5)
DVec2(54.5, 4.5)
DVec2(54.5, 5.5)
DVec2(54.5, 6.5)
DVec2(54.5, 7.5)
DVec2(55.5, 4.5)
DVec2(55.5, 5.5)
DVec2(55.5, 6.5)
DVec2(55.5, 7.5)
DVec2(54.5, 8.5)
DVec2(54.5, 9.5)
DVec2(54.5, 10.5)
DVec2(54.5, 11.5)
DVec2(55.5, 8.5)
DVec2(55.5, 9.5)
DVec2(55.5, 10.5)
DVec2(55.5, 11.5)
DVec2(54.5, 12.5)
DVec2(54.5, 13.5)
DVec2(54.5, 14.5)
DVec2(54.5, 15.5)
DVec2(55.5, 12.5)
DVec2(55.5, 13.5)
DVec2(55.5, 14.5)
DVec2(55.5, 15.5)
DVec2(54.5, 16.5)
DVec2(54.5, 17.5)
DVec2(54.5, 18.5)
DVec2(54.5, 19.5)
DVec2(55.5, 16.5)
DVec2(55.5, 17.5)
DVec2(55.5, 18.5)
DVec2(55.5, 19.5)
DVec2(54.5, 20.5)
DVec2(54.5, 21.5)
DVec2(54.5, 22.5)
DVec2(54.5, 23.5)
DVec2(55.5, 20.5)
DVec2(55.5, 21.5)
DVec2(55.5, 22.5)
DVec2(55.5, 23.5)
DVec2(54.5, 24.5)
DVec2(54.5, 25.5)
DVec2(54.5, 26.5)
DVec2(54.5, 27.5)
DVec2(55.5, 24.5)
DVec2(55.5, 25.5)
DVec2(55.5, 26.5)
DVec2(55.5, 27.5)
DVec2(54.5, 28.5)
DVec2(54.5, 29.5)
DVec2(54.5, 30.5)
DVec2(54.5, 31.5)
DVec2(55.5, 28.5)
DVec2(55.5, 29.5)
DVec2(55.5, 30.5)
DVec2(55.5, 31.5)
DVec2(54.5, 32.5)
DVec2(54.5, 33.5)
DVec2(54.5, 34.5)
DVec2(54.5, 35.5)
DVec2(55.5, 32.5)
DVec2(55.5, 33.5)
DVec2(55.5, 34.5)
DVec2(55.5, 35.5)
DVec2(54.5, 36.5)
DVec2(54.5, 37.5)
DVec2(54.5, 38.5)
DVec2(54.5, 39.5)
DVec2(55.5, 36.5)
DVec2(55.5, 37.5)
DVec2(55.5, 38.5)
DVec2(55.5, 39.5)
DVec2(54.5, 40.5)
DVec2(54.5, 41.5)
DVec2(54.5, 42.5)
DVec2(54.5, 43.5)
DVec2(55.5, 40.5)
DVec2(55.5, 41.5)
DVec2(55.5, 42.5)
DVec2(55.5, 43.5)
DVec2(54.5, 44.5)
DVec2(54.5, 45.5)
DVec2(54.5, 46.5)
DVec2(54.5, 47.5)
DVec2(55.5, 44.5)
DVec2(55.5, 45.5)
DVec2(55.5, 46.5)
DVec2(55.5, 47.5)
DVec2(54.5, 48.5)
DVec2(54.5, 49.5)
DVec2(54.5, 50.5)
DVec2(54.5, 51.5)
DVec2(55.5, 48.5)
DVec2(55.5, 49.5)
DVec2(55.5, 50.5)
DVec2(55.5, 51.5)
DVec2(54.5, 52.5)
DVec2(54.5, 53.5)
DVec2(54.5, 54.5)
DVec2(54.5, 55.5)
DVec2(55.5, 52.5)
DVec2(55.5, 53.5)
DVec2(55.5, 54.5)
DVec2(55.5, 55.5)
DVec2(54.5, 56.5)
DVec2(54.5, 57.5)
DVec2(54.5, 58.5)
DVec2(54.5, 59.5)
DVec2(55.5, 56.5)
DVec2(55.5, 57.5)
DVec2(55.5, 58.5)
DVec2(55.5, 59.5)
DVec2(54.5, 60.5)
DVec2(54.5, 61.5)
DVec2(54.5, 62.5)
DVec2(54.5, 63.5)
DVec2(55.5, 60.5)
DVec2(55.5, 61.5)
DVec2(55.5, 62.5)
DVec2(55.5, 63.5)
DVec2(54.5, 64.5)
DVec2(54.5, 65.5)
DVec2(54.5, 66.5)
DVec2(54.5, 67.5)
DVec2(55.5, 64.5)
DVec2(55.5, 65.5)
DVec2(55.5, 66.5)
DVec2(55.5, 67.5)
DVec2(54.5, 68.5)
DVec2(54.5, 69.5)
DVec2(54.5, 70.5)
DVec2(54.5, 71.5)
DVec2(55.5, 68.5)
DVec2(55.5, 69.5)
DVec2(55.5, 70.5)
DVec2(55.5, 71.5)
DVec2(54.5, 72.5)
DVec2(54.5, 73.5)
DVec2(54.5, 74.5)
DVec2(54.5, 75.5)
DVec2(55.5, 72.5)
DVec2(55.5, 73.5)
DVec2(55.5, 74.5)
DVec2(55.5, 75.5)
DVec2(54.5, 76.5)
DVec2(54.5, 77.5)
DVec2(54.5, 78.5)
DVec2(54.5, 79.5)
DVec2(55.5, 76.5)
DVec2(55.5, 77.5)
DVec2(55.5, 78.5)
DVec2(55.5, 79.5)
DVec2(54.5, 80.5)
DVec2(54.5, 81.5)
DVec2(54.5, 82.5)
DVec2(54.5, 83.5)
DVec2(55.5, 80.5)
DVec2(55.5, 81.5)
DVec2(55.5, 82.5)
DVec2(55.5, 83.5)
DVec2(54.5, 84.5)
DVec2(54.5, 85.5)
DVec2(54.5, 86.5)
DVec2(54.5, 87.5)
DVec2(55.5, 84.5)
DVec2(55.5, 85.5)
DVec2(55.5, 86.5)
DVec2(55.5, 87.5)
DVec2(54.5, 88.5)
DVec2(54.5, 89.5)
DVec2(54.5, 90.5)
DVec2(54.5, 91.5)
DVec2(55.5, 88.5)
DVec2(55.5, 89.5)
DVec2(55.5, 90.5)
DVec2(55.5, 91.5)
DVec2(54.5, 92.5)
DVec2(54.5, 93.5)
DVec2(54.5, 94.5)
DVec2(54.5, 95.5)
DVec2(55.5, 92.5)
DVec2(55.5, 93.5)
DVec2(55.5, 94.5)
DVec2(55.5, 95.5)
DVec2(54.5, 96.5)
DVec2(54.5, 97.5)
DVec2(54.5, 98.5)
DVec2(54.5, 99.5)
DVec2(55.5, 96.5)
DVec2(55.5, 97.5)
DVec2(55.5, 98.5)
DVec2(55.5, 99.5)
DVec2(54.5, 100.5)
DVec2(54.5, 101.5)
DVec2(54.5, 102.5)
DVec2(54.5, 103.5)
DVec2(55.5, 100.5)
DVec2(55.5, 101.5)
DVec2(55.5, 102.5)
DVec2(55.5, 103.5)
DVec2(54.5, 104.5)
DVec2(54.5, 105.5)
DVec2(54.5, 106.5)
DVec2(54.5, 107.5)
DVec2(55.5, 104.5)
DVec2(55.5, 105.5)
DVec2(55.5, 106.5)
DVec2(55.5, 107.5)
DVec2(54.5, 108.5)
DVec2(54.5, 109.5)
DVec2(54.5, 110.5)
DVec2(54.5, 111.5)
DVec2(55.5, 108.5)
DVec2(55.5, 109.5)
DVec2(55.5, 110.5)
DVec2(55.5, 111.5)
DVec2(54.5, 112.5)
DVec2(54.5, 113.5)
DVec2(54.5, 114.5)
DVec2(54.5, 115.5)
DVec2(55.5, 112.5)
DVec2(55.5, 113.5)
DVec2(55.5, 114.5)
DVec2(55.5, 115.5)
DVec2(54.5, 116.5)
DVec2(54.5, 117.5)
DVec2(54.5, 118.5)
DVec2(54.5, 119.5)
DVec2(55.5, 116.5)
DVec2(55.5, 117.5)
DVec2(55.5, 118.5)
DVec2(55.5, 119.5)
DVec2(56.5, -119.5)
DVec2(56.5, -118.5)
DVec2(56.5, -117.5)
DVec2(56.5, -116.5)
DVec2(57.5, -119.5)
DVec2(57.5, -118.5)
DVec2(57.5, -117.5)
DVec2(57.5, -116.5)
DVec2(56.5, -115.5)
DVec2(56.5, -114.5)
DVec2(56.5, -113.5)
DVec2(56.5, -112.5)
DVec2(57.5, -115.5)
DVec2(57.5, -114.5)
DVec2(57.5, -113.5)
DVec2(57.5, -112.5)
DVec2(56.5, -111.5)
DVec2(56.5, -110.5)
DVec2(56.5, -109.5)
DVec2(56.5, -108.5)
DVec2(57.5, -111.5)
DVec2(57.5, -110.5)
DVec2(57.5, -109.5)
DVec2(57.5, -108.5)
DVec2(56.5, -107.5)
DVec2(56.5, -106.5)
DVec2(56.5, -105.5)
DVec2(56.5, -104.5)
DVec2(57.5, -107.5)
DVec2(57.5, -106.5)
DVec2(57.5, -105.5)
DVec2(57.5, -104.5)
DVec2(56.5, -103.5)
DVec2(56.5, -102.5)
DVec2(56.5, -101.5)
DVec2(56.5, -100.5)
DVec2(57.5, -103.5)
DVec2(57.5, -102.5)
DVec2(57.5, -101.5)
DVec2(57.5, -100.5)
DVec2(56.5, -99.5)
DVec2(56.5, -98.5)
DVec2(56.5, -97.5)
DVec2(56.5, -96.5)
DVec2(57.5, -99.5)
DVec2(57.5, -98.5)
DVec2(57.5, -97.5)
DVec2(57.5, -96.5)
DVec2(56.5, -95.5)
DVec2(56.5, -94.5)
DVec2(56.5, -93.5)
DVec2(56.5, -92.5)
DVec2(57.5, -95.5)
DVec2(57.5, -94.5)
DVec2(57.5, -93.5)
DVec2(57.5, -92.5)
DVec2(56.5, -91.5)
DVec2(56.5, -90.5)
DVec2(56.5, -89.5)
DVec2(56.5, -88.5)
DVec2(57.5, -91.5)
DVec2(57.5, -90.5)
DVec2(57.5, -89.5)
DVec2(57.5, -88.5)
DVec2(56.5, -87.5)
DVec2(56.5, -86.5)
DVec2(56.5, -85.5)
DVec2(56.5, -84.5)
DVec2(57.5, -87.5)
DVec2(57.5, -86.5)
DVec2(57.5, -85.5)
DVec2(57.5, -84.5)
DVec2(56.5, -83.5)
DVec2(56.5, -82.5)
DVec2(56.5, -81.5)
DVec2(56.5, -80.5)
DVec2(57.5, -83.5)
DVec2(57.5, -82.5)
DVec2(57.5, -81.5)
DVec2(57.5, -80.5)
DVec2(56.5, -79.5)
DVec2(56.5, -78.5)
DVec2(56.5, -77.5)
DVec2(56.5, -76.5)
DVec2(57.5, -79.5)
DVec2(57.5, -78.5)
DVec2(57.5, -77.5)
DVec2(57.5, -76.5)
DVec2(56.5, -75.5)
DVec2(56.5, -74.5)
DVec2(56.5, -73.5)
DVec2(56.5, -72.5)
DVec2(57.5, -75.5)
DVec2(57.5, -74.5)
DVec2(57.5, -73.5)
DVec2(57.5, -72.5)
DVec2(56.5, -71.5)
DVec2(56.5, -70.5)
DVec2(56.5, -69.5)
DVec2(56.5, -68.5)
DVec2(57.5, -71.5)
DVec2(57.5, -70.5)
DVec2(57.5, -69.5)
DVec2(57.5, -68.5)
DVec2(56.5, -67.5)
DVec2(56.5, -66.5)
DVec2(56.5, -65.5)
DVec2(56.5, -64.5)
DVec2(57.5, -67.5)
DVec2(57.5, -66.5)
DVec2(57.5, -65.5)
DVec2(57.5, -64.5)
DVec2(56.5, -63.5)
DVec2(56.5, -62.5)
DVec2(56.5, -61.5)
DVec2(56.5, -60.5)
DVec2(57.5, -63.5)
DVec2(57.5, -62.5)
DVec2(57.5, -61.5)
DVec2(57.5, -60.5)
DVec2(56.5, -59.5)
DVec2(56.5, -58.5)
DVec2(56.5, -57.5)
DVec2(56.5, -56.5)
DVec2(57.5, -59.5)
DVec2(57.5, -58.5)
DVec2(57.5, -57.5)
DVec2(57.5, -56.5)
DVec2(56.5, -55.5)
DVec2(56.5, -54.5)
DVec2(56.5, -53.5)
DVec2(56.5, -52.5)
DVec2(57.5, -55.5)
DVec2(57.5, -54.5)
DVec2(57.5, -53.5)
DVec2(57.5, -52.5)
DVec2(56.5, -51.5)
DVec2(56.5, -50.5)
DVec2(56.5, -49.5)
DVec2(56.5, -48.5)
DVec2(57.5, -51.5)
DVec2(57.5, -50.5)
DVec2(57.5, -49.5)
DVec2(57.5, -48.5)
DVec2(56.5, -47.5)
DVec2(56.5, -46.5)
DVec2(56.5, -45.5)
DVec2(56.5, -44.5)
DVec2(57.5, -47.5)
DVec2(57.5, -46.5)
DVec2(57.5, -45.5)
DVec2(57.5, -44.5)
DVec2(56.5, -43.5)
DVec2(56.5, -42.5)
DVec2(56.5, -41.5)
DVec2(56.5, -40.5)
DVec2(57.5, -43.5)
DVec2(57.5, -42.5)
DVec2(57.5, -41.5)
DVec2(57.5, -40.5)
DVec2(56.5, -39.5)
DVec2(56.5, -38.5)
DVec2(56.5, -37.5)
DVec2(56.5, -36.5)
DVec2(57.5, -39.5)
DVec2(57.5, -38.5)
DVec2(57.5, -37.5)
DVec2(57.5, -36.5)
DVec2(56.5, -35.5)
DVec2(56.5, -34.5)
DVec2(56.5, -33.5)
DVec2(56.5, -32.5)
DVec2(57.5, -35.5)
DVec2(57.5, -34.5)
DVec2(57.5, -33.5)
DVec2(57.5, -32.5)
DVec2(56.5, -31.5)
DVec2(56.5, -30.5)
DVec2(56.5, -29.5)
DVec2(56.5, -28.5)
DVec2(57.5, -31.5)
DVec2(57.5, -30.5)
DVec2(57.5, -29.5)
DVec2(57.5, -28.5)
DVec2(56.5, -27.5)
DVec2(56.5, -26.5)
DVec2(56.5, -25.5)
DVec2(56.5, -24.5)
DVec2(57.5, -27.5)
DVec2(57.5, -26.5)
DVec2(57.5, -25.5)
DVec2(57.5, -24.5)
DVec2(56.5, -23.5)
DVec2(56.5, -22.5)
DVec2(56.5, -21.5)
DVec2(56.5, -20.5)
DVec2(57.5, -23.5)
DVec2(57.5, -22.5)
DVec2(57.5, -21.5)
DVec2(57.5, -20.5)
DVec2(56.5, -19.5)
DVec2(56.5, -18.5)
DVec2(56.5, -17.5)
DVec2(56.5, -16.5)
DVec2(57.5, -19.5)
DVec2(57.5, -18.5)
DVec2(57.5, -17.5)
DVec2(57.5, -16.5)
DVec2(56.5, -15.5)
DVec2(56.5, -14.5)
DVec2(56.5, -13.5)
DVec2(56.5, -12.5)
DVec2(57.5, -15.5)
DVec2(57.5, -14.5)
DVec2(57.5, -13.5)
DVec2(57.5, -12.5)
DVec2(56.5, -11.5)
DVec2(56.5, -10.5)
DVec2(56.5, -9.5)
DVec2(56.5, -8.5)
DVec2(57.5, -11.5)
DVec2(57.5, -10.5)
DVec2(57.5, -9.5)
DVec2(57.5, -8.5)
DVec2(56.5, -7.5)
DVec2(56.5, -6.5)
DVec2(56.5, -5.5)
DVec2(56.5, -4.5)
DVec2(57.5, -7.5)
DVec2(57.5, -6.5)
DVec2(57.5, -5.5)
DVec2(57.5, -4.5)
DVec2(56.5, -3.5)
DVec2(56.5, -2.5)
DVec2(56.5, -1.5)
DVec2(56.5, -0.5)
DVec2(57.5, -3.5)
DVec2(57.5, -2.5)
DVec2(57.5, -1.5)
DVec2(57.5, -0.5)
DVec2(56.5, 0.5)
DVec2(56.5, 1.5)
DVec2(56.5, 2.5)
DVec2(56.5, 3.5)
DVec2(57.5, 0.5)
DVec2(57.5, 1.5)
DVec2(57.5, 2.5)
DVec2(57.5, 3.5)
DVec2(56.5, 4.5)
DVec2(56.5, 5.5)
DVec2(56.5, 6.5)
DVec2(56.5, 7.5)
DVec2(57.5, 4.5)
DVec2(57.5, 5.5)
DVec2(57.5, 6.5)
DVec2(57.5, 7.5)
DVec2(56.5, 8.5)
DVec2(56.5, 9.5)
DVec2(56.5, 10.5)
DVec2(56.5, 11.5)
DVec2(57.5, 8.5)
DVec2(57.5, 9.5)
DVec2(57.5, 10.5)
DVec2(57.5, 11.5)
DVec2(56.5, 12.5)
DVec2(56.5, 13.5)
DVec2(56.5, 14.5)
DVec2(56.5, 15.5)
DVec2(57.5, 12.5)
DVec2(57.5, 13.5)
DVec2(57.5, 14.5)
DVec2(57.5, 15.5)
DVec2(56.5, 16.5)
DVec2(56.5, 17.5)
DVec2(56.5, 18.5)
DVec2(56.5, 19.5)
DVec2(57.5, 16.5)
DVec2(57.5, 17.5)
DVec2(57.5, 18.5)
DVec2(57.5, 19.5)
DVec2(56.5, 20.5)
DVec2(56.5, 21.5)
DVec2(56.5, 22.5)
DVec2(56.5, 23.5)
DVec2(57.5, 20.5)
DVec2(57.5, 21.5)
DVec2(57.5, 22.5)
DVec2(57.5, 23.5)
DVec2(56.5, 24.5)
DVec2(56.5, 25.5)
DVec2(56.5, 26.5)
DVec2(56.5, 27.5)
DVec2(57.5, 24.5)
DVec2(57.5, 25.5)
DVec2(57.5, 26.5)
DVec2(57.5, 27.5)
DVec2(56.5, 28.5)
DVec2(56.5, 29.5)
DVec2(56.5, 30.5)
DVec2(56.5, 31.5)
DVec2(57.5, 28.5)
DVec2(57.5, 29.5)
DVec2(57.5, 30.5)
DVec2(57.5, 31.5)
DVec2(56.5, 32.5)
DVec2(56.5, 33.5)
DVec2(56.5, 34.5)
DVec2(56.5, 35.5)
DVec2(57.5, 32.5)
DVec2(57.5, 33.5)
DVec2(57.5, 34.5)
DVec2(57.5, 35.5)
DVec2(56.5, 36.5)
DVec2(56.5, 37.5)
DVec2(56.5, 38.5)
DVec2(56.5, 39.5)
DVec2(57.5, 36.5)
DVec2(57.5, 37.5)
DVec2(57.5, 38.5)
DVec2(57.5, 39.5)
DVec2(56.5, 40.5)
DVec2(56.5, 41.5)
DVec2(56.5, 42.5)
DVec2(56.5, 43.5)
DVec2(57.5, 40.5)
DVec2(57.5, 41.5)
DVec2(57.5, 42.5)
DVec2(57.5, 43.5)
DVec2(56.5, 44.5)
DVec2(56.5, 45.5)
DVec2(56.5, 46.5)
DVec2(56.5, 47.5)
DVec2(57.5, 44.5)
DVec2(57.5, 45.5)
DVec2(57.5, 46.5)
DVec2(57.5, 47.5)
DVec2(56.5, 48.5)
DVec2(56.5, 49.5)
DVec2(56.5, 50.5)
DVec2(56.5, 51.5)
DVec2(57.5, 48.5)
DVec2(57.5, 49.5)
DVec2(57.5, 50.5)
DVec2(57.5, 51.5)
DVec2(56.5, 52.5)
DVec2(56.5, 53.5)
DVec2(56.5, 54.5)
DVec2(56.5, 55.5)
DVec2(57.5, 52.5)
DVec2(57.5, 53.5)
DVec2(57.5, 54.5)
DVec2(57.5, 55.5)
DVec2(56.5, 56.5)
DVec2(56.5, 57.5)
DVec2(56.5, 58.5)
DVec2(56.5, 59.5)
DVec2(57.5, 56.5)
DVec2(57.5, 57.5)
DVec2(57.5, 58.5)
DVec2(57.5, 59.5)
DVec2(56.5, 60.5)
DVec2(56.5, 61.5)
DVec2(56.5, 62.5)
DVec2(56.5, 63.5)
DVec2(57.5, 60.5)
DVec2(57.5, 61.5)
DVec2(57.5, 62.5)
DVec2(57.5, 63.5)
DVec2(56.5, 64.5)
DVec2(56.5, 65.5)
DVec2(56.5, 66.5)
DVec2(56.5, 67.5)
DVec2(57.5, 64.5)
DVec2(57.5, 65.5)
DVec2(57.5, 66.5)
DVec2(57.5, 67.5)
DVec2(56.5, 68.5)
DVec2(56.5, 69.5)
DVec2(56.5, 70.5)
DVec2(56.5, 71.5)
DVec2(57.5, 68.5)
DVec2(57.5, 69.5)
DVec2(57.5, 70.5)
DVec2(57.5, 71.5)
DVec2(56.5, 72.5)
DVec2(56.5, 73.5)
DVec2(56.5, 74.5)
DVec2(56.5, 75.5)
DVec2(57.5, 72.5)
DVec2(57.5, 73.5)
DVec2(57.5, 74.5)
DVec2(57.5, 75.5)
DVec2(56.5, 76.5)
DVec2(56.5, 77.5)
DVec2(56.5, 78.5)
DVec2(56.5, 79.5)
DVec2(57.5, 76.5)
DVec2(57.5, 77.5)
DVec2(57.5, 78.5)
DVec2(57.5, 79.5)
DVec2(56.5, 80.5)
DVec2(56.5, 81.5)
DVec2(56.5, 82.5)
DVec2(56.5, 83.5)
DVec2(57.5, 80.5)
DVec2(57.5, 81.5)
DVec2(57.5, 82.5)
DVec2(57.5, 83.5)
DVec2(56.5, 84.5)
DVec2(56.5, 85.5)
DVec2(56.5, 86.5)
DVec2(56.5, 87.5)
DVec2(57.5, 84.5)
DVec2(57.5, 85.5)
DVec2(57.5, 86.5)
DVec2(57.5, 87.5)
DVec2(56.5, 88.5)
DVec2(56.5, 89.5)
DVec2(56.5, 90.5)
DVec2(56.5, 91.5)
DVec2(57.5, 88.5)
DVec2(57.5, 89.5)
DVec2(57.5, 90.5)
DVec2(57.5, 91.5)
DVec2(56.5, 92.5)
DVec2(56.5, 93.5)
DVec2(56.5, 94.5)
DVec2(56.5, 95.5)
DVec2(57.5, 92.5)
DVec2(57.5, 93.5)
DVec2(57.5, 94.5)
DVec2(57.5, 95.5)
DVec2(56.5, 96.5)
DVec2(56.5, 97.5)
DVec2(56.5, 98.5)
DVec2(56.5, 99.5)
DVec2(57.5, 96.5)
DVec2(57.5, 97.5)
DVec2(57.5, 98.5)
DVec2(57.5, 99.5)
DVec2(56.5, 100.5)
DVec2(56.5, 101.5)
DVec2(56.5, 102.5)
DVec2(56.5, 103.5)
DVec2(57.5, 100.5)
DVec2(57.5, 101.5)
DVec2(57.5, 102.5)
DVec2(57.5, 103.5)
DVec2(56.5, 104.5)
DVec2(56.5, 105.5)
DVec2(56.5, 106.5)
DVec2(56.5, 107.5)
DVec2(57.5, 104.5)
DVec2(57.5, 105.5)
DVec2(57.5, 106.5)
DVec2(57.5, 107.5)
DVec2(56.5, 108.5)
DVec2(56.5, 109.5)
DVec2(56.5, 110.5)
DVec2(56.5, 111.5)
DVec2(57.5, 108.5)
DVec2(57.5, 109.5)
DVec2(57.5, 110.5)
DVec2(57.5, 111.5)
DVec2(56.5, 112.5)
DVec2(56.5, 113.5)
DVec2(56.5, 114.5)
DVec2(56.5, 115.5)
DVec2(57.5, 112.5)
DVec2(57.5, 113.5)
DVec2(57.5, 114.5)
DVec2(57.5, 115.5)
DVec2(56.5, 116.5)
DVec2(56.5, 117.5)
DVec2(56.5, 118.5)
DVec2(56.5, 119.5)
DVec2(57.5, 116.5)
DVec2(57.5, 117.5)
DVec2(57.5, 118.5)
DVec2(57.5, 119.5)
DVec2(58.5, -119.5)
DVec2(58.5, -118.5)
DVec2(58.5, -117.5)
DVec2(58.5, -116.5)
DVec2(59.5, -119.5)
DVec2(59.5, -118.5)
DVec2(59.5, -117.5)
DVec2(59.5, -116.5)
DVec2(58.5, -115.5)
DVec2(58.5, -114.5)
DVec2(58.5, -113.5)
DVec2(58.5, -112.5)
DVec2(59.5, -115.5)
DVec2(59.5, -114.5)
DVec2(59.5, -113.5)
DVec2(59.5, -112.5)
DVec2(58.5, -111.5)
DVec2(58.5, -110.5)
DVec2(58.5, -109.5)
DVec2(58.5, -108.5)
DVec2(59.5, -111.5)
DVec2(59.5, -110.5)
DVec2(59.5, -109.5)
DVec2(59.5, -108.5)
DVec2(58.5, -107.5)
DVec2(58.5, -106.5)
DVec2(58.5, -105.5)
DVec2(58.5, -104.5)
DVec2(59.5, -107.5)
DVec2(59.5, -106.5)
DVec2(59.5, -105.5)
DVec2(59.5, -104.5)
DVec2(58.5, -103.5)
DVec2(58.5, -102.5)
DVec2(58.5, -101.5)
DVec2(58.5, -100.5)
DVec2(59.5, -103.5)
DVec2(59.5, -102.5)
DVec2(59.5, -101.5)
DVec2(59.5, -100.5)
DVec2(58.5, -99.5)
DVec2(58.5, -98.5)
DVec2(58.5, -97.5)
DVec2(58.5, -96.5)
DVec2(59.5, -99.5)
DVec2(59.5, -98.5)
DVec2(59.5, -97.5)
DVec2(59.5, -96.5)
DVec2(58.5, -95.5)
DVec2(58.5, -94.5)
DVec2(58.5, -93.5)
DVec2(58.5, -92.5)
DVec2(59.5, -95.5)
DVec2(59.5, -94.5)
DVec2(59.5, -93.5)
DVec2(59.5, -92.5)
DVec2(58.5, -91.5)
DVec2(58.5, -90.5)
DVec2(58.5, -89.5)
DVec2(58.5, -88.5)
DVec2(59.5, -91.5)
DVec2(59.5, -90.5)
DVec2(59.5, -89.5)
DVec2(59.5, -88.5)
DVec2(58.5, -87.5)
DVec2(58.5, -86.5)
DVec2(58.5, -85.5)
DVec2(58.5, -84.5)
DVec2(59.5, -87.5)
DVec2(59.5, -86.5)
DVec2(59.5, -85.5)
DVec2(59.5, -84.5)
DVec2(58.5, -83.5)
DVec2(58.5, -82.5)
DVec2(58.5, -81.5)
DVec2(58.5, -80.5)
DVec2(59.5, -83.5)
DVec2(59.5, -82.5)
DVec2(59.5, -81.5)
DVec2(59.5, -80.5)
DVec2(58.5, -79.5)
DVec2(58.5, -78.5)
DVec2(58.5, -77.5)
DVec2(58.5, -76.5)
DVec2(59.5, -79.5)
DVec2(59.5, -78.5)
DVec2(59.5, -77.5)
DVec2(59.5, -76.5)
DVec2(58.5, -75.5)
DVec2(58.5, -74.5)
DVec2(58.5, -73.5)
DVec2(58.5, -72.5)
DVec2(59.5, -75.5)
DVec2(59.5, -74.5)
DVec2(59.5, -73.5)
DVec2(59.5, -72.5)
DVec2(58.5, -71.5)
DVec2(58.5, -70.5)
DVec2(58.5, -69.5)
DVec2(58.5, -68.5)
DVec2(59.5, -71.5)
DVec2(59.5, -70.5)
DVec2(59.5, -69.5)
DVec2(59.5, -68.5)
DVec2(58.5, -67.5)
DVec2(58.5, -66.5)
DVec2(58.5, -65.5)
DVec2(58.5, -64.5)
DVec2(59.5, -67.5)
DVec2(59.5, -66.5)
DVec2(59.5, -65.5)
DVec2(59.5, -64.5)
DVec2(58.5, -63.5)
DVec2(58.5, -62.5)
DVec2(58.5, -61.5)
DVec2(58.5, -60.5)
DVec2(59.5, -63.5)
DVec2(59.5, -62.5)
DVec2(59.5, -61.5)
DVec2(59.5, -60.5)
DVec2(58.5, -59.5)
DVec2(58.5, -58.5)
DVec2(58.5, -57.5)
DVec2(58.5, -56.5)
DVec2(59.5, -59.5)
DVec2(59.5, -58.5)
DVec2(59.5, -57.5)
DVec2(59.5, -56.5)
DVec2(58.5, -55.5)
DVec2(58.5, -54.5)
DVec2(58.5, -53.5)
DVec2(58.5, -52.5)
DVec2(59.5, -55.5)
DVec2(59.5, -54.5)
DVec2(59.5, -53.5)
DVec2(59.5, -52.5)
DVec2(58.5, -51.5)
DVec2(58.5, -50.5)
DVec2(58.5, -49.5)
DVec2(58.5, -48.5)
DVec2(59.5, -51.5)
DVec2(59.5, -50.5)
DVec2(59.5, -49.5)
DVec2(59.5, -48.5)
DVec2(58.5, -47.5)
DVec2(58.5, -46.5)
DVec2(58.5, -45.5)
DVec2(58.5, -44.5)
DVec2(59.5, -47.5)
DVec2(59.5, -46.5)
DVec2(59.5, -45.5)
DVec2(59.5, -44.5)
DVec2(58.5, -43.5)
DVec2(58.5, -42.5)
DVec2(58.5, -41.5)
DVec2(58.5, -40.5)
DVec2(59.5, -43.5)
DVec2(59.5, -42.5)
DVec2(59.5, -41.5)
DVec2(59.5, -40.5)
DVec2(58.5, -39.5)
DVec2(58.5, -38.5)
DVec2(58.5, -37.5)
DVec2(58.5, -36.5)
DVec2(59.5, -39.5)
DVec2(59.5, -38.5)
DVec2(59.5, -37.5)
DVec2(59.5, -36.5)
DVec2(58.5, -35.5)
DVec2(58.5, -34.5)
DVec2(58.5, -33.5)
DVec2(58.5, -32.5)
DVec2(59.5, -35.5)
DVec2(59.5, -34.5)
DVec2(59.5, -33.5)
DVec2(59.5, -32.5)
DVec2(58.5, -31.5)
DVec2(58.5, -30.5)
DVec2(58.5, -29.5)
DVec2(58.5, -28.5)
DVec2(59.5, -31.5)
DVec2(59.5, -30.5)
DVec2(59.5, -29.5)
DVec2(59.5, -28.5)
DVec2(58.5, -27.5)
DVec2(58.5, -26.5)
DVec2(58.5, -25.5)
DVec2(58.5, -24.5)
DVec2(59.5, -27.5)
DVec2(59.5, -26.5)
DVec2(59.5, -25.5)
DVec2(59.5, -24.5)
DVec2(58.5, -23.5)
DVec2(58.5, -22.5)
DVec2(58.5, -21.5)
DVec2(58.5, -20.5)
DVec2(59.5, -23.5)
DVec2(59.5, -22.5)
DVec2(59.5, -21.5)
DVec2(59.5, -20.5)
DVec2(58.5, -19.5)
DVec2(58.5, -18.5)
DVec2(58.5, -17.5)
DVec2(58.5, -16.5)
DVec2(59.5, -19.5)
DVec2(59.5, -18.5)
DVec2(59.5, -17.5)
DVec2(59.5, -16.5)
DVec2(58.5, -15.5)
DVec2(58.5, -14.5)
DVec2(58.5, -13.5)
DVec2(58.5, -12.5)
DVec2(59.5, -15.5)
DVec2(59.5, -14.5)
DVec2(59.5, -13.5)
DVec2(59.5, -12.5)
DVec2(58.5, -11.5)
DVec2(58.5, -10.5)
DVec2(58.5, -9.5)
DVec2(58.5, -8.5)
DVec2(59.5, -11.5)
DVec2(59.5, -10.5)
DVec2(59.5, -9.5)
DVec2(59.5, -8.5)
DVec2(58.5, -7.5)
DVec2(58.5, -6.5)
DVec2(58.5, -5.5)
DVec2(58.5, -4.5)
DVec2(59.5, -7.5)
DVec2(59.5, -6.5)
DVec2(59.5, -5.5)
DVec2(59.5, -4.5)
DVec2(58.5, -3.5)
DVec2(58.5, -2.5)
DVec2(58.5, -1.5)
DVec2(58.5, -0.5)
DVec2(59.5, -3.5)
DVec2(59.5, -2.5)
DVec2(59.5, -1.5)
DVec2(59.5, -0.5)
DVec2(58.5, 0.5)
DVec2(58.5, 1.5)
DVec2(58.5, 2.5)
DVec2(58.5, 3.5)
DVec2(59.5, 0.5)
DVec2(59.5, 1.5)
DVec2(59.5, 2.5)
DVec2(59.5, 3.5)
DVec2(58.5, 4.5)
DVec2(58.5, 5.5)
DVec2(58.5, 6.5)
DVec2(58.5, 7.5)
DVec2(59.5, 4.5)
DVec2(59.5, 5.5)
DVec2(59.5, 6.5)
DVec2(59.5, 7.5)
DVec2(58.5, 8.5)
DVec2(58.5, 9.5)
DVec2(58.5, 10.5)
DVec2(58.5, 11.5)
DVec2(59.5, 8.5)
DVec2(59.5, 9.5)
DVec2(59.5, 10.5)
DVec2(59.5, 11.5)
DVec2(58.5, 12.5)
DVec2(58.5, 13.5)
DVec2(58.5, 14.5)
DVec2(58.5, 15.5)
DVec2(59.5, 12.5)
DVec2(59.5, 13.5)
DVec2(59.5, 14.5)
DVec2(59.5, 15.5)
DVec2(58.5, 16.5)
DVec2(58.5, 17.5)
DVec2(58.5, 18.5)
DVec2(58.5, 19.5)
DVec2(59.5, 16.5)
DVec2(59.5, 17.5)
DVec2(59.5, 18.5)
DVec2(59.5, 19.5)
DVec2(58.5, 20.5)
DVec2(58.5, 21.5)
DVec2(58.5, 22.5)
DVec2(58.5, 23.5)
DVec2(59.5, 20.5)
DVec2(59.5, 21.5)
DVec2(59.5, 22.5)
DVec2(59.5, 23.5)
DVec2(58.5, 24.5)
DVec2(58.5, 25.5)
DVec2(58.5, 26.5)
DVec2(58.5, 27.5)
DVec2(59.5, 24.5)
DVec2(59.5, 25.5)
DVec2(59.5, 26.5)
DVec2(59.5, 27.5)
DVec2(58.5, 28.5)
DVec2(58.5, 29.5)
DVec2(58.5, 30.5)
DVec2(58.5, 31.5)
DVec2(59.5, 28.5)
DVec2(59.5, 29.5)
DVec2(59.5, 30.5)
DVec2(59.5, 31.5)
DVec2(58.5, 32.5)
DVec2(58.5, 33.5)
DVec2(58.5, 34.5)
DVec2(58.5, 35.5)
DVec2(59.5, 32.5)
DVec2(59.5, 33.5)
DVec2(59.5, 34.5)
DVec2(59.5, 35.5)
DVec2(58.5, 36.5)
DVec2(58.5, 37.5)
DVec2(58.5, 38.5)
DVec2(58.5, 39.5)
DVec2(59.5, 36.5)
DVec2(59.5, 37.5)
DVec2(59.5, 38.5)
DVec2(59.5, 39.5)
DVec2(58.5, 40.5)
DVec2(58.5, 41.5)
DVec2(58.5, 42.5)
DVec2(58.5, 43.5)
DVec2(59.5, 40.5)
DVec2(59.5, 41.5)
DVec2(59.5, 42.5)
DVec2(59.5, 43.5)
DVec2(58.5, 44.5)
DVec2(58.5, 45.5)
DVec2(58.5, 46.5)
DVec2(58.5, 47.5)
DVec2(59.5, 44.5)
DVec2(59.5, 45.5)
DVec2(59.5, 46.5)
DVec2(59.5, 47.5)
DVec2(58.5, 48.5)
DVec2(58.5, 49.5)
DVec2(58.5, 50.5)
DVec2(58.5, 51.5)
DVec2(59.5, 48.5)
DVec2(59.5, 49.5)
DVec2(59.5, 50.5)
DVec2(59.5, 51.5)
DVec2(58.5, 52.5)
DVec2(58.5, 53.5)
DVec2(58.5, 54.5)
DVec2(58.5, 55.5)
DVec2(59.5, 52.5)
DVec2(59.5, 53.5)
DVec2(59.5, 54.5)
DVec2(59.5, 55.5)
DVec2(58.5, 56.5)
DVec2(58.5, 57.5)
DVec2(58.5, 58.5)
DVec2(58.5, 59.5)
DVec2(59.5, 56.5)
DVec2(59.5, 57.5)
DVec2(59.5, 58.5)
DVec2(59.5, 59.5)
DVec2(58.5, 60.5)
DVec2(58.5, 61.5)
DVec2(58.5, 62.5)
DVec2(58.5, 63.5)
DVec2(59.5, 60.5)
DVec2(59.5, 61.5)
DVec2(59.5, 62.5)
DVec2(59.5, 63.5)
DVec2(58.5, 64.5)
DVec2(58.5, 65.5)
DVec2(58.5, 66.5)
DVec2(58.5, 67.5)
DVec2(59.5, 64.5)
DVec2(59.5, 65.5)
DVec2(59.5, 66.5)
DVec2(59.5, 67.5)
DVec2(58.5, 68.5)
DVec2(58.5, 69.5)
DVec2(58.5, 70.5)
DVec2(58.5, 71.5)
DVec2(59.5, 68.5)
DVec2(59.5, 69.5)
DVec2(59.5, 70.5)
DVec2(59.5, 71.5)
DVec2(58.5, 72.5)
DVec2(58.5, 73.5)
DVec2(58.5, 74.5)
DVec2(58.5, 75.5)
DVec2(59.5, 72.5)
DVec2(59.5, 73.5)
DVec2(59.5, 74.5)
DVec2(59.5, 75.5)
DVec2(58.5, 76.5)
DVec2(58.5, 77.5)
DVec2(58.5, 78.5)
DVec2(58.5, 79.5)
DVec2(59.5, 76.5)
DVec2(59.5, 77.5)
DVec2(59.5, 78.5)
DVec2(59.5, 79.5)
DVec2(58.5, 80.5)
DVec2(58.5, 81.5)
DVec2(58.5, 82.5)
DVec2(58.5, 83.5)
DVec2(59.5, 80.5)
DVec2(59.5, 81.5)
DVec2(59.5, 82.5)
DVec2(59.5, 83.5)
DVec2(58.5, 84.5)
DVec2(58.5, 85.5)
DVec2(58.5, 86.5)
DVec2(58.5, 87.5)
DVec2(59.5, 84.5)
DVec2(59.5, 85.5)
DVec2(59.5, 86.5)
DVec2(59.5, 87.5)
DVec2(58.5, 88.5)
DVec2(58.5, 89.5)
DVec2(58.5, 90.5)
DVec2(58.5, 91.5)
DVec2(59.5, 88.5)
DVec2(59.5, 89.5)
DVec2(59.5, 90.5)
DVec2(59.5, 91.5)
DVec2(58.5, 92.5)
DVec2(58.5, 93.5)
DVec2(58.5, 94.5)
DVec2(58.5, 95.5)
DVec2(59.5, 92.5)
DVec2(59.5, 93.5)
DVec2(59.5, 94.5)
DVec2(59.5, 95.5)
DVec2(58.5, 96.5)
DVec2(58.5, 97.5)
DVec2(58.5, 98.5)
DVec2(58.5, 99.5)
DVec2(59.5, 96.5)
DVec2(59.5, 97.5)
DVec2(59.5, 98.5)
DVec2(59.5, 99.5)
DVec2(58.5, 100.5)
DVec2(58.5, 101.5)
DVec2(58.5, 102.5)
DVec2(58.5, 103.5)
DVec2(59.5, 100.5)
DVec2(59.5, 101.5)
DVec2(59.5, 102.5)
DVec2(59.5, 103.5)
DVec2(58.5, 104.5)
DVec2(58.5, 105.5)
DVec2(58.5, 106.5)
DVec2(58.5, 107.5)
DVec2(59.5, 104.5)
DVec2(59.5, 105.5)
DVec2(59.5, 106.5)
DVec2(59.5, 107.5)
DVec2(58.5, 108.5)
DVec2(58.5, 109.5)
DVec2(58.5, 110.5)
DVec2(58.5, 111.5)
DVec2(59.5, 108.5)
DVec2(59.5, 109.5)
DVec2(59.5, 110.5)
DVec2(59.5, 111.5)
DVec2(58.5, 112.5)
DVec2(58.5, 113.5)
DVec2(58.5, 114.5)
DVec2(58.5, 115.5)
DVec2(59.5, 112.5)
DVec2(59.5, 113.5)
DVec2(59.5, 114.5)
DVec2(59.5, 115.5)
DVec2(58.5, 116.5)
DVec2(58.5, 117.5)
DVec2(58.5, 118.5)
DVec2(58.5, 119.5)
DVec2(59.5, 116.5)
DVec2(59.5, 117.5)
DVec2(59.5, 118.5)
DVec2(59.5, 119.5)
